# target process monitor
# package=com.ss.android.ugc.aweme interval=1s
# started_at=2026-09-01 18:43:28
[2026-09-01 18:43:28] pids=<none>
  main_pid=<none> first_main_pid=<none>
[2026-09-01 18:43:29] pids=<none>
  main_pid=<none> first_main_pid=<none>
[2026-09-01 18:43:31] pids=<none>
  main_pid=<none> first_main_pid=<none>
[2026-09-01 18:43:33] pids=<none>
  main_pid=<none> first_main_pid=<none>
[2026-09-01 18:43:35] pids=<none>
  main_pid=<none> first_main_pid=<none>
[2026-09-01 18:43:36] pids=<none>
  main_pid=<none> first_main_pid=<none>
[2026-09-01 18:43:38] pids=<none>
  main_pid=<none> first_main_pid=<none>
[2026-09-01 18:43:40] pids=<none>
  main_pid=<none> first_main_pid=<none>
[2026-09-01 18:43:41] pids=<none>
  main_pid=<none> first_main_pid=<none>
[2026-09-01 18:43:43] pids=<none>
  main_pid=<none> first_main_pid=<none>
[2026-09-01 18:43:45] pids=<none>
  main_pid=<none> first_main_pid=<none>
[2026-09-01 18:43:47] pids=<none>
  main_pid=<none> first_main_pid=<none>
[2026-09-01 18:43:48] pids=<none>
  main_pid=<none> first_main_pid=<none>
[2026-09-01 18:43:50] pids=<none>
  main_pid=<none> first_main_pid=<none>
[2026-09-01 18:43:52] pids=<none>
  main_pid=<none> first_main_pid=<none>
[2026-09-01 18:43:53] pids=<none>
  main_pid=<none> first_main_pid=<none>
[2026-09-01 18:43:55] pids=<none>
  main_pid=<none> first_main_pid=<none>
[2026-09-01 18:43:57] pids=<none>
  main_pid=<none> first_main_pid=<none>
[2026-09-01 18:43:58] pids=<none>
  main_pid=<none> first_main_pid=<none>
[2026-09-01 18:44:00] pids=<none>
  main_pid=<none> first_main_pid=<none>
[2026-09-01 18:44:02] pids=<none>
  main_pid=<none> first_main_pid=<none>
