
 [1m[36m╔══════════════════════════════════════╗[0m
 [1m[36m║[0m  [1m      rustFrida v0.1.0             [0m[1m[36m║[0m
 [1m[36m║[0m  [2m  ARM64 Dynamic Instrumentation    [0m[1m[36m║[0m
 [1m[36m╚══════════════════════════════════════╝[0m

[1m[34m [*][0m 正在附加到进程 PID: 28816 (Frida-style bootstrapper)
[1m[32m [✓][0m 成功附加到进程 28825，等待 SIGSTOP...
[1m[32m [✓][0m 进程已停止，可以操作寄存器
[1m[32m [✓][0m bootstrapper 完成: libc API 已解析
[1m[32m [✓][0m 已分离目标进程
[1m[32m [✓][0m Loader: agent 加载成功
[1m[34m [*][0m 等待 agent 连接... (最长 10s)
[1m[32m [✓][0m Agent 已连接
[1m[34m [*][0m 加载脚本: /data/local/tmp/metasec_probe_350101_packet-capture_capture_attach_live_132920.js
[1m[34m [*][0m 检测到 Java 脚本，发送到 Java worker 执行
[1m[35m [agent][0m [java worker] starting
[1m[35m [agent][0m [JS] [module] libart.so range: 0x7197fa5000-0x7198ba8000, path: Some("/apex/com.android.art/lib64/libart.so")
[1m[35m [agent][0m [JS] [java worker] generated dex class=rustfrida.JavaWorker1 size=616
[1m[35m [agent][0m [JS] [java worker] helper class loaded
[1m[35m [agent][0m [JS] [java worker] nativeLoop registered
[1m[35m [agent][0m [JS] [java worker] thread object created
[1m[35m [agent][0m [JS] [java worker] calling Thread.start
[1m[35m [agent][0m [JS] [java worker] started ART-managed worker class=rustfrida.JavaWorker1
[1m[35m [agent][0m [java worker] ready
[1m[35m [agent][0m [JS] [packet350] java stealth disabled for packet hooks
[1m[35m [agent][0m [JS] [packet350] hooked libmetasec_ml.so+0x14dbf4 @0x6ffc576bf4
[1m[35m [agent][0m [JS] [packet350] java ready uploadUrl=http://127.0.0.1:8891/up/dy/packets device_id=ad75af8e4e9fbe0b process=com.ss.android.ugc.aweme
[1m[35m [agent][0m [JS] [packet350] hooked J.N request adapter/method/header
[1m[35m [agent][0m [JS] [fast] ART callee-save suspend method via setCalleeSaveMethod+runtimeInitSequence: method=0x712574e0, runtime_off=0x28, set_base=0x0, init_seq=0x28
[1m[35m [agent][0m [JS] [packet350] hooked CronetFixedModeOutputStream.write
[1m[35m [agent][0m [JS] [packet350] hooked CronetInputStream.read
[1m[35m [agent][0m [JS] [packet350] hooked CronetHttpURLConnection.setRequestMethod
[1m[35m [agent][0m [JS] [packet350] hooked CronetHttpURLConnection.addRequestProperty
[1m[35m [agent][0m [JS] [packet350] hooked CronetHttpURLConnection.setRequestProperty
[1m[35m [agent][0m [JS] [packet350] hooked CronetHttpURLConnection.getOutputStream
[1m[35m [agent][0m [JS] [packet350] hooked CronetHttpURLConnection.getInputStream
[1m[35m [agent][0m [JS] [packet350] hooked CronetHttpURLConnection.disconnect
[32m=> undefined[0m
  [2m输入 help 查看命令，exit 退出[0m
rustfrida> [1m[35m [agent][0m [JS] [packet350] track ptr=492499290464 url=https://aweme.snssdk.com/api/ad/splash/aweme/v14/?_unused=0&carrier=CMCC&mcc_mnc=46000&sdk_version=3013190&ad_area=1080x2081&display_density=1080x2337&dpi=420&bh=426&display_dpi=420&density=2.625&user_id=0&user_period=0&refresh_num=3&is_cold_start=1&klink_egdi=AAI9kg947iGp_vQNVUl8tzxSidnBpkiAAtE-xSjPRvT7Fcgo9CC7Ggge&iid=3313280560987770&device_id=4087336283154583&ac=wifi&channel=vivo_1128_64&aid=1128&app_name=aweme&version_code=350100&version_name=35.1.0&device_platform=android&os=android&ssmix=a&device_type=Pixel+6&device_brand=google&language=zh&os_api=35&os_version=15&manifest_version_code=350101&resolution=1080*2209&update_version_code=35109900&_rticket=1788240571650&package=com.ss.android.ugc.aweme&first_launch_timestamp=1788216241&last_deeplink_update_version_code=0&cpu_support64=true&host_abi=arm64-v8a&is_guest_mode=0&app_type=normal&minor_status=0&appTheme=light&is_preinstall=0&need_personal_recommend=1&is_android_pad=0&is_android_fold=0&ts=1788240571&cdid=529081aa-54ad-4c5e-9acb-fd39a1666e18
[1m[35m [agent][0m [JS] [packet350] track ptr=492499409120 url=https://aweme.snssdk.com/service/settings/v3/?caller_name=kite_device_android&device_id=4087336283154583&iid=3313280560987770&channel=vivo_1128_64&version_code=350100&device_platform=android&device_type=Pixel+6&aid=1128&klink_egdi=AAI9kg947iGp_vQNVUl8tzxSidnBpkiAAtE-xSjPRvT7Fcgo9CC7Ggge&ac=wifi&app_name=aweme&version_name=35.1.0&os=android&ssmix=a&device_brand=google&language=zh&os_api=35&os_version=15&manifest_version_code=350101&resolution=1080*2209&dpi=420&update_version_code=35109900&_rticket=1788240582208&package=com.ss.android.ugc.aweme&mcc_mnc=46000&first_launch_timestamp=1788216241&last_deeplink_update_version_code=0&cpu_support64=true&host_abi=arm64-v8a&is_guest_mode=0&app_type=normal&minor_status=0&appTheme=light&is_preinstall=0&need_personal_recommend=1&is_android_pad=0&is_android_fold=0&ts=1788240582&cdid=529081aa-54ad-4c5e-9acb-fd39a1666e18
[1m[35m [agent][0m [JS] [packet350] track ptr=492498759872 url=https://aweme.snssdk.com/service/settings/v3/?caller_name=lynx&os_type=android&aid=1128&sdk_version=3.3.1-rc.14&app_version=35.1.0&device_id=4087336283154583&channel=vivo_1128_64&settings_time=1788237817
[1m[35m [agent][0m [JS] [packet350] track ptr=492498708416 url=https://aweme.snssdk.com/service/2/app_log/?version_code=350100&device_platform=android&device_id=4087336283154583&aid=1128&iid=3313280560987770&tt_data=a
[1m[35m [agent][0m [JS] [packet350] track ptr=492499961024 url=https://aweme.snssdk.com/service/2/app_log/?version_code=350100&device_platform=android&device_id=4087336283154583&aid=1128&iid=3313280560987770&tt_data=a
[1m[35m [agent][0m [JS] [packet350] track ptr=492499979504 url=https://aweme.snssdk.com/service/2/app_log/?version_code=350100&device_platform=android&device_id=4087336283154583&aid=1128&iid=3313280560987770&tt_data=a
[1m[35m [agent][0m [JS] [packet350] track ptr=492499308608 url=https://aweme.snssdk.com/service/settings/v3/?aid=1128&iid=3313280560987770&device_id=4087336283154583&channel=vivo_1128_64&device_platform=android&version_code=350100&caller_name=interaction_sdk&ctx_infos&os_version=15&device_type=Pixel+6&klink_egdi=AAI9kg947iGp_vQNVUl8tzxSidnBpkiAAtE-xSjPRvT7Fcgo9CC7Ggge&ac=wifi&app_name=aweme&version_name=35.1.0&os=android&ssmix=a&device_brand=google&language=zh&os_api=35&manifest_version_code=350101&resolution=1080*2209&dpi=420&update_version_code=35109900&_rticket=1788240587961&package=com.ss.android.ugc.aweme&mcc_mnc=46000&first_launch_timestamp=1788216241&last_deeplink_update_version_code=0&cpu_support64=true&host_abi=arm64-v8a&is_guest_mode=0&app_type=normal&minor_status=0&appTheme=light&is_preinstall=0&need_personal_recommend=1&is_android_pad=0&is_android_fold=0&ts=1788240588&cdid=529081aa-54ad-4c5e-9acb-fd39a1666e18
[1m[35m [agent][0m [JS] [packet350] track ptr=492499439360 url=https://polaris.zijieapi.com/luckycat/activity/refresh_act_id/?need_token_params=1&klink_egdi=AAI9kg947iGp_vQNVUl8tzxSidnBpkiAAtE-xSjPRvT7Fcgo9CC7Ggge&iid=3313280560987770&device_id=4087336283154583&ac=wifi&channel=vivo_1128_64&aid=1128&app_name=aweme&version_code=350100&version_name=35.1.0&device_platform=android&os=android&ssmix=a&device_type=Pixel+6&device_brand=google&language=zh&os_api=35&os_version=15&manifest_version_code=350101&resolution=1080*2209&dpi=420&update_version_code=35109900&_rticket=1788240589603&package=com.ss.android.ugc.aweme&mcc_mnc=46000&first_launch_timestamp=1788216241&last_deeplink_update_version_code=0&cpu_support64=true&host_abi=arm64-v8a&is_guest_mode=0&app_type=normal&minor_status=0&appTheme=light&is_preinstall=0&need_personal_recommend=1&is_android_pad=0&is_android_fold=0&ts=1788240589&cdid=529081aa-54ad-4c5e-9acb-fd39a1666e18&rom=GOOGLE&has_alipay=0&p_switch=1&rom_version=unknown&luckydog_api_verison=8.87.0-rc.1&luckydog_sdk_verison&luckydog_sdk_verison&is_teen_mode=0&status_bar_height=48&lucky_is_32=0&lucky_device_score=8.4364&lucky_device_type=Pixel+6&luckydog_base=oTo1XCPGjp-S5mgXEccBbdvq8Q1c-lBy2I6q5X64DqJ7V9np5jnWDTsNGH6lOC90wqVE8_c7Ez4FnUI_3eQZ1arTLVvWcKIhoJO1q5GNXe2XgvueUl2i9yuuCs4-MC3sF-XN7ymfsC_z6zUXjiZidojuffpNLiSuI_BNZwzTfPY&luckydog_token=wXnov5t9s9cQ0rPwC9vlX1fC8noemPhjug21LcHCB9_Rp1n5ZVN1FhQwoc1xkfRx&luckydog_data=U_kVcPsvbNEaazkjv5wzqA
[1m[35m [agent][0m [JS] [packet350] track ptr=492498602960 url=https://polaris.zijieapi.com/luckycat/activity/settings/get_dynamic_settings/?luckydog_base=oTo1XCPGjp-S5mgXEccBbdvq8Q1c-lBy2I6q5X64DqJ7V9np5jnWDTsNGH6lOC90wqVE8_c7Ez4FnUI_3eQZ1arTLVvWcKIhoJO1q5GNXe2XgvueUl2i9yuuCs4-MC3sF-XN7ymfsC_z6zUXjiZidojuffpNLiSuI_BNZwzTfPY&luckydog_token=wXnov5t9s9cQ0rPwC9vlX1fC8noemPhjug21LcHCB9_Rp1n5ZVN1FhQwoc1xkfRx&luckydog_data=U_kVcPsvbNEaazkjv5wzqA&device_platform=android&klink_egdi=AAI9kg947iGp_vQNVUl8tzxSidnBpkiAAtE-xSjPRvT7Fcgo9CC7Ggge&iid=3313280560987770&device_id=4087336283154583&ac=wifi&channel=vivo_1128_64&aid=1128&app_name=aweme&version_code=350100&version_name=35.1.0&os=android&ssmix=a&device_type=Pixel+6&device_brand=google&language=zh&os_api=35&os_version=15&manifest_version_code=350101&resolution=1080*2209&dpi=420&update_version_code=35109900&_rticket=1788240589806&package=com.ss.android.ugc.aweme&mcc_mnc=46000&first_launch_timestamp=1788216241&last_deeplink_update_version_code=0&cpu_support64=true&host_abi=arm64-v8a&is_guest_mode=0&app_type=normal&minor_status=0&appTheme=light&is_preinstall=0&need_personal_recommend=1&is_android_pad=0&is_android_fold=0&ts=1788240590&cdid=529081aa-54ad-4c5e-9acb-fd39a1666e18&rom=GOOGLE&has_alipay=0&p_switch=1&rom_version=unknown&luckydog_api_verison=8.87.0-rc.1&luckydog_sdk_verison=8.87.0-rc.1&is_teen_mode=0&status_bar_height=48&lucky_is_32=0&lucky_device_score=8.4364&lucky_device_type=Pixel+6
[1m[35m [agent][0m [JS] [packet350] track ptr=492499211648 url=https://polaris.zijieapi.com/luckycat/activity/settings/get_static_settings/?luckydog_base=oTo1XCPGjp-S5mgXEccBbdvq8Q1c-lBy2I6q5X64DqJ7V9np5jnWDTsNGH6lOC90wqVE8_c7Ez4FnUI_3eQZ1arTLVvWcKIhoJO1q5GNXe2XgvueUl2i9yuuCs4-MC3sF-XN7ymfsC_z6zUXjiZidojuffpNLiSuI_BNZwzTfPY&luckydog_token=wXnov5t9s9cQ0rPwC9vlX1fC8noemPhjug21LcHCB9_Rp1n5ZVN1FhQwoc1xkfRx&luckydog_data=U_kVcPsvbNEaazkjv5wzqA&device_platform=android&klink_egdi=AAI9kg947iGp_vQNVUl8tzxSidnBpkiAAtE-xSjPRvT7Fcgo9CC7Ggge&iid=3313280560987770&device_id=4087336283154583&ac=wifi&channel=vivo_1128_64&aid=1128&app_name=aweme&version_code=350100&version_name=35.1.0&os=android&ssmix=a&device_type=Pixel+6&device_brand=google&language=zh&os_api=35&os_version=15&manifest_version_code=350101&resolution=1080*2209&dpi=420&update_version_code=35109900&_rticket=1788240590516&package=com.ss.android.ugc.aweme&mcc_mnc=46000&first_launch_timestamp=1788216241&last_deeplink_update_version_code=0&cpu_support64=true&host_abi=arm64-v8a&is_guest_mode=0&app_type=normal&minor_status=0&appTheme=light&is_preinstall=0&need_personal_recommend=1&is_android_pad=0&is_android_fold=0&ts=1788240590&cdid=529081aa-54ad-4c5e-9acb-fd39a1666e18&rom=GOOGLE&has_alipay=0&p_switch=1&rom_version=unknown&luckydog_api_verison=8.87.0-rc.1&luckydog_sdk_verison=8.87.0-rc.1&is_teen_mode=0&status_bar_height=48&lucky_is_32=0&lucky_device_score=8.4364&lucky_device_type=Pixel+6
[1m[34m [*][0m 退出交互模式
[1m[34m [*][0m 已发送 shutdown，等待 agent 主动断开连接...
[1m[31m [✗][0m [#0] stream 写入失败: Broken pipe (os error 32)