     ____
    / _  |   Frida 17.15.0 - A world-class dynamic instrumentation toolkit
   | (_| |
    > _  |   Commands:
   /_/ |_|       help      -> Displays the help system
   . . . .       object?   -> Display information about 'object'
   . . . .       exit/quit -> Exit
   . . . .
   . . . .   More info at https://frida.re/docs/home/
   . . . .
   . . . .   Connected to Pixel 6 (id=18201FDF6002GR)
Spawning `com.ss.android.ugc.aweme`...
[metasec-msb] 1788607107942 libart.so base=0x731d9da000
[metasec-msb] 1788607107942 install target=libmetasec_ml.so
[metasec-msb] 1788607107946 hook FindClass[6] @ 0x731e114520 via fixed-libart-offset stealth=off
[metasec-msb] 1788607107953 hook GetStaticMethodID[113] @ 0x731dff29bc via fixed-libart-offset stealth=off
[metasec-msb] 1788607107960 hook CallStaticObjectMethodV[115] @ 0x731de15038 via fixed-libart-offset stealth=off
[metasec-msb] 1788607107965 hook CallStaticObjectMethodA[116] @ 0x731def8fa0 via fixed-libart-offset stealth=off
[metasec-msb] 1788607107967 installed
[metasec-msb] standalone loaded (Frida 17, stock/rusda)
Spawned `com.ss.android.ugc.aweme`. Resuming main thread!
[Pixel 6::com.ss.android.ugc.aweme ]-> [metasec-msb] 1788607107979 expand JNI table from env=0xb4000074511cea90 table=0x731e3f9520
[metasec-msb] 1788607108381 MS.b jmethodID registered: com/bytedance/mobsec/metasec/ml/MS->b(IIJLjava/lang/String;Ljava/lang/Object;)Ljava/lang/Object; = 0x5e6654e8
[metasec-msb] 1788607108384 class cache string=0x3826 bytes=0x3846
[metasec-msb] 1788607108385 [350101][MS.b] op=0x00010003 arg1=0x00000000 arg2=0x0 str=null obj=null => java/lang/String<"/data/user/0/com.ss.android.ugc.aweme/files/.msdata"> ; seq=1 via=V caller=libmetasec_ml.so+0x1301f8
[metasec-msb] 1788607108385 MSB_SUMMARY total=1 ops{0x00010003=1}
[metasec-msb] 1788607108386 [350101][MS.b] op=0x02000001 arg1=0x00000000 arg2=0x74c1251e10 str=null obj=null => <obj 0x75d59d8801> ; seq=2 via=V caller=libmetasec_ml.so+0x1301f8
[metasec-msb] 1788607108387 [350101][MS.b] op=0x02000002 arg1=0x00000000 arg2=0x74c1251e10 str=null obj=null => <obj 0x75d59d880d> ; seq=3 via=V caller=libmetasec_ml.so+0x1301f8
[metasec-msb] 1788607108438 [350101][MS.b] op=0x1000000e arg1=0x00000000 arg2=0x0 str=null obj=null => <obj 0x75d59d8801> ; seq=4 via=V caller=libmetasec_ml.so+0x1301f8
[metasec-msb] 1788607108449 [350101][MS.b] op=0x01000022 arg1=0x00000000 arg2=0x0 str=java/lang/String<"d8b674543fc0b023b69f6a3f5a0f287d458ea204"> obj=java/lang/String<"1128-0-167774bf518c11948aa0784351ccf5a9"> => java/lang/String<"80dd151582403f5a"> ; seq=5 via=V caller=libmetasec_ml.so+0x1301f8
[metasec-msb] 1788607108451 [350101][MS.b] op=0x01000022 arg1=0x00000000 arg2=0x0 str=java/lang/String<"d8b674543fc0b023b69f6a3f5a0f287d458ea204"> obj=java/lang/String<"1128-0-sdi"> => java/lang/String<"3e6f72ab4da9565df60cdddada5bf30db6be0533a98597ddc0a3933193868405d1220440433ad8a8"> ; seq=6 via=V caller=libmetasec_ml.so+0x1301f8
[metasec-msb] 1788607108455 [350101][MS.b] op=0x01000001 arg1=0x00000000 arg2=0x0 str=null obj=null => java/lang/String<"/data/app/~~3imE9y9Uej2rhpgx1bMlhg==/com.ss.android.ugc.aweme-AYCj7pK2u8XFjiKUB2opWw==/base.apk"> ; seq=8 via=V caller=libmetasec_ml.so+0x1301f8
[metasec-msb] 1788607108457 [350101][MS.b] op=0x01000022 arg1=0x00000000 arg2=0x0 str=java/lang/String<"d8b674543fc0b023b69f6a3f5a0f287d458ea204"> obj=java/lang/String<"de9ecbeeb513c97d0be52260179ef0e8"> => java/lang/String<"64e30ecbf3174265"> ; seq=9 via=V caller=libmetasec_ml.so+0x1301f8
[metasec-msb] 1788607108457 [350101][MS.b] op=0x0100001e arg1=0x00000000 arg2=0x0 str=null obj=null => null ; seq=7 via=V caller=libmetasec_ml.so+0x1301f8
[metasec-msb] 1788607108461 [350101][MS.b] op=0x01000022 arg1=0x00000000 arg2=0x0 str=java/lang/String<"d8b674543fc0b023b69f6a3f5a0f287d458ea204"> obj=java/lang/String<"ptmr"> => java/lang/String<"19dcca07f67427bf557676541ee63ed352ffda3824cd8bfa4b6f1b5ac7b8911372c64dc67da84dca2b1e5851b031260479b1ba53f668a0c40d3321915a4b0f33d4c7f3b5c10dcc893e976203"> ; seq=10 via=V caller=libmetasec_ml.so+0x1301f8
[metasec-msb] 1788607108462 [350101][MS.b] op=0x01000026 arg1=0x00000000 arg2=0x0 str=null obj=null => java/lang/String<""> ; seq=11 via=V caller=libmetasec_ml.so+0x1301f8
[metasec-msb] 1788607108462 [350101][MS.b] op=0x00010001 arg1=0x00000000 arg2=0x0 str=null obj=null => java/lang/String<"35.1.0"> ; seq=12 via=V caller=libmetasec_ml.so+0x1301f8
[metasec-msb] 1788607108462 [350101][MS.b] op=0x00010002 arg1=0x00000000 arg2=0x0 str=null obj=null => java/lang/String<"com.ss.android.ugc.aweme"> ; seq=13 via=V caller=libmetasec_ml.so+0x1301f8
[metasec-msb] 1788607108463 [350101][MS.b] op=0x00010008 arg1=0x00000000 arg2=0x0 str=null obj=null => java/lang/String<"35.1.0"> ; seq=14 via=V caller=libmetasec_ml.so+0x1301f8
[metasec-msb] 1788607108464 [350101][MS.b] op=0x01000027 arg1=0x00000000 arg2=0x0 str=null obj=null => null ; seq=15 via=V caller=libmetasec_ml.so+0x1301f8
[metasec-msb] 1788607108473 [350101][MS.b] op=0x00020001 arg1=0x00000000 arg2=0x0 str=java/lang/String<"{\n	"sdk_aid":	"3019",\n	"device_id":	"4087336283154583",\n	"host_aid":	"1128",\n	"channel":	"",\n	"sdk_version":	"v04.09.05-ml-android",\n	"app_version":	"35.1.0",\n	"update_version_code":	"35.1.0",\n	"package_name":	"com.ss.android.ugc.aweme",\n	"configURLs":	["https...<len=594>"> obj=null => java/lang/String<"OK"> ; seq=16 via=V caller=libmetasec_ml.so+0x1301f8
[metasec-msb] 1788607108670 [350101][MS.b] op=0x01000011 arg1=0x00000000 arg2=0x0 str=null obj=null => java/lang/String<"35.1.0"> ; seq=17 via=V caller=libmetasec_ml.so+0x1301f8
[metasec-msb] 1788607108672 [350101][MS.b] op=0x00020002 arg1=0x00000000 arg2=0x0 str=java/lang/String<"http_reqsign"> obj=<obj 0x75bd6d8e05> => null ; seq=18 via=V caller=libmetasec_ml.so+0x1301f8
[metasec-msb] 1788607108676 [350101][MS.b] op=0x01000011 arg1=0x00000000 arg2=0x0 str=null obj=null => java/lang/String<"35.1.0"> ; seq=19 via=V caller=libmetasec_ml.so+0x1301f8
[metasec-msb] 1788607108677 [350101][MS.b] op=0x00020002 arg1=0x00000000 arg2=0x0 str=java/lang/String<"http_reqsign"> obj=<obj 0x75bd6d8e05> => null ; seq=20 via=V caller=libmetasec_ml.so+0x1301f8
[metasec-msb] 1788607108679 [350101][MS.b] op=0x01000011 arg1=0x00000000 arg2=0x0 str=null obj=null => java/lang/String<"35.1.0"> ; seq=21 via=V caller=libmetasec_ml.so+0x1301f8
[metasec-msb] 1788607108681 [350101][MS.b] op=0x00020002 arg1=0x00000000 arg2=0x0 str=java/lang/String<"http_reqsign"> obj=<obj 0x75bd6d8e05> => null ; seq=22 via=V caller=libmetasec_ml.so+0x1301f8
[metasec-msb] 1788607108684 [350101][MS.b] op=0x01000011 arg1=0x00000000 arg2=0x0 str=null obj=null => java/lang/String<"35.1.0"> ; seq=23 via=V caller=libmetasec_ml.so+0x1301f8
[metasec-msb] 1788607108688 [350101][MS.b] op=0x00020002 arg1=0x00000000 arg2=0x0 str=java/lang/String<"http_reqsign"> obj=<obj 0x75bd6d8e05> => null ; seq=24 via=V caller=libmetasec_ml.so+0x1301f8
[metasec-msb] 1788607108690 [350101][MS.b] op=0x01000011 arg1=0x00000000 arg2=0x0 str=null obj=null => java/lang/String<"35.1.0"> ; seq=25 via=V caller=libmetasec_ml.so+0x1301f8
[metasec-msb] 1788607108690 [350101][MS.b] op=0x00020002 arg1=0x00000000 arg2=0x0 str=java/lang/String<"http_reqsign"> obj=<obj 0x75bd6d8e05> => null ; seq=26 via=V caller=libmetasec_ml.so+0x1301f8
[metasec-msb] 1788607108693 [350101][MS.b] op=0x01000011 arg1=0x00000000 arg2=0x0 str=null obj=null => java/lang/String<"35.1.0"> ; seq=27 via=V caller=libmetasec_ml.so+0x1301f8
[metasec-msb] 1788607108696 [350101][MS.b] op=0x00020002 arg1=0x00000000 arg2=0x0 str=java/lang/String<"http_reqsign"> obj=<obj 0x75bd6d8e05> => null ; seq=28 via=V caller=libmetasec_ml.so+0x1301f8
[metasec-msb] 1788607108698 [350101][MS.b] op=0x01000011 arg1=0x00000000 arg2=0x0 str=null obj=null => java/lang/String<"35.1.0"> ; seq=29 via=V caller=libmetasec_ml.so+0x1301f8
[metasec-msb] 1788607108699 [350101][MS.b] op=0x00020002 arg1=0x00000000 arg2=0x0 str=java/lang/String<"http_reqsign"> obj=<obj 0x75bd6d8e05> => null ; seq=30 via=V caller=libmetasec_ml.so+0x1301f8
[metasec-msb] 1788607108700 [350101][MS.b] op=0x01000011 arg1=0x00000000 arg2=0x0 str=null obj=null => java/lang/String<"35.1.0"> ; seq=31 via=V caller=libmetasec_ml.so+0x1301f8
[metasec-msb] 1788607108701 [350101][MS.b] op=0x00020002 arg1=0x00000000 arg2=0x0 str=java/lang/String<"http_reqsign"> obj=<obj 0x75bd6d8e05> => null ; seq=32 via=V caller=libmetasec_ml.so+0x1301f8
[metasec-msb] 1788607108723 [350101][MS.b] op=0x01000011 arg1=0x00000000 arg2=0x0 str=null obj=null => java/lang/String<"35.1.0"> ; seq=33 via=V caller=libmetasec_ml.so+0x1301f8
[metasec-msb] 1788607108724 [350101][MS.b] op=0x00020002 arg1=0x00000000 arg2=0x0 str=java/lang/String<"http_reqsign"> obj=<obj 0x75bd6d8e05> => null ; seq=34 via=V caller=libmetasec_ml.so+0x1301f8
[metasec-msb] 1788607108751 [350101][MS.b] op=0x01000011 arg1=0x00000000 arg2=0x0 str=null obj=null => java/lang/String<"35.1.0"> ; seq=35 via=V caller=libmetasec_ml.so+0x1301f8
[metasec-msb] 1788607108752 [350101][MS.b] op=0x00020002 arg1=0x00000000 arg2=0x0 str=java/lang/String<"http_reqsign"> obj=<obj 0x75bd6d8e05> => null ; seq=36 via=V caller=libmetasec_ml.so+0x1301f8
[metasec-msb] 1788607108754 [350101][MS.b] op=0x01000011 arg1=0x00000000 arg2=0x0 str=null obj=null => java/lang/String<"35.1.0"> ; seq=37 via=V caller=libmetasec_ml.so+0x1301f8
[metasec-msb] 1788607108755 [350101][MS.b] op=0x00020002 arg1=0x00000000 arg2=0x0 str=java/lang/String<"http_reqsign"> obj=<obj 0x75bd6d8e05> => null ; seq=38 via=V caller=libmetasec_ml.so+0x1301f8
[metasec-msb] 1788607108897 [350101][MS.b] op=0x01000011 arg1=0x00000000 arg2=0x0 str=null obj=null => java/lang/String<"35.1.0"> ; seq=39 via=V caller=libmetasec_ml.so+0x1301f8
[metasec-msb] 1788607108899 [350101][MS.b] op=0x00020002 arg1=0x00000000 arg2=0x0 str=java/lang/String<"http_reqsign"> obj=<obj 0x75bd6d8e05> => null ; seq=40 via=V caller=libmetasec_ml.so+0x1301f8
[metasec-msb] 1788607108905 [350101][MS.b] op=0x01000011 arg1=0x00000000 arg2=0x0 str=null obj=null => java/lang/String<"35.1.0"> ; seq=41 via=V caller=libmetasec_ml.so+0x1301f8
[metasec-msb] 1788607108906 [350101][MS.b] op=0x00020002 arg1=0x00000000 arg2=0x0 str=java/lang/String<"http_reqsign"> obj=<obj 0x75bd6d8e05> => null ; seq=42 via=V caller=libmetasec_ml.so+0x1301f8
[metasec-msb] 1788607108956 [350101][MS.b] op=0x0100002c arg1=0x00000000 arg2=0x0 str=null obj=null => <obj 0x75c01ff401> ; seq=43 via=V caller=libmetasec_ml.so+0x1301f8
[metasec-msb] 1788607108958 [350101][MS.b] op=0x01000009 arg1=0x00000000 arg2=0x0 str=null obj=null => java/lang/String<"Asia/Shanghai,8"> ; seq=44 via=V caller=libmetasec_ml.so+0x1301f8
[metasec-msb] 1788607108959 [350101][MS.b] op=0x0100000a arg1=0x00000000 arg2=0x0 str=null obj=null => java/lang/String<"zh_CN"> ; seq=45 via=V caller=libmetasec_ml.so+0x1301f8
[metasec-msb] 1788607108963 [350101][MS.b] op=0x1000000a arg1=0x00000000 arg2=0x0 str=null obj=null => null ; seq=47 via=V caller=libmetasec_ml.so+0x1301f8
[metasec-msb] 1788607108963 [350101][MS.b] op=0x1000000b arg1=0x00000000 arg2=0x0 str=null obj=null => null ; seq=48 via=V caller=libmetasec_ml.so+0x1301f8
[metasec-msb] 1788607108965 [350101][MS.b] op=0x10000006 arg1=0x00000000 arg2=0x0 str=null obj=null => java/lang/String<"{"core":8,"pc":"","hw":"","max":"1803000","min":"300000","ft":"fp asimd evtstrm aes pmull sha1 sha2 crc32 atomics fphp asimdhp cpuid asimdrdm lrcpc dcpop asimddp"}"> ; seq=46 via=V caller=libmetasec_ml.so+0x1301f8
[metasec-msb] 1788607109009 [350101][MS.b] op=0x01000012 arg1=0x00000000 arg2=0x0 str=null obj=null => java/lang/String<"35.1.0"> ; seq=49 via=V caller=libmetasec_ml.so+0x1301f8
[metasec-msb] 1788607109198 [350101][MS.b] op=0x01000011 arg1=0x00000000 arg2=0x0 str=null obj=null => java/lang/String<"35.1.0"> ; seq=50 via=V caller=libmetasec_ml.so+0x1301f8
[metasec-msb] 1788607109200 [350101][MS.b] op=0x00020002 arg1=0x00000000 arg2=0x0 str=java/lang/String<"http_reqsign"> obj=<obj 0x75bd6d8e05> => null ; seq=51 via=V caller=libmetasec_ml.so+0x1301f8
[metasec-msb] 1788607109468 [350101][MS.b] op=0x01000011 arg1=0x00000000 arg2=0x0 str=null obj=null => java/lang/String<"35.1.0"> ; seq=52 via=V caller=libmetasec_ml.so+0x1301f8
[metasec-msb] 1788607109473 [350101][MS.b] op=0x00020002 arg1=0x00000000 arg2=0x0 str=java/lang/String<"http_reqsign"> obj=<obj 0x75bd6d8e05> => null ; seq=53 via=V caller=libmetasec_ml.so+0x1301f8
[metasec-msb] 1788607109480 [350101][MS.b] op=0x01000011 arg1=0x00000000 arg2=0x0 str=null obj=null => java/lang/String<"35.1.0"> ; seq=54 via=V caller=libmetasec_ml.so+0x1301f8
[metasec-msb] 1788607109485 [350101][MS.b] op=0x00020002 arg1=0x00000000 arg2=0x0 str=java/lang/String<"http_reqsign"> obj=<obj 0x75bd6d8e05> => null ; seq=55 via=V caller=libmetasec_ml.so+0x1301f8
[metasec-msb] 1788607109970 heartbeat t=2s libart=ok installed=true seq=55
[metasec-msb] 1788607111375 [350101][MS.b] op=0x01000011 arg1=0x00000000 arg2=0x0 str=null obj=null => java/lang/String<"35.1.0"> ; seq=56 via=V caller=libmetasec_ml.so+0x1301f8
[metasec-msb] 1788607111383 [350101][MS.b] op=0x00020002 arg1=0x00000000 arg2=0x0 str=java/lang/String<"http_reqsign"> obj=<obj 0x75bd6d8e05> => null ; seq=57 via=V caller=libmetasec_ml.so+0x1301f8
[metasec-msb] 1788607111487 [350101][MS.b] op=0x01000011 arg1=0x00000000 arg2=0x0 str=null obj=null => java/lang/String<"35.1.0"> ; seq=58 via=V caller=libmetasec_ml.so+0x1301f8
[metasec-msb] 1788607111497 [350101][MS.b] op=0x00020002 arg1=0x00000000 arg2=0x0 str=java/lang/String<"http_reqsign"> obj=<obj 0x75bd6d8e05> => null ; seq=59 via=V caller=libmetasec_ml.so+0x1301f8
[metasec-msb] 1788607111538 [350101][MS.b] op=0x01000011 arg1=0x00000000 arg2=0x0 str=null obj=null => java/lang/String<"35.1.0"> ; seq=60 via=V caller=libmetasec_ml.so+0x1301f8
[metasec-msb] 1788607111547 [350101][MS.b] op=0x00020002 arg1=0x00000000 arg2=0x0 str=java/lang/String<"http_reqsign"> obj=<obj 0x75bd6d8e05> => null ; seq=61 via=V caller=libmetasec_ml.so+0x1301f8
[metasec-msb] 1788607111866 [350101][MS.b] op=0x01000011 arg1=0x00000000 arg2=0x0 str=null obj=null => java/lang/String<"35.1.0"> ; seq=62 via=V caller=libmetasec_ml.so+0x1301f8
[metasec-msb] 1788607111868 [350101][MS.b] op=0x00020002 arg1=0x00000000 arg2=0x0 str=java/lang/String<"http_reqsign"> obj=<obj 0x75bd6d8e05> => null ; seq=63 via=V caller=libmetasec_ml.so+0x1301f8
[metasec-msb] 1788607112971 heartbeat t=5s libart=ok installed=true seq=63
[metasec-msb] 1788607114128 [350101][MS.b] op=0x01000011 arg1=0x00000000 arg2=0x0 str=null obj=null => java/lang/String<"35.1.0"> ; seq=64 via=V caller=libmetasec_ml.so+0x1301f8
[metasec-msb] 1788607114136 [350101][MS.b] op=0x00020002 arg1=0x00000000 arg2=0x0 str=java/lang/String<"http_reqsign"> obj=<obj 0x75bd6d8e05> => null ; seq=65 via=V caller=libmetasec_ml.so+0x1301f8
[metasec-msb] 1788607114178 [350101][MS.b] op=0x01000011 arg1=0x00000000 arg2=0x0 str=null obj=null => java/lang/String<"35.1.0"> ; seq=66 via=V caller=libmetasec_ml.so+0x1301f8
[metasec-msb] 1788607114179 [350101][MS.b] op=0x00020002 arg1=0x00000000 arg2=0x0 str=java/lang/String<"http_reqsign"> obj=<obj 0x75bd6d8e05> => null ; seq=67 via=V caller=libmetasec_ml.so+0x1301f8
[metasec-msb] 1788607114204 [350101][MS.b] op=0x01000011 arg1=0x00000000 arg2=0x0 str=null obj=null => java/lang/String<"35.1.0"> ; seq=68 via=V caller=libmetasec_ml.so+0x1301f8
[metasec-msb] 1788607114209 [350101][MS.b] op=0x00020002 arg1=0x00000000 arg2=0x0 str=java/lang/String<"http_reqsign"> obj=<obj 0x75bd6d8e05> => null ; seq=69 via=V caller=libmetasec_ml.so+0x1301f8
[metasec-msb] 1788607114219 [350101][MS.b] op=0x01000011 arg1=0x00000000 arg2=0x0 str=null obj=null => java/lang/String<"35.1.0"> ; seq=70 via=V caller=libmetasec_ml.so+0x1301f8
[metasec-msb] 1788607114224 [350101][MS.b] op=0x00020002 arg1=0x00000000 arg2=0x0 str=java/lang/String<"http_reqsign"> obj=<obj 0x75bd6d8e05> => null ; seq=71 via=V caller=libmetasec_ml.so+0x1301f8
[metasec-msb] 1788607114238 [350101][MS.b] op=0x01000011 arg1=0x00000000 arg2=0x0 str=null obj=null => java/lang/String<"35.1.0"> ; seq=72 via=V caller=libmetasec_ml.so+0x1301f8
[metasec-msb] 1788607114239 [350101][MS.b] op=0x00020002 arg1=0x00000000 arg2=0x0 str=java/lang/String<"http_reqsign"> obj=<obj 0x75bd6d8e05> => null ; seq=73 via=V caller=libmetasec_ml.so+0x1301f8
[metasec-msb] 1788607115553 [350101][MS.b] op=0x01000011 arg1=0x00000000 arg2=0x0 str=null obj=null => java/lang/String<"35.1.0"> ; seq=74 via=V caller=libmetasec_ml.so+0x1301f8
[metasec-msb] 1788607115564 [350101][MS.b] op=0x00020002 arg1=0x00000000 arg2=0x0 str=java/lang/String<"http_reqsign"> obj=<obj 0x75bd6d8e05> => null ; seq=75 via=V caller=libmetasec_ml.so+0x1301f8
[metasec-msb] 1788607117014 [350101][MS.b] op=0x01000011 arg1=0x00000000 arg2=0x0 str=null obj=null => java/lang/String<"35.1.0"> ; seq=76 via=V caller=libmetasec_ml.so+0x1301f8
[metasec-msb] 1788607117016 [350101][MS.b] op=0x00020002 arg1=0x00000000 arg2=0x0 str=java/lang/String<"http_reqsign"> obj=<obj 0x75bd6d8e05> => null ; seq=77 via=V caller=libmetasec_ml.so+0x1301f8
[metasec-msb] 1788607117266 [350101][MS.b] op=0x01000011 arg1=0x00000000 arg2=0x0 str=null obj=null => java/lang/String<"35.1.0"> ; seq=78 via=V caller=libmetasec_ml.so+0x1301f8
[metasec-msb] 1788607117269 [350101][MS.b] op=0x00020002 arg1=0x00000000 arg2=0x0 str=java/lang/String<"http_reqsign"> obj=<obj 0x75bd6d8e05> => null ; seq=79 via=V caller=libmetasec_ml.so+0x1301f8
[metasec-msb] 1788607117970 heartbeat t=10s libart=ok installed=true seq=79
[metasec-msb] 1788607118597 [350101][MS.b] op=0x01000011 arg1=0x00000000 arg2=0x0 str=null obj=null => java/lang/String<"35.1.0"> ; seq=80 via=V caller=libmetasec_ml.so+0x1301f8
[metasec-msb] 1788607118602 [350101][MS.b] op=0x00020002 arg1=0x00000000 arg2=0x0 str=java/lang/String<"http_reqsign"> obj=<obj 0x75bd6d8e05> => null ; seq=81 via=V caller=libmetasec_ml.so+0x1301f8
[metasec-msb] 1788607118644 [350101][MS.b] op=0x01000011 arg1=0x00000000 arg2=0x0 str=null obj=null => java/lang/String<"35.1.0"> ; seq=82 via=V caller=libmetasec_ml.so+0x1301f8
[metasec-msb] 1788607118646 [350101][MS.b] op=0x00020002 arg1=0x00000000 arg2=0x0 str=java/lang/String<"http_reqsign"> obj=<obj 0x75bd6d8e05> => null ; seq=83 via=V caller=libmetasec_ml.so+0x1301f8
[metasec-msb] 1788607118649 [350101][MS.b] op=0x01000011 arg1=0x00000000 arg2=0x0 str=null obj=null => java/lang/String<"35.1.0"> ; seq=84 via=V caller=libmetasec_ml.so+0x1301f8
[metasec-msb] 1788607118652 [350101][MS.b] op=0x00020002 arg1=0x00000000 arg2=0x0 str=java/lang/String<"http_reqsign"> obj=<obj 0x75bd6d8e05> => null ; seq=85 via=V caller=libmetasec_ml.so+0x1301f8
[metasec-msb] 1788607118895 [350101][MS.b] op=0x01000011 arg1=0x00000000 arg2=0x0 str=null obj=null => java/lang/String<"35.1.0"> ; seq=86 via=V caller=libmetasec_ml.so+0x1301f8
[metasec-msb] 1788607118906 [350101][MS.b] op=0x00020002 arg1=0x00000000 arg2=0x0 str=java/lang/String<"http_reqsign"> obj=<obj 0x75bd6d8e05> => null ; seq=87 via=V caller=libmetasec_ml.so+0x1301f8
[metasec-msb] 1788607118952 [350101][MS.b] op=0x0100003a arg1=0x00000000 arg2=0x0 str=null obj=null => java/lang/String<"117"> ; seq=88 via=V caller=libmetasec_ml.so+0x1301f8
[metasec-msb] 1788607118953 [350101][MS.b] op=0x0100003b arg1=0x00000000 arg2=0x0 str=null obj=null => java/lang/String<"13"> ; seq=89 via=V caller=libmetasec_ml.so+0x1301f8
[metasec-msb] 1788607118954 [350101][MS.b] op=0x00020002 arg1=0x00000000 arg2=0x0 str=java/lang/String<"sdk_start"> obj=<obj 0x75c01ff40d> => null ; seq=90 via=V caller=libmetasec_ml.so+0x1301f8
[metasec-msb] 1788607118957 [350101][MS.b] op=0x01000039 arg1=0x00000000 arg2=0x0 str=null obj=null => java/lang/String<"35109900"> ; seq=91 via=V caller=libmetasec_ml.so+0x1301f8
[metasec-msb] 1788607118958 [350101][MS.b] op=0x01000011 arg1=0x00000000 arg2=0x0 str=null obj=null => java/lang/String<"35.1.0"> ; seq=92 via=V caller=libmetasec_ml.so+0x1301f8
[metasec-msb] 1788607118959 [350101][MS.b] op=0x00010007 arg1=0x00000000 arg2=0x0 str=null obj=null => null ; seq=93 via=V caller=libmetasec_ml.so+0x1301f8
[metasec-msb] 1788607118980 [350101][MS.b] op=0x01000011 arg1=0x00000000 arg2=0x0 str=null obj=null => java/lang/String<"35.1.0"> ; seq=95 via=V caller=libmetasec_ml.so+0x1301f8
[metasec-msb] 1788607118988 [350101][MS.b] op=0x00020002 arg1=0x00000000 arg2=0x0 str=java/lang/String<"http_reqsign"> obj=<obj 0x75bd6d8e05> => null ; seq=96 via=V caller=libmetasec_ml.so+0x1301f8
[metasec-msb] 1788607119026 [350101][MS.b] op=0x01000011 arg1=0x00000000 arg2=0x0 str=null obj=null => java/lang/String<"35.1.0"> ; seq=97 via=V caller=libmetasec_ml.so+0x1301f8
[metasec-msb] 1788607119031 [350101][MS.b] op=0x00020002 arg1=0x00000000 arg2=0x0 str=java/lang/String<"http_reqsign"> obj=<obj 0x75bd6d8e05> => null ; seq=98 via=V caller=libmetasec_ml.so+0x1301f8
[metasec-msb] 1788607119143 [350101][MS.b] op=0x00030001 arg1=0x00000000 arg2=0x0 str=java/lang/String<"https://mssdk.bytedance.com/pilvinen/v1/sseelfk/haku?lc_id=1588093228&aid=1128&app_id=1128&sdk_id=&sub_aid=&sdk_version=v04.09.05-ml-android&sdk_ver_code=67699968&app_version=35.1.0&os_platform=android&cpu_width=64&iid=3313280560987770&did=4087336283154583&bd_...<len=404>"> obj=<obj 0x72f5dad415> => <obj 0x72f5dad419> ; seq=94 via=V caller=libmetasec_ml.so+0x1301f8
[metasec-msb] 1788607123287 [350101][MS.b] op=0x01000011 arg1=0x00000000 arg2=0x0 str=null obj=null => java/lang/String<"35.1.0"> ; seq=99 via=V caller=libmetasec_ml.so+0x1301f8
[metasec-msb] 1788607123293 [350101][MS.b] op=0x00020002 arg1=0x00000000 arg2=0x0 str=java/lang/String<"http_reqsign"> obj=<obj 0x75bd6d8e05> => null ; seq=100 via=V caller=libmetasec_ml.so+0x1301f8
[metasec-msb] 1788607124183 [350101][MS.b] op=0x01000011 arg1=0x00000000 arg2=0x0 str=null obj=null => java/lang/String<"35.1.0"> ; seq=101 via=V caller=libmetasec_ml.so+0x1301f8
[metasec-msb] 1788607124188 [350101][MS.b] op=0x00020002 arg1=0x00000000 arg2=0x0 str=java/lang/String<"http_reqsign"> obj=<obj 0x75bd6d8e05> => null ; seq=102 via=V caller=libmetasec_ml.so+0x1301f8
[metasec-msb] 1788607124665 [350101][MS.b] op=0x01000011 arg1=0x00000000 arg2=0x0 str=null obj=null => java/lang/String<"35.1.0"> ; seq=103 via=V caller=libmetasec_ml.so+0x1301f8
[metasec-msb] 1788607124668 [350101][MS.b] op=0x00020002 arg1=0x00000000 arg2=0x0 str=java/lang/String<"http_reqsign"> obj=<obj 0x75bd6d8e05> => null ; seq=104 via=V caller=libmetasec_ml.so+0x1301f8
[metasec-msb] 1788607124860 [350101][MS.b] op=0x01000011 arg1=0x00000000 arg2=0x0 str=null obj=null => java/lang/String<"35.1.0"> ; seq=105 via=V caller=libmetasec_ml.so+0x1301f8
[metasec-msb] 1788607124869 [350101][MS.b] op=0x00020002 arg1=0x00000000 arg2=0x0 str=java/lang/String<"http_reqsign"> obj=<obj 0x75bd6d8e05> => null ; seq=106 via=V caller=libmetasec_ml.so+0x1301f8
[metasec-msb] 1788607125163 [350101][MS.b] op=0x01000011 arg1=0x00000000 arg2=0x0 str=null obj=null => java/lang/String<"35.1.0"> ; seq=107 via=V caller=libmetasec_ml.so+0x1301f8
[metasec-msb] 1788607125168 [350101][MS.b] op=0x00020002 arg1=0x00000000 arg2=0x0 str=java/lang/String<"http_reqsign"> obj=<obj 0x75bd6d8e05> => null ; seq=108 via=V caller=libmetasec_ml.so+0x1301f8
[metasec-msb] 1788607125456 [350101][MS.b] op=0x01000011 arg1=0x00000000 arg2=0x0 str=null obj=null => java/lang/String<"35.1.0"> ; seq=109 via=V caller=libmetasec_ml.so+0x1301f8
[metasec-msb] 1788607125466 [350101][MS.b] op=0x00020002 arg1=0x00000000 arg2=0x0 str=java/lang/String<"http_reqsign"> obj=<obj 0x75bd6d8e05> => null ; seq=110 via=V caller=libmetasec_ml.so+0x1301f8
[metasec-msb] 1788607125623 [350101][MS.b] op=0x1000000f arg1=0x00000000 arg2=0x0 str=null obj=null => <obj 0x72dc8cb601> ; seq=111 via=V caller=libmetasec_ml.so+0x1301f8
[metasec-msb] 1788607125736 [350101][MS.b] op=0x01000011 arg1=0x00000000 arg2=0x0 str=null obj=null => java/lang/String<"35.1.0"> ; seq=112 via=V caller=libmetasec_ml.so+0x1301f8
[metasec-msb] 1788607125747 [350101][MS.b] op=0x00020002 arg1=0x00000000 arg2=0x0 str=java/lang/String<"http_reqsign"> obj=<obj 0x75bd6d8e05> => null ; seq=113 via=V caller=libmetasec_ml.so+0x1301f8
[metasec-msb] 1788607125917 [350101][MS.b] op=0x01000011 arg1=0x00000000 arg2=0x0 str=null obj=null => java/lang/String<"35.1.0"> ; seq=114 via=V caller=libmetasec_ml.so+0x1301f8
[metasec-msb] 1788607125920 [350101][MS.b] op=0x00020002 arg1=0x00000000 arg2=0x0 str=java/lang/String<"http_reqsign"> obj=<obj 0x75bd6d8e05> => null ; seq=115 via=V caller=libmetasec_ml.so+0x1301f8
[metasec-msb] 1788607126060 [350101][MS.b] op=0x01000011 arg1=0x00000000 arg2=0x0 str=null obj=null => java/lang/String<"35.1.0"> ; seq=116 via=V caller=libmetasec_ml.so+0x1301f8
[metasec-msb] 1788607126064 [350101][MS.b] op=0x00020002 arg1=0x00000000 arg2=0x0 str=java/lang/String<"http_reqsign"> obj=<obj 0x75bd6d8e05> => null ; seq=117 via=V caller=libmetasec_ml.so+0x1301f8
[metasec-msb] 1788607126625 [350101][MS.b] op=0x01000022 arg1=0x00000000 arg2=0x0 str=java/lang/String<"d8b674543fc0b023b69f6a3f5a0f287d458ea204"> obj=java/lang/String<"de9ecbeeb513c97d0be52260179ef0e8"> => java/lang/String<"64e30ecbf3174265"> ; seq=118 via=V caller=libmetasec_ml.so+0x1301f8
[metasec-msb] 1788607127008 [350101][MS.b] op=0x01000011 arg1=0x00000000 arg2=0x0 str=null obj=null => java/lang/String<"35.1.0"> ; seq=119 via=V caller=libmetasec_ml.so+0x1301f8
[metasec-msb] 1788607127419 [350101][MS.b] op=0x01000011 arg1=0x00000000 arg2=0x0 str=null obj=null => java/lang/String<"35.1.0"> ; seq=120 via=V caller=libmetasec_ml.so+0x1301f8
[metasec-msb] 1788607127661 [350101][MS.b] op=0x01000011 arg1=0x00000000 arg2=0x0 str=null obj=null => java/lang/String<"35.1.0"> ; seq=121 via=V caller=libmetasec_ml.so+0x1301f8
[metasec-msb] 1788607127867 [350101][MS.b] op=0x01000011 arg1=0x00000000 arg2=0x0 str=null obj=null => java/lang/String<"35.1.0"> ; seq=122 via=V caller=libmetasec_ml.so+0x1301f8
[metasec-msb] 1788607128126 [350101][MS.b] op=0x03000001 arg1=0x00000000 arg2=0x0 str=null obj=null => null ; seq=123 via=V caller=libmetasec_ml.so+0x1301f8
[metasec-msb] 1788607128129 [350101][MS.b] op=0x01000005 arg1=0x00000000 arg2=0x0 str=null obj=null => java/lang/String<"420"> ; seq=124 via=V caller=libmetasec_ml.so+0x1301f8
[metasec-msb] 1788607128231 [350101][MS.b] op=0x10000001 arg1=0x00000000 arg2=0x0 str=null obj=null => java/lang/String<"1080*2400"> ; seq=125 via=V caller=libmetasec_ml.so+0x1301f8
[metasec-msb] 1788607128259 [350101][MS.b] op=0x01000006 arg1=0x00000000 arg2=0x0 str=null obj=null => java/lang/String<"4614"> ; seq=126 via=V caller=libmetasec_ml.so+0x1301f8
[metasec-msb] 1788607128265 [350101][MS.b] op=0x01000017 arg1=0x00000000 arg2=0x0 str=null obj=null => java/lang/String<"100"> ; seq=127 via=V caller=libmetasec_ml.so+0x1301f8
[metasec-msb] 1788607128266 [350101][MS.b] op=0x0100001f arg1=0x00000000 arg2=0x0 str=null obj=null => <obj 0x72f5dad401> ; seq=128 via=V caller=libmetasec_ml.so+0x1301f8
[metasec-msb] 1788607128269 [350101][MS.b] op=0x01000020 arg1=0x00000000 arg2=0x0 str=null obj=null => <obj 0x72f5dad401> ; seq=129 via=V caller=libmetasec_ml.so+0x1301f8
[metasec-msb] 1788607128275 [350101][MS.b] op=0x01000021 arg1=0x00000000 arg2=0x0 str=null obj=null => <obj 0x72f5dad401> ; seq=130 via=V caller=libmetasec_ml.so+0x1301f8
[metasec-msb] 1788607128295 [350101][MS.b] op=0x10000006 arg1=0x00000000 arg2=0x0 str=null obj=null => java/lang/String<"{"core":8,"pc":"","hw":"","max":"1803000","min":"300000","ft":"fp asimd evtstrm aes pmull sha1 sha2 crc32 atomics fphp asimdhp cpuid asimdrdm lrcpc dcpop asimddp"}"> ; seq=131 via=V caller=libmetasec_ml.so+0x1301f8
[metasec-msb] 1788607128324 [350101][MS.b] op=0x01000009 arg1=0x00000000 arg2=0x0 str=null obj=null => java/lang/String<"Asia/Shanghai,8"> ; seq=132 via=V caller=libmetasec_ml.so+0x1301f8
[metasec-msb] 1788607128324 [350101][MS.b] op=0x0100000a arg1=0x00000000 arg2=0x0 str=null obj=null => java/lang/String<"zh_CN"> ; seq=133 via=V caller=libmetasec_ml.so+0x1301f8
[metasec-msb] 1788607128339 [350101][MS.b] op=0x01000032 arg1=0x00000000 arg2=0x0 str=null obj=null => java/lang/String<"{"1":"Pixel 6","2":"google","3":"oriole","4":"15","5":"BP1A.250305.019","6":"oriole","7":"google\/oriole\/oriole:15\/BP1A.250305.019\/13003188:user\/release-keys"}"> ; seq=134 via=V caller=libmetasec_ml.so+0x1301f8
[metasec-msb] 1788607128342 [350101][MS.b] op=0x01000033 arg1=0x00000000 arg2=0x0 str=null obj=null => <obj 0x72f5dad405> ; seq=135 via=V caller=libmetasec_ml.so+0x1301f8
[metasec-msb] 1788607128457 [350101][MS.b] op=0x01000002 arg1=0x00000000 arg2=0x0 str=java/lang/String<"android"> obj=null => [B<byte[1484] hex=30 82 05 c8 30 82 03 b0 a0 03 02 01 02 02 14 1a 8a 97 bd 45 9d 36 90 48 d3 6e 8a 28 6e 91 15 64 00 18 dd 30 0d 06 09 2a 86 48 86 f7 0d 01 01 0b 05 00 30 74 31 0b 30 09 06 03 55 04 06 13 02 55 ...> ; seq=136 via=V caller=libmetasec_ml.so+0x1301f8
[metasec-msb] 1788607128507 [350101][MS.b] op=0x01000034 arg1=0x00000000 arg2=0x0 str=null obj=null => java/lang/String<"ARM|Mali-G78|OpenGL ES 3.2 v1.r51p0-00eac0.20897de31e8026c4063960e040e2e9ba"> ; seq=137 via=V caller=libmetasec_ml.so+0x1301f8
[metasec-msb] 1788607128510 [350101][MS.b] op=0x01000035 arg1=0x00000000 arg2=0x0 str=null obj=null => java/lang/String<"1_LSM6DSR Accelerometer_STMicro|5_TMD3719 Ambient Light_AMS|9_Gravity Sensor_Google"> ; seq=138 via=V caller=libmetasec_ml.so+0x1301f8
[metasec-msb] 1788607128962 [350101][MS.b] op=0x01000011 arg1=0x00000000 arg2=0x0 str=null obj=null => java/lang/String<"35.1.0"> ; seq=139 via=V caller=libmetasec_ml.so+0x1301f8
[metasec-msb] 1788607129059 [350101][MS.b] op=0x0100002f arg1=0x00000000 arg2=0x0 str=null obj=<obj 0x72f5dad425> => null ; seq=140 via=V caller=libmetasec_ml.so+0x1301f8
[metasec-msb] 1788607129064 [350101][MS.b] op=0x0100002f arg1=0x00000000 arg2=0x1 str=null obj=<obj 0x72f5dad425> => java/lang/String<"google/oriole/oriole:15/BP1A.250305.019/13003188:user/release-keys"> ; seq=141 via=V caller=libmetasec_ml.so+0x1301f8
[metasec-msb] 1788607129068 [350101][MS.b] op=0x0100002f arg1=0x00000000 arg2=0x1 str=null obj=<obj 0x72f5dad425> => java/lang/String<"Google"> ; seq=142 via=V caller=libmetasec_ml.so+0x1301f8
[metasec-msb] 1788607129127 [350101][MS.b] op=0x10000001 arg1=0x00000000 arg2=0x0 str=null obj=null => java/lang/String<"1080*2400"> ; seq=143 via=V caller=libmetasec_ml.so+0x1301f8
[metasec-msb] 1788607129173 [350101][MS.b] op=0x00020002 arg1=0x00000000 arg2=0x0 str=java/lang/String<"risk_inspect"> obj=<obj 0x72f5dad409> => null ; seq=144 via=V caller=libmetasec_ml.so+0x1301f8
[metasec-msb] 1788607129174 [350101][MS.b] op=0x01000010 arg1=0x00000000 arg2=0x0 str=null obj=null => <obj 0x72f5dad409> ; seq=145 via=V caller=libmetasec_ml.so+0x1301f8
[metasec-msb] 1788607129175 [350101][MS.b] op=0x01000012 arg1=0x00000000 arg2=0x0 str=null obj=null => java/lang/String<"35.1.0"> ; seq=146 via=V caller=libmetasec_ml.so+0x1301f8
[metasec-msb] 1788607129181 [350101][MS.b] op=0x0100001c arg1=0x00000000 arg2=0x0 str=null obj=null => java/lang/String<"["192.168.31.1","0.0.0.0"]"> ; seq=147 via=V caller=libmetasec_ml.so+0x1301f8
[metasec-msb] 1788607129184 [350101][MS.b] op=0x01000022 arg1=0x00000000 arg2=0x0 str=java/lang/String<"d8b674543fc0b023b69f6a3f5a0f287d458ea204"> obj=java/lang/String<"cb_value"> => java/lang/String<"093e857d604d0895"> ; seq=148 via=V caller=libmetasec_ml.so+0x1301f8
[metasec-msb] 1788607129197 [350101][MS.b] op=0x1000000c arg1=0x00000000 arg2=0x0 str=null obj=null => null ; seq=149 via=V caller=libmetasec_ml.so+0x1301f8
[metasec-msb] 1788607129198 [350101][MS.b] op=0x01000011 arg1=0x00000000 arg2=0x0 str=null obj=null => java/lang/String<"35.1.0"> ; seq=150 via=V caller=libmetasec_ml.so+0x1301f8
[metasec-msb] 1788607129206 [350101][MS.b] op=0x01000011 arg1=0x00000000 arg2=0x0 str=null obj=null => java/lang/String<"35.1.0"> ; seq=151 via=V caller=libmetasec_ml.so+0x1301f8
[metasec-msb] 1788607129283 [350101][MS.b] op=0x10000009 arg1=0x00000000 arg2=0x0 str=null obj=null => java/lang/String<"com.google.android.inputmethod.latin[<!>]com.google.android.tts"> ; seq=152 via=V caller=libmetasec_ml.so+0x1301f8
[metasec-msb] 1788607129285 [350101][MS.b] op=0x1000000d arg1=0x00000000 arg2=0x0 str=null obj=null => java/lang/String<"com.google.android.inputmethod.latin"> ; seq=153 via=V caller=libmetasec_ml.so+0x1301f8
[metasec-msb] 1788607129300 [350101][MS.b] op=0x01000011 arg1=0x00000000 arg2=0x0 str=null obj=null => java/lang/String<"35.1.0"> ; seq=154 via=V caller=libmetasec_ml.so+0x1301f8
[metasec-msb] 1788607129322 [350101][MS.b] op=0x00010006 arg1=0x00000000 arg2=0x0 str=null obj=null => java/lang/String<";ac6fdf5_20250714_5afdb178-609e-11f0-869a-d673e719a189"> ; seq=155 via=V caller=libmetasec_ml.so+0x1301f8
[metasec-msb] 1788607129340 [350101][MS.b] op=0x0100001a arg1=0x00000000 arg2=0x0 str=null obj=null => java/lang/String<"zh_CN"> ; seq=156 via=V caller=libmetasec_ml.so+0x1301f8
[metasec-msb] 1788607129340 [350101][MS.b] op=0x01000009 arg1=0x00000000 arg2=0x0 str=null obj=null => java/lang/String<"Asia/Shanghai,8"> ; seq=157 via=V caller=libmetasec_ml.so+0x1301f8
[metasec-msb] 1788607129341 [350101][MS.b] op=0x01000017 arg1=0x00000000 arg2=0x0 str=null obj=null => java/lang/String<"100"> ; seq=158 via=V caller=libmetasec_ml.so+0x1301f8
[metasec-msb] 1788607129399 [350101][MS.b] op=0x01000011 arg1=0x00000000 arg2=0x0 str=null obj=null => java/lang/String<"35.1.0"> ; seq=159 via=V caller=libmetasec_ml.so+0x1301f8
[metasec-msb] 1788607129427 [350101][MS.b] op=0x0100001b arg1=0x00000000 arg2=0x0 str=null obj=null => java/lang/String<""> ; seq=160 via=V caller=libmetasec_ml.so+0x1301f8
[metasec-msb] 1788607129429 [350101][MS.b] op=0x0100001c arg1=0x00000000 arg2=0x0 str=null obj=null => java/lang/String<"["192.168.31.1","0.0.0.0"]"> ; seq=161 via=V caller=libmetasec_ml.so+0x1301f8
[metasec-msb] 1788607129431 [350101][MS.b] op=0x0100001d arg1=0x00000000 arg2=0x0 str=null obj=null => <obj 0x75c01ff401> ; seq=162 via=V caller=libmetasec_ml.so+0x1301f8
[metasec-msb] 1788607129550 [350101][MS.b] op=0x01000011 arg1=0x00000000 arg2=0x0 str=null obj=null => java/lang/String<"35.1.0"> ; seq=163 via=V caller=libmetasec_ml.so+0x1301f8
[metasec-msb] 1788607129551 [350101][MS.b] op=0x01000022 arg1=0x00000000 arg2=0x0 str=java/lang/String<"d8b674543fc0b023b69f6a3f5a0f287d458ea204"> obj=java/lang/String<"ftm"> => java/lang/String<"bebbc6a220c34f9dc6f76358f11edfd6"> ; seq=164 via=V caller=libmetasec_ml.so+0x1301f8
[metasec-msb] 1788607129555 [350101][MS.b] op=0x01000011 arg1=0x00000000 arg2=0x0 str=null obj=null => java/lang/String<"35.1.0"> ; seq=165 via=V caller=libmetasec_ml.so+0x1301f8
[metasec-msb] 1788607129556 [350101][MS.b] op=0x01000010 arg1=0x00000000 arg2=0x0 str=null obj=null => <obj 0x75c01ff401> ; seq=166 via=V caller=libmetasec_ml.so+0x1301f8
[metasec-msb] 1788607129579 [350101][MS.b] op=0x01000011 arg1=0x00000000 arg2=0x0 str=null obj=null => java/lang/String<"35.1.0"> ; seq=168 via=V caller=libmetasec_ml.so+0x1301f8
[metasec-msb] 1788607129721 [350101][MS.b] op=0x00030001 arg1=0x00000000 arg2=0x0 str=java/lang/String<"https://mssdk.bytedance.com/sdi/get_token?lc_id=1588093228&platform=android&device_platform=android&sdk_ver=v04.09.05-ml-android&sdk_ver_code=67699968&app_ver=35.1.0&version_code=350101&aid=1128&sdkid=&subaid=&iid=3313280560987770&did=4087336283154583&bd_did=&...<len=335>"> obj=<obj 0x75c01ff415> => <obj 0x75c01ff419> ; seq=167 via=V caller=libmetasec_ml.so+0x1301f8
[metasec-msb] 1788607129723 [350101][MS.b] op=0x00020002 arg1=0x00000000 arg2=0x0 str=java/lang/String<"secdeviceid"> obj=<obj 0x75c01ff405> => null ; seq=169 via=V caller=libmetasec_ml.so+0x1301f8
[metasec-msb] 1788607130819 [350101][MS.b] op=0x01000002 arg1=0x00000000 arg2=0x0 str=null obj=null => [B<byte[858] hex=30 82 03 56 30 82 02 3e a0 03 02 01 02 02 04 4e fe c9 6a 30 0d 06 09 2a 86 48 86 f7 0d 01 01 05 05 00 30 6d 31 0b 30 09 06 03 55 04 06 13 02 43 4e 31 10 30 0e 06 03 55 04 08 13 07 42 65 69 6a ...> ; seq=170 via=V caller=libmetasec_ml.so+0x1301f8
[metasec-msb] 1788607130982 [350101][MS.b] op=0x01000011 arg1=0x00000000 arg2=0x0 str=null obj=null => java/lang/String<"35.1.0"> ; seq=171 via=V caller=libmetasec_ml.so+0x1301f8
[metasec-msb] 1788607131051 [350101][MS.b] op=0x01000038 arg1=0x00000000 arg2=0x0 str=null obj=null => <obj 0x72f5dad40d> ; seq=172 via=V caller=libmetasec_ml.so+0x1301f8
[metasec-msb] 1788607131129 [350101][MS.b] op=0x0100002b arg1=0x00000000 arg2=0x0 str=null obj=null => java/lang/String<""> ; seq=173 via=V caller=libmetasec_ml.so+0x1301f8
[metasec-msb] 1788607131135 [350101][MS.b] op=0x0100002e arg1=0x00000000 arg2=0x0 str=null obj=null => java/lang/String<"[]"> ; seq=174 via=V caller=libmetasec_ml.so+0x1301f8
[metasec-msb] 1788607131167 [350101][MS.b] op=0x0100002d arg1=0x00000000 arg2=0x0 str=null obj=null => java/lang/String<"0"> ; seq=175 via=V caller=libmetasec_ml.so+0x1301f8
[metasec-msb] 1788607131320 [350101][MS.b] op=0x10000009 arg1=0x00000000 arg2=0x0 str=null obj=null => java/lang/String<"com.google.android.inputmethod.latin[<!>]com.google.android.tts"> ; seq=176 via=V caller=libmetasec_ml.so+0x1301f8
[metasec-msb] 1788607131367 [350101][MS.b] op=0x01000036 arg1=0x00000000 arg2=0x0 str=java/lang/String<"luckydog_init"> obj=null => java/lang/String<"0"> ; seq=177 via=V caller=libmetasec_ml.so+0x1301f8
[metasec-msb] 1788607131370 [350101][MS.b] op=0x01000013 arg1=0x00000000 arg2=0x0 str=null obj=null => null ; seq=178 via=V caller=libmetasec_ml.so+0x1301f8
[metasec-msb] 1788607131371 [350101][MS.b] op=0x10000003 arg1=0x00000000 arg2=0x0 str=null obj=null => java/lang/String<"np"> ; seq=180 via=V caller=libmetasec_ml.so+0x1301f8
[metasec-msb] 1788607131372 [350101][MS.b] op=0x10000002 arg1=0x00000000 arg2=0x0 str=null obj=null => java/lang/String<"np"> ; seq=181 via=V caller=libmetasec_ml.so+0x1301f8
[metasec-msb] 1788607131376 [350101][MS.b] op=0x01000023 arg1=0x00000000 arg2=0x0 str=java/lang/String<"d8b674543fc0b023b69f6a3f5a0f287d458ea204|1128-0-167774bf518c11948aa0784351ccf5a9"> obj=java/lang/String<"80dd151582403f5a"> => null ; seq=182 via=V caller=libmetasec_ml.so+0x1301f8
[metasec-msb] 1788607131377 [350101][MS.b] op=0x00020002 arg1=0x00000000 arg2=0x0 str=java/lang/String<"sdk_risk_report"> obj=<obj 0x72f5dad411> => null ; seq=183 via=V caller=libmetasec_ml.so+0x1301f8
[metasec-msb] 1788607131381 [350101][MS.b] op=0x01000011 arg1=0x00000000 arg2=0x0 str=null obj=null => java/lang/String<"35.1.0"> ; seq=184 via=V caller=libmetasec_ml.so+0x1301f8
[metasec-msb] 1788607131381 [350101][MS.b] op=0x01000010 arg1=0x00000000 arg2=0x0 str=null obj=null => <obj 0x72f5dad411> ; seq=185 via=V caller=libmetasec_ml.so+0x1301f8
[metasec-msb] 1788607131432 [350101][MS.b] op=0x01000011 arg1=0x00000000 arg2=0x0 str=null obj=null => java/lang/String<"35.1.0"> ; seq=187 via=V caller=libmetasec_ml.so+0x1301f8
[metasec-msb] 1788607131543 [350101][MS.b] op=0x00030001 arg1=0x00000000 arg2=0x0 str=java/lang/String<"https://mssdk.bytedance.com/ri/report?lc_id=1588093228&platform=android&device_platform=android&sdk_ver=v04.09.05-ml-android&sdk_ver_code=67699968&app_ver=35.1.0&version_code=350101&aid=1128&sdkid=&subaid=&iid=3313280560987770&did=4087336283154583&bd_did=&clie...<len=331>"> obj=<obj 0x72f5dad435> => <obj 0x72f5dad439> ; seq=186 via=V caller=libmetasec_ml.so+0x1301f8
[metasec-msb] 1788607131548 [350101][MS.b] op=0x01000018 arg1=0x00000000 arg2=0x0 str=java/lang/String<"com.bytedance.shell.TTSECINFO"> obj=<obj 0x72f5dad409> => null ; seq=188 via=V caller=libmetasec_ml.so+0x1301f8
[metasec-msb] 1788607131550 [350101][MS.b] op=0x00020002 arg1=0x00000000 arg2=0x0 str=java/lang/String<"risk_inspect"> obj=<obj 0x72f5dad411> => null ; seq=189 via=V caller=libmetasec_ml.so+0x1301f8
[metasec-msb] 1788607132384 [350101][MS.b] op=0x01000019 arg1=0x00000000 arg2=0x0 str=null obj=null => null ; seq=179 via=V caller=libmetasec_ml.so+0x1301f8
[metasec-msb] 1788607133011 [350101][MS.b] op=0x01000011 arg1=0x00000000 arg2=0x0 str=null obj=null => java/lang/String<"35.1.0"> ; seq=190 via=V caller=libmetasec_ml.so+0x1301f8
[metasec-msb] 1788607135244 [350101][MS.b] op=0x03000001 arg1=0x00000000 arg2=0x0 str=null obj=null => null ; seq=191 via=V caller=libmetasec_ml.so+0x1301f8
[metasec-msb] 1788607135327 [350101][MS.b] op=0x01000017 arg1=0x00000000 arg2=0x0 str=null obj=null => java/lang/String<"100"> ; seq=192 via=V caller=libmetasec_ml.so+0x1301f8
[metasec-msb] 1788607135328 [350101][MS.b] op=0x0100001f arg1=0x00000000 arg2=0x0 str=null obj=null => <obj 0x72f5dad411> ; seq=193 via=V caller=libmetasec_ml.so+0x1301f8
[metasec-msb] 1788607135330 [350101][MS.b] op=0x01000020 arg1=0x00000000 arg2=0x0 str=null obj=null => <obj 0x72f5dad411> ; seq=194 via=V caller=libmetasec_ml.so+0x1301f8
[metasec-msb] 1788607135333 [350101][MS.b] op=0x01000021 arg1=0x00000000 arg2=0x0 str=null obj=null => <obj 0x72f5dad411> ; seq=195 via=V caller=libmetasec_ml.so+0x1301f8
[metasec-msb] 1788607135352 [350101][MS.b] op=0x10000006 arg1=0x00000000 arg2=0x0 str=null obj=null => java/lang/String<"{"core":8,"pc":"","hw":"","max":"1803000","min":"300000","ft":"fp asimd evtstrm aes pmull sha1 sha2 crc32 atomics fphp asimdhp cpuid asimdrdm lrcpc dcpop asimddp"}"> ; seq=196 via=V caller=libmetasec_ml.so+0x1301f8
[metasec-msb] 1788607135424 [350101][MS.b] op=0x01000009 arg1=0x00000000 arg2=0x0 str=null obj=null => java/lang/String<"Asia/Shanghai,8"> ; seq=197 via=V caller=libmetasec_ml.so+0x1301f8
[metasec-msb] 1788607135426 [350101][MS.b] op=0x0100000a arg1=0x00000000 arg2=0x0 str=null obj=null => java/lang/String<"zh_CN"> ; seq=198 via=V caller=libmetasec_ml.so+0x1301f8
[metasec-msb] 1788607135435 [350101][MS.b] op=0x01000032 arg1=0x00000000 arg2=0x0 str=null obj=null => java/lang/String<"{"1":"Pixel 6","2":"google","3":"oriole","4":"15","5":"BP1A.250305.019","6":"oriole","7":"google\/oriole\/oriole:15\/BP1A.250305.019\/13003188:user\/release-keys"}"> ; seq=199 via=V caller=libmetasec_ml.so+0x1301f8
[metasec-msb] 1788607135437 [350101][MS.b] op=0x01000033 arg1=0x00000000 arg2=0x0 str=null obj=null => <obj 0x72f5dad409> ; seq=200 via=V caller=libmetasec_ml.so+0x1301f8
[metasec-msb] 1788607135481 [350101][MS.b] op=0x01000002 arg1=0x00000000 arg2=0x0 str=java/lang/String<"android"> obj=null => [B<byte[1484] hex=30 82 05 c8 30 82 03 b0 a0 03 02 01 02 02 14 1a 8a 97 bd 45 9d 36 90 48 d3 6e 8a 28 6e 91 15 64 00 18 dd 30 0d 06 09 2a 86 48 86 f7 0d 01 01 0b 05 00 30 74 31 0b 30 09 06 03 55 04 06 13 02 55 ...> ; seq=201 via=V caller=libmetasec_ml.so+0x1301f8
[metasec-msb] 1788607135522 [350101][MS.b] op=0x01000034 arg1=0x00000000 arg2=0x0 str=null obj=null => java/lang/String<"ARM|Mali-G78|OpenGL ES 3.2 v1.r51p0-00eac0.20897de31e8026c4063960e040e2e9ba"> ; seq=202 via=V caller=libmetasec_ml.so+0x1301f8
[metasec-msb] 1788607135523 [350101][MS.b] op=0x01000035 arg1=0x00000000 arg2=0x0 str=null obj=null => java/lang/String<"1_LSM6DSR Accelerometer_STMicro|5_TMD3719 Ambient Light_AMS|9_Gravity Sensor_Google"> ; seq=203 via=V caller=libmetasec_ml.so+0x1301f8
[metasec-msb] 1788607136172 [350101][MS.b] op=0x0100002f arg1=0x00000000 arg2=0x0 str=null obj=<obj 0x72f5dad43d> => null ; seq=204 via=V caller=libmetasec_ml.so+0x1301f8
[metasec-msb] 1788607136173 [350101][MS.b] op=0x0100002f arg1=0x00000000 arg2=0x1 str=null obj=<obj 0x72f5dad43d> => java/lang/String<"google/oriole/oriole:15/BP1A.250305.019/13003188:user/release-keys"> ; seq=205 via=V caller=libmetasec_ml.so+0x1301f8
[metasec-msb] 1788607136174 [350101][MS.b] op=0x0100002f arg1=0x00000000 arg2=0x1 str=null obj=<obj 0x72f5dad43d> => java/lang/String<"Google"> ; seq=206 via=V caller=libmetasec_ml.so+0x1301f8
[metasec-msb] 1788607136231 [350101][MS.b] op=0x00020002 arg1=0x00000000 arg2=0x0 str=java/lang/String<"risk_inspect"> obj=<obj 0x72f5dad421> => null ; seq=207 via=V caller=libmetasec_ml.so+0x1301f8
[metasec-msb] 1788607136232 [350101][MS.b] op=0x0100001c arg1=0x00000000 arg2=0x0 str=null obj=null => java/lang/String<"["192.168.31.1","0.0.0.0"]"> ; seq=208 via=V caller=libmetasec_ml.so+0x1301f8
[metasec-msb] 1788607136234 [350101][MS.b] op=0x01000022 arg1=0x00000000 arg2=0x0 str=java/lang/String<"d8b674543fc0b023b69f6a3f5a0f287d458ea204"> obj=java/lang/String<"cb_value"> => java/lang/String<"093e857d604d0895"> ; seq=209 via=V caller=libmetasec_ml.so+0x1301f8
[metasec-msb] 1788607136475 [350101][MS.b] op=0x01000038 arg1=0x00000000 arg2=0x0 str=null obj=null => <obj 0x72f5dad429> ; seq=210 via=V caller=libmetasec_ml.so+0x1301f8
[metasec-msb] 1788607136547 [350101][MS.b] op=0x0100002b arg1=0x00000000 arg2=0x0 str=null obj=null => java/lang/String<""> ; seq=211 via=V caller=libmetasec_ml.so+0x1301f8
[metasec-msb] 1788607136550 [350101][MS.b] op=0x0100002e arg1=0x00000000 arg2=0x0 str=null obj=null => java/lang/String<"[]"> ; seq=212 via=V caller=libmetasec_ml.so+0x1301f8
[metasec-msb] 1788607136578 [350101][MS.b] op=0x0100002d arg1=0x00000000 arg2=0x0 str=null obj=null => java/lang/String<"0"> ; seq=213 via=V caller=libmetasec_ml.so+0x1301f8
[metasec-msb] 1788607136680 [350101][MS.b] op=0x10000009 arg1=0x00000000 arg2=0x0 str=null obj=null => java/lang/String<"com.google.android.inputmethod.latin[<!>]com.google.android.tts"> ; seq=214 via=V caller=libmetasec_ml.so+0x1301f8
[metasec-msb] 1788607136719 [350101][MS.b] op=0x01000036 arg1=0x00000000 arg2=0x0 str=java/lang/String<"cold_start"> obj=null => java/lang/String<"0"> ; seq=215 via=V caller=libmetasec_ml.so+0x1301f8
[metasec-msb] 1788607136720 [350101][MS.b] op=0x01000013 arg1=0x00000000 arg2=0x0 str=null obj=null => java/lang/String<"-0.22,0.58,9.65"> ; seq=216 via=V caller=libmetasec_ml.so+0x1301f8
[metasec-msb] 1788607136722 [350101][MS.b] op=0x10000003 arg1=0x00000000 arg2=0x0 str=null obj=null => java/lang/String<"np"> ; seq=217 via=V caller=libmetasec_ml.so+0x1301f8
[metasec-msb] 1788607136722 [350101][MS.b] op=0x10000002 arg1=0x00000000 arg2=0x0 str=null obj=null => java/lang/String<"np"> ; seq=218 via=V caller=libmetasec_ml.so+0x1301f8
[metasec-msb] 1788607136725 [350101][MS.b] op=0x01000023 arg1=0x00000000 arg2=0x0 str=java/lang/String<"d8b674543fc0b023b69f6a3f5a0f287d458ea204|1128-0-167774bf518c11948aa0784351ccf5a9"> obj=java/lang/String<"80dd151582403f5a"> => null ; seq=219 via=V caller=libmetasec_ml.so+0x1301f8
[metasec-msb] 1788607136726 [350101][MS.b] op=0x01000011 arg1=0x00000000 arg2=0x0 str=null obj=null => java/lang/String<"35.1.0"> ; seq=220 via=V caller=libmetasec_ml.so+0x1301f8
[metasec-msb] 1788607136727 [350101][MS.b] op=0x01000010 arg1=0x00000000 arg2=0x0 str=null obj=null => <obj 0x72f5dad429> ; seq=221 via=V caller=libmetasec_ml.so+0x1301f8
[metasec-msb] 1788607136775 [350101][MS.b] op=0x01000011 arg1=0x00000000 arg2=0x0 str=null obj=null => java/lang/String<"35.1.0"> ; seq=223 via=V caller=libmetasec_ml.so+0x1301f8
[metasec-msb] 1788607136939 [350101][MS.b] op=0x00030001 arg1=0x00000000 arg2=0x0 str=java/lang/String<"https://mssdk.bytedance.com/ri/report?lc_id=1588093228&platform=android&device_platform=android&sdk_ver=v04.09.05-ml-android&sdk_ver_code=67699968&app_ver=35.1.0&version_code=350101&aid=1128&sdkid=&subaid=&iid=3313280560987770&did=4087336283154583&bd_did=&clie...<len=331>"> obj=<obj 0x72f5dad44d> => <obj 0x72f5dad451> ; seq=222 via=V caller=libmetasec_ml.so+0x1301f8
[metasec-msb] 1788607136942 [350101][MS.b] op=0x01000018 arg1=0x00000000 arg2=0x0 str=java/lang/String<"com.bytedance.shell.TTSECINFO"> obj=<obj 0x72f5dad425> => null ; seq=224 via=V caller=libmetasec_ml.so+0x1301f8
[metasec-msb] 1788607136943 [350101][MS.b] op=0x00020002 arg1=0x00000000 arg2=0x0 str=java/lang/String<"risk_inspect"> obj=<obj 0x72f5dad429> => null ; seq=225 via=V caller=libmetasec_ml.so+0x1301f8
[metasec-msb] 1788607136944 [350101][MS.b] op=0x03000001 arg1=0x00000000 arg2=0x0 str=null obj=null => null ; seq=226 via=V caller=libmetasec_ml.so+0x1301f8
[metasec-msb] 1788607136955 [350101][MS.b] op=0x01000011 arg1=0x00000000 arg2=0x0 str=null obj=null => java/lang/String<"35.1.0"> ; seq=227 via=V caller=libmetasec_ml.so+0x1301f8
[metasec-msb] 1788607136987 [350101][MS.b] op=0x01000017 arg1=0x00000000 arg2=0x0 str=null obj=null => java/lang/String<"100"> ; seq=228 via=V caller=libmetasec_ml.so+0x1301f8
[metasec-msb] 1788607136987 [350101][MS.b] op=0x0100001f arg1=0x00000000 arg2=0x0 str=null obj=null => <obj 0x72f5dad429> ; seq=229 via=V caller=libmetasec_ml.so+0x1301f8
[metasec-msb] 1788607136988 [350101][MS.b] op=0x01000020 arg1=0x00000000 arg2=0x0 str=null obj=null => <obj 0x72f5dad429> ; seq=230 via=V caller=libmetasec_ml.so+0x1301f8
[metasec-msb] 1788607136989 [350101][MS.b] op=0x01000021 arg1=0x00000000 arg2=0x0 str=null obj=null => <obj 0x72f5dad429> ; seq=231 via=V caller=libmetasec_ml.so+0x1301f8
[metasec-msb] 1788607136997 [350101][MS.b] op=0x10000006 arg1=0x00000000 arg2=0x0 str=null obj=null => java/lang/String<"{"core":8,"pc":"","hw":"","max":"1803000","min":"300000","ft":"fp asimd evtstrm aes pmull sha1 sha2 crc32 atomics fphp asimdhp cpuid asimdrdm lrcpc dcpop asimddp"}"> ; seq=232 via=V caller=libmetasec_ml.so+0x1301f8
[metasec-msb] 1788607137054 [350101][MS.b] op=0x01000009 arg1=0x00000000 arg2=0x0 str=null obj=null => java/lang/String<"Asia/Shanghai,8"> ; seq=233 via=V caller=libmetasec_ml.so+0x1301f8
[metasec-msb] 1788607137054 [350101][MS.b] op=0x0100000a arg1=0x00000000 arg2=0x0 str=null obj=null => java/lang/String<"zh_CN"> ; seq=234 via=V caller=libmetasec_ml.so+0x1301f8
[metasec-msb] 1788607137058 [350101][MS.b] op=0x01000032 arg1=0x00000000 arg2=0x0 str=null obj=null => java/lang/String<"{"1":"Pixel 6","2":"google","3":"oriole","4":"15","5":"BP1A.250305.019","6":"oriole","7":"google\/oriole\/oriole:15\/BP1A.250305.019\/13003188:user\/release-keys"}"> ; seq=235 via=V caller=libmetasec_ml.so+0x1301f8
[metasec-msb] 1788607137058 [350101][MS.b] op=0x01000033 arg1=0x00000000 arg2=0x0 str=null obj=null => <obj 0x72f5dad421> ; seq=236 via=V caller=libmetasec_ml.so+0x1301f8
[metasec-msb] 1788607137093 [350101][MS.b] op=0x01000002 arg1=0x00000000 arg2=0x0 str=java/lang/String<"android"> obj=null => [B<byte[1484] hex=30 82 05 c8 30 82 03 b0 a0 03 02 01 02 02 14 1a 8a 97 bd 45 9d 36 90 48 d3 6e 8a 28 6e 91 15 64 00 18 dd 30 0d 06 09 2a 86 48 86 f7 0d 01 01 0b 05 00 30 74 31 0b 30 09 06 03 55 04 06 13 02 55 ...> ; seq=237 via=V caller=libmetasec_ml.so+0x1301f8
[metasec-msb] 1788607137116 [350101][MS.b] op=0x01000034 arg1=0x00000000 arg2=0x0 str=null obj=null => java/lang/String<"ARM|Mali-G78|OpenGL ES 3.2 v1.r51p0-00eac0.20897de31e8026c4063960e040e2e9ba"> ; seq=238 via=V caller=libmetasec_ml.so+0x1301f8
[metasec-msb] 1788607137117 [350101][MS.b] op=0x01000035 arg1=0x00000000 arg2=0x0 str=null obj=null => java/lang/String<"1_LSM6DSR Accelerometer_STMicro|5_TMD3719 Ambient Light_AMS|9_Gravity Sensor_Google"> ; seq=239 via=V caller=libmetasec_ml.so+0x1301f8
[metasec-msb] 1788607137801 [350101][MS.b] op=0x0100002f arg1=0x00000000 arg2=0x0 str=null obj=<obj 0x72f5dad451> => null ; seq=240 via=V caller=libmetasec_ml.so+0x1301f8
[metasec-msb] 1788607137810 [350101][MS.b] op=0x0100002f arg1=0x00000000 arg2=0x1 str=null obj=<obj 0x72f5dad451> => java/lang/String<"google/oriole/oriole:15/BP1A.250305.019/13003188:user/release-keys"> ; seq=241 via=V caller=libmetasec_ml.so+0x1301f8
[metasec-msb] 1788607137819 [350101][MS.b] op=0x0100002f arg1=0x00000000 arg2=0x1 str=null obj=<obj 0x72f5dad451> => java/lang/String<"Google"> ; seq=242 via=V caller=libmetasec_ml.so+0x1301f8
[metasec-msb] 1788607137925 [350101][MS.b] op=0x00020002 arg1=0x00000000 arg2=0x0 str=java/lang/String<"risk_inspect"> obj=<obj 0x72f5dad425> => null ; seq=243 via=V caller=libmetasec_ml.so+0x1301f8
[metasec-msb] 1788607137927 [350101][MS.b] op=0x0100001c arg1=0x00000000 arg2=0x0 str=null obj=null => java/lang/String<"["192.168.31.1","0.0.0.0"]"> ; seq=244 via=V caller=libmetasec_ml.so+0x1301f8
[metasec-msb] 1788607137928 [350101][MS.b] op=0x01000022 arg1=0x00000000 arg2=0x0 str=java/lang/String<"d8b674543fc0b023b69f6a3f5a0f287d458ea204"> obj=java/lang/String<"cb_value"> => java/lang/String<"093e857d604d0895"> ; seq=245 via=V caller=libmetasec_ml.so+0x1301f8
[metasec-msb] 1788607137986 heartbeat t=30s libart=ok installed=true seq=245
[metasec-msb] 1788607138172 [350101][MS.b] op=0x01000038 arg1=0x00000000 arg2=0x0 str=null obj=null => <obj 0x72f5dad43d> ; seq=246 via=V caller=libmetasec_ml.so+0x1301f8
[metasec-msb] 1788607138247 [350101][MS.b] op=0x0100002b arg1=0x00000000 arg2=0x0 str=null obj=null => java/lang/String<""> ; seq=247 via=V caller=libmetasec_ml.so+0x1301f8
[metasec-msb] 1788607138251 [350101][MS.b] op=0x0100002e arg1=0x00000000 arg2=0x0 str=null obj=null => java/lang/String<"[]"> ; seq=248 via=V caller=libmetasec_ml.so+0x1301f8
[metasec-msb] 1788607138282 [350101][MS.b] op=0x0100002d arg1=0x00000000 arg2=0x0 str=null obj=null => java/lang/String<"0"> ; seq=249 via=V caller=libmetasec_ml.so+0x1301f8
[metasec-msb] 1788607138450 [350101][MS.b] op=0x10000009 arg1=0x00000000 arg2=0x0 str=null obj=null => java/lang/String<"com.google.android.inputmethod.latin[<!>]com.google.android.tts"> ; seq=250 via=V caller=libmetasec_ml.so+0x1301f8
[metasec-msb] 1788607138451 MSB_SUMMARY total=250 ops{0x01000011=63, 0x00020002=51, 0x01000022=9, 0x0100002f=9, 0x01000009=5, 0x0100000a=4, 0x10000006=4, 0x00030001=4, 0x01000017=4, 0x01000002=4, 0x01000010=4, 0x0100001c=4}
[metasec-msb] 1788607138462 [350101][MS.b] op=0x01000026 arg1=0x00000000 arg2=0x0 str=null obj=null => java/lang/String<""> ; seq=251 via=V caller=libmetasec_ml.so+0x1301f8
[metasec-msb] 1788607138463 [350101][MS.b] op=0x01000027 arg1=0x00000000 arg2=0x0 str=null obj=null => null ; seq=252 via=V caller=libmetasec_ml.so+0x1301f8
[metasec-msb] 1788607138497 [350101][MS.b] op=0x01000036 arg1=0x00000000 arg2=0x0 str=java/lang/String<"caijing_initialization"> obj=null => java/lang/String<"0"> ; seq=253 via=V caller=libmetasec_ml.so+0x1301f8
[metasec-msb] 1788607138500 [350101][MS.b] op=0x01000013 arg1=0x00000000 arg2=0x0 str=null obj=null => java/lang/String<"-0.22,0.58,9.65"> ; seq=254 via=V caller=libmetasec_ml.so+0x1301f8
[metasec-msb] 1788607138502 [350101][MS.b] op=0x10000003 arg1=0x00000000 arg2=0x0 str=null obj=null => java/lang/String<"np"> ; seq=255 via=V caller=libmetasec_ml.so+0x1301f8
[metasec-msb] 1788607138504 [350101][MS.b] op=0x10000002 arg1=0x00000000 arg2=0x0 str=null obj=null => java/lang/String<"np"> ; seq=256 via=V caller=libmetasec_ml.so+0x1301f8
[metasec-msb] 1788607138508 [350101][MS.b] op=0x01000023 arg1=0x00000000 arg2=0x0 str=java/lang/String<"d8b674543fc0b023b69f6a3f5a0f287d458ea204|1128-0-167774bf518c11948aa0784351ccf5a9"> obj=java/lang/String<"80dd151582403f5a"> => null ; seq=257 via=V caller=libmetasec_ml.so+0x1301f8
[metasec-msb] 1788607138513 [350101][MS.b] op=0x01000011 arg1=0x00000000 arg2=0x0 str=null obj=null => java/lang/String<"35.1.0"> ; seq=258 via=V caller=libmetasec_ml.so+0x1301f8
[metasec-msb] 1788607138514 [350101][MS.b] op=0x01000010 arg1=0x00000000 arg2=0x0 str=null obj=null => <obj 0x72f5dad425> ; seq=259 via=V caller=libmetasec_ml.so+0x1301f8
[metasec-msb] 1788607138574 [350101][MS.b] op=0x01000011 arg1=0x00000000 arg2=0x0 str=null obj=null => java/lang/String<"35.1.0"> ; seq=261 via=V caller=libmetasec_ml.so+0x1301f8
[metasec-msb] 1788607138723 [350101][MS.b] op=0x00030001 arg1=0x00000000 arg2=0x0 str=java/lang/String<"https://mssdk.bytedance.com/ri/report?lc_id=1588093228&platform=android&device_platform=android&sdk_ver=v04.09.05-ml-android&sdk_ver_code=67699968&app_ver=35.1.0&version_code=350101&aid=1128&sdkid=&subaid=&iid=3313280560987770&did=4087336283154583&bd_did=&clie...<len=331>"> obj=<obj 0x72f5dad461> => <obj 0x72f5dad465> ; seq=260 via=V caller=libmetasec_ml.so+0x1301f8
[metasec-msb] 1788607138726 [350101][MS.b] op=0x01000018 arg1=0x00000000 arg2=0x0 str=java/lang/String<"com.bytedance.shell.TTSECINFO"> obj=<obj 0x72f5dad439> => null ; seq=262 via=V caller=libmetasec_ml.so+0x1301f8
[metasec-msb] 1788607138729 [350101][MS.b] op=0x00020002 arg1=0x00000000 arg2=0x0 str=java/lang/String<"risk_inspect"> obj=<obj 0x72f5dad425> => null ; seq=263 via=V caller=libmetasec_ml.so+0x1301f8
[metasec-msb] 1788607138962 [350101][MS.b] op=0x01000011 arg1=0x00000000 arg2=0x0 str=null obj=null => java/lang/String<"35.1.0"> ; seq=264 via=V caller=libmetasec_ml.so+0x1301f8
[metasec-msb] 1788607139695 [350101][MS.b] op=0x01000011 arg1=0x00000000 arg2=0x0 str=null obj=null => java/lang/String<"35.1.0"> ; seq=265 via=V caller=libmetasec_ml.so+0x1301f8
[metasec-msb] 1788607144251 [350101][MS.b] op=0x01000011 arg1=0x00000000 arg2=0x0 str=null obj=null => java/lang/String<"35.1.0"> ; seq=266 via=V caller=libmetasec_ml.so+0x1301f8
[metasec-msb] 1788607144268 [350101][MS.b] op=0x01000011 arg1=0x00000000 arg2=0x0 str=null obj=null => java/lang/String<"35.1.0"> ; seq=267 via=V caller=libmetasec_ml.so+0x1301f8
[metasec-msb] 1788607146505 [350101][MS.b] op=0x01000011 arg1=0x00000000 arg2=0x0 str=null obj=null => java/lang/String<"35.1.0"> ; seq=268 via=V caller=libmetasec_ml.so+0x1301f8
[metasec-msb] 1788607146532 [350101][MS.b] op=0x01000011 arg1=0x00000000 arg2=0x0 str=null obj=null => java/lang/String<"35.1.0"> ; seq=269 via=V caller=libmetasec_ml.so+0x1301f8
[metasec-msb] 1788607146662 [350101][MS.b] op=0x01000011 arg1=0x00000000 arg2=0x0 str=null obj=null => java/lang/String<"35.1.0"> ; seq=270 via=V caller=libmetasec_ml.so+0x1301f8
[metasec-msb] 1788607147674 [350101][MS.b] op=0x01000011 arg1=0x00000000 arg2=0x0 str=null obj=null => java/lang/String<"35.1.0"> ; seq=271 via=V caller=libmetasec_ml.so+0x1301f8
[metasec-msb] 1788607148965 [350101][MS.b] op=0x01000011 arg1=0x00000000 arg2=0x0 str=null obj=null => java/lang/String<"35.1.0"> ; seq=272 via=V caller=libmetasec_ml.so+0x1301f8
[metasec-msb] 1788607151898 [350101][MS.b] op=0x01000011 arg1=0x00000000 arg2=0x0 str=null obj=null => java/lang/String<"35.1.0"> ; seq=273 via=V caller=libmetasec_ml.so+0x1301f8
[metasec-msb] 1788607151932 [350101][MS.b] op=0x01000011 arg1=0x00000000 arg2=0x0 str=null obj=null => java/lang/String<"35.1.0"> ; seq=274 via=V caller=libmetasec_ml.so+0x1301f8
[metasec-msb] 1788607153828 [350101][MS.b] op=0x01000011 arg1=0x00000000 arg2=0x0 str=null obj=null => java/lang/String<"35.1.0"> ; seq=275 via=V caller=libmetasec_ml.so+0x1301f8
[metasec-msb] 1788607155095 [350101][MS.b] op=0x01000011 arg1=0x00000000 arg2=0x0 str=null obj=null => java/lang/String<"35.1.0"> ; seq=276 via=V caller=libmetasec_ml.so+0x1301f8
[metasec-msb] 1788607156028 [350101][MS.b] op=0x01000011 arg1=0x00000000 arg2=0x0 str=null obj=null => java/lang/String<"35.1.0"> ; seq=277 via=V caller=libmetasec_ml.so+0x1301f8
[metasec-msb] 1788607158935 [350101][MS.b] op=0x01000011 arg1=0x00000000 arg2=0x0 str=null obj=null => java/lang/String<"35.1.0"> ; seq=278 via=V caller=libmetasec_ml.so+0x1301f8
[metasec-msb] 1788607166953 [350101][MS.b] op=0x03000001 arg1=0x00000000 arg2=0x0 str=null obj=null => null ; seq=279 via=V caller=libmetasec_ml.so+0x1301f8
[metasec-msb] 1788607167014 [350101][MS.b] op=0x01000017 arg1=0x00000000 arg2=0x0 str=null obj=null => java/lang/String<"100"> ; seq=280 via=V caller=libmetasec_ml.so+0x1301f8
[metasec-msb] 1788607167016 [350101][MS.b] op=0x0100001f arg1=0x00000000 arg2=0x0 str=null obj=null => <obj 0x72f5dad425> ; seq=281 via=V caller=libmetasec_ml.so+0x1301f8
[metasec-msb] 1788607167018 [350101][MS.b] op=0x01000020 arg1=0x00000000 arg2=0x0 str=null obj=null => <obj 0x72f5dad425> ; seq=282 via=V caller=libmetasec_ml.so+0x1301f8
[metasec-msb] 1788607167021 [350101][MS.b] op=0x01000021 arg1=0x00000000 arg2=0x0 str=null obj=null => <obj 0x72f5dad425> ; seq=283 via=V caller=libmetasec_ml.so+0x1301f8
[metasec-msb] 1788607167031 [350101][MS.b] op=0x10000006 arg1=0x00000000 arg2=0x0 str=null obj=null => java/lang/String<"{"core":8,"pc":"","hw":"","max":"1803000","min":"300000","ft":"fp asimd evtstrm aes pmull sha1 sha2 crc32 atomics fphp asimdhp cpuid asimdrdm lrcpc dcpop asimddp"}"> ; seq=284 via=V caller=libmetasec_ml.so+0x1301f8
[metasec-msb] 1788607167076 [350101][MS.b] op=0x01000009 arg1=0x00000000 arg2=0x0 str=null obj=null => java/lang/String<"Asia/Shanghai,8"> ; seq=285 via=V caller=libmetasec_ml.so+0x1301f8
[metasec-msb] 1788607167076 [350101][MS.b] op=0x0100000a arg1=0x00000000 arg2=0x0 str=null obj=null => java/lang/String<"zh_CN"> ; seq=286 via=V caller=libmetasec_ml.so+0x1301f8
[metasec-msb] 1788607167083 [350101][MS.b] op=0x01000032 arg1=0x00000000 arg2=0x0 str=null obj=null => java/lang/String<"{"1":"Pixel 6","2":"google","3":"oriole","4":"15","5":"BP1A.250305.019","6":"oriole","7":"google\/oriole\/oriole:15\/BP1A.250305.019\/13003188:user\/release-keys"}"> ; seq=287 via=V caller=libmetasec_ml.so+0x1301f8
[metasec-msb] 1788607167085 [350101][MS.b] op=0x01000033 arg1=0x00000000 arg2=0x0 str=null obj=null => <obj 0x72f5dad43d> ; seq=288 via=V caller=libmetasec_ml.so+0x1301f8
[metasec-msb] 1788607167108 [350101][MS.b] op=0x01000030 arg1=0x00000000 arg2=0x0 str=null obj=null => java/lang/String<"Mozilla/5.0 (Linux; Android 15; Pixel 6 Build/BP1A.250305.019; wv) AppleWebKit/537.36 (KHTML, like Gecko) Version/4.0 Chrome/128.0.6613.88 Mobile Safari/537.36"> ; seq=289 via=V caller=libmetasec_ml.so+0x1301f8
[metasec-msb] 1788607167112 [350101][MS.b] op=0x01000002 arg1=0x00000000 arg2=0x0 str=java/lang/String<"android"> obj=null => [B<byte[1484] hex=30 82 05 c8 30 82 03 b0 a0 03 02 01 02 02 14 1a 8a 97 bd 45 9d 36 90 48 d3 6e 8a 28 6e 91 15 64 00 18 dd 30 0d 06 09 2a 86 48 86 f7 0d 01 01 0b 05 00 30 74 31 0b 30 09 06 03 55 04 06 13 02 55 ...> ; seq=290 via=V caller=libmetasec_ml.so+0x1301f8
[metasec-msb] 1788607167137 [350101][MS.b] op=0x01000034 arg1=0x00000000 arg2=0x0 str=null obj=null => java/lang/String<"ARM|Mali-G78|OpenGL ES 3.2 v1.r51p0-00eac0.20897de31e8026c4063960e040e2e9ba"> ; seq=291 via=V caller=libmetasec_ml.so+0x1301f8
[metasec-msb] 1788607167138 [350101][MS.b] op=0x01000035 arg1=0x00000000 arg2=0x0 str=null obj=null => java/lang/String<"1_LSM6DSR Accelerometer_STMicro|5_TMD3719 Ambient Light_AMS|9_Gravity Sensor_Google"> ; seq=292 via=V caller=libmetasec_ml.so+0x1301f8
[metasec-msb] 1788607167766 [350101][MS.b] op=0x0100002f arg1=0x00000000 arg2=0x0 str=null obj=<obj 0x72f5dad469> => null ; seq=293 via=V caller=libmetasec_ml.so+0x1301f8
[metasec-msb] 1788607167768 [350101][MS.b] op=0x0100002f arg1=0x00000000 arg2=0x1 str=null obj=<obj 0x72f5dad469> => java/lang/String<"google/oriole/oriole:15/BP1A.250305.019/13003188:user/release-keys"> ; seq=294 via=V caller=libmetasec_ml.so+0x1301f8
[metasec-msb] 1788607167769 [350101][MS.b] op=0x0100002f arg1=0x00000000 arg2=0x1 str=null obj=<obj 0x72f5dad469> => java/lang/String<"Google"> ; seq=295 via=V caller=libmetasec_ml.so+0x1301f8
[metasec-msb] 1788607167835 [350101][MS.b] op=0x00020002 arg1=0x00000000 arg2=0x0 str=java/lang/String<"risk_inspect"> obj=<obj 0x72f5dad44d> => null ; seq=296 via=V caller=libmetasec_ml.so+0x1301f8
[metasec-msb] 1788607167837 [350101][MS.b] op=0x0100001c arg1=0x00000000 arg2=0x0 str=null obj=null => java/lang/String<"["192.168.31.1","0.0.0.0"]"> ; seq=297 via=V caller=libmetasec_ml.so+0x1301f8
[metasec-msb] 1788607167839 [350101][MS.b] op=0x01000022 arg1=0x00000000 arg2=0x0 str=java/lang/String<"d8b674543fc0b023b69f6a3f5a0f287d458ea204"> obj=java/lang/String<"cb_value"> => java/lang/String<"093e857d604d0895"> ; seq=298 via=V caller=libmetasec_ml.so+0x1301f8
[metasec-msb] 1788607168094 [350101][MS.b] op=0x01000038 arg1=0x00000000 arg2=0x0 str=null obj=null => <obj 0x72f5dad451> ; seq=299 via=V caller=libmetasec_ml.so+0x1301f8
[metasec-msb] 1788607168181 [350101][MS.b] op=0x0100002b arg1=0x00000000 arg2=0x0 str=null obj=null => java/lang/String<""> ; seq=300 via=V caller=libmetasec_ml.so+0x1301f8
[metasec-msb] 1788607168185 [350101][MS.b] op=0x0100002e arg1=0x00000000 arg2=0x0 str=null obj=null => java/lang/String<"[]"> ; seq=301 via=V caller=libmetasec_ml.so+0x1301f8
[metasec-msb] 1788607168221 [350101][MS.b] op=0x0100002d arg1=0x00000000 arg2=0x0 str=null obj=null => java/lang/String<"0"> ; seq=302 via=V caller=libmetasec_ml.so+0x1301f8
[metasec-msb] 1788607168380 [350101][MS.b] op=0x10000009 arg1=0x00000000 arg2=0x0 str=null obj=null => java/lang/String<"com.google.android.inputmethod.latin[<!>]com.google.android.tts"> ; seq=303 via=V caller=libmetasec_ml.so+0x1301f8
[metasec-msb] 1788607168427 [350101][MS.b] op=0x01000036 arg1=0x00000000 arg2=0x0 str=java/lang/String<"caijing_initialization_again"> obj=null => java/lang/String<"0"> ; seq=304 via=V caller=libmetasec_ml.so+0x1301f8
[metasec-msb] 1788607168430 [350101][MS.b] op=0x01000013 arg1=0x00000000 arg2=0x0 str=null obj=null => java/lang/String<"-0.22,0.58,9.65"> ; seq=305 via=V caller=libmetasec_ml.so+0x1301f8
[metasec-msb] 1788607168432 [350101][MS.b] op=0x10000003 arg1=0x00000000 arg2=0x0 str=null obj=null => java/lang/String<"np"> ; seq=306 via=V caller=libmetasec_ml.so+0x1301f8
[metasec-msb] 1788607168434 [350101][MS.b] op=0x10000002 arg1=0x00000000 arg2=0x0 str=null obj=null => java/lang/String<"np"> ; seq=307 via=V caller=libmetasec_ml.so+0x1301f8
[metasec-msb] 1788607168438 [350101][MS.b] op=0x01000023 arg1=0x00000000 arg2=0x0 str=java/lang/String<"d8b674543fc0b023b69f6a3f5a0f287d458ea204|1128-0-167774bf518c11948aa0784351ccf5a9"> obj=java/lang/String<"80dd151582403f5a"> => null ; seq=308 via=V caller=libmetasec_ml.so+0x1301f8
[metasec-msb] 1788607168443 [350101][MS.b] op=0x01000011 arg1=0x00000000 arg2=0x0 str=null obj=null => java/lang/String<"35.1.0"> ; seq=309 via=V caller=libmetasec_ml.so+0x1301f8
[metasec-msb] 1788607168444 [350101][MS.b] op=0x01000010 arg1=0x00000000 arg2=0x0 str=null obj=null => <obj 0x72f5dad44d> ; seq=310 via=V caller=libmetasec_ml.so+0x1301f8
[metasec-msb] 1788607168501 [350101][MS.b] op=0x01000011 arg1=0x00000000 arg2=0x0 str=null obj=null => java/lang/String<"35.1.0"> ; seq=312 via=V caller=libmetasec_ml.so+0x1301f8
[metasec-msb] 1788607168502 MSB_SUMMARY total=312 ops{0x01000011=82, 0x00020002=53, 0x0100002f=12, 0x01000022=10, 0x01000009=6, 0x01000010=6, 0x0100000a=5, 0x10000006=5, 0x00030001=5, 0x01000017=5, 0x01000002=5, 0x0100001c=5}
[metasec-msb] 1788607168507 [350101][MS.b] op=0x0100001e arg1=0x00000000 arg2=0x0 str=null obj=null => null ; seq=313 via=V caller=libmetasec_ml.so+0x1301f8
[metasec-msb] 1788607168508 [350101][MS.b] op=0x01000026 arg1=0x00000000 arg2=0x0 str=null obj=null => java/lang/String<""> ; seq=314 via=V caller=libmetasec_ml.so+0x1301f8
[metasec-msb] 1788607168508 [350101][MS.b] op=0x01000027 arg1=0x00000000 arg2=0x0 str=null obj=null => null ; seq=315 via=V caller=libmetasec_ml.so+0x1301f8
[metasec-msb] 1788607168625 [350101][MS.b] op=0x01000011 arg1=0x00000000 arg2=0x0 str=null obj=null => java/lang/String<"35.1.0"> ; seq=316 via=V caller=libmetasec_ml.so+0x1301f8
[metasec-msb] 1788607168648 [350101][MS.b] op=0x00030001 arg1=0x00000000 arg2=0x0 str=java/lang/String<"https://mssdk.bytedance.com/ri/report?lc_id=1588093228&platform=android&device_platform=android&sdk_ver=v04.09.05-ml-android&sdk_ver_code=67699968&app_ver=35.1.0&version_code=350101&aid=1128&sdkid=&subaid=&iid=3313280560987770&did=4087336283154583&bd_did=&clie...<len=331>"> obj=<obj 0x72f5dad479> => <obj 0x72f5dad47d> ; seq=311 via=V caller=libmetasec_ml.so+0x1301f8
[metasec-msb] 1788607168652 [350101][MS.b] op=0x01000018 arg1=0x00000000 arg2=0x0 str=java/lang/String<"com.bytedance.shell.TTSECINFO"> obj=<obj 0x72f5dad45d> => null ; seq=317 via=V caller=libmetasec_ml.so+0x1301f8
[metasec-msb] 1788607168655 [350101][MS.b] op=0x00020002 arg1=0x00000000 arg2=0x0 str=java/lang/String<"risk_inspect"> obj=<obj 0x72f5dad44d> => null ; seq=318 via=V caller=libmetasec_ml.so+0x1301f8
[metasec-msb] 1788607168939 [350101][MS.b] op=0x01000011 arg1=0x00000000 arg2=0x0 str=null obj=null => java/lang/String<"35.1.0"> ; seq=319 via=V caller=libmetasec_ml.so+0x1301f8
[metasec-msb] 1788607172394 [350101][MS.b] op=0x01000019 arg1=0x00000000 arg2=0x0 str=null obj=null => null ; seq=320 via=V caller=libmetasec_ml.so+0x1301f8
[metasec-msb] 1788607173574 [350101][MS.b] op=0x01000011 arg1=0x00000000 arg2=0x0 str=null obj=null => java/lang/String<"35.1.0"> ; seq=321 via=V caller=libmetasec_ml.so+0x1301f8
[metasec-msb] 1788607175183 [350101][MS.b] op=0x01000011 arg1=0x00000000 arg2=0x0 str=null obj=null => java/lang/String<"35.1.0"> ; seq=322 via=V caller=libmetasec_ml.so+0x1301f8
[metasec-msb] 1788607175294 [350101][MS.b] op=0x01000011 arg1=0x00000000 arg2=0x0 str=null obj=null => java/lang/String<"35.1.0"> ; seq=323 via=V caller=libmetasec_ml.so+0x1301f8
[metasec-msb] 1788607175315 [350101][MS.b] op=0x01000011 arg1=0x00000000 arg2=0x0 str=null obj=null => java/lang/String<"35.1.0"> ; seq=324 via=V caller=libmetasec_ml.so+0x1301f8
[metasec-msb] 1788607177418 [350101][MS.b] op=0x01000011 arg1=0x00000000 arg2=0x0 str=null obj=null => java/lang/String<"35.1.0"> ; seq=325 via=V caller=libmetasec_ml.so+0x1301f8
[metasec-msb] 1788607178990 [350101][MS.b] op=0x01000011 arg1=0x00000000 arg2=0x0 str=null obj=null => java/lang/String<"35.1.0"> ; seq=326 via=V caller=libmetasec_ml.so+0x1301f8
[metasec-msb] 1788607180240 [350101][MS.b] op=0x01000011 arg1=0x00000000 arg2=0x0 str=null obj=null => java/lang/String<"35.1.0"> ; seq=327 via=V caller=libmetasec_ml.so+0x1301f8
[metasec-msb] 1788607180257 [350101][MS.b] op=0x01000011 arg1=0x00000000 arg2=0x0 str=null obj=null => java/lang/String<"35.1.0"> ; seq=328 via=V caller=libmetasec_ml.so+0x1301f8
[metasec-msb] 1788607180514 [350101][MS.b] op=0x01000011 arg1=0x00000000 arg2=0x0 str=null obj=null => java/lang/String<"35.1.0"> ; seq=329 via=V caller=libmetasec_ml.so+0x1301f8
[metasec-msb] 1788607180886 [350101][MS.b] op=0x01000011 arg1=0x00000000 arg2=0x0 str=null obj=null => java/lang/String<"35.1.0"> ; seq=330 via=V caller=libmetasec_ml.so+0x1301f8
[metasec-msb] 1788607181153 [350101][MS.b] op=0x01000011 arg1=0x00000000 arg2=0x0 str=null obj=null => java/lang/String<"35.1.0"> ; seq=331 via=V caller=libmetasec_ml.so+0x1301f8
[metasec-msb] 1788607188939 [350101][MS.b] op=0x01000011 arg1=0x00000000 arg2=0x0 str=null obj=null => java/lang/String<"35.1.0"> ; seq=332 via=V caller=libmetasec_ml.so+0x1301f8
[metasec-msb] 1788607198513 [350101][MS.b] op=0x01000026 arg1=0x00000000 arg2=0x0 str=null obj=null => java/lang/String<""> ; seq=333 via=V caller=libmetasec_ml.so+0x1301f8
[metasec-msb] 1788607198515 MSB_SUMMARY total=333 ops{0x01000011=96, 0x00020002=54, 0x0100002f=12, 0x01000022=10, 0x01000009=6, 0x00030001=6, 0x01000010=6, 0x0100000a=5, 0x10000006=5, 0x01000017=5, 0x01000002=5, 0x0100001c=5}
[metasec-msb] 1788607198516 [350101][MS.b] op=0x01000027 arg1=0x00000000 arg2=0x0 str=null obj=null => null ; seq=334 via=V caller=libmetasec_ml.so+0x1301f8
[metasec-msb] 1788607198958 [350101][MS.b] op=0x01000011 arg1=0x00000000 arg2=0x0 str=null obj=null => java/lang/String<"35.1.0"> ; seq=335 via=V caller=libmetasec_ml.so+0x1301f8
[metasec-msb] 1788607208971 [350101][MS.b] op=0x01000011 arg1=0x00000000 arg2=0x0 str=null obj=null => java/lang/String<"35.1.0"> ; seq=336 via=V caller=libmetasec_ml.so+0x1301f8
[metasec-msb] 1788607218936 [350101][MS.b] op=0x01000011 arg1=0x00000000 arg2=0x0 str=null obj=null => java/lang/String<"35.1.0"> ; seq=337 via=V caller=libmetasec_ml.so+0x1301f8
[metasec-msb] 1788607228513 [350101][MS.b] op=0x0100001e arg1=0x00000000 arg2=0x0 str=null obj=null => null ; seq=338 via=V caller=libmetasec_ml.so+0x1301f8
[metasec-msb] 1788607228514 MSB_SUMMARY total=338 ops{0x01000011=99, 0x00020002=54, 0x0100002f=12, 0x01000022=10, 0x01000009=6, 0x00030001=6, 0x01000010=6, 0x0100000a=5, 0x10000006=5, 0x01000017=5, 0x01000002=5, 0x0100001c=5}
[metasec-msb] 1788607228515 [350101][MS.b] op=0x01000026 arg1=0x00000000 arg2=0x0 str=null obj=null => java/lang/String<""> ; seq=339 via=V caller=libmetasec_ml.so+0x1301f8
[metasec-msb] 1788607228517 [350101][MS.b] op=0x01000027 arg1=0x00000000 arg2=0x0 str=null obj=null => null ; seq=340 via=V caller=libmetasec_ml.so+0x1301f8
[metasec-msb] 1788607228953 [350101][MS.b] op=0x01000011 arg1=0x00000000 arg2=0x0 str=null obj=null => java/lang/String<"35.1.0"> ; seq=341 via=V caller=libmetasec_ml.so+0x1301f8
[metasec-msb] 1788607238968 [350101][MS.b] op=0x01000011 arg1=0x00000000 arg2=0x0 str=null obj=null => java/lang/String<"35.1.0"> ; seq=342 via=V caller=libmetasec_ml.so+0x1301f8
[metasec-msb] 1788607248968 [350101][MS.b] op=0x01000011 arg1=0x00000000 arg2=0x0 str=null obj=null => java/lang/String<"35.1.0"> ; seq=343 via=V caller=libmetasec_ml.so+0x1301f8
[metasec-msb] 1788607258518 [350101][MS.b] op=0x01000026 arg1=0x00000000 arg2=0x0 str=null obj=null => java/lang/String<""> ; seq=344 via=V caller=libmetasec_ml.so+0x1301f8
[metasec-msb] 1788607258520 MSB_SUMMARY total=344 ops{0x01000011=102, 0x00020002=54, 0x0100002f=12, 0x01000022=10, 0x01000026=6, 0x01000009=6, 0x00030001=6, 0x01000010=6, 0x01000027=5, 0x0100000a=5, 0x10000006=5, 0x01000017=5}
[metasec-msb] 1788607258522 [350101][MS.b] op=0x01000027 arg1=0x00000000 arg2=0x0 str=null obj=null => null ; seq=345 via=V caller=libmetasec_ml.so+0x1301f8
[metasec-msb] 1788607258969 [350101][MS.b] op=0x01000011 arg1=0x00000000 arg2=0x0 str=null obj=null => java/lang/String<"35.1.0"> ; seq=346 via=V caller=libmetasec_ml.so+0x1301f8
[metasec-msb] 1788607265872 [350101][MS.b] op=0x01000011 arg1=0x00000000 arg2=0x0 str=null obj=null => java/lang/String<"35.1.0"> ; seq=347 via=V caller=libmetasec_ml.so+0x1301f8
[metasec-msb] 1788607266222 [350101][MS.b] op=0x01000011 arg1=0x00000000 arg2=0x0 str=null obj=null => java/lang/String<"35.1.0"> ; seq=348 via=V caller=libmetasec_ml.so+0x1301f8
[metasec-msb] 1788607269044 [350101][MS.b] op=0x01000011 arg1=0x00000000 arg2=0x0 str=null obj=null => java/lang/String<"35.1.0"> ; seq=349 via=V caller=libmetasec_ml.so+0x1301f8
[metasec-msb] 1788607269484 [350101][MS.b] op=0x01000011 arg1=0x00000000 arg2=0x0 str=null obj=null => java/lang/String<"35.1.0"> ; seq=350 via=V caller=libmetasec_ml.so+0x1301f8
[metasec-msb] 1788607270810 [350101][MS.b] op=0x01000011 arg1=0x00000000 arg2=0x0 str=null obj=null => java/lang/String<"35.1.0"> ; seq=351 via=V caller=libmetasec_ml.so+0x1301f8
[metasec-msb] 1788607270937 [350101][MS.b] op=0x01000011 arg1=0x00000000 arg2=0x0 str=null obj=null => java/lang/String<"35.1.0"> ; seq=352 via=V caller=libmetasec_ml.so+0x1301f8
[metasec-msb] 1788607273636 [350101][MS.b] op=0x01000011 arg1=0x00000000 arg2=0x0 str=null obj=null => java/lang/String<"35.1.0"> ; seq=353 via=V caller=libmetasec_ml.so+0x1301f8
[metasec-msb] 1788607275921 [350101][MS.b] op=0x01000011 arg1=0x00000000 arg2=0x0 str=null obj=null => java/lang/String<"35.1.0"> ; seq=354 via=V caller=libmetasec_ml.so+0x1301f8
[metasec-msb] 1788607276144 [350101][MS.b] op=0x01000011 arg1=0x00000000 arg2=0x0 str=null obj=null => java/lang/String<"35.1.0"> ; seq=355 via=V caller=libmetasec_ml.so+0x1301f8
[metasec-msb] 1788607279071 [350101][MS.b] op=0x01000011 arg1=0x00000000 arg2=0x0 str=null obj=null => java/lang/String<"35.1.0"> ; seq=356 via=V caller=libmetasec_ml.so+0x1301f8
exit

Thank you for using Frida!
