
 [1m[36m╔══════════════════════════════════════╗[0m
 [1m[36m║[0m  [1m      rustFrida v0.1.0             [0m[1m[36m║[0m
 [1m[36m║[0m  [2m  ARM64 Dynamic Instrumentation    [0m[1m[36m║[0m
 [1m[36m╚══════════════════════════════════════╝[0m

[1m[34m [*][0m Spawn 模式: 准备注入 com.ss.android.ugc.aweme
[1m[36m [→][0m SELinux permissive，跳过策略修补
[1m[36m [→][0m Zymbiote socket 名称: rustfrida-zymbiote-38bdabb93902aa69b9adbd1a4dd260e8
[1m[36m [→][0m 跳过 32 位进程 zygote (pid=883)
[1m[34m [*][0m 找到 1 个新 zygote 进程
[1m[36m [→][0m 正在注入 zymbiote 到 zygote64 (pid=882)...
[1m[36m [→][0m Payload 写入位置: 0x70fe7ef000 (backing: /system/lib64/libstagefright.so +0x1ea000)
[1m[36m [→][0m libc.so 基址: 0x70fb446000, 路径: /apex/com.android.runtime/lib64/bionic/libc.so
[1m[36m [→][0m libc 函数地址已解析
[1m[36m [→][0m setArgV0 地址: 0x70f49e2c00
[1m[36m [→][0m selinux_android_setcontext 地址: 0x7112eefa40
[1m[36m [→][0m ZymbioteContext: ctx_base=0xee8, payload_len=0xfd0
[1m[36m [→][0m build_payload: prop_remap=0 (PROP_PROFILE_DIR=None)
[1m[36m [→][0m Payload 构建完成: 4048 bytes
[1m[36m [→][0m 搜索 4 个 boot heap 区域查找 setArgV0 指针
[1m[33m [!][0m boot heap 中未命中 setArgV0 指针，回退扫描 67 个 ART 相关 RW private 区域
[1m[33m [!][0m ART 相关 RW private 区域未命中 setArgV0 指针，继续扫描 24 个 ART 相关可读区域
[1m[33m [!][0m 未在 boot heap、ART 相关 RW private 或 ART 相关可读区域中找到 setArgV0 指针 (0x70f49e2c00)，切换降级模式
[1m[33m [!][0m 降级为 setcontext-only 阻塞（Android 版本兼容路径）
[1m[36m [→][0m payload 写入范围: [0x70fe7ef000,0x70fe7effd0) len=4048 vma=[0x70fe698000,0x70fe7f0000) perms=r-xp page_size=0x1000
[1m[36m [→][0m payload backup: using backing file original bytes
[1m[36m [→][0m Payload 写入完成
[1m[36m [→][0m setcontext GOT 已替换: 0x70f4ac75f8
[1m[32m [✓][0m Zymbiote 注入成功: zygote64 (pid=882)
[1m[36m [→][0m 主进程解析: com.ss.android.ugc.aweme 使用默认包进程
[1m[34m [*][0m 正在启动应用 com.ss.android.ugc.aweme...
[1m[36m [→][0m 正在停止应用 com.ss.android.ugc.aweme...
[1m[36m [→][0m Launch activity: com.ss.android.ugc.aweme/.splash.SplashActivity
[1m[34m [*][0m 等待进程 com.ss.android.ugc.aweme 启动... (最长 20s)
[1m[36m [→][0m Zymbiote hello: pid=10559, ppid=882, package=com.ss.android.ugc.aweme
[1m[32m [✓][0m 收到 spawn hello: pid=10559, ppid=882, package=com.ss.android.ugc.aweme
[1m[34m [*][0m 正在向子进程 10559 注入 agent...
[1m[34m [*][0m 正在附加到进程 PID: 10559 (Frida-style bootstrapper)
[1m[32m [✓][0m 成功附加到进程 10559，等待 SIGSTOP...
[1m[32m [✓][0m 进程已停止，可以操作寄存器
[1m[36m [→][0m stop-the-world: 已暂停 0 个其他线程
[1m[36m [→][0m code-swap 区域: 0x71181ae000 (9779 bytes)
[1m[36m [→][0m bootstrapper Phase 1: mmap 分配...
[1m[36m [→][0m bootstrapper 分配 RWX 区域: 0x71168f0000 (32768 bytes)
[1m[36m [→][0m code-swap 区域已恢复
[1m[36m [→][0m bootstrapper 写入完成 (9779 bytes)
[1m[36m [→][0m 调用 bootstrapper Phase 2...
[1m[32m [✓][0m bootstrapper 完成: libc API 已解析
[1m[36m [→][0m rtld_flavor: 5
[1m[36m [→][0m platform bases: libc=0x70fb446000, linker=0x7118167000
[1m[36m [→][0m ctrlfds: [6, 79]
[1m[36m [→][0m agent linker: 自解析 ELF/重定位/外部符号，不调用 dlopen/dlsym
[1m[36m [→][0m loader thread: raw clone，不调用 libc pthread
[1m[36m [→][0m pidfd_getfd: pid=10559 target_fd=6 → host_fd=8
[1m[36m [→][0m 已提取 ctrl fd: target 6 → host 8
[1m[36m [→][0m StringTable 写入: 0x71168f42d0
[1m[36m [→][0m loader 写入完成 (14291 bytes)
[1m[36m [→][0m 调用 loader...
[1m[36m [→][0m 分离前寄存器: PC=0x70fb510ac4 SP=0x7fcb5163b0 LR=0x70fe7ef9d0 FP(x29)=0x7fcb516490 x19=0x7fcb51650c
[1m[32m [✓][0m 已分离目标进程
[1m[36m [→][0m Loader worker tid: 10575
[1m[36m [→][0m memfd SELinux label → u:object_r:tmpfs:s0:c25,c257,c512,c768
[1m[36m [→][0m agent SO fd 已发送 (3910424 bytes, padded 4100096)
[1m[36m [→][0m REPL socketpair fd 已发送
[1m[36m [→][0m Loader: link: start
[1m[36m [→][0m Loader: link: elf mapped
[1m[36m [→][0m Loader: link: load segments mapped
[1m[36m [→][0m Loader: link: dynamic parsed
[1m[36m [→][0m Loader: link: resolver built
[1m[36m [→][0m Loader: link: rela applied
[1m[36m [→][0m Loader: link: plt rela applied
[1m[36m [→][0m Loader: link: relro protected
[1m[36m [→][0m Loader: link: init done
[1m[36m [→][0m Loader: worker: agent linked
[1m[36m [→][0m Loader: worker: exports resolved
[1m[36m [→][0m Loader: worker: repl fd received
[1m[32m [✓][0m Loader: agent 加载成功
[1m[34m [*][0m 等待 agent 连接... (最长 60s)
[1m[32m [✓][0m Agent 已连接
[1m[34m [*][0m 子进程暂停中，准备加载脚本
[1m[34m [*][0m 加载脚本: /data/local/tmp/rf_baseline_noop.js
[1m[34m [*][0m 脚本发送到 raw clone TLS JS worker 执行
[1m[35m [agent][0m [JS] [rf-baseline-noop] loaded pid=10559 arch=arm64
[32m=> undefined[0m
[1m[36m [→][0m 正在恢复子进程 10559...
[1m[36m [→][0m 等待子进程 10559 关闭 socket...
[1m[36m [→][0m 等待子进程 10559 SIGSTOP...
[1m[36m [→][0m 子进程 10559 已停止
[1m[36m [→][0m 还原子进程 10559 payload at 0x70fe7ef000 (4048 bytes)
[1m[36m [→][0m 还原子进程 10559 setcontext GOT at 0x70f4ac75f8
[1m[32m [✓][0m 子进程 10559 已恢复运行
[1m[34m [*][0m RF_RESTORE_ZYGOTE_AFTER_CHILD_RESUME=1，spawn 子进程恢复后立即还原 zygote patch
[1m[34m [*][0m 正在还原 zygote 882 的 patch...
[1m[32m [✓][0m Zygote 882 patch 已还原
[1m[33m [!][0m RF_POST_RESUME_JAVA_WORKER_MODE=skip，跳过 spawn 恢复后的 Java worker 启动
  [2m输入 help 查看命令，exit 退出[0m
rustfrida> [1m[34m [*][0m 退出交互模式
[1m[34m [*][0m 已发送 shutdown，等待 agent 主动断开连接...
[1m[35m [agent][0m [agent] 收到 shutdown，开始退出清理
[1m[35m [agent][0m [agent] [quickjs] cleanup start (managed-safe unload) (+0ms, total 0ms)
[1m[35m [agent][0m [agent] [quickjs] phase1 cut_java_hooks (+0ms, total 0ms)
[1m[35m [agent][0m [agent] [quickjs] phase1 cut_native_hooks (+0ms, total 0ms)
[1m[35m [agent][0m [agent] [quickjs] phase1 cut_art_controller_routing (+0ms, total 0ms)
[1m[35m [agent][0m [JS] [drain] start, callback_in_flight=0, exec_in_flight=0
[1m[35m [agent][0m [JS] [drain] done, callback_in_flight=0, exec_in_flight=0 after 0ms (1 rounds)
[1m[35m [agent][0m [agent] [quickjs] phase2 drain_thunk_in_flight (+0ms, total 0ms)
[1m[35m [agent][0m [agent] [quickjs] phase2 stop_java_worker (+0ms, total 0ms)
[1m[35m [agent][0m [JS] [hook_engine] [oat_patch] restored 0 patches
[1m[35m [agent][0m [agent] [quickjs] phase3 cut_art_controller_walkstack_guards (+0ms, total 0ms)
[1m[35m [agent][0m [agent] [recompiler] release_all: snapshot 0 recomp range(s) for caller-side munmap (release_ok=0 fail=0)
[1m[35m [agent][0m [agent] [quickjs] phase3 release_all_recomp (+0ms, total 0ms)
[1m[35m [agent][0m [agent] [quickjs] phase3 free_art_controller_state (+0ms, total 0ms)
[1m[35m [agent][0m [agent] [quickjs] phase3 free_java_hooks (+0ms, total 0ms)
[1m[35m [agent][0m [agent] [quickjs] phase3 free_native_hooks (+0ms, total 0ms)
[1m[35m [agent][0m [agent] [quickjs] phase3 detach_jni_thread (+0ms, total 0ms)
[1m[35m [agent][0m [agent] [quickjs] phase3 cleanup_engine (+0ms, total 0ms)
[1m[35m [agent][0m [agent] [quickjs] cleanup done (managed-safe unload, executable pools retained, walkstack guards removed, total 0ms)
[1m[35m [agent][0m [agent] 退出清理完成，准备关闭 socket
[1m[36m [→][0m 注入线程候选: tid=10586 comm=FinalizerWatchd wchan=futex_wait_queue
[1m[32m [✓][0m 成功附加到进程 10586，等待 SIGSTOP...
[1m[32m [✓][0m 进程已停止，可以操作寄存器
[1m[36m [→][0m 已清理 loader stack: 0x6e2c1e6000+0x100000
[1m[36m [→][0m 已清理 loader mapping: 0x71168f0000+0x8000
