09-01 22:21:05.937  1735  4372 I ActivityManager: Force stopping com.ss.android.ugc.aweme appid=10281 user=0: from pid 20218
09-01 22:21:05.940  1735  4372 I AppsFilter: interaction: PackageSetting{63c5ba2 com.google.android.microdroid.empty_payload/10259} -> PackageSetting{b5a0233 com.ss.android.ugc.aweme/10281} BLOCKED
09-01 22:21:05.946  2370  2370 D CarrierSvcBindHelper: onHandleForceStop: [com.ss.android.ugc.aweme]
09-01 22:21:06.009  1735  3011 I ActivityTaskManager: START u0 {flg=0x10000000 cmp=com.ss.android.ugc.aweme/.splash.SplashActivity} with LAUNCH_SINGLE_TOP from uid 0 (BAL_ALLOW_ALLOWLISTED_UID) result code=0
09-01 22:21:06.009  2069  2093 V WindowManagerShell: Transition requested (#99): android.os.BinderProxy@dc34de9 TransitionRequestInfo { type = OPEN, triggerTask = TaskInfo{userId=0 taskId=311 effectiveUid=10281 displayId=0 isRunning=true baseIntent=Intent { flg=0x10000000 cmp=com.ss.android.ugc.aweme/.splash.SplashActivity } baseActivity=ComponentInfo{com.ss.android.ugc.aweme/com.ss.android.ugc.aweme.main.MainActivity} topActivity=ComponentInfo{com.ss.android.ugc.aweme/com.ss.android.ugc.aweme.main.MainActivity} origActivity=ComponentInfo{com.ss.android.ugc.aweme/com.ss.android.ugc.aweme.splash.SplashActivity} realActivity=ComponentInfo{com.ss.android.ugc.aweme/com.ss.android.ugc.aweme.main.MainActivity} numActivities=1 lastActiveTime=7003906 supportsMultiWindow=true resizeMode=2 isResizeable=true minWidth=-1 minHeight=-1 defaultMinSize=220 token=WCT{android.window.IWindowContainerToken$Stub$Proxy@91b5a6e} topActivityType=1 pictureInPictureParams=null shouldDockBigOverlays=false launchIntoPipHostTaskId=-1 lastParentTaskIdBeforePip=-1 displayCutoutSafeInsets=Rect(0, 128 - 0, 0) topActivityInfo=ActivityInfo{547350f com.ss.android.ugc.aweme.splash.SplashActivity} launchCookies=[] positionInParent=Point(0, 0) parentTaskId=-1 isFocused=false isVisible=false isVisibleRequested=false isTopActivityNoDisplay=false isSleeping=false locusId=null displayAreaFeatureId=1 isTopActivityTransparent=false isActivityStackTransparent=false lastNonFullscreenBounds=Rect(276, 692 - 804, 1772) capturedLink=null capturedLinkTimestamp=0 requestedVisibleTypes=-9 topActivityRequestOpenInBrowserEducationTimestamp=0 appCompatTaskInfo=AppCompatTaskInfo { topActivityInSizeCompat=false eligibleForLetterboxEducation= false isLetterboxEducationEnabled= false isLetterboxDoubleTapEnabled= false eligibleForUserAspectRatioButton= false topActivityBoundsLetterboxed= false isFromLetterboxDoubleTap= false topActivityLetterboxVerticalPosition= -1 topActivityLetterboxHorizontalPosition= -1 topActivityLetterboxWidth=-1 topActivityLetterboxHeight=-1 topActivityLetterboxAppWidth=-1 topActivityLetterboxAppHeight=-1 isUserFullscreenOverrideEnabled=false isSystemFullscreenOverrideEnabled=false hasMinAspectRatioOverride=false topActivityLetterboxBounds=null cameraCompatTaskInfo=CameraCompatTaskInfo { freeformCameraCompatMode=inactive}} topActivityMainWindowFrame=null}, pipChange = null, remoteTransition = null, displayChange = null, flags = 0, debugId = 99 }
09-01 22:21:06.015  1735  1872 I AppsFilter: interaction: PackageSetting{63c5ba2 com.google.android.microdroid.empty_payload/10259} -> PackageSetting{27bfc98 com.ss.android.ugc.aweme/10281} BLOCKED
09-01 22:21:06.027  1735  1872 D CoreBackPreview: Window{e804a44 u0 Splash Screen com.ss.android.ugc.aweme}: Setting back callback OnBackInvokedCallbackInfo{mCallback=android.window.IOnBackInvokedCallback$Stub$Proxy@149546b, mPriority=0, mIsAnimationCallback=false, mOverrideBehavior=0}
09-01 22:21:06.029  1735  1803 I ActivityManager: Start proc 20228:com.ss.android.ugc.aweme/u0a281 for next-top-activity {com.ss.android.ugc.aweme/com.ss.android.ugc.aweme.splash.SplashActivity}
09-01 22:21:06.033  1735  1791 V WindowManager: Sent Transition (#99) createdAt=09-01 22:21:05.998 via request=TransitionRequestInfo { type = OPEN, triggerTask = TaskInfo{userId=0 taskId=311 effectiveUid=10281 displayId=0 isRunning=true baseIntent=Intent { flg=0x10000000 cmp=com.ss.android.ugc.aweme/.splash.SplashActivity } baseActivity=ComponentInfo{com.ss.android.ugc.aweme/com.ss.android.ugc.aweme.main.MainActivity} topActivity=ComponentInfo{com.ss.android.ugc.aweme/com.ss.android.ugc.aweme.main.MainActivity} origActivity=ComponentInfo{com.ss.android.ugc.aweme/com.ss.android.ugc.aweme.splash.SplashActivity} realActivity=ComponentInfo{com.ss.android.ugc.aweme/com.ss.android.ugc.aweme.main.MainActivity} numActivities=1 lastActiveTime=7003906 supportsMultiWindow=true resizeMode=2 isResizeable=true minWidth=-1 minHeight=-1 defaultMinSize=220 token=WCT{RemoteToken{b16959d Task{d7371ac #311 type=standard A=10281:com.ss.android.ugc.aweme}}} topActivityType=1 pictureInPictureParams=null shouldDockBigOverlays=false launchIntoPipHostTaskId=-1 lastParentTaskIdBeforePip=-1 displayCutoutSafeInsets=Rect(0, 128 - 0, 0) topActivityInfo=ActivityInfo{ea1ba12 com.ss.android.ugc.aweme.splash.SplashActivity} launchCookies=[] positionInParent=Point(0, 0) parentTaskId=-1 isFocused=false isVisible=false isVisibleRequested=false isTopActivityNoDisplay=false isSleeping=false locusId=null displayAreaFeatureId=1 isTopActivityTransparent=false isActivityStackTransparent=false lastNonFullscreenBounds=Rect(276, 692 - 804, 1772) capturedLink=null capturedLinkTimestamp=0 requestedVisibleTypes=-9 topActivityRequestOpenInBrowserEducationTimestamp=0 appCompatTaskInfo=AppCompatTaskInfo { topActivityInSizeCompat=false eligibleForLetterboxEducation= false isLetterboxEducationEnabled= false isLetterboxDoubleTapEnabled= false eligibleForUserAspectRatioButton= false topActivityBoundsLetterboxed= false isFromLetterboxDoubleTap= false topActivityLetterboxVerticalPosition= -1 topActivityLetterboxHorizontalPosition= -1 topActivityLetterboxWidth=-1 topActivityLetterboxHeight=-1 topActivityLetterboxAppWidth=-1 topActivityLetterboxAppHeight=-1 isUserFullscreenOverrideEnabled=false isSystemFullscreenOverrideEnabled=false hasMinAspectRatioOverride=false topActivityLetterboxBounds=null cameraCompatTaskInfo=CameraCompatTaskInfo { freeformCameraCompatMode=inactive}} topActivityMainWindowFrame=null}, pipChange = null, remoteTransition = null, displayChange = null, flags = 0, debugId = 99 }
09-01 22:21:06.033  1735  1791 V WindowManager:         {WCT{RemoteToken{b16959d Task{d7371ac #311 type=standard A=10281:com.ss.android.ugc.aweme}}} m=OPEN f=NONE leash=Surface(name=Task=311)/@0x96e1461 sb=Rect(0, 0 - 1080, 2400) eb=Rect(0, 0 - 1080, 2400) epz=Point(1080, 2400) d=0 taskParent=-1},
09-01 22:21:06.127 20228 20228 D nativeloader: Configuring clns-7 for other apk /data/app/~~na7dq0QJPM3TlOgWfFFaKg==/com.ss.android.ugc.aweme-sWxsoc19sPwX3CppMH73Qg==/base.apk. target_sdk_version=34, uses_libraries=libOpenCL.so:libOpenCL-pixel.so, library_path=/data/app/~~na7dq0QJPM3TlOgWfFFaKg==/com.ss.android.ugc.aweme-sWxsoc19sPwX3CppMH73Qg==/lib/arm64:/data/app/~~na7dq0QJPM3TlOgWfFFaKg==/com.ss.android.ugc.aweme-sWxsoc19sPwX3CppMH73Qg==/base.apk!/lib/arm64-v8a, permitted_path=/data:/mnt/expand:/data/user/0/com.ss.android.ugc.aweme
09-01 22:21:06.135 20228 20228 V GraphicsEnvironment: com.ss.android.ugc.aweme is not listed in per-application setting
09-01 22:21:06.140 20228 20228 D nativeloader: Load /data/app/~~na7dq0QJPM3TlOgWfFFaKg==/com.ss.android.ugc.aweme-sWxsoc19sPwX3CppMH73Qg==/lib/arm64/libjato.so using ns clns-7 from class loader (caller=/data/app/~~na7dq0QJPM3TlOgWfFFaKg==/com.ss.android.ugc.aweme-sWxsoc19sPwX3CppMH73Qg==/base.apk!classes4.dex): ok
09-01 22:21:06.151 20228 20228 D nativeloader: Load /data/app/~~na7dq0QJPM3TlOgWfFFaKg==/com.ss.android.ugc.aweme-sWxsoc19sPwX3CppMH73Qg==/lib/arm64/libc++_shared.so using ns clns-7 from class loader (caller=/data/app/~~na7dq0QJPM3TlOgWfFFaKg==/com.ss.android.ugc.aweme-sWxsoc19sPwX3CppMH73Qg==/base.apk!classes16.dex): ok
09-01 22:21:06.152 20228 20228 D nativeloader: Load /data/app/~~na7dq0QJPM3TlOgWfFFaKg==/com.ss.android.ugc.aweme-sWxsoc19sPwX3CppMH73Qg==/lib/arm64/libkeva.so using ns clns-7 from class loader (caller=/data/app/~~na7dq0QJPM3TlOgWfFFaKg==/com.ss.android.ugc.aweme-sWxsoc19sPwX3CppMH73Qg==/base.apk!classes16.dex): ok
09-01 22:21:06.166 20228 20228 D nativeloader: Load /data/app/~~na7dq0QJPM3TlOgWfFFaKg==/com.ss.android.ugc.aweme-sWxsoc19sPwX3CppMH73Qg==/lib/arm64/libflipped.so using ns clns-7 from class loader (caller=/data/app/~~na7dq0QJPM3TlOgWfFFaKg==/com.ss.android.ugc.aweme-sWxsoc19sPwX3CppMH73Qg==/base.apk!classes16.dex): ok
09-01 22:21:06.171 20228 20228 I System.out: ApplicationExitInfo(timestamp=2026/9/1 22:21 pid=19792 realUid=10281 packageUid=10281 definingUid=10281 user=0 process=com.ss.android.ugc.aweme reason=10 (USER REQUESTED) subreason=21 (FORCE STOP) status=0 importance=100 pss=0.00 rss=0.00 description=stop com.ss.android.ugc.aweme due to from pid 20185 state=empty trace=null timestamp=2026-09-01 22:21:04.573
09-01 22:21:06.174 20228 20228 D nativeloader: Load /data/app/~~na7dq0QJPM3TlOgWfFFaKg==/com.ss.android.ugc.aweme-sWxsoc19sPwX3CppMH73Qg==/lib/arm64/libsonicjson.so using ns clns-7 from class loader (caller=/data/app/~~na7dq0QJPM3TlOgWfFFaKg==/com.ss.android.ugc.aweme-sWxsoc19sPwX3CppMH73Qg==/base.apk!classes16.dex): ok
09-01 22:21:06.178 20228 20307 D nativeloader: Load /data/app/~~na7dq0QJPM3TlOgWfFFaKg==/com.ss.android.ugc.aweme-sWxsoc19sPwX3CppMH73Qg==/lib/arm64/libwatson.so using ns clns-7 from class loader (caller=/data/app/~~na7dq0QJPM3TlOgWfFFaKg==/com.ss.android.ugc.aweme-sWxsoc19sPwX3CppMH73Qg==/base.apk!classes16.dex): ok
09-01 22:21:06.186 20228 20277 D nativeloader: Load /data/app/~~na7dq0QJPM3TlOgWfFFaKg==/com.ss.android.ugc.aweme-sWxsoc19sPwX3CppMH73Qg==/lib/arm64/libbytehook.so using ns clns-7 from class loader (caller=/data/app/~~na7dq0QJPM3TlOgWfFFaKg==/com.ss.android.ugc.aweme-sWxsoc19sPwX3CppMH73Qg==/base.apk!classes16.dex): ok
09-01 22:21:06.207 20228 20263 D nativeloader: Load /data/app/~~na7dq0QJPM3TlOgWfFFaKg==/com.ss.android.ugc.aweme-sWxsoc19sPwX3CppMH73Qg==/lib/arm64/libmonitorcollector-lib.so using ns clns-7 from class loader (caller=/data/app/~~na7dq0QJPM3TlOgWfFFaKg==/com.ss.android.ugc.aweme-sWxsoc19sPwX3CppMH73Qg==/base.apk!classes16.dex): ok
09-01 22:21:06.215 20228 20293 D nativeloader: Load /data/app/~~na7dq0QJPM3TlOgWfFFaKg==/com.ss.android.ugc.aweme-sWxsoc19sPwX3CppMH73Qg==/lib/arm64/libsscronet.so using ns clns-7 from class loader (caller=/data/app/~~na7dq0QJPM3TlOgWfFFaKg==/com.ss.android.ugc.aweme-sWxsoc19sPwX3CppMH73Qg==/base.apk!classes16.dex): ok
09-01 22:21:06.235 20228 20293 D nativeloader: Load /data/app/~~na7dq0QJPM3TlOgWfFFaKg==/com.ss.android.ugc.aweme-sWxsoc19sPwX3CppMH73Qg==/lib/arm64/libmetasec_ml.so using ns clns-7 from class loader (caller=/data/app/~~na7dq0QJPM3TlOgWfFFaKg==/com.ss.android.ugc.aweme-sWxsoc19sPwX3CppMH73Qg==/base.apk!classes16.dex): ok
09-01 22:21:06.241 20228 20278 D nativeloader: Load /data/app/~~na7dq0QJPM3TlOgWfFFaKg==/com.ss.android.ugc.aweme-sWxsoc19sPwX3CppMH73Qg==/lib/arm64/libsoloader.so using ns clns-7 from class loader (caller=/data/app/~~na7dq0QJPM3TlOgWfFFaKg==/com.ss.android.ugc.aweme-sWxsoc19sPwX3CppMH73Qg==/base.apk!classes16.dex): ok
09-01 22:21:06.270  1735  4372 D ConnectivityService: requestNetwork for uid/pid:10281/20228 activeRequest: null callbackRequest: 775 [NetworkRequest [ REQUEST id=776, [ Capabilities: INTERNET&NOT_RESTRICTED&TRUSTED&NOT_VCN_MANAGED&NOT_BANDWIDTH_CONSTRAINED Uid: 10281 RequestorUid: 10281 RequestorPkg: com.ss.android.ugc.aweme UnderlyingNetworks: Null] ]] callback flags: 0 order: 2147483647 isUidTracked: false declaredMethods: AVAIL|LOST|NC|LP
09-01 22:21:06.272  1735  1952 D OemPaidWifiNetworkFactory: got request NetworkRequest [ REQUEST id=776, [ Capabilities: INTERNET&NOT_RESTRICTED&TRUSTED&NOT_VCN_MANAGED&NOT_BANDWIDTH_CONSTRAINED Uid: 10281 RequestorUid: 10281 RequestorPkg: com.ss.android.ugc.aweme UnderlyingNetworks: Null] ]
09-01 22:21:06.272  1735  1952 D MultiInternetWifiNetworkFactory: got request NetworkRequest [ REQUEST id=776, [ Capabilities: INTERNET&NOT_RESTRICTED&TRUSTED&NOT_VCN_MANAGED&NOT_BANDWIDTH_CONSTRAINED Uid: 10281 RequestorUid: 10281 RequestorPkg: com.ss.android.ugc.aweme UnderlyingNetworks: Null] ]
09-01 22:21:06.274  1735  1952 D WifiNetworkFactory: got request NetworkRequest [ REQUEST id=776, [ Capabilities: INTERNET&NOT_RESTRICTED&TRUSTED&NOT_VCN_MANAGED&NOT_BANDWIDTH_CONSTRAINED Uid: 10281 RequestorUid: 10281 RequestorPkg: com.ss.android.ugc.aweme UnderlyingNetworks: Null] ]
09-01 22:21:06.274  1735  1952 D UntrustedWifiNetworkFactory: got request NetworkRequest [ REQUEST id=776, [ Capabilities: INTERNET&NOT_RESTRICTED&TRUSTED&NOT_VCN_MANAGED&NOT_BANDWIDTH_CONSTRAINED Uid: 10281 RequestorUid: 10281 RequestorPkg: com.ss.android.ugc.aweme UnderlyingNetworks: Null] ]
09-01 22:21:06.298 20228 20295 D nativeloader: Load /data/app/~~na7dq0QJPM3TlOgWfFFaKg==/com.ss.android.ugc.aweme-sWxsoc19sPwX3CppMH73Qg==/lib/arm64/libalog.so using ns clns-7 from class loader (caller=/data/app/~~na7dq0QJPM3TlOgWfFFaKg==/com.ss.android.ugc.aweme-sWxsoc19sPwX3CppMH73Qg==/base.apk!classes16.dex): ok
09-01 22:21:06.299 20228 20286 D nativeloader: Load /data/app/~~na7dq0QJPM3TlOgWfFFaKg==/com.ss.android.ugc.aweme-sWxsoc19sPwX3CppMH73Qg==/lib/arm64/libbdzstd.so using ns clns-7 from class loader (caller=/data/app/~~na7dq0QJPM3TlOgWfFFaKg==/com.ss.android.ugc.aweme-sWxsoc19sPwX3CppMH73Qg==/base.apk!classes16.dex): ok
09-01 22:21:06.301 20228 20263 D nativeloader: Load /data/app/~~na7dq0QJPM3TlOgWfFFaKg==/com.ss.android.ugc.aweme-sWxsoc19sPwX3CppMH73Qg==/lib/arm64/libsysoptimizer.so using ns clns-7 from class loader (caller=/data/app/~~na7dq0QJPM3TlOgWfFFaKg==/com.ss.android.ugc.aweme-sWxsoc19sPwX3CppMH73Qg==/base.apk!classes16.dex): ok
09-01 22:21:06.308 20228 20352 D nativeloader: Load /data/app/~~na7dq0QJPM3TlOgWfFFaKg==/com.ss.android.ugc.aweme-sWxsoc19sPwX3CppMH73Qg==/lib/arm64/libhelios_bm.so using ns clns-7 from class loader (caller=/data/app/~~na7dq0QJPM3TlOgWfFFaKg==/com.ss.android.ugc.aweme-sWxsoc19sPwX3CppMH73Qg==/base.apk!classes16.dex): ok
09-01 22:21:06.329 20228 20283 D nativeloader: Load /data/app/~~na7dq0QJPM3TlOgWfFFaKg==/com.ss.android.ugc.aweme-sWxsoc19sPwX3CppMH73Qg==/lib/arm64/libnative_log.so using ns clns-7 from class loader (caller=/data/app/~~na7dq0QJPM3TlOgWfFFaKg==/com.ss.android.ugc.aweme-sWxsoc19sPwX3CppMH73Qg==/base.apk!classes16.dex): ok
09-01 22:21:06.330 20228 20283 D nativeloader: Load /data/app/~~na7dq0QJPM3TlOgWfFFaKg==/com.ss.android.ugc.aweme-sWxsoc19sPwX3CppMH73Qg==/lib/arm64/libbdsword.so using ns clns-7 from class loader (caller=/data/app/~~na7dq0QJPM3TlOgWfFFaKg==/com.ss.android.ugc.aweme-sWxsoc19sPwX3CppMH73Qg==/base.apk!classes16.dex): ok
09-01 22:21:06.345 20228 20266 D nativeloader: Load /data/app/~~na7dq0QJPM3TlOgWfFFaKg==/com.ss.android.ugc.aweme-sWxsoc19sPwX3CppMH73Qg==/lib/arm64/libshadowhook.so using ns clns-7 from class loader (caller=/data/app/~~na7dq0QJPM3TlOgWfFFaKg==/com.ss.android.ugc.aweme-sWxsoc19sPwX3CppMH73Qg==/base.apk!classes16.dex): ok
09-01 22:21:06.340 20228 20228 W -IOThreadPool-1: type=1400 audit(0.0:6730): avc:  denied  { read } for  name="u:object_r:userdebug_or_eng_prop:s0" dev="tmpfs" ino=396 scontext=u:r:untrusted_app:s0:c25,c257,c512,c768 tcontext=u:object_r:userdebug_or_eng_prop:s0 tclass=file permissive=0 bug=b/305600845 app=com.ss.android.ugc.aweme
09-01 22:21:06.366 20228 20334 D vulkan  : searching for layers in '/data/app/~~na7dq0QJPM3TlOgWfFFaKg==/com.ss.android.ugc.aweme-sWxsoc19sPwX3CppMH73Qg==/lib/arm64'
09-01 22:21:06.375 20228 20334 D vulkan  : searching for layers in '/data/app/~~na7dq0QJPM3TlOgWfFFaKg==/com.ss.android.ugc.aweme-sWxsoc19sPwX3CppMH73Qg==/base.apk!/lib/arm64-v8a'
09-01 22:21:06.382 20228 20266 D nativeloader: Load /data/app/~~na7dq0QJPM3TlOgWfFFaKg==/com.ss.android.ugc.aweme-sWxsoc19sPwX3CppMH73Qg==/lib/arm64/libnpth.so using ns clns-7 from class loader (caller=/data/app/~~na7dq0QJPM3TlOgWfFFaKg==/com.ss.android.ugc.aweme-sWxsoc19sPwX3CppMH73Qg==/base.apk!classes16.dex): ok
09-01 22:21:06.383 20228 20306 D nativeloader: Configuring clns-10 for other apk . target_sdk_version=34, uses_libraries=ALL, library_path=/data/user/0/com.ss.android.ugc.aweme/files/plugins/com.ss.android.ugc.aweme.videocache_v2/version-35109037/lib, permitted_path=/data:/mnt/expand
09-01 22:21:06.406 20228 20266 D nativeloader: Load /data/app/~~na7dq0QJPM3TlOgWfFFaKg==/com.ss.android.ugc.aweme-sWxsoc19sPwX3CppMH73Qg==/lib/arm64/libttcrypto.so using ns clns-7 from class loader (caller=/data/app/~~na7dq0QJPM3TlOgWfFFaKg==/com.ss.android.ugc.aweme-sWxsoc19sPwX3CppMH73Qg==/base.apk!classes16.dex): ok
09-01 22:21:06.411 20228 20266 D nativeloader: Load /data/app/~~na7dq0QJPM3TlOgWfFFaKg==/com.ss.android.ugc.aweme-sWxsoc19sPwX3CppMH73Qg==/lib/arm64/libttboringssl.so using ns clns-7 from class loader (caller=/data/app/~~na7dq0QJPM3TlOgWfFFaKg==/com.ss.android.ugc.aweme-sWxsoc19sPwX3CppMH73Qg==/base.apk!classes16.dex): ok
09-01 22:21:06.435 20228 20266 D nativeloader: Load /data/app/~~na7dq0QJPM3TlOgWfFFaKg==/com.ss.android.ugc.aweme-sWxsoc19sPwX3CppMH73Qg==/lib/arm64/libwcdb2.so using ns clns-7 from class loader (caller=/data/app/~~na7dq0QJPM3TlOgWfFFaKg==/com.ss.android.ugc.aweme-sWxsoc19sPwX3CppMH73Qg==/base.apk!classes16.dex): ok
09-01 22:21:06.436 20228 20228 W #TransmitThread: type=1400 audit(0.0:6731): avc:  denied  { getattr } for  path="/data/media" dev="dm-56" ino=137 scontext=u:r:untrusted_app:s0:c25,c257,c512,c768 tcontext=u:object_r:media_userdir_file:s0 tclass=dir permissive=0 app=com.ss.android.ugc.aweme
09-01 22:21:06.443 20228 20408 D nativeloader: Load /data/app/~~na7dq0QJPM3TlOgWfFFaKg==/com.ss.android.ugc.aweme-sWxsoc19sPwX3CppMH73Qg==/lib/arm64/libvcbasekit.so using ns clns-7 from class loader (caller=/data/app/~~na7dq0QJPM3TlOgWfFFaKg==/com.ss.android.ugc.aweme-sWxsoc19sPwX3CppMH73Qg==/base.apk!classes16.dex): ok
09-01 22:21:06.456 20228 20408 D nativeloader: Load /data/app/~~na7dq0QJPM3TlOgWfFFaKg==/com.ss.android.ugc.aweme-sWxsoc19sPwX3CppMH73Qg==/lib/arm64/libvcn.so using ns clns-7 from class loader (caller=/data/app/~~na7dq0QJPM3TlOgWfFFaKg==/com.ss.android.ugc.aweme-sWxsoc19sPwX3CppMH73Qg==/base.apk!classes16.dex): ok
09-01 22:21:06.456 20228 20408 D nativeloader: Load /data/app/~~na7dq0QJPM3TlOgWfFFaKg==/com.ss.android.ugc.aweme-sWxsoc19sPwX3CppMH73Qg==/lib/arm64/libvcnverify.so using ns clns-7 from class loader (caller=/data/app/~~na7dq0QJPM3TlOgWfFFaKg==/com.ss.android.ugc.aweme-sWxsoc19sPwX3CppMH73Qg==/base.apk!classes16.dex): ok
09-01 22:21:06.462 20228 20408 D nativeloader: Load /data/app/~~na7dq0QJPM3TlOgWfFFaKg==/com.ss.android.ugc.aweme-sWxsoc19sPwX3CppMH73Qg==/lib/arm64/libavmdlbase.so using ns clns-7 from class loader (caller=/data/app/~~na7dq0QJPM3TlOgWfFFaKg==/com.ss.android.ugc.aweme-sWxsoc19sPwX3CppMH73Qg==/base.apk!classes16.dex): ok
09-01 22:21:06.473 20228 20408 D nativeloader: Load /data/app/~~na7dq0QJPM3TlOgWfFFaKg==/com.ss.android.ugc.aweme-sWxsoc19sPwX3CppMH73Qg==/lib/arm64/libavmdlv2.so using ns clns-7 from class loader (caller=/data/app/~~na7dq0QJPM3TlOgWfFFaKg==/com.ss.android.ugc.aweme-sWxsoc19sPwX3CppMH73Qg==/base.apk!classes16.dex): ok
09-01 22:21:06.488 20228 20228 W PlayerCommon: type=1400 audit(0.0:6732): avc:  granted  { execute } for  path="/data/data/com.ss.android.ugc.aweme/files/plugins/com.ss.android.ugc.aweme.videocache_v2/version-35109037/lib/libmdlttquicheloader.so" dev="dm-56" ino=60430 scontext=u:r:untrusted_app:s0:c25,c257,c512,c768 tcontext=u:object_r:app_data_file:s0:c25,c257,c512,c768 tclass=file app=com.ss.android.ugc.aweme
09-01 22:21:06.493 20228 20408 D nativeloader: Load /data/user/0/com.ss.android.ugc.aweme/files/plugins/com.ss.android.ugc.aweme.videocache_v2/version-35109037/lib/libmdlttquicheloader.so using ns clns-10 from class loader (caller=<unknown>): ok
09-01 22:21:06.495 20228 20263 D nativeloader: Load /data/app/~~na7dq0QJPM3TlOgWfFFaKg==/com.ss.android.ugc.aweme-sWxsoc19sPwX3CppMH73Qg==/lib/arm64/libzaid.so using ns clns-7 from class loader (caller=/data/app/~~na7dq0QJPM3TlOgWfFFaKg==/com.ss.android.ugc.aweme-sWxsoc19sPwX3CppMH73Qg==/base.apk!classes16.dex): ok
09-01 22:21:06.492 20228 20228 W #tp-default-12: type=1400 audit(0.0:6733): avc:  denied  { getattr } for  path="/data/media" dev="dm-56" ino=137 scontext=u:r:untrusted_app:s0:c25,c257,c512,c768 tcontext=u:object_r:media_userdir_file:s0 tclass=dir permissive=0 app=com.ss.android.ugc.aweme
09-01 22:21:06.503 20228 20408 D nativeloader: Load /data/app/~~na7dq0QJPM3TlOgWfFFaKg==/com.ss.android.ugc.aweme-sWxsoc19sPwX3CppMH73Qg==/lib/arm64/libpreload.so using ns clns-7 from class loader (caller=/data/app/~~na7dq0QJPM3TlOgWfFFaKg==/com.ss.android.ugc.aweme-sWxsoc19sPwX3CppMH73Qg==/base.apk!classes16.dex): ok
09-01 22:21:06.511 20228 20408 D nativeloader: Load /data/app/~~na7dq0QJPM3TlOgWfFFaKg==/com.ss.android.ugc.aweme-sWxsoc19sPwX3CppMH73Qg==/lib/arm64/libByteVC1_dec.so using ns clns-7 from class loader (caller=/data/app/~~na7dq0QJPM3TlOgWfFFaKg==/com.ss.android.ugc.aweme-sWxsoc19sPwX3CppMH73Qg==/base.apk!classes16.dex): ok
09-01 22:21:06.512 20228 20408 D nativeloader: Load /data/app/~~na7dq0QJPM3TlOgWfFFaKg==/com.ss.android.ugc.aweme-sWxsoc19sPwX3CppMH73Qg==/lib/arm64/libbyteVC2dec.so using ns clns-7 from class loader (caller=/data/app/~~na7dq0QJPM3TlOgWfFFaKg==/com.ss.android.ugc.aweme-sWxsoc19sPwX3CppMH73Qg==/base.apk!classes16.dex): ok
09-01 22:21:06.512 20228 20408 D nativeloader: Load /data/app/~~na7dq0QJPM3TlOgWfFFaKg==/com.ss.android.ugc.aweme-sWxsoc19sPwX3CppMH73Qg==/lib/arm64/libttffmpeg.so using ns clns-7 from class loader (caller=/data/app/~~na7dq0QJPM3TlOgWfFFaKg==/com.ss.android.ugc.aweme-sWxsoc19sPwX3CppMH73Qg==/base.apk!classes16.dex): ok
09-01 22:21:06.514 20228 20408 D nativeloader: Load /data/app/~~na7dq0QJPM3TlOgWfFFaKg==/com.ss.android.ugc.aweme-sWxsoc19sPwX3CppMH73Qg==/lib/arm64/libttmplayer.so using ns clns-7 from class loader (caller=/data/app/~~na7dq0QJPM3TlOgWfFFaKg==/com.ss.android.ugc.aweme-sWxsoc19sPwX3CppMH73Qg==/base.apk!classes16.dex): ok
09-01 22:21:06.520 20228 20408 D nativeloader: Load /data/app/~~na7dq0QJPM3TlOgWfFFaKg==/com.ss.android.ugc.aweme-sWxsoc19sPwX3CppMH73Qg==/lib/arm64/libttmpaflns.so using ns clns-7 from class loader (caller=/data/app/~~na7dq0QJPM3TlOgWfFFaKg==/com.ss.android.ugc.aweme-sWxsoc19sPwX3CppMH73Qg==/base.apk!classes16.dex): ok
09-01 22:21:06.521  1735  1872 D ConnectivityService: requestNetwork for uid/pid:10281/20228 activeRequest: null callbackRequest: 778 [NetworkRequest [ REQUEST id=778, [ Transports: CELLULAR Capabilities: INTERNET&NOT_RESTRICTED&TRUSTED&NOT_VPN&NOT_VCN_MANAGED&NOT_BANDWIDTH_CONSTRAINED Forbidden: LOCAL_NETWORK Uid: 10281 RequestorUid: 10281 RequestorPkg: com.ss.android.ugc.aweme UnderlyingNetworks: Null] ]] callback flags: 0 order: 2147483647 isUidTracked: false declaredMethods: AVAIL|LOST
09-01 22:21:06.524 20228 20408 D nativeloader: Load libttmpaflna.so using ns clns-7 from class loader (caller=/data/app/~~na7dq0QJPM3TlOgWfFFaKg==/com.ss.android.ugc.aweme-sWxsoc19sPwX3CppMH73Qg==/base.apk!classes16.dex): dlopen failed: library "libttmpaflna.so" not found
09-01 22:21:06.520 20228 20228 W #tp-default-275: type=1400 audit(0.0:6734): avc:  denied  { read } for  name="u:object_r:qemu_hw_prop:s0" dev="tmpfs" ino=323 scontext=u:r:untrusted_app:s0:c25,c257,c512,c768 tcontext=u:object_r:qemu_hw_prop:s0 tclass=file permissive=0 app=com.ss.android.ugc.aweme
09-01 22:21:06.525 20228 20408 D nativeloader: Load /data/app/~~na7dq0QJPM3TlOgWfFFaKg==/com.ss.android.ugc.aweme-sWxsoc19sPwX3CppMH73Qg==/lib/arm64/libttmaudioprocess.so using ns clns-7 from class loader (caller=/data/app/~~na7dq0QJPM3TlOgWfFFaKg==/com.ss.android.ugc.aweme-sWxsoc19sPwX3CppMH73Qg==/base.apk!classes16.dex): ok
09-01 22:21:06.528  1735  3694 D ConnectivityService: requestNetwork for uid/pid:10281/20228 activeRequest: null callbackRequest: 779 [NetworkRequest [ REQUEST id=779, [ Transports: CELLULAR Capabilities: INTERNET&NOT_RESTRICTED&TRUSTED&NOT_VPN&NOT_VCN_MANAGED&NOT_BANDWIDTH_CONSTRAINED Forbidden: LOCAL_NETWORK Uid: 10281 RequestorUid: 10281 RequestorPkg: com.ss.android.ugc.aweme UnderlyingNetworks: Null] ]] callback flags: 0 order: 2147483647 isUidTracked: false declaredMethods: AVAIL
09-01 22:21:06.536  1735  3694 D CoreBackPreview: Window{66ff1e2 u0 com.ss.android.ugc.aweme/com.ss.android.ugc.aweme.splash.SplashActivity}: Setting back callback OnBackInvokedCallbackInfo{mCallback=android.window.IOnBackInvokedCallback$Stub$Proxy@284791d, mPriority=0, mIsAnimationCallback=false, mOverrideBehavior=0}
09-01 22:21:06.538 20228 20276 D nativeloader: Load /data/app/~~na7dq0QJPM3TlOgWfFFaKg==/com.ss.android.ugc.aweme-sWxsoc19sPwX3CppMH73Qg==/lib/arm64/libEncryptor.so using ns clns-7 from class loader (caller=/data/app/~~na7dq0QJPM3TlOgWfFFaKg==/com.ss.android.ugc.aweme-sWxsoc19sPwX3CppMH73Qg==/base.apk!classes16.dex): ok
09-01 22:21:06.538  1735  1966 D ConnectivityService: releasing NetworkRequest [ REQUEST id=778, [ Transports: CELLULAR Capabilities: INTERNET&NOT_RESTRICTED&TRUSTED&NOT_VPN&NOT_VCN_MANAGED&NOT_BANDWIDTH_CONSTRAINED Forbidden: LOCAL_NETWORK Uid: 10281 RequestorUid: 10281 RequestorPkg: com.ss.android.ugc.aweme UnderlyingNetworks: Null] ] (release request)
09-01 22:21:06.574 20228 20263 D nativeloader: Load /data/app/~~na7dq0QJPM3TlOgWfFFaKg==/com.ss.android.ugc.aweme-sWxsoc19sPwX3CppMH73Qg==/lib/arm64/libdelta.so using ns clns-7 from class loader (caller=/data/app/~~na7dq0QJPM3TlOgWfFFaKg==/com.ss.android.ugc.aweme-sWxsoc19sPwX3CppMH73Qg==/base.apk!classes16.dex): ok
09-01 22:21:06.641  1735  1791 I ActivityTaskManager: Displayed com.ss.android.ugc.aweme/.splash.SplashActivity for user 0: +631ms
09-01 22:21:06.672 20228 20228 W Resources: Drawable com.ss.android.ugc.aweme:drawable/_ has unresolved theme attributes! Consider using Resources.getDrawable(int, Theme) or Context.getDrawable(int).
09-01 22:21:06.672 20228 20228 W Resources: 	at com.GlobalProxyLancet.com_ss_android_ugc_aweme_lancet_ViewInflateLancet_inflate(SourceFile:67502135)
09-01 22:21:06.672 20228 20228 W Resources: 	at com.ss.android.ugc.aweme.common.widget.VerticalViewPager.onMeasure(SourceFile:33947892)
09-01 22:21:06.672 20228 20228 W Resources: 	at com.ss.android.ugc.aweme.views.DoubleBallSwipeRefreshLayout.onMeasure(SourceFile:33882165)
09-01 22:21:06.672 20228 20228 W Resources: 	at com.ss.android.ugc.aweme.feed.ui.LayoutCheckRefreshLayout.onMeasure(SourceFile:33619968)
09-01 22:21:06.672 20228 20228 W Resources: 	at com.ss.android.ugc.aweme.feed.ui.LayoutCheckFrameLayout.onMeasure(SourceFile:33619968)
09-01 22:21:06.672 20228 20228 W Resources: 	at com.ss.android.ugc.aweme.feed.ui.CustomViewPager.onMeasure(SourceFile:33947887)
09-01 22:21:06.672 20228 20228 W Resources: 	at com.ss.android.ugc.aweme.base.opensourcemodified.android.support.v4.widget.SwipeRefreshLayout.onMeasure(SourceFile:33882165)
09-01 22:21:06.672 20228 20228 W Resources: 	at com.ss.android.ugc.aweme.viewopt.SurfaceOptimizeFrameLayout.onMeasure(SourceFile:33816626)
09-01 22:21:06.678 20228 20228 W Resources: Drawable com.ss.android.ugc.aweme:drawable/_ has unresolved theme attributes! Consider using Resources.getDrawable(int, Theme) or Context.getDrawable(int).
09-01 22:21:06.678 20228 20228 W Resources: 	at com.GlobalProxyLancet.com_ss_android_ugc_aweme_lancet_ViewInflateLancet_inflate(SourceFile:67502135)
09-01 22:21:06.678 20228 20228 W Resources: 	at com.ss.android.ugc.aweme.common.widget.VerticalViewPager.onMeasure(SourceFile:33947892)
09-01 22:21:06.678 20228 20228 W Resources: 	at com.ss.android.ugc.aweme.views.DoubleBallSwipeRefreshLayout.onMeasure(SourceFile:33882165)
09-01 22:21:06.678 20228 20228 W Resources: 	at com.ss.android.ugc.aweme.feed.ui.LayoutCheckRefreshLayout.onMeasure(SourceFile:33619968)
09-01 22:21:06.678 20228 20228 W Resources: 	at com.ss.android.ugc.aweme.feed.ui.LayoutCheckFrameLayout.onMeasure(SourceFile:33619968)
09-01 22:21:06.678 20228 20228 W Resources: 	at com.ss.android.ugc.aweme.feed.ui.CustomViewPager.onMeasure(SourceFile:33947887)
09-01 22:21:06.678 20228 20228 W Resources: 	at com.ss.android.ugc.aweme.base.opensourcemodified.android.support.v4.widget.SwipeRefreshLayout.onMeasure(SourceFile:33882165)
09-01 22:21:06.678 20228 20228 W Resources: 	at com.ss.android.ugc.aweme.viewopt.SurfaceOptimizeFrameLayout.onMeasure(SourceFile:33816626)
09-01 22:21:06.687  1735  1872 I MediaFocusControl: requestAudioFocus() from uid/pid 10281/20228 AA=USAGE_MEDIA/CONTENT_TYPE_UNKNOWN clientId=android.media.AudioManager@347a570X.1DIL@e89c0e9 callingPack=com.ss.android.ugc.aweme req=1 flags=0x0 sdk=34
09-01 22:21:06.690 20228 20496 D nativeloader: Load /data/app/~~na7dq0QJPM3TlOgWfFFaKg==/com.ss.android.ugc.aweme-sWxsoc19sPwX3CppMH73Qg==/lib/arm64/libvideodec.so using ns clns-7 from class loader (caller=/data/app/~~na7dq0QJPM3TlOgWfFFaKg==/com.ss.android.ugc.aweme-sWxsoc19sPwX3CppMH73Qg==/base.apk!classes16.dex): ok
09-01 22:21:06.693 20228 20496 D nativeloader: Load /data/app/~~na7dq0QJPM3TlOgWfFFaKg==/com.ss.android.ugc.aweme-sWxsoc19sPwX3CppMH73Qg==/lib/arm64/libttmverify.so using ns clns-7 from class loader (caller=/data/app/~~na7dq0QJPM3TlOgWfFFaKg==/com.ss.android.ugc.aweme-sWxsoc19sPwX3CppMH73Qg==/base.apk!classes16.dex): ok
09-01 22:21:06.716  4015  4015 I GoogleInputMethodService: GoogleInputMethodService.onStartInput():1911 onStartInput(EditorInfo{EditorInfo{packageName=com.ss.android.ugc.aweme, inputType=0, inputTypeString=NULL, enableLearning=false, autoCorrection=false, autoComplete=false, imeOptions=0, privateImeOptions=null, actionName=UNSPECIFIED, actionLabel=null, initialSelStart=-1, initialSelEnd=-1, initialCapsMode=0, label=null, fieldId=0, fieldName=null, extras=null, hintText=null, hintLocales=[]}}, false)
09-01 22:21:06.717  1735  3694 W PackageConfigPersister: App-specific configuration not found for packageName: com.ss.android.ugc.aweme and userId: 0
09-01 22:21:06.792 20228 20305 D nativeloader: Load /data/app/~~na7dq0QJPM3TlOgWfFFaKg==/com.ss.android.ugc.aweme-sWxsoc19sPwX3CppMH73Qg==/lib/arm64/libimagepipeline.so using ns clns-7 from class loader (caller=/data/app/~~na7dq0QJPM3TlOgWfFFaKg==/com.ss.android.ugc.aweme-sWxsoc19sPwX3CppMH73Qg==/base.apk!classes16.dex): ok
09-01 22:21:06.794 20228 20470 D nativeloader: Load /data/app/~~na7dq0QJPM3TlOgWfFFaKg==/com.ss.android.ugc.aweme-sWxsoc19sPwX3CppMH73Qg==/lib/arm64/libfileprotect.so using ns clns-7 from class loader (caller=/data/app/~~na7dq0QJPM3TlOgWfFFaKg==/com.ss.android.ugc.aweme-sWxsoc19sPwX3CppMH73Qg==/base.apk!classes16.dex): ok
09-01 22:21:06.796 20228 20470 D nativeloader: Load /data/app/~~na7dq0QJPM3TlOgWfFFaKg==/com.ss.android.ugc.aweme-sWxsoc19sPwX3CppMH73Qg==/lib/arm64/libbytenn.so using ns clns-7 from class loader (caller=/data/app/~~na7dq0QJPM3TlOgWfFFaKg==/com.ss.android.ugc.aweme-sWxsoc19sPwX3CppMH73Qg==/base.apk!classes16.dex): ok
09-01 22:21:06.797 20228 20470 D nativeloader: Load /data/app/~~na7dq0QJPM3TlOgWfFFaKg==/com.ss.android.ugc.aweme-sWxsoc19sPwX3CppMH73Qg==/lib/arm64/libbytennwrapper.so using ns clns-7 from class loader (caller=/data/app/~~na7dq0QJPM3TlOgWfFFaKg==/com.ss.android.ugc.aweme-sWxsoc19sPwX3CppMH73Qg==/base.apk!classes16.dex): ok
09-01 22:21:06.889 20228 20305 D nativeloader: Load /data/app/~~na7dq0QJPM3TlOgWfFFaKg==/com.ss.android.ugc.aweme-sWxsoc19sPwX3CppMH73Qg==/lib/arm64/libttheif_dec.so using ns clns-7 from class loader (caller=/data/app/~~na7dq0QJPM3TlOgWfFFaKg==/com.ss.android.ugc.aweme-sWxsoc19sPwX3CppMH73Qg==/base.apk!classes16.dex): ok
09-01 22:21:06.894 20228 20305 D nativeloader: Load /data/app/~~na7dq0QJPM3TlOgWfFFaKg==/com.ss.android.ugc.aweme-sWxsoc19sPwX3CppMH73Qg==/lib/arm64/libbdheif.so using ns clns-7 from class loader (caller=/data/app/~~na7dq0QJPM3TlOgWfFFaKg==/com.ss.android.ugc.aweme-sWxsoc19sPwX3CppMH73Qg==/base.apk!classes16.dex): ok
09-01 22:21:06.994  1735  4372 D CoreBackPreview: Window{e804a44 u0 Splash Screen com.ss.android.ugc.aweme EXITING}: Setting back callback null
09-01 22:21:07.825 20228 20507 D nativeloader: Configuring clns-11 for other apk . target_sdk_version=34, uses_libraries=ALL, library_path=/data/user/0/com.ss.android.ugc.aweme/files/plugins/com.bytedance.aweme.smart_client_plugin/version-35109020/lib, permitted_path=/data:/mnt/expand
09-01 22:21:07.840 20228 20228 W #tp-default-673: type=1400 audit(0.0:6736): avc:  granted  { execute } for  path="/data/data/com.ss.android.ugc.aweme/files/plugins/com.bytedance.aweme.smart_client_plugin/version-35109020/lib/libCepEngine.so" dev="dm-56" ino=60459 scontext=u:r:untrusted_app:s0:c25,c257,c512,c768 tcontext=u:object_r:app_data_file:s0:c25,c257,c512,c768 tclass=file app=com.ss.android.ugc.aweme
09-01 22:21:07.846 20228 20530 D nativeloader: Load /data/user/0/com.ss.android.ugc.aweme/files/plugins/com.bytedance.aweme.smart_client_plugin/version-35109020/lib/libCepEngine.so using ns clns-11 from class loader (caller=<unknown>): ok
09-01 22:21:07.848 20228 20228 W #tp-default-673: type=1400 audit(0.0:6737): avc:  granted  { execute } for  path="/data/data/com.ss.android.ugc.aweme/files/plugins/com.bytedance.aweme.smart_client_plugin/version-35109020/lib/libCepAST.so" dev="dm-56" ino=60444 scontext=u:r:untrusted_app:s0:c25,c257,c512,c768 tcontext=u:object_r:app_data_file:s0:c25,c257,c512,c768 tclass=file app=com.ss.android.ugc.aweme
09-01 22:21:07.850 20228 20530 D nativeloader: Load /data/user/0/com.ss.android.ugc.aweme/files/plugins/com.bytedance.aweme.smart_client_plugin/version-35109020/lib/libCepAST.so using ns clns-11 from class loader (caller=<unknown>): ok
09-01 22:21:07.852 20228 20228 W #tp-default-673: type=1400 audit(0.0:6738): avc:  granted  { execute } for  path="/data/data/com.ss.android.ugc.aweme/files/plugins/com.bytedance.aweme.smart_client_plugin/version-35109020/lib/libCepFast.so" dev="dm-56" ino=60372 scontext=u:r:untrusted_app:s0:c25,c257,c512,c768 tcontext=u:object_r:app_data_file:s0:c25,c257,c512,c768 tclass=file app=com.ss.android.ugc.aweme
09-01 22:21:07.852 20228 20228 W #tp-default-673: type=1400 audit(0.0:6739): avc:  granted  { execute } for  path="/data/data/com.ss.android.ugc.aweme/files/plugins/com.bytedance.aweme.smart_client_plugin/version-35109020/lib/libfast_engine.so" dev="dm-56" ino=60388 scontext=u:r:untrusted_app:s0:c25,c257,c512,c768 tcontext=u:object_r:app_data_file:s0:c25,c257,c512,c768 tclass=file app=com.ss.android.ugc.aweme
09-01 22:21:07.857 20228 20530 D nativeloader: Load /data/user/0/com.ss.android.ugc.aweme/files/plugins/com.bytedance.aweme.smart_client_plugin/version-35109020/lib/libCepFast.so using ns clns-11 from class loader (caller=<unknown>): ok
09-01 22:21:07.872 20228 20228 W #tp-default-673: type=1400 audit(0.0:6740): avc:  granted  { execute } for  path="/data/data/com.ss.android.ugc.aweme/files/plugins/com.bytedance.aweme.smart_client_plugin/version-35109020/lib/libPitayaBdComponent.so" dev="dm-56" ino=60373 scontext=u:r:untrusted_app:s0:c25,c257,c512,c768 tcontext=u:object_r:app_data_file:s0:c25,c257,c512,c768 tclass=file app=com.ss.android.ugc.aweme
09-01 22:21:07.877 20228 20530 D nativeloader: Load /data/user/0/com.ss.android.ugc.aweme/files/plugins/com.bytedance.aweme.smart_client_plugin/version-35109020/lib/libPitayaBdComponent.so using ns clns-11 from class loader (caller=<unknown>): ok
09-01 22:21:07.891 20228 20530 D nativeloader: Load /data/user/0/com.ss.android.ugc.aweme/files/plugins/com.bytedance.aweme.smart_client_plugin/version-35109020/lib/libAndroidPitayaCore.so using ns clns-11 from class loader (caller=<unknown>): ok
09-01 22:21:07.895 20228 20305 D nativeloader: Load /data/user/0/com.ss.android.ugc.aweme/files/plugins/com.bytedance.aweme.smart_client_plugin/version-35109020/lib/libCepProxy.so using ns clns-11 from class loader (caller=<unknown>): ok
09-01 22:21:07.986 20228 20305 D nativeloader: Load /data/user/0/com.ss.android.ugc.aweme/files/plugins/com.bytedance.aweme.smart_client_plugin/version-35109020/lib/libARTNative.so using ns clns-11 from class loader (caller=<unknown>): ok
09-01 22:21:08.122 20228 20228 W Resources: Drawable com.ss.android.ugc.aweme:drawable/_ has unresolved theme attributes! Consider using Resources.getDrawable(int, Theme) or Context.getDrawable(int).
09-01 22:21:08.122 20228 20228 W Resources: 	at com.GlobalProxyLancet.com_ss_android_ugc_aweme_lancet_ViewInflateLancet_inflate(SourceFile:67502135)
09-01 22:21:08.123 20228 20228 W Resources: 	at com.ss.android.ugc.aweme.common.widget.VerticalViewPager.onMeasure(SourceFile:33947892)
09-01 22:21:08.123 20228 20228 W Resources: 	at com.ss.android.ugc.aweme.views.DoubleBallSwipeRefreshLayout.onMeasure(SourceFile:33882165)
09-01 22:21:08.123 20228 20228 W Resources: 	at com.ss.android.ugc.aweme.feed.ui.LayoutCheckRefreshLayout.onMeasure(SourceFile:33619968)
09-01 22:21:08.123 20228 20228 W Resources: 	at com.ss.android.ugc.aweme.feed.ui.LayoutCheckFrameLayout.onMeasure(SourceFile:33619968)
09-01 22:21:08.123 20228 20228 W Resources: 	at com.ss.android.ugc.aweme.feed.ui.CustomViewPager.onMeasure(SourceFile:33947887)
09-01 22:21:08.123 20228 20228 W Resources: 	at com.ss.android.ugc.aweme.base.opensourcemodified.android.support.v4.widget.SwipeRefreshLayout.onMeasure(SourceFile:33882165)
09-01 22:21:08.123 20228 20228 W Resources: 	at com.ss.android.ugc.aweme.viewopt.SurfaceOptimizeFrameLayout.onMeasure(SourceFile:33816626)
09-01 22:21:08.126 20228 20228 W Resources: Drawable com.ss.android.ugc.aweme:drawable/_ has unresolved theme attributes! Consider using Resources.getDrawable(int, Theme) or Context.getDrawable(int).
09-01 22:21:08.126 20228 20228 W Resources: 	at com.GlobalProxyLancet.com_ss_android_ugc_aweme_lancet_ViewInflateLancet_inflate(SourceFile:67502135)
09-01 22:21:08.126 20228 20228 W Resources: 	at com.ss.android.ugc.aweme.common.widget.VerticalViewPager.onMeasure(SourceFile:33947892)
09-01 22:21:08.126 20228 20228 W Resources: 	at com.ss.android.ugc.aweme.views.DoubleBallSwipeRefreshLayout.onMeasure(SourceFile:33882165)
09-01 22:21:08.126 20228 20228 W Resources: 	at com.ss.android.ugc.aweme.feed.ui.LayoutCheckRefreshLayout.onMeasure(SourceFile:33619968)
09-01 22:21:08.126 20228 20228 W Resources: 	at com.ss.android.ugc.aweme.feed.ui.LayoutCheckFrameLayout.onMeasure(SourceFile:33619968)
09-01 22:21:08.126 20228 20228 W Resources: 	at com.ss.android.ugc.aweme.feed.ui.CustomViewPager.onMeasure(SourceFile:33947887)
09-01 22:21:08.126 20228 20228 W Resources: 	at com.ss.android.ugc.aweme.base.opensourcemodified.android.support.v4.widget.SwipeRefreshLayout.onMeasure(SourceFile:33882165)
09-01 22:21:08.126 20228 20228 W Resources: 	at com.ss.android.ugc.aweme.viewopt.SurfaceOptimizeFrameLayout.onMeasure(SourceFile:33816626)
09-01 22:21:08.665 20228 20228 W Resources: Drawable com.ss.android.ugc.aweme:drawable/_ has unresolved theme attributes! Consider using Resources.getDrawable(int, Theme) or Context.getDrawable(int).
09-01 22:21:08.665 20228 20228 W Resources: 	at com.GlobalProxyLancet.com_ss_android_ugc_aweme_lancet_ViewInflateLancet_inflate(SourceFile:67502135)
09-01 22:21:08.665 20228 20228 W Resources: 	at com.ss.android.ugc.aweme.horizon.CommonHorizonView.setCurrentPosition(SourceFile:84148239)
09-01 22:21:08.665 20228 20228 W Resources: 	at com.ss.android.ugc.aweme.horizon.CommonHorizonView.setCurrentPosition(SourceFile:50462726)
09-01 22:21:08.798 20228 20280 D nativeloader: Configuring clns-12 for other apk . target_sdk_version=34, uses_libraries=ALL, library_path=/data/user/0/com.ss.android.ugc.aweme/files/plugins/com.ss.android.ugc.aweme.v8/version-351090200/lib, permitted_path=/data:/mnt/expand
09-01 22:21:08.812 20228 20288 D nativeloader: Configuring clns-13 for other apk . target_sdk_version=34, uses_libraries=ALL, library_path=/data/user/0/com.ss.android.ugc.aweme/files/plugins/com.ss.android.ugc.aweme.vmsdk_plugin/version-351090200/lib, permitted_path=/data:/mnt/expand
09-01 22:21:08.820 20228 20288 D nativeloader: Configuring clns-14 for other apk . target_sdk_version=34, uses_libraries=ALL, library_path=/data/user/0/com.ss.android.ugc.aweme/files/plugins/com.ss.android.ugc.aweme.miniapp/version-35109020/lib, permitted_path=/data:/mnt/expand
09-01 22:21:08.947 20228 20273 D nativeloader: Load /data/app/~~na7dq0QJPM3TlOgWfFFaKg==/com.ss.android.ugc.aweme-sWxsoc19sPwX3CppMH73Qg==/lib/arm64/libunicorn-main.so using ns clns-7 from class loader (caller=<unknown>): ok
09-01 22:21:08.951 20228 20273 I uni::fml::log: [INFO:unisus_path_service.cc(28)] Init path configs: /data/user/0/com.ss.android.ugc.aweme/files/unisus, /data/user/0/com.ss.android.ugc.aweme/cache/unisus/process/20228, /data/user/0/com.ss.android.ugc.aweme/files, /storage/emulated/0/Android/data/com.ss.android.ugc.aweme/cache
09-01 22:21:08.953 20228 20273 I uni::fml::log: [INFO:unisus_cloud_service.cc(100)] Cloud init dir path: /data/user/0/com.ss.android.ugc.aweme/files/unisus/cloud
09-01 22:21:08.956 20228 20273 I uni::fml::log: [INFO:unisus_settings_instance.cc(266)] Settings InitDirPath, path = /data/user/0/com.ss.android.ugc.aweme/files/unisus/settings/unisus
09-01 22:21:08.967 20228 20273 I uni::fml::log: [INFO:unisus_base_bundle_service_cloud_adapter_v2.cc(56)] Init configs V2, /data/user/0/com.ss.android.ugc.aweme/files/unisus/basebundleV2/base/normal, /data/user/0/com.ss.android.ugc.aweme/files/unisus/basebundleV2/base/debug, /data/user/0/com.ss.android.ugc.aweme/cache/unisus/process/20228/basebundle_tmp, use_V2_preset: 1built_in_version: 3.75.1.6built_in_biz_versions: 2
09-01 22:21:08.968 20228 20507 I uni::fml::log: [INFO:base_bundle_service_onload.cc(174)] create mark file: /data/user/0/com.ss.android.ugc.aweme/files/unisus/basebundleV2/base/markFile/3780011_20228
09-01 22:21:08.968 20228 20507 I uni::fml::log: [INFO:base_bundle_service_onload.cc(174)] create mark file: /data/user/0/com.ss.android.ugc.aweme/files/unisus/basebundleV2/bizGame/markFile/1000003_20228
09-01 22:21:08.968 20228 20507 I uni::fml::log: [INFO:base_bundle_service_onload.cc(174)] create mark file: /data/user/0/com.ss.android.ugc.aweme/files/unisus/basebundleV2/bizApp/markFile/1000018_20228
09-01 22:21:08.970 20228 20507 I uni::fml::log: [INFO:base_bundle_service_onload.cc(495)] Delete mark file: /data/user/0/com.ss.android.ugc.aweme/files/unisus/basebundleV2/bizApp/markFile/1000018_19792
09-01 22:21:08.971 20228 20507 I uni::fml::log: [INFO:base_bundle_service_onload.cc(495)] Delete mark file: /data/user/0/com.ss.android.ugc.aweme/files/unisus/basebundleV2/bizGame/markFile/1000003_19792
09-01 22:21:08.971 20228 20507 I uni::fml::log: [INFO:base_bundle_service_onload.cc(495)] Delete mark file: /data/user/0/com.ss.android.ugc.aweme/files/unisus/basebundleV2/base/markFile/3780011_19792
09-01 22:21:08.972 20228 20507 E uni::fml::log: [ERROR:/cache/228/bytebus/repositories/695f75851403dbb333d319cde130b7a1/cb2ea26d53730bb7ff6b860102fd675b/src/service/base_bundle_service/platform/android/base_bundle_service_onload.cc(312)] open mark directory fail, path = /data/user/0/com.ss.android.ugc.aweme/files/unisus/basebundle/markFile, errno = 2
09-01 22:21:09.332 20228 20228 W TuringVerifyThr: type=1400 audit(0.0:6744): avc:  granted  { execute } for  path="/data/data/com.ss.android.ugc.aweme/files/plugins/com.bytedance.aweme.smart_client_plugin/version-35109020/lib/libBDPythonVM.so" dev="dm-56" ino=60369 scontext=u:r:untrusted_app:s0:c25,c257,c512,c768 tcontext=u:object_r:app_data_file:s0:c25,c257,c512,c768 tclass=file app=com.ss.android.ugc.aweme
09-01 22:21:09.332 20228 20228 W TuringVerifyThr: type=1400 audit(0.0:6745): avc:  granted  { execute } for  path="/data/data/com.ss.android.ugc.aweme/files/plugins/com.bytedance.aweme.smart_client_plugin/version-35109020/lib/libpythonA.so" dev="dm-56" ino=60371 scontext=u:r:untrusted_app:s0:c25,c257,c512,c768 tcontext=u:object_r:app_data_file:s0:c25,c257,c512,c768 tclass=file app=com.ss.android.ugc.aweme
09-01 22:21:09.338 20228 20367 D nativeloader: Load /data/user/0/com.ss.android.ugc.aweme/files/plugins/com.bytedance.aweme.smart_client_plugin/version-35109020/lib/libBDPythonVM.so using ns clns-11 from class loader (caller=<unknown>): ok
09-01 22:21:09.336 20228 20228 W TuringVerifyThr: type=1400 audit(0.0:6746): avc:  granted  { execute } for  path="/data/data/com.ss.android.ugc.aweme/files/plugins/com.bytedance.aweme.smart_client_plugin/version-35109020/lib/libByteAINN.so" dev="dm-56" ino=60332 scontext=u:r:untrusted_app:s0:c25,c257,c512,c768 tcontext=u:object_r:app_data_file:s0:c25,c257,c512,c768 tclass=file app=com.ss.android.ugc.aweme
09-01 22:21:09.342 20228 20367 D nativeloader: Load /data/user/0/com.ss.android.ugc.aweme/files/plugins/com.bytedance.aweme.smart_client_plugin/version-35109020/lib/libByteAINN.so using ns clns-11 from class loader (caller=<unknown>): ok
09-01 22:21:09.340 20228 20228 W TuringVerifyThr: type=1400 audit(0.0:6747): avc:  granted  { execute } for  path="/data/data/com.ss.android.ugc.aweme/files/plugins/com.bytedance.aweme.smart_client_plugin/version-35109020/lib/libbytedt.so" dev="dm-56" ino=60365 scontext=u:r:untrusted_app:s0:c25,c257,c512,c768 tcontext=u:object_r:app_data_file:s0:c25,c257,c512,c768 tclass=file app=com.ss.android.ugc.aweme
09-01 22:21:09.345 20228 20367 D nativeloader: Load /data/user/0/com.ss.android.ugc.aweme/files/plugins/com.bytedance.aweme.smart_client_plugin/version-35109020/lib/libByteAIDT.so using ns clns-11 from class loader (caller=<unknown>): ok
09-01 22:21:09.340 20228 20228 W TuringVerifyThr: type=1400 audit(0.0:6748): avc:  granted  { execute } for  path="/data/data/com.ss.android.ugc.aweme/files/plugins/com.bytedance.aweme.smart_client_plugin/version-35109020/lib/libByteAIDT.so" dev="dm-56" ino=60328 scontext=u:r:untrusted_app:s0:c25,c257,c512,c768 tcontext=u:object_r:app_data_file:s0:c25,c257,c512,c768 tclass=file app=com.ss.android.ugc.aweme
09-01 22:21:09.351 20228 20367 D nativeloader: Load /data/user/0/com.ss.android.ugc.aweme/files/plugins/com.bytedance.aweme.smart_client_plugin/version-35109020/lib/libpy-cv-numpycv.so using ns clns-11 from class loader (caller=<unknown>): ok
09-01 22:21:09.354 20228 20367 D nativeloader: Load /data/user/0/com.ss.android.ugc.aweme/files/plugins/com.bytedance.aweme.smart_client_plugin/version-35109020/lib/libpy-numpy.so using ns clns-11 from class loader (caller=<unknown>): ok
