
 [1m[36m╔══════════════════════════════════════╗[0m
 [1m[36m║[0m  [1m      rustFrida v0.1.0             [0m[1m[36m║[0m
 [1m[36m║[0m  [2m  ARM64 Dynamic Instrumentation    [0m[1m[36m║[0m
 [1m[36m╚══════════════════════════════════════╝[0m

[1m[34m [*][0m Spawn 模式: 准备注入 com.ss.android.ugc.aweme
[1m[34m [*][0m 找到 1 个新 zygote 进程
[1m[36m [→][0m 正在注入 zymbiote 到 zygote64 (pid=887)...
[1m[32m [✓][0m Zymbiote 注入成功: zygote64 (pid=887)
[1m[34m [*][0m 正在启动应用 com.ss.android.ugc.aweme...
[1m[34m [*][0m 等待进程 com.ss.android.ugc.aweme 启动... (最长 20s)
[1m[32m [✓][0m 收到 spawn hello: pid=31255, ppid=887, package=com.ss.android.ugc.aweme
[1m[34m [*][0m 正在向子进程 31255 注入 agent...
[1m[34m [*][0m 正在附加到进程 PID: 31255 (Frida-style bootstrapper)
[1m[32m [✓][0m 成功附加到进程 31262，等待 SIGSTOP...
[1m[32m [✓][0m 进程已停止，可以操作寄存器
[1m[32m [✓][0m bootstrapper 完成: libc API 已解析
[1m[32m [✓][0m 已分离目标进程
[1m[32m [✓][0m Loader: agent 加载成功
[1m[34m [*][0m 等待 agent 连接... (最长 10s)
[1m[32m [✓][0m Agent 已连接
[1m[34m [*][0m 子进程暂停中，准备加载脚本
[1m[34m [*][0m 加载脚本: /data/local/tmp/metasec_probe_350101_packet-capture_capture_wx_singlejs_5m_bootstrap.js
[1m[34m [*][0m 脚本声明 Java.setStealth(1)，预配置到 artinit/jsinit 之前
[1m[34m [*][0m 检测到 pre-resume Java 脚本，先发送到 raw clone TLS JS worker 执行
[1m[35m [agent][0m [JS] [packet350-bootstrap] declared java stealth=wxshadow; capture runtime waits for host loadjs after resume
[32m=> undefined[0m
[1m[36m [→][0m 正在恢复子进程 31255...
[1m[32m [✓][0m 子进程 31255 已恢复运行
[1m[33m [!][0m RF_POST_RESUME_JAVA_WORKER_MODE=skip，跳过 spawn 恢复后的 Java worker 启动
  [2m输入 help 查看命令，exit 退出[0m
rustfrida> [31m[JS error] [quickjs] Error: empty script[0m
rustfrida> rustfrida> rustfrida> rustfrida> rustfrida> rustfrida> rustfrida> rustfrida> rustfrida> rustfrida> rustfrida> rustfrida> rustfrida> rustfrida> rustfrida> rustfrida> rustfrida> rustfrida> rustfrida> rustfrida> rustfrida> rustfrida> rustfrida> rustfrida> rustfrida> rustfrida> rustfrida> rustfrida> rustfrida> rustfrida> rustfrida> rustfrida> rustfrida> rustfrida> rustfrida> rustfrida> rustfrida> rustfrida> rustfrida> rustfrida> rustfrida> rustfrida> rustfrida> rustfrida> rustfrida> rustfrida> rustfrida> rustfrida> rustfrida> rustfrida> rustfrida> rustfrida> rustfrida> rustfrida> rustfrida> rustfrida> rustfrida> rustfrida> rustfrida> rustfrida> rustfrida> rustfrida> rustfrida> rustfrida> rustfrida> rustfrida> rustfrida> rustfrida> rustfrida> rustfrida> rustfrida> rustfrida> rustfrida> rustfrida> rustfrida> rustfrida> rustfrida> rustfrida> rustfrida> rustfrida> rustfrida> rustfrida> rustfrida> rustfrida> rustfrida> rustfrida> rustfrida> rustfrida> rustfrida> rustfrida> rustfrida> rustfrida> rustfrida> rustfrida> rustfrida> rustfrida> rustfrida> rustfrida> rustfrida> rustfrida> rustfrida> rustfrida> rustfrida> rustfrida> rustfrida> rustfrida> rustfrida> rustfrida> rustfrida> rustfrida> rustfrida> rustfrida> rustfrida> rustfrida> rustfrida> rustfrida> rustfrida> rustfrida> rustfrida> rustfrida> rustfrida> rustfrida> rustfrida> rustfrida> rustfrida> rustfrida> rustfrida> rustfrida> rustfrida> rustfrida> rustfrida> rustfrida> rustfrida> rustfrida> rustfrida> rustfrida> rustfrida> rustfrida> rustfrida> rustfrida> rustfrida> rustfrida> rustfrida> rustfrida> rustfrida> rustfrida> rustfrida> rustfrida> rustfrida> rustfrida> rustfrida> rustfrida> rustfrida> rustfrida> rustfrida> rustfrida> rustfrida> rustfrida> rustfrida> rustfrida> rustfrida> rustfrida> rustfrida> rustfrida> rustfrida> rustfrida> rustfrida> rustfrida> rustfrida> rustfrida> rustfrida> rustfrida> rustfrida> rustfrida> rustfrida> rustfrida> rustfrida> rustfrida> rustfrida> rustfrida> [1m[35m [agent][0m [agent] 无效命令 'globalThis.METASEC_PROBE_CONFIG'，在 REPL 中输入 help 查看可用命令
rustfrida> [1m[35m [agent][0m [agent] 无效命令 'Java.setStealth(Hook.WXSHADOW);'，在 REPL 中输入 help 查看可用命令
rustfrida> rustfrida> rustfrida> rustfrida> [1m[35m [agent][0m [agent] 无效命令 'function'，在 REPL 中输入 help 查看可用命令
rustfrida> [1m[35m [agent][0m [agent] 无效命令 '(function'，在 REPL 中输入 help 查看可用命令
[1m[35m [agent][0m [agent] 无效命令 'var'，在 REPL 中输入 help 查看可用命令
[1m[35m [agent][0m [agent] 无效命令 'var'，在 REPL 中输入 help 查看可用命令
[1m[35m [agent][0m [agent] 无效命令 'var'，在 REPL 中输入 help 查看可用命令
[1m[35m [agent][0m [agent] 无效命令 'var'，在 REPL 中输入 help 查看可用命令
[1m[35m [agent][0m [agent] 无效命令 'var'，在 REPL 中输入 help 查看可用命令
[1m[35m [agent][0m [agent] 无效命令 'var'，在 REPL 中输入 help 查看可用命令
[1m[35m [agent][0m [agent] 无效命令 'var'，在 REPL 中输入 help 查看可用命令
[1m[35m [agent][0m [agent] 无效命令 'var'，在 REPL 中输入 help 查看可用命令
[1m[35m [agent][0m [agent] 无效命令 '"/device_register",'，在 REPL 中输入 help 查看可用命令
[1m[35m [agent][0m [agent] 无效命令 '"get_token",'，在 REPL 中输入 help 查看可用命令
[1m[35m [agent][0m [agent] 无效命令 '"ri/report?",'，在 REPL 中输入 help 查看可用命令
[1m[35m [agent][0m [agent] 无效命令 '"/app_log/",'，在 REPL 中输入 help 查看可用命令
[1m[35m [agent][0m [agent] 无效命令 '"/passport/account/info/v2/",'，在 REPL 中输入 help 查看可用命令
[1m[35m [agent][0m [agent] 无效命令 '"/passport/mobile/sms_login/",'，在 REPL 中输入 help 查看可用命令
[1m[35m [agent][0m [agent] 无效命令 '"/passport/ticket_guard/get_client_cert/",'，在 REPL 中输入 help 查看可用命令
[1m[35m [agent][0m [agent] 无效命令 '"/feed",'，在 REPL 中输入 help 查看可用命令
[1m[35m [agent][0m [agent] 无效命令 '"/location/info/",'，在 REPL 中输入 help 查看可用命令
[1m[35m [agent][0m [agent] 无效命令 '"/captcha/verify",'，在 REPL 中输入 help 查看可用命令
[1m[35m [agent][0m [agent] 无效命令 '"/captcha/get",'，在 REPL 中输入 help 查看可用命令
[1m[35m [agent][0m [agent] 无效命令 '"/send_code/",'，在 REPL 中输入 help 查看可用命令
[1m[35m [agent][0m [agent] 无效命令 '"/aweme/v1/commit/item/digg/",'，在 REPL 中输入 help 查看可用命令
[1m[35m [agent][0m [agent] 无效命令 '"/aweme/v1/commit/follow/user/",'，在 REPL 中输入 help 查看可用命令
[1m[35m [agent][0m [agent] 无效命令 '"/aweme/detail/",'，在 REPL 中输入 help 查看可用命令
rustfrida> [1m[35m [agent][0m [agent] 无效命令 '"/aweme/v1/create/aweme/",'，在 REPL 中输入 help 查看可用命令
[1m[35m [agent][0m [agent] 无效命令 '"/service/2/app_log/",'，在 REPL 中输入 help 查看可用命令
[1m[35m [agent][0m [agent] 无效命令 '"/aweme/v2/feed/",'，在 REPL 中输入 help 查看可用命令
[1m[35m [agent][0m [agent] 无效命令 '"api/preinstall_collect",'，在 REPL 中输入 help 查看可用命令
[1m[35m [agent][0m [agent] 无效命令 '"/luckycat/activity/",'，在 REPL 中输入 help 查看可用命令
[1m[35m [agent][0m [agent] 无效命令 '"/api/plugin/config/v2/?soc_platform",'，在 REPL 中输入 help 查看可用命令
[1m[35m [agent][0m [agent] 无效命令 '"/api/ad/splash/aweme/v14/",'，在 REPL 中输入 help 查看可用命令
[1m[35m [agent][0m [agent] 无效命令 '"/api/ad/v1/splash/stock/",'，在 REPL 中输入 help 查看可用命令
[1m[35m [agent][0m [agent] 无效命令 '"/service/settings/v3/",'，在 REPL 中输入 help 查看可用命令
[1m[35m [agent][0m [agent] 无效命令 '"/monitor/collect/batch/"'，在 REPL 中输入 help 查看可用命令
[1m[35m [agent][0m [agent] 无效命令 '];'，在 REPL 中输入 help 查看可用命令
[1m[35m [agent][0m [agent] 无效命令 'function'，在 REPL 中输入 help 查看可用命令
[1m[35m [agent][0m [agent] 无效命令 'if'，在 REPL 中输入 help 查看可用命令
[1m[35m [agent][0m [agent] 无效命令 'var'，在 REPL 中输入 help 查看可用命令
rustfrida> [1m[35m [agent][0m [agent] 无效命令 'if'，在 REPL 中输入 help 查看可用命令
[1m[35m [agent][0m [agent] 无效命令 'return'，在 REPL 中输入 help 查看可用命令
[1m[35m [agent][0m [agent] 无效命令 '}'，在 REPL 中输入 help 查看可用命令
[1m[35m [agent][0m [agent] 无效命令 'if'，在 REPL 中输入 help 查看可用命令
[1m[35m [agent][0m [agent] 无效命令 'return'，在 REPL 中输入 help 查看可用命令
[1m[35m [agent][0m [agent] 无效命令 '}'，在 REPL 中输入 help 查看可用命令
[1m[35m [agent][0m [agent] 无效命令 'if'，在 REPL 中输入 help 查看可用命令
rustfrida> [1m[35m [agent][0m [agent] 无效命令 'return'，在 REPL 中输入 help 查看可用命令
[1m[35m [agent][0m [agent] 无效命令 '}'，在 REPL 中输入 help 查看可用命令
[1m[35m [agent][0m [agent] 无效命令 'return'，在 REPL 中输入 help 查看可用命令
[1m[35m [agent][0m [agent] 无效命令 '}'，在 REPL 中输入 help 查看可用命令
rustfrida> [1m[35m [agent][0m [agent] 无效命令 'var'，在 REPL 中输入 help 查看可用命令
[1m[35m [agent][0m [agent] 无效命令 'installed:'，在 REPL 中输入 help 查看可用命令
[1m[35m [agent][0m [agent] 无效命令 'javaHooked:'，在 REPL 中输入 help 查看可用命令
rustfrida> [1m[35m [agent][0m [agent] 无效命令 'nativeHooked:'，在 REPL 中输入 help 查看可用命令
[1m[35m [agent][0m [agent] 无效命令 'loaderHooked:'，在 REPL 中输入 help 查看可用命令
[1m[35m [agent][0m [agent] 无效命令 'requestsByPtr:'，在 REPL 中输入 help 查看可用命令
[1m[35m [agent][0m [agent] 无效命令 'requests:'，在 REPL 中输入 help 查看可用命令
rustfrida> [1m[35m [agent][0m [agent] 无效命令 'stats:'，在 REPL 中输入 help 查看可用命令
[1m[35m [agent][0m [agent] 无效命令 'created:'，在 REPL 中输入 help 查看可用命令
[1m[35m [agent][0m [agent] 无效命令 'filtered:'，在 REPL 中输入 help 查看可用命令
rustfrida> [1m[35m [agent][0m [agent] 无效命令 'requestBodyBytes:'，在 REPL 中输入 help 查看可用命令
[1m[35m [agent][0m [agent] 无效命令 'responseBodyBytes:'，在 REPL 中输入 help 查看可用命令
[1m[35m [agent][0m [agent] 无效命令 'xmHits:'，在 REPL 中输入 help 查看可用命令
[1m[35m [agent][0m [agent] 无效命令 'xmMatched:'，在 REPL 中输入 help 查看可用命令
rustfrida> [1m[35m [agent][0m [agent] 无效命令 'uploaded:'，在 REPL 中输入 help 查看可用命令
[1m[35m [agent][0m [agent] 无效命令 'uploadStarted:'，在 REPL 中输入 help 查看可用命令
[1m[35m [agent][0m [agent] 无效命令 'uploadFailed:'，在 REPL 中输入 help 查看可用命令
rustfrida> [1m[35m [agent][0m [agent] 无效命令 '},'，在 REPL 中输入 help 查看可用命令
rustfrida> rustfrida> [1m[35m [agent][0m [agent] 无效命令 'events:'，在 REPL 中输入 help 查看可用命令
rustfrida> [1m[35m [agent][0m [agent] 无效命令 '};'，在 REPL 中输入 help 查看可用命令
rustfrida> [1m[35m [agent][0m [agent] 无效命令 'globalThis.__metasecPacketCapture350101'，在 REPL 中输入 help 查看可用命令
rustfrida> [1m[35m [agent][0m [agent] 无效命令 'state.options'，在 REPL 中输入 help 查看可用命令
[1m[35m [agent][0m [agent] 无效命令 'upload:'，在 REPL 中输入 help 查看可用命令
[1m[35m [agent][0m [agent] 无效命令 'uploadUrl:'，在 REPL 中输入 help 查看可用命令
[1m[35m [agent][0m [agent] 无效命令 'version:'，在 REPL 中输入 help 查看可用命令
[1m[35m [agent][0m [agent] 无效命令 'taskName:'，在 REPL 中输入 help 查看可用命令
[1m[35m [agent][0m [agent] 无效命令 'type:'，在 REPL 中输入 help 查看可用命令
[1m[35m [agent][0m [agent] 无效命令 'source:'，在 REPL 中输入 help 查看可用命令
[1m[35m [agent][0m [agent] 无效命令 'filterAll:'，在 REPL 中输入 help 查看可用命令
[1m[35m [agent][0m [agent] 无效命令 'filters:'，在 REPL 中输入 help 查看可用命令
[1m[35m [agent][0m [agent] 无效命令 'javaStealth:'，在 REPL 中输入 help 查看可用命令
[1m[35m [agent][0m [agent] 无效命令 'requireJavaStealth:'，在 REPL 中输入 help 查看可用命令
[1m[35m [agent][0m [agent] 无效命令 'maxPending:'，在 REPL 中输入 help 查看可用命令
[1m[35m [agent][0m [agent] 无效命令 'maxBodyBytes:'，在 REPL 中输入 help 查看可用命令
[1m[35m [agent][0m [agent] 无效命令 'printPackets:'，在 REPL 中输入 help 查看可用命令
[1m[35m [agent][0m [agent] 无效命令 'connectTimeoutMs:'，在 REPL 中输入 help 查看可用命令
[1m[35m [agent][0m [agent] 无效命令 'readTimeoutMs:'，在 REPL 中输入 help 查看可用命令
[1m[35m [agent][0m [agent] 无效命令 '};'，在 REPL 中输入 help 查看可用命令
[1m[35m [agent][0m [agent] 无效命令 'function'，在 REPL 中输入 help 查看可用命令
[1m[35m [agent][0m [agent] 无效命令 'console.log("[packet350]'，在 REPL 中输入 help 查看可用命令
[1m[35m [agent][0m [agent] 无效命令 '}'，在 REPL 中输入 help 查看可用命令
[1m[35m [agent][0m [agent] 无效命令 'function'，在 REPL 中输入 help 查看可用命令
[1m[35m [agent][0m [agent] 无效命令 'state.events.push(Date.now()'，在 REPL 中输入 help 查看可用命令
[1m[35m [agent][0m [agent] 无效命令 'if'，在 REPL 中输入 help 查看可用命令
[1m[35m [agent][0m [agent] 无效命令 '}'，在 REPL 中输入 help 查看可用命令
[1m[35m [agent][0m [agent] 无效命令 'function'，在 REPL 中输入 help 查看可用命令
[1m[35m [agent][0m [agent] 无效命令 'try'，在 REPL 中输入 help 查看可用命令
[1m[35m [agent][0m [agent] 无效命令 'if'，在 REPL 中输入 help 查看可用命令
[1m[35m [agent][0m [agent] 无效命令 'if'，在 REPL 中输入 help 查看可用命令
[1m[35m [agent][0m [agent] 无效命令 'return'，在 REPL 中输入 help 查看可用命令
[1m[35m [agent][0m [agent] 无效命令 '}'，在 REPL 中输入 help 查看可用命令
[1m[35m [agent][0m [agent] 无效命令 'return'，在 REPL 中输入 help 查看可用命令
[1m[35m [agent][0m [agent] 无效命令 '}'，在 REPL 中输入 help 查看可用命令
[1m[35m [agent][0m [agent] 无效命令 '}'，在 REPL 中输入 help 查看可用命令
[1m[35m [agent][0m [agent] 无效命令 'function'，在 REPL 中输入 help 查看可用命令
[1m[35m [agent][0m [agent] 无效命令 'try'，在 REPL 中输入 help 查看可用命令
[1m[35m [agent][0m [agent] 无效命令 'if'，在 REPL 中输入 help 查看可用命令
[1m[35m [agent][0m [agent] 无效命令 'var'，在 REPL 中输入 help 查看可用命令
rustfrida> [1m[35m [agent][0m [agent] 无效命令 'return'，在 REPL 中输入 help 查看可用命令
rustfrida> [1m[35m [agent][0m [agent] 无效命令 '}'，在 REPL 中输入 help 查看可用命令
rustfrida> rustfrida> rustfrida> rustfrida> rustfrida> rustfrida> rustfrida> rustfrida> rustfrida> rustfrida> rustfrida> rustfrida> rustfrida> rustfrida> rustfrida> rustfrida> rustfrida> rustfrida> rustfrida> rustfrida> rustfrida> rustfrida> rustfrida> rustfrida> rustfrida> rustfrida> rustfrida> rustfrida> rustfrida> rustfrida> rustfrida> rustfrida> rustfrida> rustfrida> [1m[35m [agent][0m [agent] 无效命令 'return'，在 REPL 中输入 help 查看可用命令
[1m[35m [agent][0m [agent] 无效命令 '}'，在 REPL 中输入 help 查看可用命令
[1m[35m [agent][0m [agent] 无效命令 '}'，在 REPL 中输入 help 查看可用命令
[1m[35m [agent][0m [agent] 无效命令 'function'，在 REPL 中输入 help 查看可用命令
[1m[35m [agent][0m [agent] 无效命令 'if'，在 REPL 中输入 help 查看可用命令
[1m[35m [agent][0m [agent] 无效命令 'if'，在 REPL 中输入 help 查看可用命令
[1m[35m [agent][0m [agent] 无效命令 'return'，在 REPL 中输入 help 查看可用命令
[1m[35m [agent][0m [agent] 无效命令 '}'，在 REPL 中输入 help 查看可用命令
[1m[35m [agent][0m [agent] 无效命令 'if'，在 REPL 中输入 help 查看可用命令
[1m[35m [agent][0m [agent] 无效命令 'if'，在 REPL 中输入 help 查看可用命令
[1m[35m [agent][0m [agent] 无效命令 'return'，在 REPL 中输入 help 查看可用命令
[1m[35m [agent][0m [agent] 无效命令 '}'，在 REPL 中输入 help 查看可用命令
[1m[35m [agent][0m [agent] 无效命令 'return'，在 REPL 中输入 help 查看可用命令
[1m[35m [agent][0m [agent] 无效命令 '}'，在 REPL 中输入 help 查看可用命令
[1m[35m [agent][0m [agent] 无效命令 'function'，在 REPL 中输入 help 查看可用命令
[1m[35m [agent][0m [agent] 无效命令 'var'，在 REPL 中输入 help 查看可用命令
[1m[35m [agent][0m [agent] 无效命令 'if'，在 REPL 中输入 help 查看可用命令
[1m[35m [agent][0m [agent] 无效命令 'log("java'，在 REPL 中输入 help 查看可用命令
[1m[35m [agent][0m [agent] 无效命令 'return'，在 REPL 中输入 help 查看可用命令
[1m[35m [agent][0m [agent] 无效命令 '}'，在 REPL 中输入 help 查看可用命令
[1m[35m [agent][0m [agent] 无效命令 'try'，在 REPL 中输入 help 查看可用命令
[1m[35m [agent][0m [agent] 无效命令 'if'，在 REPL 中输入 help 查看可用命令
[1m[35m [agent][0m [agent] 无效命令 'throw'，在 REPL 中输入 help 查看可用命令
[1m[35m [agent][0m [agent] 无效命令 '}'，在 REPL 中输入 help 查看可用命令
[1m[35m [agent][0m [agent] 无效命令 'var'，在 REPL 中输入 help 查看可用命令
[1m[35m [agent][0m [agent] 无效命令 'var'，在 REPL 中输入 help 查看可用命令
[1m[35m [agent][0m [agent] 无效命令 'try'，在 REPL 中输入 help 查看可用命令
[1m[35m [agent][0m [agent] 无效命令 'if'，在 REPL 中输入 help 查看可用命令
[1m[35m [agent][0m [agent] 无效命令 '}'，在 REPL 中输入 help 查看可用命令
[1m[35m [agent][0m [agent] 无效命令 'before'，在 REPL 中输入 help 查看可用命令
[1m[35m [agent][0m [agent] 无效命令 '}'，在 REPL 中输入 help 查看可用命令
[1m[35m [agent][0m [agent] 无效命令 'if'，在 REPL 中输入 help 查看可用命令
[1m[35m [agent][0m [agent] 无效命令 'Java["set"'，在 REPL 中输入 help 查看可用命令
[1m[35m [agent][0m [agent] 无效命令 '}'，在 REPL 中输入 help 查看可用命令
[1m[35m [agent][0m [agent] 无效命令 'var'，在 REPL 中输入 help 查看可用命令
[1m[35m [agent][0m [agent] 无效命令 'try'，在 REPL 中输入 help 查看可用命令
[1m[35m [agent][0m [agent] 无效命令 'if'，在 REPL 中输入 help 查看可用命令
[1m[35m [agent][0m [agent] 无效命令 '}'，在 REPL 中输入 help 查看可用命令
[1m[35m [agent][0m [agent] 无效命令 'after'，在 REPL 中输入 help 查看可用命令
[1m[35m [agent][0m [agent] 无效命令 '}'，在 REPL 中输入 help 查看可用命令
[1m[35m [agent][0m [agent] 无效命令 'log("java'，在 REPL 中输入 help 查看可用命令
[1m[35m [agent][0m [agent] 无效命令 'return'，在 REPL 中输入 help 查看可用命令
[1m[35m [agent][0m [agent] 无效命令 '}'，在 REPL 中输入 help 查看可用命令
[1m[35m [agent][0m [agent] 无效命令 'addEvent("java'，在 REPL 中输入 help 查看可用命令
[1m[35m [agent][0m [agent] 无效命令 'log("Java.setStealth("'，在 REPL 中输入 help 查看可用命令
[1m[35m [agent][0m [agent] 无效命令 'if'，在 REPL 中输入 help 查看可用命令
[1m[35m [agent][0m [agent] 无效命令 'return'，在 REPL 中输入 help 查看可用命令
[1m[35m [agent][0m [agent] 无效命令 '}'，在 REPL 中输入 help 查看可用命令
[1m[35m [agent][0m [agent] 无效命令 '}'，在 REPL 中输入 help 查看可用命令
[1m[35m [agent][0m [agent] 无效命令 'function'，在 REPL 中输入 help 查看可用命令
[1m[35m [agent][0m [agent] 无效命令 'try'，在 REPL 中输入 help 查看可用命令
[1m[35m [agent][0m [agent] 无效命令 'var'，在 REPL 中输入 help 查看可用命令
[1m[35m [agent][0m [agent] 无效命令 'if'，在 REPL 中输入 help 查看可用命令
[1m[35m [agent][0m [agent] 无效命令 'return'，在 REPL 中输入 help 查看可用命令
[1m[35m [agent][0m [agent] 无效命令 '}'，在 REPL 中输入 help 查看可用命令
[1m[35m [agent][0m [agent] 无效命令 'return'，在 REPL 中输入 help 查看可用命令
[1m[35m [agent][0m [agent] 无效命令 '}'，在 REPL 中输入 help 查看可用命令
[1m[35m [agent][0m [agent] 无效命令 '}'，在 REPL 中输入 help 查看可用命令
[1m[35m [agent][0m [agent] 无效命令 'function'，在 REPL 中输入 help 查看可用命令
[1m[35m [agent][0m [agent] 无效命令 'try'，在 REPL 中输入 help 查看可用命令
[1m[35m [agent][0m [agent] 无效命令 'var'，在 REPL 中输入 help 查看可用命令
[1m[35m [agent][0m [agent] 无效命令 'var'，在 REPL 中输入 help 查看可用命令
[1m[35m [agent][0m [agent] 无效命令 'return'，在 REPL 中输入 help 查看可用命令
[1m[35m [agent][0m [agent] 无效命令 '}'，在 REPL 中输入 help 查看可用命令
[1m[35m [agent][0m [agent] 无效命令 'try'，在 REPL 中输入 help 查看可用命令
[1m[35m [agent][0m [agent] 无效命令 'return'，在 REPL 中输入 help 查看可用命令
[1m[35m [agent][0m [agent] 无效命令 '}'，在 REPL 中输入 help 查看可用命令
[1m[35m [agent][0m [agent] 无效命令 'return'，在 REPL 中输入 help 查看可用命令
[1m[35m [agent][0m [agent] 无效命令 '}'，在 REPL 中输入 help 查看可用命令
[1m[35m [agent][0m [agent] 无效命令 '}'，在 REPL 中输入 help 查看可用命令
[1m[35m [agent][0m [agent] 无效命令 '}'，在 REPL 中输入 help 查看可用命令
[1m[35m [agent][0m [agent] 无效命令 'function'，在 REPL 中输入 help 查看可用命令
[1m[35m [agent][0m [agent] 无效命令 'if'，在 REPL 中输入 help 查看可用命令
[1m[35m [agent][0m [agent] 无效命令 'try'，在 REPL 中输入 help 查看可用命令
[1m[35m [agent][0m [agent] 无效命令 'var'，在 REPL 中输入 help 查看可用命令
[1m[35m [agent][0m [agent] 无效命令 'while'，在 REPL 中输入 help 查看可用命令
[1m[35m [agent][0m [agent] 无效命令 'try'，在 REPL 中输入 help 查看可用命令
[1m[35m [agent][0m [agent] 无效命令 'var'，在 REPL 中输入 help 查看可用命令
[1m[35m [agent][0m [agent] 无效命令 'f.setAccessible(true);'，在 REPL 中输入 help 查看可用命令
[1m[35m [agent][0m [agent] 无效命令 'return'，在 REPL 中输入 help 查看可用命令
[1m[35m [agent][0m [agent] 无效命令 '}'，在 REPL 中输入 help 查看可用命令
[1m[35m [agent][0m [agent] 无效命令 'cls'，在 REPL 中输入 help 查看可用命令
[1m[35m [agent][0m [agent] 无效命令 'if'，在 REPL 中输入 help 查看可用命令
[1m[35m [agent][0m [agent] 无效命令 '}'，在 REPL 中输入 help 查看可用命令
[1m[35m [agent][0m [agent] 无效命令 '}'，在 REPL 中输入 help 查看可用命令
[1m[35m [agent][0m [agent] 无效命令 '}'，在 REPL 中输入 help 查看可用命令
[1m[35m [agent][0m [agent] 无效命令 '}'，在 REPL 中输入 help 查看可用命令
[1m[35m [agent][0m [agent] 无效命令 'return'，在 REPL 中输入 help 查看可用命令
[1m[35m [agent][0m [agent] 无效命令 '}'，在 REPL 中输入 help 查看可用命令
[1m[35m [agent][0m [agent] 无效命令 'function'，在 REPL 中输入 help 查看可用命令
[1m[35m [agent][0m [agent] 无效命令 'var'，在 REPL 中输入 help 查看可用命令
[1m[35m [agent][0m [agent] 无效命令 'if'，在 REPL 中输入 help 查看可用命令
[1m[35m [agent][0m [agent] 无效命令 'if'，在 REPL 中输入 help 查看可用命令
[1m[35m [agent][0m [agent] 无效命令 'return'，在 REPL 中输入 help 查看可用命令
[1m[35m [agent][0m [agent] 无效命令 '}'，在 REPL 中输入 help 查看可用命令
[1m[35m [agent][0m [agent] 无效命令 'function'，在 REPL 中输入 help 查看可用命令
[1m[35m [agent][0m [agent] 无效命令 'var'，在 REPL 中输入 help 查看可用命令
[1m[35m [agent][0m [agent] 无效命令 'var'，在 REPL 中输入 help 查看可用命令
[1m[35m [agent][0m [agent] 无效命令 'if'，在 REPL 中输入 help 查看可用命令
[1m[35m [agent][0m [agent] 无效命令 'return'，在 REPL 中输入 help 查看可用命令
[1m[35m [agent][0m [agent] 无效命令 '}'，在 REPL 中输入 help 查看可用命令
rustfrida> rustfrida> [1m[35m [agent][0m [agent] 无效命令 'function'，在 REPL 中输入 help 查看可用命令
[1m[35m [agent][0m [agent] 无效命令 'var'，在 REPL 中输入 help 查看可用命令
[1m[35m [agent][0m [agent] 无效命令 'if'，在 REPL 中输入 help 查看可用命令
[1m[35m [agent][0m [agent] 无效命令 'if'，在 REPL 中输入 help 查看可用命令
[1m[35m [agent][0m [agent] 无效命令 'if'，在 REPL 中输入 help 查看可用命令
[1m[35m [agent][0m [agent] 无效命令 'for'，在 REPL 中输入 help 查看可用命令
rustfrida> rustfrida> rustfrida> rustfrida> rustfrida> [1m[35m [agent][0m [agent] 无效命令 'if'，在 REPL 中输入 help 查看可用命令
rustfrida> [1m[35m [agent][0m [agent] 无效命令 '}'，在 REPL 中输入 help 查看可用命令
rustfrida> [1m[35m [agent][0m [agent] 无效命令 'return'，在 REPL 中输入 help 查看可用命令
rustfrida> [1m[35m [agent][0m [agent] 无效命令 '}'，在 REPL 中输入 help 查看可用命令
rustfrida> [1m[35m [agent][0m [agent] 无效命令 'function'，在 REPL 中输入 help 查看可用命令
rustfrida> rustfrida> [1m[35m [agent][0m [agent] 无效命令 'while'，在 REPL 中输入 help 查看可用命令
rustfrida> [1m[35m [agent][0m [agent] 无效命令 'var'，在 REPL 中输入 help 查看可用命令
rustfrida> [1m[35m [agent][0m [agent] 无效命令 'if'，在 REPL 中输入 help 查看可用命令
rustfrida> [1m[35m [agent][0m [agent] 无效命令 '}'，在 REPL 中输入 help 查看可用命令
rustfrida> [1m[35m [agent][0m [agent] 无效命令 '}'，在 REPL 中输入 help 查看可用命令
rustfrida> rustfrida> rustfrida> rustfrida> rustfrida> [1m[35m [agent][0m [agent] 无效命令 'function'，在 REPL 中输入 help 查看可用命令
[1m[35m [agent][0m [agent] 无效命令 'var'，在 REPL 中输入 help 查看可用命令
[1m[35m [agent][0m [agent] 无效命令 'var'，在 REPL 中输入 help 查看可用命令
[1m[35m [agent][0m [agent] 无效命令 'urlPtr:'，在 REPL 中输入 help 查看可用命令
[1m[35m [agent][0m [agent] 无效命令 'url:'，在 REPL 中输入 help 查看可用命令
[1m[35m [agent][0m [agent] 无效命令 'httpMethod:'，在 REPL 中输入 help 查看可用命令
[1m[35m [agent][0m [agent] 无效命令 'requestHeaders:'，在 REPL 中输入 help 查看可用命令
[1m[35m [agent][0m [agent] 无效命令 'responseHeaders:'，在 REPL 中输入 help 查看可用命令
rustfrida> [1m[35m [agent][0m [agent] 无效命令 'requestBodyHex:'，在 REPL 中输入 help 查看可用命令
[1m[35m [agent][0m [agent] 无效命令 'requestBodyCount:'，在 REPL 中输入 help 查看可用命令
rustfrida> [1m[35m [agent][0m [agent] 无效命令 'responseBodyHex:'，在 REPL 中输入 help 查看可用命令
rustfrida> [1m[35m [agent][0m [agent] 无效命令 'curProcess:'，在 REPL 中输入 help 查看可用命令
rustfrida> [1m[35m [agent][0m [agent] 无效命令 'curThread:'，在 REPL 中输入 help 查看可用命令
rustfrida> [1m[35m [agent][0m [agent] 无效命令 'requestStartTime:'，在 REPL 中输入 help 查看可用命令
rustfrida> [1m[35m [agent][0m [agent] 无效命令 'requestEndTime:'，在 REPL 中输入 help 查看可用命令
rustfrida> rustfrida> rustfrida> [1m[35m [agent][0m [agent] 无效命令 'reportId:'，在 REPL 中输入 help 查看可用命令
rustfrida> [1m[35m [agent][0m [agent] 无效命令 'xms:'，在 REPL 中输入 help 查看可用命令
rustfrida> [1m[35m [agent][0m [agent] 无效命令 'requestBodyTruncated:'，在 REPL 中输入 help 查看可用命令
[1m[35m [agent][0m [agent] 无效命令 'responseBodyTruncated:'，在 REPL 中输入 help 查看可用命令
[1m[35m [agent][0m [agent] 无效命令 '};'，在 REPL 中输入 help 查看可用命令
[1m[35m [agent][0m [agent] 无效命令 'state.requestsByPtr[key]'，在 REPL 中输入 help 查看可用命令
rustfrida> rustfrida> rustfrida> rustfrida> [1m[35m [agent][0m [agent] 无效命令 'state.requests.push(req);'，在 REPL 中输入 help 查看可用命令
[1m[35m [agent][0m [agent] 无效命令 'trimPending();'，在 REPL 中输入 help 查看可用命令
[1m[35m [agent][0m [agent] 无效命令 'state.stats.created++;'，在 REPL 中输入 help 查看可用命令
rustfrida> rustfrida> [1m[35m [agent][0m [agent] 无效命令 'log("track'，在 REPL 中输入 help 查看可用命令
[1m[35m [agent][0m [agent] 无效命令 'return'，在 REPL 中输入 help 查看可用命令
[1m[35m [agent][0m [agent] 无效命令 '}'，在 REPL 中输入 help 查看可用命令
rustfrida> rustfrida> rustfrida> rustfrida> [1m[35m [agent][0m [agent] 无效命令 'function'，在 REPL 中输入 help 查看可用命令
rustfrida> rustfrida> rustfrida> rustfrida> [1m[35m [agent][0m [agent] 无效命令 'return'，在 REPL 中输入 help 查看可用命令
[1m[35m [agent][0m [agent] 无效命令 '}'，在 REPL 中输入 help 查看可用命令
rustfrida> [1m[35m [agent][0m [agent] 无效命令 'function'，在 REPL 中输入 help 查看可用命令
rustfrida> [1m[35m [agent][0m [agent] 无效命令 'var'，在 REPL 中输入 help 查看可用命令
rustfrida> [1m[35m [agent][0m [agent] 无效命令 'if'，在 REPL 中输入 help 查看可用命令
rustfrida> rustfrida> rustfrida> [1m[35m [agent][0m [agent] 无效命令 'for'，在 REPL 中输入 help 查看可用命令
rustfrida> rustfrida> rustfrida> rustfrida> rustfrida> rustfrida> rustfrida> rustfrida> rustfrida> rustfrida> rustfrida> rustfrida> rustfrida> rustfrida> rustfrida> rustfrida> rustfrida> rustfrida> rustfrida> rustfrida> rustfrida> rustfrida> rustfrida> rustfrida> rustfrida> rustfrida> rustfrida> rustfrida> rustfrida> rustfrida> rustfrida> rustfrida> [1m[35m [agent][0m [agent] 无效命令 'var'，在 REPL 中输入 help 查看可用命令
[1m[35m [agent][0m [agent] 无效命令 'if'，在 REPL 中输入 help 查看可用命令
[1m[35m [agent][0m [agent] 无效命令 '}'，在 REPL 中输入 help 查看可用命令
[1m[35m [agent][0m [agent] 无效命令 'for'，在 REPL 中输入 help 查看可用命令
[1m[35m [agent][0m [agent] 无效命令 'var'，在 REPL 中输入 help 查看可用命令
[1m[35m [agent][0m [agent] 无效命令 'if'，在 REPL 中输入 help 查看可用命令
[1m[35m [agent][0m [agent] 无效命令 '}'，在 REPL 中输入 help 查看可用命令
[1m[35m [agent][0m [agent] 无效命令 'return'，在 REPL 中输入 help 查看可用命令
[1m[35m [agent][0m [agent] 无效命令 '}'，在 REPL 中输入 help 查看可用命令
[1m[35m [agent][0m [agent] 无效命令 'function'，在 REPL 中输入 help 查看可用命令
[1m[35m [agent][0m [agent] 无效命令 'var'，在 REPL 中输入 help 查看可用命令
[1m[35m [agent][0m [agent] 无效命令 'if'，在 REPL 中输入 help 查看可用命令
[1m[35m [agent][0m [agent] 无效命令 'var'，在 REPL 中输入 help 查看可用命令
[1m[35m [agent][0m [agent] 无效命令 'var'，在 REPL 中输入 help 查看可用命令
[1m[35m [agent][0m [agent] 无效命令 'if'，在 REPL 中输入 help 查看可用命令
[1m[35m [agent][0m [agent] 无效命令 'req'，在 REPL 中输入 help 查看可用命令
[1m[35m [agent][0m [agent] 无效命令 'req.curThread'，在 REPL 中输入 help 查看可用命令
[1m[35m [agent][0m [agent] 无效命令 'addEvent("auto'，在 REPL 中输入 help 查看可用命令
[1m[35m [agent][0m [agent] 无效命令 'return'，在 REPL 中输入 help 查看可用命令
[1m[35m [agent][0m [agent] 无效命令 '}'，在 REPL 中输入 help 查看可用命令
[1m[35m [agent][0m [agent] 无效命令 'function'，在 REPL 中输入 help 查看可用命令
[1m[35m [agent][0m [agent] 无效命令 'var'，在 REPL 中输入 help 查看可用命令
[1m[35m [agent][0m [agent] 无效命令 'if'，在 REPL 中输入 help 查看可用命令
[1m[35m [agent][0m [agent] 无效命令 'for'，在 REPL 中输入 help 查看可用命令
[1m[35m [agent][0m [agent] 无效命令 'var'，在 REPL 中输入 help 查看可用命令
[1m[35m [agent][0m [agent] 无效命令 'if'，在 REPL 中输入 help 查看可用命令
[1m[35m [agent][0m [agent] 无效命令 'var'，在 REPL 中输入 help 查看可用命令
[1m[35m [agent][0m [agent] 无效命令 'if'，在 REPL 中输入 help 查看可用命令
[1m[35m [agent][0m [agent] 无效命令 '}'，在 REPL 中输入 help 查看可用命令
[1m[35m [agent][0m [agent] 无效命令 'return'，在 REPL 中输入 help 查看可用命令
[1m[35m [agent][0m [agent] 无效命令 '}'，在 REPL 中输入 help 查看可用命令
[1m[35m [agent][0m [agent] 无效命令 'function'，在 REPL 中输入 help 查看可用命令
[1m[35m [agent][0m [agent] 无效命令 'if'，在 REPL 中输入 help 查看可用命令
[1m[35m [agent][0m [agent] 无效命令 'if'，在 REPL 中输入 help 查看可用命令
rustfrida> rustfrida> rustfrida> [1m[35m [agent][0m [agent] 无效命令 'for'，在 REPL 中输入 help 查看可用命令
rustfrida> rustfrida> [1m[35m [agent][0m [agent] 无效命令 'if'，在 REPL 中输入 help 查看可用命令
[1m[35m [agent][0m [agent] 无效命令 'state.requests.splice(i,'，在 REPL 中输入 help 查看可用命令
[1m[35m [agent][0m [agent] 无效命令 'return;'，在 REPL 中输入 help 查看可用命令
[1m[35m [agent][0m [agent] 无效命令 '}'，在 REPL 中输入 help 查看可用命令
rustfrida> rustfrida> rustfrida> rustfrida> rustfrida> rustfrida> rustfrida> [1m[35m [agent][0m [agent] 无效命令 '}'，在 REPL 中输入 help 查看可用命令
rustfrida> [1m[35m [agent][0m [agent] 无效命令 '}'，在 REPL 中输入 help 查看可用命令
[1m[35m [agent][0m [agent] 无效命令 'function'，在 REPL 中输入 help 查看可用命令
rustfrida> [1m[35m [agent][0m [agent] 无效命令 'v'，在 REPL 中输入 help 查看可用命令
rustfrida> [1m[35m [agent][0m [agent] 无效命令 'if'，在 REPL 中输入 help 查看可用命令
rustfrida> rustfrida> rustfrida> rustfrida> rustfrida> rustfrida> rustfrida> rustfrida> rustfrida> rustfrida> rustfrida> rustfrida> rustfrida> rustfrida> rustfrida> rustfrida> rustfrida> rustfrida> rustfrida> rustfrida> rustfrida> rustfrida> rustfrida> rustfrida> rustfrida> rustfrida> rustfrida> rustfrida> rustfrida> rustfrida> rustfrida> rustfrida> rustfrida> rustfrida> rustfrida> rustfrida> rustfrida> rustfrida> rustfrida> rustfrida> rustfrida> rustfrida> rustfrida> rustfrida> rustfrida> rustfrida> rustfrida> rustfrida> rustfrida> rustfrida> rustfrida> rustfrida> rustfrida> rustfrida> rustfrida> rustfrida> rustfrida> rustfrida> rustfrida> rustfrida> rustfrida> rustfrida> rustfrida> rustfrida> rustfrida> rustfrida> rustfrida> rustfrida> rustfrida> rustfrida> rustfrida> rustfrida> rustfrida> rustfrida> rustfrida> rustfrida> rustfrida> rustfrida> rustfrida> rustfrida> rustfrida> rustfrida> rustfrida> rustfrida> rustfrida> rustfrida> rustfrida> rustfrida> rustfrida> rustfrida> rustfrida> rustfrida> rustfrida> rustfrida> rustfrida> rustfrida> rustfrida> rustfrida> rustfrida> rustfrida> rustfrida> rustfrida> rustfrida> rustfrida> rustfrida> rustfrida> rustfrida> rustfrida> rustfrida> rustfrida> rustfrida> rustfrida> rustfrida> rustfrida> rustfrida> rustfrida> rustfrida> rustfrida> rustfrida> rustfrida> rustfrida> rustfrida> rustfrida> rustfrida> rustfrida> rustfrida> rustfrida> rustfrida> rustfrida> rustfrida> rustfrida> rustfrida> rustfrida> rustfrida> rustfrida> rustfrida> rustfrida> rustfrida> rustfrida> rustfrida> rustfrida> rustfrida> rustfrida> rustfrida> rustfrida> rustfrida> rustfrida> rustfrida> rustfrida> rustfrida> rustfrida> rustfrida> rustfrida> rustfrida> rustfrida> rustfrida> rustfrida> rustfrida> rustfrida> rustfrida> rustfrida> rustfrida> rustfrida> rustfrida> rustfrida> rustfrida> rustfrida> rustfrida> rustfrida> rustfrida> rustfrida> rustfrida> rustfrida> rustfrida> rustfrida> rustfrida> rustfrida> rustfrida> rustfrida> rustfrida> rustfrida> rustfrida> rustfrida> rustfrida> rustfrida> rustfrida> rustfrida> rustfrida> rustfrida> rustfrida> rustfrida> rustfrida> rustfrida> rustfrida> rustfrida> rustfrida> rustfrida> rustfrida> rustfrida> rustfrida> rustfrida> rustfrida> [1m[35m [agent][0m [agent] 无效命令 'return'，在 REPL 中输入 help 查看可用命令
[1m[35m [agent][0m [agent] 无效命令 '}'，在 REPL 中输入 help 查看可用命令
[1m[35m [agent][0m [agent] 无效命令 'function'，在 REPL 中输入 help 查看可用命令
[1m[35m [agent][0m [agent] 无效命令 'if'，在 REPL 中输入 help 查看可用命令
[1m[35m [agent][0m [agent] 无效命令 'off'，在 REPL 中输入 help 查看可用命令
[1m[35m [agent][0m [agent] 无效命令 'len'，在 REPL 中输入 help 查看可用命令
[1m[35m [agent][0m [agent] 无效命令 'if'，在 REPL 中输入 help 查看可用命令
[1m[35m [agent][0m [agent] 无效命令 'var'，在 REPL 中输入 help 查看可用命令
[1m[35m [agent][0m [agent] 无效命令 'try'，在 REPL 中输入 help 查看可用命令
[1m[35m [agent][0m [agent] 无效命令 'var'，在 REPL 中输入 help 查看可用命令
[1m[35m [agent][0m [agent] 无效命令 'var'，在 REPL 中输入 help 查看可用命令
[1m[35m [agent][0m [agent] 无效命令 'for'，在 REPL 中输入 help 查看可用命令
[1m[35m [agent][0m [agent] 无效命令 'out.push(byteToHex(arr[i]));'，在 REPL 中输入 help 查看可用命令
[1m[35m [agent][0m [agent] 无效命令 '}'，在 REPL 中输入 help 查看可用命令
[1m[35m [agent][0m [agent] 无效命令 'return'，在 REPL 中输入 help 查看可用命令
[1m[35m [agent][0m [agent] 无效命令 '}'，在 REPL 中输入 help 查看可用命令
[1m[35m [agent][0m [agent] 无效命令 'function'，在 REPL 中输入 help 查看可用命令
[1m[35m [agent][0m [agent] 无效命令 'if'，在 REPL 中输入 help 查看可用命令
[1m[35m [agent][0m [agent] 无效命令 'var'，在 REPL 中输入 help 查看可用命令
[1m[35m [agent][0m [agent] 无效命令 'var'，在 REPL 中输入 help 查看可用命令
[1m[35m [agent][0m [agent] 无效命令 'var'，在 REPL 中输入 help 查看可用命令
[1m[35m [agent][0m [agent] 无效命令 'if'，在 REPL 中输入 help 查看可用命令
[1m[35m [agent][0m [agent] 无效命令 'req[field'，在 REPL 中输入 help 查看可用命令
[1m[35m [agent][0m [agent] 无效命令 'return;'，在 REPL 中输入 help 查看可用命令
[1m[35m [agent][0m [agent] 无效命令 '}'，在 REPL 中输入 help 查看可用命令
[1m[35m [agent][0m [agent] 无效命令 'if'，在 REPL 中输入 help 查看可用命令
[1m[35m [agent][0m [agent] 无效命令 'var'，在 REPL 中输入 help 查看可用命令
[1m[35m [agent][0m [agent] 无效命令 'hex'，在 REPL 中输入 help 查看可用命令
[1m[35m [agent][0m [agent] 无效命令 'addBytes'，在 REPL 中输入 help 查看可用命令
[1m[35m [agent][0m [agent] 无效命令 'req[field'，在 REPL 中输入 help 查看可用命令
[1m[35m [agent][0m [agent] 无效命令 '}'，在 REPL 中输入 help 查看可用命令
[1m[35m [agent][0m [agent] 无效命令 'req[field]'，在 REPL 中输入 help 查看可用命令
[1m[35m [agent][0m [agent] 无效命令 'if'，在 REPL 中输入 help 查看可用命令
[1m[35m [agent][0m [agent] 无效命令 'req.requestBodyCount'，在 REPL 中输入 help 查看可用命令
[1m[35m [agent][0m [agent] 无效命令 'state.stats.requestBodyBytes'，在 REPL 中输入 help 查看可用命令
[1m[35m [agent][0m [agent] 无效命令 '}'，在 REPL 中输入 help 查看可用命令
[1m[35m [agent][0m [agent] 无效命令 'state.stats.responseBodyBytes'，在 REPL 中输入 help 查看可用命令
[1m[35m [agent][0m [agent] 无效命令 '}'，在 REPL 中输入 help 查看可用命令
[1m[35m [agent][0m [agent] 无效命令 '}'，在 REPL 中输入 help 查看可用命令
[1m[35m [agent][0m [agent] 无效命令 'function'，在 REPL 中输入 help 查看可用命令
[1m[35m [agent][0m [agent] 无效命令 'key'，在 REPL 中输入 help 查看可用命令
[1m[35m [agent][0m [agent] 无效命令 'if'，在 REPL 中输入 help 查看可用命令
[1m[35m [agent][0m [agent] 无效命令 'req.requestHeaders[key]'，在 REPL 中输入 help 查看可用命令
[1m[35m [agent][0m [agent] 无效命令 '}'，在 REPL 中输入 help 查看可用命令
[1m[35m [agent][0m [agent] 无效命令 'function'，在 REPL 中输入 help 查看可用命令
[1m[35m [agent][0m [agent] 无效命令 'if'，在 REPL 中输入 help 查看可用命令
[1m[35m [agent][0m [agent] 无效命令 'try'，在 REPL 中输入 help 查看可用命令
[1m[35m [agent][0m [agent] 无效命令 'var'，在 REPL 中输入 help 查看可用命令
[1m[35m [agent][0m [agent] 无效命令 'var'，在 REPL 中输入 help 查看可用命令
[1m[35m [agent][0m [agent] 无效命令 'while'，在 REPL 中输入 help 查看可用命令
[1m[35m [agent][0m [agent] 无效命令 'return'，在 REPL 中输入 help 查看可用命令
[1m[35m [agent][0m [agent] 无效命令 '}'，在 REPL 中输入 help 查看可用命令
[1m[35m [agent][0m [agent] 无效命令 'return'，在 REPL 中输入 help 查看可用命令
[1m[35m [agent][0m [agent] 无效命令 '}'，在 REPL 中输入 help 查看可用命令
[1m[35m [agent][0m [agent] 无效命令 '}'，在 REPL 中输入 help 查看可用命令
[1m[35m [agent][0m [agent] 无效命令 'function'，在 REPL 中输入 help 查看可用命令
[1m[35m [agent][0m [agent] 无效命令 'if'，在 REPL 中输入 help 查看可用命令
[1m[35m [agent][0m [agent] 无效命令 'var'，在 REPL 中输入 help 查看可用命令
[1m[35m [agent][0m [agent] 无效命令 'if'，在 REPL 中输入 help 查看可用命令
[1m[35m [agent][0m [agent] 无效命令 'try'，在 REPL 中输入 help 查看可用命令
[1m[35m [agent][0m [agent] 无效命令 'var'，在 REPL 中输入 help 查看可用命令
[1m[35m [agent][0m [agent] 无效命令 'while'，在 REPL 中输入 help 查看可用命令
[1m[35m [agent][0m [agent] 无效命令 'var'，在 REPL 中输入 help 查看可用命令
[1m[35m [agent][0m [agent] 无效命令 'var'，在 REPL 中输入 help 查看可用命令
[1m[35m [agent][0m [agent] 无效命令 'var'，在 REPL 中输入 help 查看可用命令
[1m[35m [agent][0m [agent] 无效命令 'req.responseHeaders[key]'，在 REPL 中输入 help 查看可用命令
[1m[35m [agent][0m [agent] 无效命令 '}'，在 REPL 中输入 help 查看可用命令
[1m[35m [agent][0m [agent] 无效命令 '}'，在 REPL 中输入 help 查看可用命令
rustfrida> [1m[35m [agent][0m [agent] 无效命令 'addEvent("response'，在 REPL 中输入 help 查看可用命令
rustfrida> [1m[35m [agent][0m [agent] 无效命令 '}'，在 REPL 中输入 help 查看可用命令
rustfrida> [1m[35m [agent][0m [agent] 无效命令 '}'，在 REPL 中输入 help 查看可用命令
rustfrida> [1m[35m [agent][0m [agent] 无效命令 'function'，在 REPL 中输入 help 查看可用命令
[1m[35m [agent][0m [agent] 无效命令 'var'，在 REPL 中输入 help 查看可用命令
rustfrida> [1m[35m [agent][0m [agent] 无效命令 'var'，在 REPL 中输入 help 查看可用命令
rustfrida> [1m[35m [agent][0m [agent] 无效命令 'var'，在 REPL 中输入 help 查看可用命令
rustfrida> rustfrida> [1m[35m [agent][0m [agent] 无效命令 'for'，在 REPL 中输入 help 查看可用命令
rustfrida> [1m[35m [agent][0m [agent] 无效命令 'var'，在 REPL 中输入 help 查看可用命令
rustfrida> rustfrida> [1m[35m [agent][0m [agent] 无效命令 'var'，在 REPL 中输入 help 查看可用命令
rustfrida> [1m[35m [agent][0m [agent] 无效命令 'if'，在 REPL 中输入 help 查看可用命令
rustfrida> [1m[35m [agent][0m [agent] 无效命令 '}'，在 REPL 中输入 help 查看可用命令
rustfrida> [1m[35m [agent][0m [agent] 无效命令 'if'，在 REPL 中输入 help 查看可用命令
rustfrida> [1m[35m [agent][0m [agent] 无效命令 'var'，在 REPL 中输入 help 查看可用命令
rustfrida> [1m[35m [agent][0m [agent] 无效命令 'for'，在 REPL 中输入 help 查看可用命令
rustfrida> [1m[35m [agent][0m [agent] 无效命令 'var'，在 REPL 中输入 help 查看可用命令
rustfrida> [1m[35m [agent][0m [agent] 无效命令 'var'，在 REPL 中输入 help 查看可用命令
rustfrida> [1m[35m [agent][0m [agent] 无效命令 'if'，在 REPL 中输入 help 查看可用命令
rustfrida> rustfrida> rustfrida> rustfrida> rustfrida> rustfrida> rustfrida> rustfrida> rustfrida> rustfrida> rustfrida> rustfrida> rustfrida> rustfrida> rustfrida> rustfrida> rustfrida> rustfrida> rustfrida> rustfrida> rustfrida> rustfrida> rustfrida> rustfrida> rustfrida> rustfrida> rustfrida> rustfrida> rustfrida> rustfrida> rustfrida> rustfrida> rustfrida> rustfrida> rustfrida> rustfrida> rustfrida> rustfrida> rustfrida> rustfrida> rustfrida> rustfrida> rustfrida> rustfrida> rustfrida> rustfrida> rustfrida> rustfrida> rustfrida> rustfrida> rustfrida> rustfrida> rustfrida> rustfrida> rustfrida> rustfrida> rustfrida> rustfrida> rustfrida> rustfrida> rustfrida> rustfrida> rustfrida> rustfrida> rustfrida> rustfrida> rustfrida> rustfrida> rustfrida> rustfrida> rustfrida> rustfrida> rustfrida> rustfrida> rustfrida> rustfrida> rustfrida> rustfrida> rustfrida> rustfrida> rustfrida> rustfrida> rustfrida> rustfrida> rustfrida> rustfrida> rustfrida> rustfrida> rustfrida> rustfrida> rustfrida> rustfrida> rustfrida> rustfrida> rustfrida> rustfrida> rustfrida> rustfrida> rustfrida> rustfrida> rustfrida> rustfrida> rustfrida> rustfrida> rustfrida> rustfrida> rustfrida> rustfrida> rustfrida> rustfrida> rustfrida> rustfrida> rustfrida> rustfrida> rustfrida> rustfrida> rustfrida> rustfrida> rustfrida> rustfrida> rustfrida> rustfrida> rustfrida> rustfrida> rustfrida> rustfrida> rustfrida> rustfrida> rustfrida> rustfrida> rustfrida> rustfrida> rustfrida> rustfrida> rustfrida> rustfrida> rustfrida> rustfrida> rustfrida> rustfrida> rustfrida> rustfrida> rustfrida> rustfrida> rustfrida> rustfrida> rustfrida> rustfrida> rustfrida> rustfrida> rustfrida> rustfrida> rustfrida> rustfrida> rustfrida> rustfrida> rustfrida> rustfrida> rustfrida> rustfrida> rustfrida> rustfrida> rustfrida> rustfrida> rustfrida> rustfrida> rustfrida> rustfrida> rustfrida> rustfrida> rustfrida> rustfrida> rustfrida> rustfrida> rustfrida> rustfrida> rustfrida> rustfrida> rustfrida> rustfrida> rustfrida> rustfrida> rustfrida> rustfrida> rustfrida> rustfrida> rustfrida> rustfrida> rustfrida> rustfrida> rustfrida> rustfrida> rustfrida> rustfrida> rustfrida> rustfrida> [1m[35m [agent][0m [agent] 无效命令 '}'，在 REPL 中输入 help 查看可用命令
[1m[35m [agent][0m [agent] 无效命令 'return'，在 REPL 中输入 help 查看可用命令
[1m[35m [agent][0m [agent] 无效命令 '}'，在 REPL 中输入 help 查看可用命令
[1m[35m [agent][0m [agent] 无效命令 'function'，在 REPL 中输入 help 查看可用命令
[1m[35m [agent][0m [agent] 无效命令 'state.stats.xmHits++;'，在 REPL 中输入 help 查看可用命令
[1m[35m [agent][0m [agent] 无效命令 'var'，在 REPL 中输入 help 查看可用命令
[1m[35m [agent][0m [agent] 无效命令 'if'，在 REPL 中输入 help 查看可用命令
[1m[35m [agent][0m [agent] 无效命令 'addEvent("xm'，在 REPL 中输入 help 查看可用命令
[1m[35m [agent][0m [agent] 无效命令 'return;'，在 REPL 中输入 help 查看可用命令
[1m[35m [agent][0m [agent] 无效命令 '}'，在 REPL 中输入 help 查看可用命令
[1m[35m [agent][0m [agent] 无效命令 'var'，在 REPL 中输入 help 查看可用命令
[1m[35m [agent][0m [agent] 无效命令 'Object.keys(headers).forEach(function'，在 REPL 中输入 help 查看可用命令
[1m[35m [agent][0m [agent] 无效命令 'req.requestHeaders[k]'，在 REPL 中输入 help 查看可用命令
[1m[35m [agent][0m [agent] 无效命令 '});'，在 REPL 中输入 help 查看可用命令
[1m[35m [agent][0m [agent] 无效命令 'req.xms'，在 REPL 中输入 help 查看可用命令
[1m[35m [agent][0m [agent] 无效命令 'state.stats.xmMatched++;'，在 REPL 中输入 help 查看可用命令
[1m[35m [agent][0m [agent] 无效命令 'log("xm'，在 REPL 中输入 help 查看可用命令
[1m[35m [agent][0m [agent] 无效命令 '}'，在 REPL 中输入 help 查看可用命令
[1m[35m [agent][0m [agent] 无效命令 'function'，在 REPL 中输入 help 查看可用命令
[1m[35m [agent][0m [agent] 无效命令 'try'，在 REPL 中输入 help 查看可用命令
[1m[35m [agent][0m [agent] 无效命令 'var'，在 REPL 中输入 help 查看可用命令
[1m[35m [agent][0m [agent] 无效命令 'var'，在 REPL 中输入 help 查看可用命令
[1m[35m [agent][0m [agent] 无效命令 'var'，在 REPL 中输入 help 查看可用命令
[1m[35m [agent][0m [agent] 无效命令 'return'，在 REPL 中输入 help 查看可用命令
[1m[35m [agent][0m [agent] 无效命令 '}'，在 REPL 中输入 help 查看可用命令
[1m[35m [agent][0m [agent] 无效命令 'return'，在 REPL 中输入 help 查看可用命令
[1m[35m [agent][0m [agent] 无效命令 '}'，在 REPL 中输入 help 查看可用命令
[1m[35m [agent][0m [agent] 无效命令 '}'，在 REPL 中输入 help 查看可用命令
[1m[35m [agent][0m [agent] 无效命令 'function'，在 REPL 中输入 help 查看可用命令
[1m[35m [agent][0m [agent] 无效命令 'var'，在 REPL 中输入 help 查看可用命令
[1m[35m [agent][0m [agent] 无效命令 'var'，在 REPL 中输入 help 查看可用命令
[1m[35m [agent][0m [agent] 无效命令 'return'，在 REPL 中输入 help 查看可用命令
[1m[35m [agent][0m [agent] 无效命令 '}'，在 REPL 中输入 help 查看可用命令
[1m[35m [agent][0m [agent] 无效命令 'function'，在 REPL 中输入 help 查看可用命令
[1m[35m [agent][0m [agent] 无效命令 'var'，在 REPL 中输入 help 查看可用命令
[1m[35m [agent][0m [agent] 无效命令 'if'，在 REPL 中输入 help 查看可用命令
[1m[35m [agent][0m [agent] 无效命令 'extra'，在 REPL 中输入 help 查看可用命令
[1m[35m [agent][0m [agent] 无效命令 '}'，在 REPL 中输入 help 查看可用命令
[1m[35m [agent][0m [agent] 无效命令 'return'，在 REPL 中输入 help 查看可用命令
[1m[35m [agent][0m [agent] 无效命令 'version:'，在 REPL 中输入 help 查看可用命令
[1m[35m [agent][0m [agent] 无效命令 'version_code:'，在 REPL 中输入 help 查看可用命令
[1m[35m [agent][0m [agent] 无效命令 'device_id:'，在 REPL 中输入 help 查看可用命令
[1m[35m [agent][0m [agent] 无效命令 'url:'，在 REPL 中输入 help 查看可用命令
[1m[35m [agent][0m [agent] 无效命令 'method:'，在 REPL 中输入 help 查看可用命令
[1m[35m [agent][0m [agent] 无效命令 'headers:'，在 REPL 中输入 help 查看可用命令
[1m[35m [agent][0m [agent] 无效命令 'response_headers:'，在 REPL 中输入 help 查看可用命令
[1m[35m [agent][0m [agent] 无效命令 'raw_data:'，在 REPL 中输入 help 查看可用命令
[1m[35m [agent][0m [agent] 无效命令 'raw_data_md5:'，在 REPL 中输入 help 查看可用命令
[1m[35m [agent][0m [agent] 无效命令 'response_data:'，在 REPL 中输入 help 查看可用命令
[1m[35m [agent][0m [agent] 无效命令 'process:'，在 REPL 中输入 help 查看可用命令
[1m[35m [agent][0m [agent] 无效命令 'thread:'，在 REPL 中输入 help 查看可用命令
[1m[35m [agent][0m [agent] 无效命令 'request_start_time:'，在 REPL 中输入 help 查看可用命令
[1m[35m [agent][0m [agent] 无效命令 'request_end_time:'，在 REPL 中输入 help 查看可用命令
[1m[35m [agent][0m [agent] 无效命令 'net_type:'，在 REPL 中输入 help 查看可用命令
[1m[35m [agent][0m [agent] 无效命令 'from:'，在 REPL 中输入 help 查看可用命令
[1m[35m [agent][0m [agent] 无效命令 'type:'，在 REPL 中输入 help 查看可用命令
[1m[35m [agent][0m [agent] 无效命令 'task_name:'，在 REPL 中输入 help 查看可用命令
[1m[35m [agent][0m [agent] 无效命令 'is_tablet:'，在 REPL 中输入 help 查看可用命令
[1m[35m [agent][0m [agent] 无效命令 'report_id:'，在 REPL 中输入 help 查看可用命令
[1m[35m [agent][0m [agent] 无效命令 'extra_info:'，在 REPL 中输入 help 查看可用命令
[1m[35m [agent][0m [agent] 无效命令 '});'，在 REPL 中输入 help 查看可用命令
[1m[35m [agent][0m [agent] 无效命令 '}'，在 REPL 中输入 help 查看可用命令
[1m[35m [agent][0m [agent] 无效命令 'function'，在 REPL 中输入 help 查看可用命令
[1m[35m [agent][0m [agent] 无效命令 'var'，在 REPL 中输入 help 查看可用命令
[1m[35m [agent][0m [agent] 无效命令 'var'，在 REPL 中输入 help 查看可用命令
[1m[35m [agent][0m [agent] 无效命令 'var'，在 REPL 中输入 help 查看可用命令
[1m[35m [agent][0m [agent] 无效命令 'conn.setConnectTimeout(state.options.connectTimeoutMs);'，在 REPL 中输入 help 查看可用命令
[1m[35m [agent][0m [agent] 无效命令 'conn.setReadTimeout(state.options.readTimeoutMs);'，在 REPL 中输入 help 查看可用命令
[1m[35m [agent][0m [agent] 无效命令 'conn.setRequestMethod("POST");'，在 REPL 中输入 help 查看可用命令
[1m[35m [agent][0m [agent] 无效命令 'conn.setDoOutput(true);'，在 REPL 中输入 help 查看可用命令
[1m[35m [agent][0m [agent] 无效命令 'conn.setRequestProperty("Content-Type",'，在 REPL 中输入 help 查看可用命令
[1m[35m [agent][0m [agent] 无效命令 'var'，在 REPL 中输入 help 查看可用命令
[1m[35m [agent][0m [agent] 无效命令 'var'，在 REPL 中输入 help 查看可用命令
[1m[35m [agent][0m [agent] 无效命令 'os.write.overload("[B").call(os,'，在 REPL 中输入 help 查看可用命令
[1m[35m [agent][0m [agent] 无效命令 'os.flush();'，在 REPL 中输入 help 查看可用命令
[1m[35m [agent][0m [agent] 无效命令 'os.close();'，在 REPL 中输入 help 查看可用命令
[1m[35m [agent][0m [agent] 无效命令 'var'，在 REPL 中输入 help 查看可用命令
[1m[35m [agent][0m [agent] 无效命令 'conn.disconnect();'，在 REPL 中输入 help 查看可用命令
[1m[35m [agent][0m [agent] 无效命令 'return'，在 REPL 中输入 help 查看可用命令
[1m[35m [agent][0m [agent] 无效命令 '}'，在 REPL 中输入 help 查看可用命令
[1m[35m [agent][0m [agent] 无效命令 'function'，在 REPL 中输入 help 查看可用命令
[1m[35m [agent][0m [agent] 无效命令 'if'，在 REPL 中输入 help 查看可用命令
[1m[35m [agent][0m [agent] 无效命令 'var'，在 REPL 中输入 help 查看可用命令
[1m[35m [agent][0m [agent] 无效命令 'state.uploaderClass'，在 REPL 中输入 help 查看可用命令
[1m[35m [agent][0m [agent] 无效命令 'name:'，在 REPL 中输入 help 查看可用命令
[1m[35m [agent][0m [agent] 无效命令 'implements:'，在 REPL 中输入 help 查看可用命令
[1m[35m [agent][0m [agent] 无效命令 'fields:'，在 REPL 中输入 help 查看可用命令
[1m[35m [agent][0m [agent] 无效命令 'targetUrl:'，在 REPL 中输入 help 查看可用命令
[1m[35m [agent][0m [agent] 无效命令 'body:'，在 REPL 中输入 help 查看可用命令
[1m[35m [agent][0m [agent] 无效命令 '},'，在 REPL 中输入 help 查看可用命令
[1m[35m [agent][0m [agent] 无效命令 'methods:'，在 REPL 中输入 help 查看可用命令
[1m[35m [agent][0m [agent] 无效命令 '$init:'，在 REPL 中输入 help 查看可用命令
[1m[35m [agent][0m [agent] 无效命令 'returnType:'，在 REPL 中输入 help 查看可用命令
[1m[35m [agent][0m [agent] 无效命令 'argumentTypes:'，在 REPL 中输入 help 查看可用命令
[1m[35m [agent][0m [agent] 无效命令 'implementation:'，在 REPL 中输入 help 查看可用命令
[1m[35m [agent][0m [agent] 无效命令 'this.targetUrl.value'，在 REPL 中输入 help 查看可用命令
[1m[35m [agent][0m [agent] 无效命令 'this.body.value'，在 REPL 中输入 help 查看可用命令
[1m[35m [agent][0m [agent] 无效命令 '}'，在 REPL 中输入 help 查看可用命令
[1m[35m [agent][0m [agent] 无效命令 '}],'，在 REPL 中输入 help 查看可用命令
[1m[35m [agent][0m [agent] 无效命令 'run:'，在 REPL 中输入 help 查看可用命令
[1m[35m [agent][0m [agent] 无效命令 'try'，在 REPL 中输入 help 查看可用命令
[1m[35m [agent][0m [agent] 无效命令 'var'，在 REPL 中输入 help 查看可用命令
[1m[35m [agent][0m [agent] 无效命令 'if'，在 REPL 中输入 help 查看可用命令
[1m[35m [agent][0m [agent] 无效命令 'state.stats.uploaded++;'，在 REPL 中输入 help 查看可用命令
[1m[35m [agent][0m [agent] 无效命令 '}'，在 REPL 中输入 help 查看可用命令
[1m[35m [agent][0m [agent] 无效命令 'state.stats.uploadFailed++;'，在 REPL 中输入 help 查看可用命令
[1m[35m [agent][0m [agent] 无效命令 'log("upload'，在 REPL 中输入 help 查看可用命令
[1m[35m [agent][0m [agent] 无效命令 '}'，在 REPL 中输入 help 查看可用命令
[1m[35m [agent][0m [agent] 无效命令 '}'，在 REPL 中输入 help 查看可用命令
[1m[35m [agent][0m [agent] 无效命令 'state.stats.uploadFailed++;'，在 REPL 中输入 help 查看可用命令
[1m[35m [agent][0m [agent] 无效命令 'log("upload'，在 REPL 中输入 help 查看可用命令
[1m[35m [agent][0m [agent] 无效命令 '}'，在 REPL 中输入 help 查看可用命令
[1m[35m [agent][0m [agent] 无效命令 '}'，在 REPL 中输入 help 查看可用命令
[1m[35m [agent][0m [agent] 无效命令 '}'，在 REPL 中输入 help 查看可用命令
[1m[35m [agent][0m [agent] 无效命令 '});'，在 REPL 中输入 help 查看可用命令
[1m[35m [agent][0m [agent] 无效命令 'return'，在 REPL 中输入 help 查看可用命令
[1m[35m [agent][0m [agent] 无效命令 '}'，在 REPL 中输入 help 查看可用命令
[1m[35m [agent][0m [agent] 无效命令 'function'，在 REPL 中输入 help 查看可用命令
[1m[35m [agent][0m [agent] 无效命令 'if'，在 REPL 中输入 help 查看可用命令
[1m[35m [agent][0m [agent] 无效命令 'req.requestEndTime'，在 REPL 中输入 help 查看可用命令
[1m[35m [agent][0m [agent] 无效命令 'var'，在 REPL 中输入 help 查看可用命令
[1m[35m [agent][0m [agent] 无效命令 'state.lastPacket'，在 REPL 中输入 help 查看可用命令
[1m[35m [agent][0m [agent] 无效命令 'if'，在 REPL 中输入 help 查看可用命令
[1m[35m [agent][0m [agent] 无效命令 'if'，在 REPL 中输入 help 查看可用命令
[1m[35m [agent][0m [agent] 无效命令 'var'，在 REPL 中输入 help 查看可用命令
[1m[35m [agent][0m [agent] 无效命令 'try'，在 REPL 中输入 help 查看可用命令
[1m[35m [agent][0m [agent] 无效命令 'var'，在 REPL 中输入 help 查看可用命令
[1m[35m [agent][0m [agent] 无效命令 'var'，在 REPL 中输入 help 查看可用命令
[1m[35m [agent][0m [agent] 无效命令 'var'，在 REPL 中输入 help 查看可用命令
[1m[35m [agent][0m [agent] 无效命令 'var'，在 REPL 中输入 help 查看可用命令
[1m[35m [agent][0m [agent] 无效命令 'thread.start();'，在 REPL 中输入 help 查看可用命令
[1m[35m [agent][0m [agent] 无效命令 'state.stats.uploadStarted++;'，在 REPL 中输入 help 查看可用命令
[1m[35m [agent][0m [agent] 无效命令 'log("upload'，在 REPL 中输入 help 查看可用命令
[1m[35m [agent][0m [agent] 无效命令 '"'，在 REPL 中输入 help 查看可用命令
[1m[35m [agent][0m [agent] 无效命令 '"'，在 REPL 中输入 help 查看可用命令
[1m[35m [agent][0m [agent] 无效命令 '}'，在 REPL 中输入 help 查看可用命令
[1m[35m [agent][0m [agent] 无效命令 'state.stats.uploadFailed++;'，在 REPL 中输入 help 查看可用命令
[1m[35m [agent][0m [agent] 无效命令 'log("upload'，在 REPL 中输入 help 查看可用命令
[1m[35m [agent][0m [agent] 无效命令 '}'，在 REPL 中输入 help 查看可用命令
[1m[35m [agent][0m [agent] 无效命令 '}'，在 REPL 中输入 help 查看可用命令
[1m[35m [agent][0m [agent] 无效命令 'function'，在 REPL 中输入 help 查看可用命令
[1m[35m [agent][0m [agent] 无效命令 'try'，在 REPL 中输入 help 查看可用命令
[1m[35m [agent][0m [agent] 无效命令 'var'，在 REPL 中输入 help 查看可用命令
[1m[35m [agent][0m [agent] 无效命令 'var'，在 REPL 中输入 help 查看可用命令
[1m[35m [agent][0m [agent] 无效命令 'state.extraInfo'，在 REPL 中输入 help 查看可用命令
[1m[35m [agent][0m [agent] 无效命令 '}'，在 REPL 中输入 help 查看可用命令
[1m[35m [agent][0m [agent] 无效命令 'state.extraInfo'，在 REPL 中输入 help 查看可用命令
[1m[35m [agent][0m [agent] 无效命令 '}'，在 REPL 中输入 help 查看可用命令
rustfrida> rustfrida> rustfrida> rustfrida> rustfrida> rustfrida> rustfrida> rustfrida> rustfrida> rustfrida> rustfrida> rustfrida> rustfrida> rustfrida> rustfrida> rustfrida> rustfrida> rustfrida> rustfrida> rustfrida> rustfrida> rustfrida> rustfrida> rustfrida> rustfrida> rustfrida> rustfrida> rustfrida> rustfrida> rustfrida> rustfrida> rustfrida> rustfrida> rustfrida> rustfrida> rustfrida> rustfrida> rustfrida> rustfrida> rustfrida> rustfrida> rustfrida> rustfrida> rustfrida> rustfrida> rustfrida> rustfrida> rustfrida> rustfrida> rustfrida> rustfrida> rustfrida> rustfrida> rustfrida> rustfrida> rustfrida> rustfrida> rustfrida> rustfrida> rustfrida> rustfrida> rustfrida> rustfrida> rustfrida> rustfrida> rustfrida> rustfrida> rustfrida> rustfrida> rustfrida> rustfrida> rustfrida> rustfrida> rustfrida> rustfrida> rustfrida> rustfrida> rustfrida> rustfrida> rustfrida> rustfrida> rustfrida> rustfrida> rustfrida> rustfrida> rustfrida> rustfrida> rustfrida> rustfrida> rustfrida> rustfrida> rustfrida> rustfrida> rustfrida> rustfrida> rustfrida> rustfrida> rustfrida> rustfrida> rustfrida> rustfrida> rustfrida> rustfrida> rustfrida> [1m[35m [agent][0m [agent] 无效命令 'try'，在 REPL 中输入 help 查看可用命令
[1m[35m [agent][0m [agent] 无效命令 'var'，在 REPL 中输入 help 查看可用命令
[1m[35m [agent][0m [agent] 无效命令 'var'，在 REPL 中输入 help 查看可用命令
[1m[35m [agent][0m [agent] 无效命令 'if'，在 REPL 中输入 help 查看可用命令
[1m[35m [agent][0m [agent] 无效命令 'var'，在 REPL 中输入 help 查看可用命令
[1m[35m [agent][0m [agent] 无效命令 'state.deviceId'，在 REPL 中输入 help 查看可用命令
[1m[35m [agent][0m [agent] 无效命令 '}'，在 REPL 中输入 help 查看可用命令
[1m[35m [agent][0m [agent] 无效命令 'var'，在 REPL 中输入 help 查看可用命令
[1m[35m [agent][0m [agent] 无效命令 'if'，在 REPL 中输入 help 查看可用命令
[1m[35m [agent][0m [agent] 无效命令 '}'，在 REPL 中输入 help 查看可用命令
[1m[35m [agent][0m [agent] 无效命令 'if'，在 REPL 中输入 help 查看可用命令
[1m[35m [agent][0m [agent] 无效命令 'if'，在 REPL 中输入 help 查看可用命令
[1m[35m [agent][0m [agent] 无效命令 '}'，在 REPL 中输入 help 查看可用命令
[1m[35m [agent][0m [agent] 无效命令 'if'，在 REPL 中输入 help 查看可用命令
[1m[35m [agent][0m [agent] 无效命令 'state.deviceId'，在 REPL 中输入 help 查看可用命令
[1m[35m [agent][0m [agent] 无效命令 '}'，在 REPL 中输入 help 查看可用命令
[1m[35m [agent][0m [agent] 无效命令 '}'，在 REPL 中输入 help 查看可用命令
[1m[35m [agent][0m [agent] 无效命令 'function'，在 REPL 中输入 help 查看可用命令
[1m[35m [agent][0m [agent] 无效命令 'try'，在 REPL 中输入 help 查看可用命令
[1m[35m [agent][0m [agent] 无效命令 'var'，在 REPL 中输入 help 查看可用命令
[1m[35m [agent][0m [agent] 无效命令 'var'，在 REPL 中输入 help 查看可用命令
[1m[35m [agent][0m [agent] 无效命令 '"java.lang.Object",'，在 REPL 中输入 help 查看可用命令
[1m[35m [agent][0m [agent] 无效命令 '"boolean",'，在 REPL 中输入 help 查看可用命令
[1m[35m [agent][0m [agent] 无效命令 ');'，在 REPL 中输入 help 查看可用命令
[1m[35m [agent][0m [agent] 无效命令 'createReq.impl'，在 REPL 中输入 help 查看可用命令
[1m[35m [agent][0m [agent] 无效命令 'var'，在 REPL 中输入 help 查看可用命令
[1m[35m [agent][0m [agent] 无效命令 'var'，在 REPL 中输入 help 查看可用命令
[1m[35m [agent][0m [agent] 无效命令 'var'，在 REPL 中输入 help 查看可用命令
[1m[35m [agent][0m [agent] 无效命令 'if'，在 REPL 中输入 help 查看可用命令
[1m[35m [agent][0m [agent] 无效命令 'newRequest(ptrText,'，在 REPL 中输入 help 查看可用命令
[1m[35m [agent][0m [agent] 无效命令 '}'，在 REPL 中输入 help 查看可用命令
[1m[35m [agent][0m [agent] 无效命令 'state.stats.filtered++;'，在 REPL 中输入 help 查看可用命令
[1m[35m [agent][0m [agent] 无效命令 '}'，在 REPL 中输入 help 查看可用命令
[1m[35m [agent][0m [agent] 无效命令 'return'，在 REPL 中输入 help 查看可用命令
[1m[35m [agent][0m [agent] 无效命令 '};'，在 REPL 中输入 help 查看可用命令
[1m[35m [agent][0m [agent] 无效命令 'var'，在 REPL 中输入 help 查看可用命令
[1m[35m [agent][0m [agent] 无效命令 'setMethod.impl'，在 REPL 中输入 help 查看可用命令
[1m[35m [agent][0m [agent] 无效命令 'var'，在 REPL 中输入 help 查看可用命令
[1m[35m [agent][0m [agent] 无效命令 'if'，在 REPL 中输入 help 查看可用命令
[1m[35m [agent][0m [agent] 无效命令 'return'，在 REPL 中输入 help 查看可用命令
[1m[35m [agent][0m [agent] 无效命令 '};'，在 REPL 中输入 help 查看可用命令
[1m[35m [agent][0m [agent] 无效命令 'var'，在 REPL 中输入 help 查看可用命令
[1m[35m [agent][0m [agent] 无效命令 'addReqHeader.impl'，在 REPL 中输入 help 查看可用命令
[1m[35m [agent][0m [agent] 无效命令 'addHeader(matchUrlPtr(urlPtr),'，在 REPL 中输入 help 查看可用命令
[1m[35m [agent][0m [agent] 无效命令 'return'，在 REPL 中输入 help 查看可用命令
[1m[35m [agent][0m [agent] 无效命令 '};'，在 REPL 中输入 help 查看可用命令
[1m[35m [agent][0m [agent] 无效命令 'log("hooked'，在 REPL 中输入 help 查看可用命令
[1m[35m [agent][0m [agent] 无效命令 '}'，在 REPL 中输入 help 查看可用命令
[1m[35m [agent][0m [agent] 无效命令 'log("hook'，在 REPL 中输入 help 查看可用命令
[1m[35m [agent][0m [agent] 无效命令 '}'，在 REPL 中输入 help 查看可用命令
[1m[35m [agent][0m [agent] 无效命令 '}'，在 REPL 中输入 help 查看可用命令
[1m[35m [agent][0m [agent] 无效命令 'function'，在 REPL 中输入 help 查看可用命令
[1m[35m [agent][0m [agent] 无效命令 'try'，在 REPL 中输入 help 查看可用命令
[1m[35m [agent][0m [agent] 无效命令 'var'，在 REPL 中输入 help 查看可用命令
[1m[35m [agent][0m [agent] 无效命令 'var'，在 REPL 中输入 help 查看可用命令
[1m[35m [agent][0m [agent] 无效命令 'write.impl'，在 REPL 中输入 help 查看可用命令
[1m[35m [agent][0m [agent] 无效命令 'var'，在 REPL 中输入 help 查看可用命令
[1m[35m [agent][0m [agent] 无效命令 'try'，在 REPL 中输入 help 查看可用命令
[1m[35m [agent][0m [agent] 无效命令 'var'，在 REPL 中输入 help 查看可用命令
[1m[35m [agent][0m [agent] 无效命令 'var'，在 REPL 中输入 help 查看可用命令
[1m[35m [agent][0m [agent] 无效命令 'var'，在 REPL 中输入 help 查看可用命令
[1m[35m [agent][0m [agent] 无效命令 'if'，在 REPL 中输入 help 查看可用命令
[1m[35m [agent][0m [agent] 无效命令 '}'，在 REPL 中输入 help 查看可用命令
[1m[35m [agent][0m [agent] 无效命令 'addEvent("write'，在 REPL 中输入 help 查看可用命令
[1m[35m [agent][0m [agent] 无效命令 '}'，在 REPL 中输入 help 查看可用命令
[1m[35m [agent][0m [agent] 无效命令 'return'，在 REPL 中输入 help 查看可用命令
[1m[35m [agent][0m [agent] 无效命令 '};'，在 REPL 中输入 help 查看可用命令
[1m[35m [agent][0m [agent] 无效命令 'log("hooked'，在 REPL 中输入 help 查看可用命令
[1m[35m [agent][0m [agent] 无效命令 '}'，在 REPL 中输入 help 查看可用命令
[1m[35m [agent][0m [agent] 无效命令 'log("hook'，在 REPL 中输入 help 查看可用命令
[1m[35m [agent][0m [agent] 无效命令 '}'，在 REPL 中输入 help 查看可用命令
[1m[35m [agent][0m [agent] 无效命令 'try'，在 REPL 中输入 help 查看可用命令
[1m[35m [agent][0m [agent] 无效命令 'var'，在 REPL 中输入 help 查看可用命令
[1m[35m [agent][0m [agent] 无效命令 'var'，在 REPL 中输入 help 查看可用命令
[1m[35m [agent][0m [agent] 无效命令 'read.impl'，在 REPL 中输入 help 查看可用命令
[1m[35m [agent][0m [agent] 无效命令 'var'，在 REPL 中输入 help 查看可用命令
[1m[35m [agent][0m [agent] 无效命令 'try'，在 REPL 中输入 help 查看可用命令
[1m[35m [agent][0m [agent] 无效命令 'var'，在 REPL 中输入 help 查看可用命令
[1m[35m [agent][0m [agent] 无效命令 'if'，在 REPL 中输入 help 查看可用命令
[1m[35m [agent][0m [agent] 无效命令 'var'，在 REPL 中输入 help 查看可用命令
[1m[35m [agent][0m [agent] 无效命令 'var'，在 REPL 中输入 help 查看可用命令
[1m[35m [agent][0m [agent] 无效命令 'var'，在 REPL 中输入 help 查看可用命令
[1m[35m [agent][0m [agent] 无效命令 'if'，在 REPL 中输入 help 查看可用命令
[1m[35m [agent][0m [agent] 无效命令 'appendBodyHex(req,'，在 REPL 中输入 help 查看可用命令
[1m[35m [agent][0m [agent] 无效命令 'copyResponseHeaders(req,'，在 REPL 中输入 help 查看可用命令
[1m[35m [agent][0m [agent] 无效命令 '}'，在 REPL 中输入 help 查看可用命令
[1m[35m [agent][0m [agent] 无效命令 '}'，在 REPL 中输入 help 查看可用命令
[1m[35m [agent][0m [agent] 无效命令 '}'，在 REPL 中输入 help 查看可用命令
[1m[35m [agent][0m [agent] 无效命令 'addEvent("read'，在 REPL 中输入 help 查看可用命令
[1m[35m [agent][0m [agent] 无效命令 '}'，在 REPL 中输入 help 查看可用命令
[1m[35m [agent][0m [agent] 无效命令 'return'，在 REPL 中输入 help 查看可用命令
[1m[35m [agent][0m [agent] 无效命令 '};'，在 REPL 中输入 help 查看可用命令
[1m[35m [agent][0m [agent] 无效命令 'log("hooked'，在 REPL 中输入 help 查看可用命令
[1m[35m [agent][0m [agent] 无效命令 '}'，在 REPL 中输入 help 查看可用命令
[1m[35m [agent][0m [agent] 无效命令 'log("hook'，在 REPL 中输入 help 查看可用命令
[1m[35m [agent][0m [agent] 无效命令 '}'，在 REPL 中输入 help 查看可用命令
[1m[35m [agent][0m [agent] 无效命令 'try'，在 REPL 中输入 help 查看可用命令
[1m[35m [agent][0m [agent] 无效命令 'var'，在 REPL 中输入 help 查看可用命令
[1m[35m [agent][0m [agent] 无效命令 'try'，在 REPL 中输入 help 查看可用命令
[1m[35m [agent][0m [agent] 无效命令 'var'，在 REPL 中输入 help 查看可用命令
[1m[35m [agent][0m [agent] 无效命令 'setRequestMethod.impl'，在 REPL 中输入 help 查看可用命令
[1m[35m [agent][0m [agent] 无效命令 'var'，在 REPL 中输入 help 查看可用命令
[1m[35m [agent][0m [agent] 无效命令 'if'，在 REPL 中输入 help 查看可用命令
[1m[35m [agent][0m [agent] 无效命令 'return'，在 REPL 中输入 help 查看可用命令
[1m[35m [agent][0m [agent] 无效命令 '};'，在 REPL 中输入 help 查看可用命令
[1m[35m [agent][0m [agent] 无效命令 'log("hooked'，在 REPL 中输入 help 查看可用命令
[1m[35m [agent][0m [agent] 无效命令 '}'，在 REPL 中输入 help 查看可用命令
[1m[35m [agent][0m [agent] 无效命令 'addEvent("setRequestMethod'，在 REPL 中输入 help 查看可用命令
[1m[35m [agent][0m [agent] 无效命令 '}'，在 REPL 中输入 help 查看可用命令
[1m[35m [agent][0m [agent] 无效命令 'try'，在 REPL 中输入 help 查看可用命令
[1m[35m [agent][0m [agent] 无效命令 'var'，在 REPL 中输入 help 查看可用命令
[1m[35m [agent][0m [agent] 无效命令 'addRequestProperty.impl'，在 REPL 中输入 help 查看可用命令
[1m[35m [agent][0m [agent] 无效命令 'addHeader(ensureRequestForUrl(urlFromConnection(this),'，在 REPL 中输入 help 查看可用命令
[1m[35m [agent][0m [agent] 无效命令 'return'，在 REPL 中输入 help 查看可用命令
[1m[35m [agent][0m [agent] 无效命令 '};'，在 REPL 中输入 help 查看可用命令
[1m[35m [agent][0m [agent] 无效命令 'log("hooked'，在 REPL 中输入 help 查看可用命令
[1m[35m [agent][0m [agent] 无效命令 '}'，在 REPL 中输入 help 查看可用命令
[1m[35m [agent][0m [agent] 无效命令 'addEvent("addRequestProperty'，在 REPL 中输入 help 查看可用命令
[1m[35m [agent][0m [agent] 无效命令 '}'，在 REPL 中输入 help 查看可用命令
[1m[35m [agent][0m [agent] 无效命令 'try'，在 REPL 中输入 help 查看可用命令
[1m[35m [agent][0m [agent] 无效命令 'var'，在 REPL 中输入 help 查看可用命令
[1m[35m [agent][0m [agent] 无效命令 'setRequestProperty.impl'，在 REPL 中输入 help 查看可用命令
[1m[35m [agent][0m [agent] 无效命令 'addHeader(ensureRequestForUrl(urlFromConnection(this),'，在 REPL 中输入 help 查看可用命令
[1m[35m [agent][0m [agent] 无效命令 'return'，在 REPL 中输入 help 查看可用命令
[1m[35m [agent][0m [agent] 无效命令 '};'，在 REPL 中输入 help 查看可用命令
[1m[35m [agent][0m [agent] 无效命令 'log("hooked'，在 REPL 中输入 help 查看可用命令
[1m[35m [agent][0m [agent] 无效命令 '}'，在 REPL 中输入 help 查看可用命令
[1m[35m [agent][0m [agent] 无效命令 'addEvent("setRequestProperty'，在 REPL 中输入 help 查看可用命令
[1m[35m [agent][0m [agent] 无效命令 '}'，在 REPL 中输入 help 查看可用命令
[1m[35m [agent][0m [agent] 无效命令 'try'，在 REPL 中输入 help 查看可用命令
[1m[35m [agent][0m [agent] 无效命令 'var'，在 REPL 中输入 help 查看可用命令
[1m[35m [agent][0m [agent] 无效命令 'getOutputStream.impl'，在 REPL 中输入 help 查看可用命令
[1m[35m [agent][0m [agent] 无效命令 'ensureRequestForUrl(urlFromConnection(this),'，在 REPL 中输入 help 查看可用命令
[1m[35m [agent][0m [agent] 无效命令 'return'，在 REPL 中输入 help 查看可用命令
[1m[35m [agent][0m [agent] 无效命令 '};'，在 REPL 中输入 help 查看可用命令
[1m[35m [agent][0m [agent] 无效命令 'log("hooked'，在 REPL 中输入 help 查看可用命令
[1m[35m [agent][0m [agent] 无效命令 '}'，在 REPL 中输入 help 查看可用命令
[1m[35m [agent][0m [agent] 无效命令 'addEvent("getOutputStream'，在 REPL 中输入 help 查看可用命令
[1m[35m [agent][0m [agent] 无效命令 '}'，在 REPL 中输入 help 查看可用命令
[1m[35m [agent][0m [agent] 无效命令 'try'，在 REPL 中输入 help 查看可用命令
[1m[35m [agent][0m [agent] 无效命令 'var'，在 REPL 中输入 help 查看可用命令
[1m[35m [agent][0m [agent] 无效命令 'getInputStream.impl'，在 REPL 中输入 help 查看可用命令
[1m[35m [agent][0m [agent] 无效命令 'ensureRequestForUrl(urlFromConnection(this),'，在 REPL 中输入 help 查看可用命令
[1m[35m [agent][0m [agent] 无效命令 'return'，在 REPL 中输入 help 查看可用命令
[1m[35m [agent][0m [agent] 无效命令 '};'，在 REPL 中输入 help 查看可用命令
[1m[35m [agent][0m [agent] 无效命令 'log("hooked'，在 REPL 中输入 help 查看可用命令
[1m[35m [agent][0m [agent] 无效命令 '}'，在 REPL 中输入 help 查看可用命令
[1m[35m [agent][0m [agent] 无效命令 'addEvent("getInputStream'，在 REPL 中输入 help 查看可用命令
[1m[35m [agent][0m [agent] 无效命令 '}'，在 REPL 中输入 help 查看可用命令
[1m[35m [agent][0m [agent] 无效命令 'var'，在 REPL 中输入 help 查看可用命令
[1m[35m [agent][0m [agent] 无效命令 'disconnect.impl'，在 REPL 中输入 help 查看可用命令
[1m[35m [agent][0m [agent] 无效命令 'try'，在 REPL 中输入 help 查看可用命令
[1m[35m [agent][0m [agent] 无效命令 'var'，在 REPL 中输入 help 查看可用命令
[1m[35m [agent][0m [agent] 无效命令 'var'，在 REPL 中输入 help 查看可用命令
[1m[35m [agent][0m [agent] 无效命令 'if'，在 REPL 中输入 help 查看可用命令
[1m[35m [agent][0m [agent] 无效命令 'copyResponseHeaders(req,'，在 REPL 中输入 help 查看可用命令
[1m[35m [agent][0m [agent] 无效命令 'uploadRequest(req);'，在 REPL 中输入 help 查看可用命令
[1m[35m [agent][0m [agent] 无效命令 'removeRequest(req);'，在 REPL 中输入 help 查看可用命令
[1m[35m [agent][0m [agent] 无效命令 '}'，在 REPL 中输入 help 查看可用命令
[1m[35m [agent][0m [agent] 无效命令 '}'，在 REPL 中输入 help 查看可用命令
[1m[35m [agent][0m [agent] 无效命令 'addEvent("disconnect'，在 REPL 中输入 help 查看可用命令
[1m[35m [agent][0m [agent] 无效命令 '}'，在 REPL 中输入 help 查看可用命令
[1m[35m [agent][0m [agent] 无效命令 'return'，在 REPL 中输入 help 查看可用命令
[1m[35m [agent][0m [agent] 无效命令 '};'，在 REPL 中输入 help 查看可用命令
[1m[35m [agent][0m [agent] 无效命令 'log("hooked'，在 REPL 中输入 help 查看可用命令
[1m[35m [agent][0m [agent] 无效命令 '}'，在 REPL 中输入 help 查看可用命令
[1m[35m [agent][0m [agent] 无效命令 'log("hook'，在 REPL 中输入 help 查看可用命令
[1m[35m [agent][0m [agent] 无效命令 '}'，在 REPL 中输入 help 查看可用命令
[1m[35m [agent][0m [agent] 无效命令 '}'，在 REPL 中输入 help 查看可用命令
[1m[35m [agent][0m [agent] 无效命令 'function'，在 REPL 中输入 help 查看可用命令
[1m[35m [agent][0m [agent] 无效命令 'if'，在 REPL 中输入 help 查看可用命令
[1m[35m [agent][0m [agent] 无效命令 'state.javaHooked'，在 REPL 中输入 help 查看可用命令
[1m[35m [agent][0m [agent] 无效命令 'var'，在 REPL 中输入 help 查看可用命令
[1m[35m [agent][0m [agent] 无效命令 'initJavaMetadata();'，在 REPL 中输入 help 查看可用命令
[1m[35m [agent][0m [agent] 无效命令 'log("java'，在 REPL 中输入 help 查看可用命令
[1m[35m [agent][0m [agent] 无效命令 '"'，在 REPL 中输入 help 查看可用命令
[1m[35m [agent][0m [agent] 无效命令 'hookJN();'，在 REPL 中输入 help 查看可用命令
[1m[35m [agent][0m [agent] 无效命令 'hookCronetStreams();'，在 REPL 中输入 help 查看可用命令
[1m[35m [agent][0m [agent] 无效命令 '};'，在 REPL 中输入 help 查看可用命令
[1m[35m [agent][0m [agent] 无效命令 'try'，在 REPL 中输入 help 查看可用命令
[1m[35m [agent][0m [agent] 无效命令 'configureJavaStealth();'，在 REPL 中输入 help 查看可用命令
[1m[35m [agent][0m [agent] 无效命令 'if'，在 REPL 中输入 help 查看可用命令
[1m[35m [agent][0m [agent] 无效命令 'else'，在 REPL 中输入 help 查看可用命令
[1m[35m [agent][0m [agent] 无效命令 '}'，在 REPL 中输入 help 查看可用命令
[1m[35m [agent][0m [agent] 无效命令 'state.javaHooked'，在 REPL 中输入 help 查看可用命令
[1m[35m [agent][0m [agent] 无效命令 'addEvent("java'，在 REPL 中输入 help 查看可用命令
[1m[35m [agent][0m [agent] 无效命令 'log("java'，在 REPL 中输入 help 查看可用命令
[1m[35m [agent][0m [agent] 无效命令 'if'，在 REPL 中输入 help 查看可用命令
[1m[35m [agent][0m [agent] 无效命令 '}'，在 REPL 中输入 help 查看可用命令
[1m[35m [agent][0m [agent] 无效命令 '}'，在 REPL 中输入 help 查看可用命令
[1m[35m [agent][0m [agent] 无效命令 'function'，在 REPL 中输入 help 查看可用命令
[1m[35m [agent][0m [agent] 无效命令 'if'，在 REPL 中输入 help 查看可用命令
[1m[35m [agent][0m [agent] 无效命令 'try'，在 REPL 中输入 help 查看可用命令
[1m[35m [agent][0m [agent] 无效命令 'var'，在 REPL 中输入 help 查看可用命令
[1m[35m [agent][0m [agent] 无效命令 'Interceptor.attach(addr,'，在 REPL 中输入 help 查看可用命令
[1m[35m [agent][0m [agent] 无效命令 'onEnter:'，在 REPL 中输入 help 查看可用命令
[1m[35m [agent][0m [agent] 无效命令 'this.url'，在 REPL 中输入 help 查看可用命令
[1m[35m [agent][0m [agent] 无效命令 '},'，在 REPL 中输入 help 查看可用命令
[1m[35m [agent][0m [agent] 无效命令 'onLeave:'，在 REPL 中输入 help 查看可用命令
[1m[35m [agent][0m [agent] 无效命令 'var'，在 REPL 中输入 help 查看可用命令
[1m[35m [agent][0m [agent] 无效命令 'if'，在 REPL 中输入 help 查看可用命令
[1m[35m [agent][0m [agent] 无效命令 '}'，在 REPL 中输入 help 查看可用命令
[1m[35m [agent][0m [agent] 无效命令 '},'，在 REPL 中输入 help 查看可用命令
[1m[35m [agent][0m [agent] 无效命令 'state.nativeHooked'，在 REPL 中输入 help 查看可用命令
[1m[35m [agent][0m [agent] 无效命令 'log("hooked'，在 REPL 中输入 help 查看可用命令
[1m[35m [agent][0m [agent] 无效命令 '}'，在 REPL 中输入 help 查看可用命令
[1m[35m [agent][0m [agent] 无效命令 'log("native'，在 REPL 中输入 help 查看可用命令
[1m[35m [agent][0m [agent] 无效命令 '}'，在 REPL 中输入 help 查看可用命令
[1m[35m [agent][0m [agent] 无效命令 '}'，在 REPL 中输入 help 查看可用命令
[1m[35m [agent][0m [agent] 无效命令 'function'，在 REPL 中输入 help 查看可用命令
[1m[35m [agent][0m [agent] 无效命令 'if'，在 REPL 中输入 help 查看可用命令
[1m[35m [agent][0m [agent] 无效命令 'var'，在 REPL 中输入 help 查看可用命令
[1m[35m [agent][0m [agent] 无效命令 'if'，在 REPL 中输入 help 查看可用命令
[1m[35m [agent][0m [agent] 无效命令 'state.loaderHooked[symbol]'，在 REPL 中输入 help 查看可用命令
[1m[35m [agent][0m [agent] 无效命令 'Interceptor.attach(p,'，在 REPL 中输入 help 查看可用命令
[1m[35m [agent][0m [agent] 无效命令 'onEnter:'，在 REPL 中输入 help 查看可用命令
[1m[35m [agent][0m [agent] 无效命令 'this.path'，在 REPL 中输入 help 查看可用命令
[1m[35m [agent][0m [agent] 无效命令 '},'，在 REPL 中输入 help 查看可用命令
[1m[35m [agent][0m [agent] 无效命令 'onLeave:'，在 REPL 中输入 help 查看可用命令
[1m[35m [agent][0m [agent] 无效命令 'if'，在 REPL 中输入 help 查看可用命令
[1m[35m [agent][0m [agent] 无效命令 'var'，在 REPL 中输入 help 查看可用命令
[1m[35m [agent][0m [agent] 无效命令 'if'，在 REPL 中输入 help 查看可用命令
[1m[35m [agent][0m [agent] 无效命令 '}'，在 REPL 中输入 help 查看可用命令
[1m[35m [agent][0m [agent] 无效命令 '}'，在 REPL 中输入 help 查看可用命令
[1m[35m [agent][0m [agent] 无效命令 '});'，在 REPL 中输入 help 查看可用命令
[1m[35m [agent][0m [agent] 无效命令 '}'，在 REPL 中输入 help 查看可用命令
[1m[35m [agent][0m [agent] 无效命令 'function'，在 REPL 中输入 help 查看可用命令
[1m[35m [agent][0m [agent] 无效命令 'var'，在 REPL 中输入 help 查看可用命令
[1m[35m [agent][0m [agent] 无效命令 'if'，在 REPL 中输入 help 查看可用命令
[1m[35m [agent][0m [agent] 无效命令 'watchLoader("android_dlopen_ext");'，在 REPL 中输入 help 查看可用命令
[1m[35m [agent][0m [agent] 无效命令 'watchLoader("dlopen");'，在 REPL 中输入 help 查看可用命令
[1m[35m [agent][0m [agent] 无效命令 '}'，在 REPL 中输入 help 查看可用命令
[1m[35m [agent][0m [agent] 无效命令 'function'，在 REPL 中输入 help 查看可用命令
[1m[35m [agent][0m [agent] 无效命令 'return'，在 REPL 中输入 help 查看可用命令
[1m[35m [agent][0m [agent] 无效命令 'installed:'，在 REPL 中输入 help 查看可用命令
[1m[35m [agent][0m [agent] 无效命令 'javaHooked:'，在 REPL 中输入 help 查看可用命令
[1m[35m [agent][0m [agent] 无效命令 'nativeHooked:'，在 REPL 中输入 help 查看可用命令
[1m[35m [agent][0m [agent] 无效命令 'options:'，在 REPL 中输入 help 查看可用命令
[1m[35m [agent][0m [agent] 无效命令 'deviceId:'，在 REPL 中输入 help 查看可用命令
[1m[35m [agent][0m [agent] 无效命令 'processName:'，在 REPL 中输入 help 查看可用命令
[1m[35m [agent][0m [agent] 无效命令 'pending:'，在 REPL 中输入 help 查看可用命令
[1m[35m [agent][0m [agent] 无效命令 'stats:'，在 REPL 中输入 help 查看可用命令
[1m[35m [agent][0m [agent] 无效命令 'events:'，在 REPL 中输入 help 查看可用命令
[1m[35m [agent][0m [agent] 无效命令 'lastPacket:'，在 REPL 中输入 help 查看可用命令
[1m[35m [agent][0m [agent] 无效命令 '};'，在 REPL 中输入 help 查看可用命令
[1m[35m [agent][0m [agent] 无效命令 '}'，在 REPL 中输入 help 查看可用命令
[1m[35m [agent][0m [agent] 无效命令 'var'，在 REPL 中输入 help 查看可用命令
[1m[35m [agent][0m [agent] 无效命令 'old.metapacketsummary'，在 REPL 中输入 help 查看可用命令
[1m[35m [agent][0m [agent] 无效命令 'rpc.exports'，在 REPL 中输入 help 查看可用命令
[1m[35m [agent][0m [agent] 无效命令 'if'，在 REPL 中输入 help 查看可用命令
[1m[35m [agent][0m [agent] 无效命令 'log("already'，在 REPL 中输入 help 查看可用命令
[1m[35m [agent][0m [agent] 无效命令 'return'，在 REPL 中输入 help 查看可用命令
[1m[35m [agent][0m [agent] 无效命令 '}'，在 REPL 中输入 help 查看可用命令
[1m[35m [agent][0m [agent] 无效命令 'state.installed'，在 REPL 中输入 help 查看可用命令
[1m[35m [agent][0m [agent] 无效命令 'installJavaHooks();'，在 REPL 中输入 help 查看可用命令
[1m[35m [agent][0m [agent] 无效命令 'installNativeHook();'，在 REPL 中输入 help 查看可用命令
[1m[35m [agent][0m [agent] 无效命令 'return'，在 REPL 中输入 help 查看可用命令
[1m[35m [agent][0m [agent] 无效命令 '})();'，在 REPL 中输入 help 查看可用命令
[1m[35m [agent][0m [agent] 无效命令 '}'，在 REPL 中输入 help 查看可用命令
[1m[35m [agent][0m [agent] 无效命令 '__dyidre_mode_packet_capture();'，在 REPL 中输入 help 查看可用命令
[1m[34m [*][0m 退出交互模式
[1m[34m [*][0m 已发送 shutdown，等待 agent 主动断开连接...
[1m[35m [agent][0m [agent] 收到 shutdown，开始退出清理
[1m[35m [agent][0m [agent] [quickjs] cleanup start (managed-safe unload) (+0ms, total 0ms)
[1m[35m [agent][0m [agent] [quickjs] phase0 stop_java_worker (+0ms, total 0ms)
[1m[35m [agent][0m [agent] [quickjs] phase1 cut_java_hooks (+0ms, total 0ms)
[1m[35m [agent][0m [agent] [quickjs] phase1 cut_native_hooks (+0ms, total 0ms)
[1m[35m [agent][0m [agent] [quickjs] phase1 cut_art_controller_routing (+0ms, total 0ms)
[1m[35m [agent][0m [JS] [drain] start, callback_in_flight=0, exec_in_flight=0
[1m[35m [agent][0m [JS] [drain] done, callback_in_flight=0, exec_in_flight=0 after 0ms (1 rounds)
[1m[35m [agent][0m [agent] [quickjs] phase2 drain_thunk_in_flight (+0ms, total 0ms)
[1m[35m [agent][0m [agent] [quickjs] phase3 cut_art_controller_walkstack_guards (+0ms, total 0ms)
[1m[35m [agent][0m [agent] [recompiler] release_all: snapshot 0 recomp range(s) for caller-side munmap (release_ok=0 fail=0)
[1m[35m [agent][0m [agent] [quickjs] phase3 release_all_recomp (+0ms, total 0ms)
[1m[35m [agent][0m [agent] [quickjs] phase3 free_art_controller_state (+0ms, total 0ms)
[1m[35m [agent][0m [agent] [quickjs] phase3 free_java_hooks (+0ms, total 0ms)
[1m[35m [agent][0m [agent] [quickjs] phase3 free_native_hooks (+0ms, total 0ms)
[1m[35m [agent][0m [agent] [quickjs] phase3 shutdown_qbdi_helper (+0ms, total 0ms)
[1m[35m [agent][0m [agent] [quickjs] phase3 detach_jni_thread (+0ms, total 0ms)
[1m[35m [agent][0m [agent] [quickjs] phase3 cleanup_engine (+0ms, total 1ms)
[1m[35m [agent][0m [agent] [quickjs] cleanup done (managed-safe unload, executable pools retained, walkstack guards removed, total 1ms)
[1m[35m [agent][0m [agent] 退出清理完成，准备关闭 socket
