[init_array] 116 ctors, range [0:116]
[  0] ctor @ 0x59294
    import clock_gettime
[  1] ctor @ 0x14cebc
    import memcmpn=7 a=6c696e6b696e67 b=6c696e6b696e67
    import pthread_mutex_lock
    import syscallnr=178 args=(0x400003d60,0x3000ffd98,0x3000ffa90)
    import pthread_mutex_unlock
    import pthread_mutex_lock
    import syscallnr=178 args=(0x400003d60,0x3000ffd98,0x3000ffa90)
    import pthread_mutex_unlock
    import pthread_mutex_lock
    import pthread_mutex_unlock
    import pthread_mutex_lock
    import syscallnr=178 args=(0x400003d60,0x3000ffd98,0x3000ffa90)
    import pthread_mutex_unlock
    import pthread_mutex_lock
    import pthread_mutex_unlock
    import pthread_mutex_lock
    import pthread_mutex_unlock
    import memcmpn=3 a=434634 b=434636
    import memcmpn=3 a=434636 b=434637
    import memcmpn=3 a=434634 b=434637
    import memcmpn=3 a=434633 b=434639
    import pthread_mutex_lock
    import syscallnr=178 args=(0x3000ffb00,0x3000ffb30,0x3000ffe60)
    import pthread_mutex_unlock
    import __cxa_atexit
    import pthread_mutex_lock
    import pthread_mutex_unlock
    import pthread_mutex_lock
    import pthread_mutex_unlock
    import pthread_mutex_lock
    import syscallnr=178 args=(0x400004b88,0x100260540,0x3000ffe60)
    import pthread_mutex_unlock
    import memcmpn=6 a=6d656d637079 b=6d656d736574
    import memcmpn=26 a=5f5f73796e635f6c6f636b5f746573745f616e645f7365745f34 b=5f5f73796e635f6c6f636b5f746573745f616e645f7365745f38
    import memcmpn=22 a=5f5f73796e635f66657463685f616e645f6164645f32 b=5f5f73796e635f66657463685f616e645f6164645f38
    import memcmpn=22 a=5f5f73796e635f66657463685f616e645f7375625f32 b=5f5f73796e635f66657463685f616e645f7375625f38
    import memcmpn=22 a=5f5f73796e635f66657463685f616e645f7375625f38 b=5f5f73796e635f66657463685f616e645f616e645f34
    import memcmpn=22 a=5f5f73796e635f66657463685f616e645f7375625f32 b=5f5f73796e635f66657463685f616e645f616e645f34
    import memcmpn=22 a=5f5f73796e635f66657463685f616e645f616e645f34 b=5f5f73796e635f66657463685f616e645f7375625f38
    import memcmpn=22 a=5f5f73796e635f66657463685f616e645f7375625f38 b=5f5f73796e635f66657463685f616e645f7375625f32
    import memcmpn=5 a=666c6f6f72 b=726f756e64
    import memcmpn=22 a=5f5f73796e635f66657463685f616e645f6164645f38 b=5f5f73796e635f66657463685f616e645f6164645f32
    import __cxa_atexit
    import pthread_mutex_lock
    import pthread_mutex_unlock
    import memcmpn=3 a=434637 b=434637
    import pthread_mutex_lock
    import pthread_mutex_unlock
    import memcmpn=3 a=434638 b=434638
    import pthread_mutex_lock
    import pthread_mutex_unlock
    import memcmpn=3 a=434639 b=434639
    import pthread_mutex_lock
    import pthread_mutex_unlock
    import memcmpn=3 a=434635 b=434635
    import pthread_mutex_lock
    import pthread_mutex_unlock
    import memcmpn=4 a=43463130 b=43463130
    import pthread_mutex_lock
    import pthread_mutex_unlock
    import memcmpn=3 a=434630 b=434630
    import pthread_mutex_lock
    import pthread_mutex_unlock
    import memcmpn=4 a=43463131 b=43463131
    import pthread_mutex_lock
    import pthread_mutex_unlock
    import memcmpn=4 a=43463132 b=43463132
    import pthread_mutex_lock
    import pthread_mutex_unlock
    import memcmpn=4 a=43463135 b=43463135
    import pthread_mutex_lock
    import pthread_mutex_unlock
    import memcmpn=3 a=434634 b=434634
    import pthread_mutex_lock
    import pthread_mutex_unlock
    import memcmpn=3 a=434631 b=434631
    import pthread_mutex_lock
    import pthread_mutex_unlock
    import memcmpn=3 a=434636 b=434636
    import pthread_mutex_lock
    import pthread_mutex_unlock
    import memcmpn=4 a=43463133 b=43463133
    import pthread_mutex_lock
    import pthread_mutex_unlock
    import memcmpn=4 a=43463134 b=43463134
    import pthread_mutex_lock
    import pthread_mutex_unlock
    import memcmpn=3 a=434632 b=434632
    import pthread_mutex_lock
    import pthread_mutex_unlock
    import memcmpn=3 a=434633 b=434633
    import memcmpn=2 a=4730 b=4730
    import pthread_mutex_lock
    import syscallnr=178 args=(0x3000ff918,0x3000ffa68,0x400004f68)
    import pthread_mutex_unlock
    import __cxa_atexit
    import pthread_mutex_lock
    import pthread_mutex_unlock
[  2] ctor @ 0x152b58
    import memcmpn=7 a=6c696e6b696e67 b=6c696e6b696e67
[  3] ctor @ 0x1702b8
    import memcmpn=7 a=6c696e6b696e67 b=6c696e6b696e67
[  4] ctor @ 0x171ddc
    import memcmpn=7 a=6c696e6b696e67 b=6c696e6b696e67
    import memcmpn=3 a=434630 b=434632
    import memcmpn=3 a=434632 b=434633
    import memcmpn=3 a=434630 b=434633
    import memcmpn=3 a=434633 b=434635
    import memcmpn=3 a=434632 b=434635
    import memcmpn=3 a=434630 b=434635
    import memcmpn=3 a=434631 b=434637
    import memcmpn=4 a=43463130 b=43463136
    import pthread_mutex_lock
    import pthread_mutex_unlock
    import memcmpn=4 a=43463134 b=43463134
    import pthread_mutex_lock
    import pthread_mutex_unlock
    import memcmpn=3 a=434630 b=434630
    import pthread_mutex_lock
    import pthread_mutex_unlock
    import memcmpn=3 a=434631 b=434631
    import pthread_mutex_lock
    import pthread_mutex_unlock
    import memcmpn=3 a=434632 b=434632
    import pthread_mutex_lock
    import pthread_mutex_unlock
    import memcmpn=4 a=43463136 b=43463136
    import pthread_mutex_lock
    import pthread_mutex_unlock
    import memcmpn=4 a=43463135 b=43463135
    import pthread_mutex_lock
    import pthread_mutex_unlock
    import memcmpn=3 a=434633 b=434633
    import pthread_mutex_lock
    import pthread_mutex_unlock
    import memcmpn=3 a=434634 b=434634
    import pthread_mutex_lock
    import pthread_mutex_unlock
    import memcmpn=3 a=434636 b=434636
    import pthread_mutex_lock
    import pthread_mutex_unlock
    import memcmpn=3 a=434635 b=434635
    import pthread_mutex_lock
    import pthread_mutex_unlock
    import memcmpn=3 a=434637 b=434637
    import pthread_mutex_lock
    import pthread_mutex_unlock
    import memcmpn=3 a=434639 b=434639
    import pthread_mutex_lock
    import pthread_mutex_unlock
    import memcmpn=3 a=434638 b=434638
    import pthread_mutex_lock
    import pthread_mutex_unlock
    import memcmpn=4 a=43463130 b=43463130
    import pthread_mutex_lock
    import pthread_mutex_unlock
    import memcmpn=4 a=43463131 b=43463131
    import pthread_mutex_lock
    import pthread_mutex_unlock
    import memcmpn=4 a=43463132 b=43463132
    import pthread_mutex_lock
    import pthread_mutex_unlock
    import memcmpn=4 a=43463133 b=43463133
    import memcmpn=2 a=4730 b=4730
    import memcmpn=2 a=4731 b=4731
    import memcmpn=2 a=4732 b=4732
[  5] ctor @ 0x33c20
    import pthread_mutex_lock
    import syscallnr=178 args=(0x3,0x2,0x3000ffdb8)
    import pthread_mutex_unlock
    import pthread_mutex_init
    import pthread_mutex_init
    import pthread_mutex_init
    import pthread_mutex_lock
    import syscallnr=178 args=(0x0,0x2,0x3000ffdb8)
    import pthread_mutex_unlock
    import pthread_rwlock_init
    import pthread_key_create
    import pthread_getspecific
    import pthread_setspecific
    import pthread_rwlock_wrlock
    import pthread_getspecific
    import pthread_rwlock_unlock
    import pthread_getspecific
    import pthread_mutex_lock
    import syscallnr=178 args=(0x40014a0f0,0x40014a3b0,0x40014a430)
    import pthread_mutex_unlock
    import pthread_mutex_init
    import pthread_mutex_lock
    import pthread_mutex_unlock
    import pthread_mutex_lock
    import pthread_mutex_unlock
    import pthread_mutex_lock
    import pthread_mutexattr_init
    import pthread_mutexattr_settype
    import pthread_mutex_init
    import pthread_mutexattr_destroy
    import pthread_mutex_unlock
    import pthread_mutex_lock
    import pthread_mutex_unlock
    import pthread_mutex_lock
    import pthread_mutex_unlock
    import pthread_once
    import pthread_getspecific
    import pthread_rwlock_wrlock
    import pthread_getspecific
    import pthread_rwlock_unlock
    import pthread_getspecific
    import pthread_once
    import pthread_getspecific
    import pthread_rwlock_wrlock
    import pthread_getspecific
    import pthread_rwlock_unlock
    import pthread_getspecific
    import pthread_once
    import pthread_getspecific
    import pthread_rwlock_wrlock
    import pthread_getspecific
    import pthread_rwlock_unlock
    import pthread_getspecific
    import pthread_once
    import pthread_getspecific
    import pthread_rwlock_wrlock
    import pthread_getspecific
    import pthread_rwlock_unlock
    import pthread_getspecific
    import pthread_once
    import pthread_getspecific
    import pthread_rwlock_wrlock
    import pthread_getspecific
    import pthread_rwlock_unlock
    import pthread_getspecific
    import pthread_mutex_lock
    import pthread_mutexattr_init
    import pthread_mutexattr_settype
    import pthread_mutex_init
    import pthread_mutexattr_destroy
    import pthread_mutex_unlock
    import pthread_mutex_lock
    import pthread_mutex_unlock
    import pthread_mutex_lock
    import pthread_mutex_unlock
    str: 'bd'
    str: 'v04.09.05'
    str: 'v04.09.05'
    str: '1.0'
    str: 'rp_fail_record'
[  6] ctor @ 0x33dbc
    str: 'bd'
    str: 'v04.09.05'
    str: 'v04.09.05'
    str: '1.0'
[  7] ctor @ 0x33ef8
    str: 'bd'
    str: 'v04.09.05'
    str: 'v04.09.05'
    str: '1.0'
[  8] ctor @ 0x34034
    str: 'bd'
    str: 'v04.09.05'
    str: 'v04.09.05'
    str: '1.0'
    import __cxa_atexit
    import __cxa_atexit
    import pthread_mutex_init
    import __cxa_atexit
[  9] ctor @ 0x341d8
    str: 'bd'
    str: 'v04.09.05'
    str: 'v04.09.05'
    str: '1.0'
[ 10] ctor @ 0x34314
    str: 'bd'
    str: 'v04.09.05'
    str: 'v04.09.05'
    str: '1.0'
    import __cxa_atexit
[ 11] ctor @ 0x3447c
    str: 'bd'
    str: 'v04.09.05'
    str: 'v04.09.05'
    str: '1.0'
[ 12] ctor @ 0x345b8
    str: 'bd'
    str: 'v04.09.05'
    str: 'v04.09.05'
    str: '1.0'
[ 13] ctor @ 0x346f4
    str: 'bd'
    str: 'v04.09.05'
    str: 'v04.09.05'
    str: '1.0'
[ 14] ctor @ 0x34830
    str: 'bd'
    str: 'v04.09.05'
    str: 'v04.09.05'
    str: '1.0'
[ 15] ctor @ 0x3496c
    str: 'bd'
    str: 'v04.09.05'
    str: 'v04.09.05'
    str: '1.0'
[ 16] ctor @ 0x34aa8
    str: 'bd'
    str: 'v04.09.05'
    str: 'v04.09.05'
    str: '1.0'
[ 17] ctor @ 0x34be4
    str: 'bd'
    str: 'v04.09.05'
    str: 'v04.09.05'
    str: '1.0'
[ 18] ctor @ 0x34d20
    str: 'GetJavaVM'
    str: '()I'
    str: 'GetEnv'
    str: '()I'
    str: 'GetContext'
    str: '()I'
    str: 'SensorQueue_Open'
    str: '()I'
    str: 'SensorQueue_Close'
    str: '(I)'
    str: 'SensorQueue_WaitForEvent'
    str: '(Ii)i'
    str: 'SensorQueue_ReadEvents'
    str: '(IIi)i'
    str: 'SensorQueue_EnableSensor'
    str: '(Ii)i'
    str: 'SensorQueue_DisableSensor'
    str: '(Ii)'
[ 19] ctor @ 0x34e68
    str: '%s'
    str: 'Log'
    str: '(iII)'
    str: 'cJSON_CreateObject'
    str: '()I'
    str: 'cJSON_CreateArray'
    str: '()I'
    str: 'cJSON_Parse'
    str: '(I)I'
    str: 'cJSON_Delete'
    str: '(I)'
    str: 'cJSON_Print'
    str: '(I)I'
    str: 'cJSON_CreateBool'
    str: '(i)I'
    str: 'cJSON_CreateNumber'
    str: '(F)I'
    str: 'cJSON_CreateString'
    str: '(I)I'
    str: 'cJSON_Duplicate'
    str: '(Ii)I'
    str: 'cJSON_IsObject'
    str: '(I)i'
    str: 'cJSON_GetObjectItem'
    str: '(II)I'
    str: 'cJSON_DeleteItemFromObject'
    str: '(II)'
    str: 'cJSON_AddItemToObject'
    str: '(III)i'
    str: 'cJSON_IsArray'
    str: '(I)i'
    str: 'cJSON_AddItemToArray'
    str: '(II)i'
    str: 'ms_open'
    str: '(Iii)i'
    str: 'ms_close'
    str: '(i)i'
    str: 'ms_read'
    str: '(iII)i'
    str: 'ms_write'
    str: '(iII)I'
    str: 'ms_syscall'
    str: '(IIIIII)I'
[ 20] ctor @ 0x35140
    str: 'bd'
    str: 'v04.09.05'
    str: 'v04.09.05'
    str: '1.0'
[ 21] ctor @ 0x3527c
    str: 'bd'
    str: 'v04.09.05'
    str: 'v04.09.05'
    str: '1.0'
[ 22] ctor @ 0x353b8
    str: 'bd'
    str: 'v04.09.05'
    str: 'v04.09.05'
    str: '1.0'
[ 23] ctor @ 0x354f4
    str: 'bd'
    str: 'v04.09.05'
    str: 'v04.09.05'
    str: '1.0'
[ 24] ctor @ 0x35630
    str: 'bd'
    str: 'v04.09.05'
    str: 'v04.09.05'
    str: '1.0'
[ 25] ctor @ 0x3576c
    str: 'bd'
    str: 'v04.09.05'
    str: 'v04.09.05'
    str: '1.0'
[ 26] ctor @ 0x358a8
    str: 'bd'
    str: 'v04.09.05'
    str: 'v04.09.05'
    str: '1.0'
[ 27] ctor @ 0x359e4
    str: 'bd'
    str: 'v04.09.05'
    str: 'v04.09.05'
    str: '1.0'
    str: 'rp_fail_record'
[ 28] ctor @ 0x35b80
    str: 'bd'
    str: 'v04.09.05'
    str: 'v04.09.05'
    str: '1.0'
    str: 'sdi'
    str: 'ftm'
[ 29] ctor @ 0x35d44
    str: 'bd'
    str: 'v04.09.05'
    str: 'v04.09.05'
    str: '1.0'
[ 30] ctor @ 0x35e80
    str: 'bd'
    str: 'v04.09.05'
    str: 'v04.09.05'
    str: '1.0'
    str: 'kiid'
    str: '/data/system/locksettings.db'
    str: '/data/system/users/userlist.xml'
    str: '/data/system/install_sessions'
    str: '/data/system/netstats'
    str: '/data/system/device_policies.xml'
    str: '/system/build.prop'
    str: '/data/misc/user/0'
    str: '/sdcard/Android/data/com.android.mms'
    str: '/sdcard/Android/data/com.google.android.gms'
    str: '/sdcard/Android/data/com.android.systemui'
    str: '/sdcard/Android/.nomedia'
[ 31] ctor @ 0x363e4
    str: 'bd'
    str: 'v04.09.05'
    str: 'v04.09.05'
    str: '1.0'
[ 32] ctor @ 0x36520
    str: 'bd'
    str: 'v04.09.05'
    str: 'v04.09.05'
    str: '1.0'
[ 33] ctor @ 0x3665c
    str: 'bd'
    str: 'v04.09.05'
    str: 'v04.09.05'
    str: '1.0'
[ 34] ctor @ 0x36798
    str: 'bd'
    str: 'v04.09.05'
    str: 'v04.09.05'
    str: '1.0'
[ 35] ctor @ 0x368d4
    str: 'bd'
    str: 'v04.09.05'
    str: 'v04.09.05'
    str: '1.0'
[ 36] ctor @ 0x36a10
    str: 'bd'
    str: 'v04.09.05'
    str: 'v04.09.05'
    str: '1.0'
[ 37] ctor @ 0x36b4c
    str: 'bd'
    str: 'v04.09.05'
    str: 'v04.09.05'
    str: '1.0'
[ 38] ctor @ 0x36c88
    str: 'bd'
    str: 'v04.09.05'
    str: 'v04.09.05'
    str: '1.0'
[ 39] ctor @ 0x36dc4
    str: 'bd'
    str: 'v04.09.05'
    str: 'v04.09.05'
    str: '1.0'
[ 40] ctor @ 0x36f00
    str: 'bd'
    str: 'v04.09.05'
    str: 'v04.09.05'
    str: '1.0'
[ 41] ctor @ 0x3703c
    str: 'bd'
    str: 'v04.09.05'
    str: 'v04.09.05'
    str: '1.0'
    str: 'rp_fail_record'
    str: 'mssdk_riskapp_db'
    str: 'mssdk_setting'
    str: 'last_rp_time'
[ 42] ctor @ 0x372d4
    str: 'bd'
    str: 'v04.09.05'
    str: 'v04.09.05'
    str: '1.0'
[ 43] ctor @ 0x37410
    str: 'bd'
    str: 'v04.09.05'
    str: 'v04.09.05'
    str: '1.0'
    str: '%s?lc_id=%s&platform=%s&device_platform=%s&sdk_ver=%s&sdk_ver_code=%u&app_ver=%s&version_code=%s&aid=%s&sdkid=%s&subaid=%s&iid=%s&did=%s&bd_did=%s&client_type=%s&region_type=%s&mode=%d&full_update_version_code=%s'
[ 44] ctor @ 0x3761c
    str: 'bd'
    str: 'v04.09.05'
    str: 'v04.09.05'
    str: '1.0'
[ 45] ctor @ 0x37758
    str: 'bd'
    str: 'v04.09.05'
    str: 'v04.09.05'
    str: '1.0'
[ 46] ctor @ 0x37894
    str: 'bd'
    str: 'v04.09.05'
    str: 'v04.09.05'
    str: '1.0'
[ 47] ctor @ 0x379d0
    str: 'bd'
    str: 'v04.09.05'
    str: 'v04.09.05'
    str: '1.0'
[ 48] ctor @ 0x37b0c
    str: 'bd'
    str: 'v04.09.05'
    str: 'v04.09.05'
    str: '1.0'
    str: '.msfs_'
[ 49] ctor @ 0x37c9c
    str: 'bd'
    str: 'v04.09.05'
    str: 'v04.09.05'
    str: '1.0'
[ 50] ctor @ 0x37dd8
    str: 'bd'
    str: 'v04.09.05'
    str: 'v04.09.05'
    str: '1.0'
[ 51] ctor @ 0x37f14
    str: 'bd'
    str: 'v04.09.05'
    str: 'v04.09.05'
    str: '1.0'
[ 52] ctor @ 0x38050
    str: 'bd'
    str: 'v04.09.05'
    str: 'v04.09.05'
    str: '1.0'
[ 53] ctor @ 0x3818c
    str: 'bd'
    str: 'v04.09.05'
    str: 'v04.09.05'
    str: '1.0'
    str: 'rp_fail_record'
[ 54] ctor @ 0x38328
    str: 'bd'
    str: 'v04.09.05'
    str: 'v04.09.05'
    str: '1.0'
[ 55] ctor @ 0x38464
    str: 'bd'
    str: 'v04.09.05'
    str: 'v04.09.05'
    str: '1.0'
[ 56] ctor @ 0x385a0
    str: 'bd'
    str: 'v04.09.05'
    str: 'v04.09.05'
    str: '1.0'
    str: 'libart.so'
[ 57] ctor @ 0x38728
    str: 'bd'
    str: 'v04.09.05'
    str: 'v04.09.05'
    str: '1.0'
[ 58] ctor @ 0x38864
    str: 'bd'
    str: 'v04.09.05'
    str: 'v04.09.05'
    str: '1.0'
[ 59] ctor @ 0x389a0
    str: 'bd'
    str: 'v04.09.05'
    str: 'v04.09.05'
    str: '1.0'
[ 60] ctor @ 0x38adc
    str: 'bd'
    str: 'v04.09.05'
    str: 'v04.09.05'
    str: '1.0'
[ 61] ctor @ 0x38c18
    str: 'bd'
    str: 'v04.09.05'
    str: 'v04.09.05'
    str: '1.0'
[ 62] ctor @ 0x38d54
    str: 'bd'
    str: 'v04.09.05'
    str: 'v04.09.05'
    str: '1.0'
[ 63] ctor @ 0x38e90
    str: 'bd'
    str: 'v04.09.05'
    str: 'v04.09.05'
    str: '1.0'
    str: 'mssdk_riskapp_db'
[ 64] ctor @ 0x39018
    str: 'bd'
    str: 'v04.09.05'
    str: 'v04.09.05'
    str: '1.0'
[ 65] ctor @ 0x39154
    str: 'bd'
    str: 'v04.09.05'
    str: 'v04.09.05'
    str: '1.0'
[ 66] ctor @ 0x39290
    str: '/data/data/org.autojs.autojs'
    str: '/data/data/yk.juejin'
    str: '/data/data/com.cyjh.mobileanjian'
    str: '/data/data/com.cyjh.mobileanjianen'
    str: '/data/data/com.touchsprite.android'
    str: '/data/data/com.touchspriteent.android'
    str: '/data/data/net.aisence.Touchelper'
    str: '/data/data/com.touch.fairy'
    str: '/data/data/com.zdanjian.zdanjian'
    str: '/data/data/simplehat.clicker'
[ 67] ctor @ 0x3963c
    str: 'bd'
    str: 'v04.09.05'
    str: 'v04.09.05'
    str: '1.0'
[ 68] ctor @ 0x39778
    str: '/system/xbin/su'
    str: '/system/bin/su'
    str: '/system/bin/shuamesu'
    str: '/system/xbin/daemonsu'
    str: '/system/bin/bdsu'
    str: '/system/xbin/bdsu'
    str: '/su/bin/su'
    str: '/system/bin/.su'
    str: '/system/xbin/ku.sud'
    str: '/system/xbin/bstk/su'
    str: '/system/bin/sudo'
    str: '/system/bin/sutemp'
    str: '/sbin/su'
    str: '/data/data/com.topjohnwu.magisk'
    str: '/system/app/longeneroot.apk'
    str: '/system/app/Supersupro/Supersupro.apk'
    str: '/system/app/Superuser/Superuser.apk'
    str: '/data/data/com.kingroot.kinguser'
    str: '/data/data/com.meizu.mzroottools'
    str: '/data/data/com.devadvance.rootcloak2'
    str: '/data/data/com.qihoo.permmgr'
    str: '/data/data/com.rd.user2root'
    str: '/data/data/com.baidu.easyroot'
    str: '/data/data/hh.root'
    str: '/data/data/com.shuame.rootgenius'
    str: '/data/data/com.mtk.user2root'
    str: '/sbin/magisk64'
    str: '/sbin/magiskhide'
    str: '/sbin/magiskinit'
    str: '/sbin/.magisk'
    str: '/sdcard/Android/data/com.topjohnwu.magisk'
    str: '/data/data/com.topjohnwu.magisk'
    str: '/cache/.disable_magisk'
    str: '/dev/magisk/img'
    str: '/bin/.magisk'
    str: '/system/bin/magisk'
    str: '/system/bin/magiskpolicy'
    str: '/cache/magisk.log'
    str: '/data/adb/magisk'
    str: '/mnt/vendor/persist/magisk'
    str: '/system/lib/libzygisk.so'
    str: '/system/lib64/libzygisk.so'
    str: '/data/magisk.apk'
    str: '/data/adb/ksu'
    str: '/data/adb/apd'
    str: '/data/adb/kpatch'
[ 69] ctor @ 0x3a6dc
    str: 'bd'
    str: 'v04.09.05'
    str: 'v04.09.05'
    str: '1.0'
    str: '/sbin/.magisk/modules/riru_lsposed'
    str: '/sbin/.magisk/modules/zygisk_lsposed'
    str: '/sbin/.magisk/modules/riru_edxposed'
    str: '/sbin/.magisk/modules/taichi'
    str: '/sbin/.magisk/modules/taichi-zygisk'
    str: '/data/adb/modules/riru_lsposed'
    str: '/data/adb/modules/zygisk_lsposed'
    str: '/data/adb/modules/riru_edxposed'
    str: '/data/adb/modules/taichi'
    str: '/data/adb/modules/taichi-zygisk'
    str: '/data/adb/lspd'
    str: '/data/adb/edxp'
    str: '/sdcard/Android/data/org.meowcat.edxposed.manager'
    str: '/sdcard/Android/me.weishu.exp'
    str: '/sdcard/Android/org.lsposed.manager'
    str: '/data/data/org.meowcat.edxposed.manager'
    str: '/data/data/me.weishu.exp'
    str: '/data/data/org.lsposed.manager'
    str: '/system/bin/app_process.orig'
    str: '/system/xposed.prop'
    str: '/system/framework/XposedBridge.jar'
    str: '/system/lib/libxposed_art.so'
    str: '/system/lib/libxposed_art.so.no_orig'
    str: '/system/lib64/libxposed_art.so'
    str: '/system/lib64/libxposed_art.so.no_orig'
    str: '/data/data/de.robv.android.xposed.installer'
    str: 'modules/riru_lsposed'
    str: 'modules/zygisk_lsposed'
    str: 'modules/riru_edxposed'
    str: 'modules/taichi'
    str: 'modules/taichi-zygisk'
[ 70] ctor @ 0x3b364
    str: 'bd'
    str: 'v04.09.05'
    str: 'v04.09.05'
    str: '1.0'
[ 71] ctor @ 0x3b4a0
    str: 'bd'
    str: 'v04.09.05'
    str: 'v04.09.05'
    str: '1.0'
[ 72] ctor @ 0x3b5dc
    str: 'bd'
    str: 'v04.09.05'
    str: 'v04.09.05'
    str: '1.0'
[ 73] ctor @ 0x3b718
    str: 'bd'
    str: 'v04.09.05'
    str: 'v04.09.05'
    str: '1.0'
[ 74] ctor @ 0x3b854
    str: 'bd'
    str: 'v04.09.05'
    str: 'v04.09.05'
    str: '1.0'
[ 75] ctor @ 0x3b990
    str: 'bd'
    str: 'v04.09.05'
    str: 'v04.09.05'
    str: '1.0'
[ 76] ctor @ 0x3bacc
    str: 'bd'
    str: 'v04.09.05'
    str: 'v04.09.05'
    str: '1.0'
[ 77] ctor @ 0x3bc08
    str: 'bd'
    str: 'v04.09.05'
    str: 'v04.09.05'
    str: '1.0'
[ 78] ctor @ 0x3bd44
    str: 'bd'
    str: 'v04.09.05'
    str: 'v04.09.05'
    str: '1.0'
[ 79] ctor @ 0x3be80
    str: 'bd'
    str: 'v04.09.05'
    str: 'v04.09.05'
    str: '1.0'
[ 80] ctor @ 0x3bfbc
    str: 'bd'
    str: 'v04.09.05'
    str: 'v04.09.05'
    str: '1.0'
[ 81] ctor @ 0x3c0f8
    str: 'bd'
    str: 'v04.09.05'
    str: 'v04.09.05'
    str: '1.0'
[ 82] ctor @ 0x3c234
    str: 'bd'
    str: 'v04.09.05'
    str: 'v04.09.05'
    str: '1.0'
[ 83] ctor @ 0x3c370
    str: 'bd'
    str: 'v04.09.05'
    str: 'v04.09.05'
    str: '1.0'
[ 84] ctor @ 0x3c4ac
    str: 'bd'
    str: 'v04.09.05'
    str: 'v04.09.05'
    str: '1.0'
[ 85] ctor @ 0x3c5e8
    str: 'bd'
    str: 'v04.09.05'
    str: 'v04.09.05'
    str: '1.0'
[ 86] ctor @ 0x3c724
    str: 'bd'
    str: 'v04.09.05'
    str: 'v04.09.05'
    str: '1.0'
    str: 'ro.x8.version'
    str: 'ro.x8.uuid'
    str: 'ro.x8.support_dev_ashmem'
    str: 'ro.vphone.rompath'
    str: 'ro.vphone.socketpath'
    str: 'ro.vphone.pkname'
    str: 'ro.kernel.titan'
    str: 'ro.zm.vn'
    str: 'vmprop.androidid'
    str: 'vmprop.ip'
    str: 'vmprop.dev_ashmem'
    str: 'ro.vmos.simplest.rom'
    str: 'ro.rksdk.version'
    str: 'ro.rk.flash_enable'
    str: 'ro.rk.hdmi_enable'
    str: 'ro.vendor.rk_sdk'
    str: 'sys.rkadb.root'
    str: 'vendor.hwc.device.display-0'
    str: 'vendor.hwc.device.display-1'
    str: 'vendor.hwc.device.display-2'
    str: 'ro.build.date.utc'
    str: 'ro.odm.build.date.utc'
    str: 'ro.system.build.date.utc'
    str: 'ro.vendor.build.date.utc'
    str: 'ro.bootimage.build.date.utc'
    str: 'ro.product.build.date.utc'
    str: '/proc/self/root//data/data/com.f1player/2ndos/rootfs'
    str: '/x8/config/root.pkg.blacklist'
    str: '/x8/config/full_vm'
    str: '/x8.prop'
    str: '/proc/self/root//data/data/com.x8zs.sandbox/2ndos/rootfs'
    str: '/vendor/lib64/libtitan-ril.so'
    str: '/init.titan.rc'
    str: '/ueventd.titan.rc'
    str: '/proc/self/root//data/data/com.vphonegaga.faqweb'
    str: '/proc/self/root//data/data/io.twoyi/rootfs'
    str: '/proc/self/root//data/data/com.clone.android.dual.space/vm'
    str: '/proc/self/root//data/data/com.f1player/2ndos/rootfs'
    str: '/x8/config/root.pkg.blacklist'
    str: '/x8/config/full_vm'
    str: '/x8.prop'
    str: '/proc/self/root//data/data/com.x8zs.sandbox/2ndos/rootfs'
    str: '/vendor/lib64/libtitan-ril.so'
    str: '/init.titan.rc'
    str: '/ueventd.titan.rc'
    str: '/proc/self/root//data/data/com.vphonegaga.faqweb'
    str: '/proc/self/root//data/data/io.twoyi/rootfs'
    str: '/proc/self/root//data/data/com.clone.android.dual.space/vm'
    str: '/dev/haima-rfifo'
    str: '/dev/haima-wfifo'
    str: '/system/etc/haima.agent.d'
    str: '/system/bin/ws-server'
    str: '/system/app/CloudLauncher'
    str: '/system/priv-app/MonitorAppOEM'
    str: '/system/priv-app/RedFingerLauncher'
    str: '/system/priv-app/RedFingerFileManager'
    str: '/sys/bus/platform/devices/ionfb_redfinger.0'
    str: '/sys/devices/platform/ionfb_redfinger.0'
    str: '/sys/class/redfinger_camera'
    str: '/sys/class/redfinger_audio'
    str: '/sys/devices/virtual/redfinger_audio'
    str: '/sdcard/Android/data/org.appspot.apprtc'
    str: '/sdcard/Android/data/com.longene.lglocations'
    str: '/sdcard/Android/data/com.longene.lglocation'
    str: '/sdcard/Android/data/com.migu.agent'
    str: '/sdcard/Android/data/com.migu.controller'
    str: '/sdcard/Android/data/com.redfinger.monitor'
    str: '/sdcard/Android/data/com.redfinger.filemanager'
    str: '/data/data/org.appspot.apprtc'
    str: '/data/data/com.longene.lglocations'
    str: '/data/data/com.longene.lglocation'
    str: '/data/data/com.migu.agent'
    str: '/data/data/com.migu.controller'
    str: '/data/data/com.redfinger.monitor'
    str: '/data/data/com.redfinger.filemanager'
    str: '/system/etc/permissions/monbox.xml'
    str: 'anbox-init.sh'
    str: '/init.hi3660.rc'
    str: '/data/android_info.conf'
    str: '/data/mac'
    str: '/acct/docker'
    str: '/sys/fs/cgroup/memory/docker'
    str: '/dev/cpuset/docker'
    str: '/dev/cpuctl/docker'
    str: '/dev/memcg/docker'
    str: '/dev/cpuset/kube-proxy/'
    str: '/dev/sdb'
    str: '/dev/sdc'
    str: '/lxc/lxcfs/'
    str: '/system/bin/android_ttcp'
    str: '/system/bin/eeprom_tools'
    str: '/system/bin/vcDistributor'
    str: '/system/bin/vclusters_server'
    str: '/system/bin/iptables_yp'
    str: '/system/bin/yp_log'
    str: '/system/bin/ypremoteview'
    str: '/system/xbin/yp_init.sh'
    str: '/system/xbin/ysu'
    str: '/fstab.pscloud'
    str: '/init.dundi.rc'
    str: '/init.pscloud.rc'
    str: '/system/bin/client'
    str: '/system/bin/lzbaseband'
    str: '/system/bin/socat'
    str: '/sys/class/lginput/'
    str: '/dev/lginput'
    str: '/system/bin/lgserver'
    str: '/system/lib/libRkTeeGatekeeper.so'
    str: '/vendor/bin/tenc-apk-installer.sh'
    str: '/vendor/bin/tenc-ethernet.sh'
    str: '/vendor/etc/fstab.tenc'
    str: '/vendor/lib/hw/gatekeeper.tenc.so'
    str: '/vendor/lib/hw/gps.tenc.so'
    str: '/sys/class/dmi/id/power'
    str: '/sys/class/dmi/id/product_name'
    str: '.dockerenv'
[ 87] ctor @ 0x400b0
    str: 'bd'
    str: 'v04.09.05'
    str: 'v04.09.05'
    str: '1.0'
    str: '3019'
[ 88] ctor @ 0x40238
    str: 'bd'
    str: 'v04.09.05'
    str: 'v04.09.05'
    str: '1.0'
[ 89] ctor @ 0x40374
    str: 'bd'
    str: 'v04.09.05'
    str: 'v04.09.05'
    str: '1.0'
[ 90] ctor @ 0x404b0
    str: 'bd'
    str: 'v04.09.05'
    str: 'v04.09.05'
    str: '1.0'
[ 91] ctor @ 0x405ec
    str: 'bd'
    str: 'v04.09.05'
    str: 'v04.09.05'
    str: '1.0'
[ 92] ctor @ 0x40728
    str: 'bd'
    str: 'v04.09.05'
    str: 'v04.09.05'
    str: '1.0'
    str: 'rp_fail_record'
[ 93] ctor @ 0x129430
    import strtol
    svc #4296186272(?) @ 0x129ec2 args=(0x3000fff80,0x3001000d9,0x100129a51)
    svc #4296186272(?) @ 0x129ec2 (重复，后续静默计数)
[ 94] ctor @ 0x408c4
    str: 'bd'
    str: 'v04.09.05'
    str: 'v04.09.05'
    str: '1.0'
    str: '!notset!'
    str: '!noperm!'
    str: '!skip!'
[ 95] ctor @ 0x40aec
    str: 'bd'
    str: 'v04.09.05'
    str: 'v04.09.05'
    str: '1.0'
    str: '.msp_'
[ 96] ctor @ 0x40c74
    str: 'bd'
    str: 'v04.09.05'
    str: 'v04.09.05'
    str: '1.0'
[ 97] ctor @ 0x40db0
    str: 'bd'
    str: 'v04.09.05'
    str: 'v04.09.05'
    str: '1.0'
[ 98] ctor @ 0x40eec
    import pthread_mutex_init
    import pthread_mutex_init
    import __cxa_atexit
[ 99] ctor @ 0x40f48
    str: 'bd'
    str: 'v04.09.05'
    str: 'v04.09.05'
    str: '1.0'
[100] ctor @ 0x41084
    str: 'bd'
    str: 'v04.09.05'
    str: 'v04.09.05'
    str: '1.0'
[101] ctor @ 0x411c0
    str: 'bd'
    str: 'v04.09.05'
    str: 'v04.09.05'
    str: '1.0'
[102] ctor @ 0x412fc
    str: 'bd'
    str: 'v04.09.05'
    str: 'v04.09.05'
    str: '1.0'
    import __cxa_atexit
    import __cxa_atexit
[103] ctor @ 0x41480
    str: 'bd'
    str: 'v04.09.05'
    str: 'v04.09.05'
    str: '1.0'
[104] ctor @ 0x415bc
    str: 'bd'
    str: 'v04.09.05'
    str: 'v04.09.05'
    str: '1.0'
    str: 'X-SS-STUB'
    str: 'COOKIE'
    str: 'X-BD-CLIENT-KEY'
    str: 'X-BD-KMSV'
    str: 'X-METASEC-MODE'
[105] ctor @ 0x41758
    str: 'bd'
    str: 'v04.09.05'
    str: 'v04.09.05'
    str: '1.0'
[106] ctor @ 0x41894
    str: 'bd'
    str: 'v04.09.05'
    str: 'v04.09.05'
    str: '1.0'
    import clock_gettime
[107] ctor @ 0x419d8
    str: 'bd'
    str: 'v04.09.05'
    str: 'v04.09.05'
    str: '1.0'
    str: 'X-BD-CLIENT-KEY'
    str: 'X-BD-KMSV'
[108] ctor @ 0x41ba4
    str: 'bd'
    str: 'v04.09.05'
    str: 'v04.09.05'
    str: '1.0'
[109] ctor @ 0x41ce0
    str: 'bd'
    str: 'v04.09.05'
    str: 'v04.09.05'
    str: '1.0'
[110] ctor @ 0x41e1c
    str: 'bd'
    str: 'v04.09.05'
    str: 'v04.09.05'
    str: '1.0'
[111] ctor @ 0x41f58
    str: 'bd'
    str: 'v04.09.05'
    str: 'v04.09.05'
    str: '1.0'
[112] ctor @ 0x42094
    import memcmpn=13 a=5f5f737461636b5f706f696e74 b=5f5f6d656d6f72795f62617365
    import memcmpn=13 a=5f5f6d656d6f72795f62617365 b=5f5f737461636b5f706f696e74
    import memcmpn=13 a=5f5f737461636b5f706f696e74 b=5f5f6d656d6f72795f62617365
    import memcmpn=12 a=5f5f737461636b5f706f696e b=5f5f7461626c655f62617365
    import memcmpn=12 a=5f5f7461626c655f62617365 b=5f5f737461636b5f706f696e
    import memcmpn=12 a=5f5f737461636b5f706f696e b=5f5f7461626c655f62617365
    import memcmpn=11 a=5f5f737461636b5f706f69 b=5f5f686561705f62617365
    import memcmpn=11 a=5f5f686561705f62617365 b=5f5f737461636b5f706f69
    import memcmpn=11 a=5f5f737461636b5f706f69 b=5f5f686561705f62617365
    import memcmpn=14 a=5f5f737461636b5f706f696e7465 b=5f5f7461626c655f626173653332
    import memcmpn=14 a=5f5f7461626c655f626173653332 b=5f5f737461636b5f706f696e7465
    import memcmpn=14 a=5f5f737461636b5f706f696e7465 b=5f5f7461626c655f626173653332
    import __cxa_atexit
[113] ctor @ 0x42300
    import __cxa_atexit
[114] ctor @ 0x42334
    import memcmpn=4 a=6d616c6c b=66726565
    import memcmpn=4 a=66726565 b=6d616c6c
    import memcmpn=4 a=6d616c6c b=66726565
    import memcmpn=6 a=6d616c6c6f63 b=63616c6c6f63
    import memcmpn=6 a=63616c6c6f63 b=6d616c6c6f63
    import memcmpn=6 a=6d616c6c6f63 b=63616c6c6f63
    import memcmpn=6 a=6d616c6c6f63 b=7265616c6c6f
    import memcmpn=6 a=7265616c6c6f b=6d616c6c6f63
    import memcmpn=6 a=6d616c6c6f63 b=7265616c6c6f
    import memcmpn=6 a=6d616c6c6f63 b=6d656d616c69
    import memcmpn=6 a=6d656d616c69 b=6d616c6c6f63
    import memcmpn=6 a=6d616c6c6f63 b=6d656d616c69
    import memcmpn=6 a=6d616c6c6f63 b=706f7369785f
    import memcmpn=6 a=706f7369785f b=6d616c6c6f63
    import memcmpn=6 a=6d616c6c6f63 b=706f7369785f
    import memcmpn=6 a=6d616c6c6f63 b=76616c6c6f63
    import memcmpn=6 a=76616c6c6f63 b=6d616c6c6f63
    import memcmpn=6 a=6d616c6c6f63 b=76616c6c6f63
    import memcmpn=6 a=6d616c6c6f63 b=7076616c6c6f
    import memcmpn=6 a=7076616c6c6f b=6d616c6c6f63
    import memcmpn=6 a=6d616c6c6f63 b=7076616c6c6f
    import __cxa_atexit
[115] ctor @ 0x423fc
    import pthread_mutex_lock
    import syscallnr=178 args=(0x1002c6470,0x100260540,0x3000ffe58)
    import pthread_mutex_unlock
    import pthread_mutex_lock
    import syscallnr=178 args=(0x1002c6470,0x100260540,0x3000ffe58)
    import pthread_mutex_unlock
    import pthread_mutex_lock
    import pthread_mutex_unlock
    import pthread_mutex_lock
    import pthread_mutex_unlock
    import pthread_cond_broadcast
    import pthread_mutex_lock
    import pthread_mutex_unlock
    import pthread_mutex_lock
    import pthread_mutex_unlock
    import pthread_cond_broadcast
    import pthread_mutex_lock
    import pthread_mutex_unlock
    import pthread_mutex_lock
    import pthread_mutex_unlock
    import pthread_cond_broadcast
    import pthread_mutex_lock
    import pthread_mutex_unlock
    import pthread_mutex_lock
    import pthread_mutex_unlock
    import pthread_cond_broadcast
    import pthread_mutex_lock
    import pthread_mutex_unlock
    import pthread_mutex_lock
    import pthread_mutex_unlock
    import pthread_cond_broadcast
    import pthread_mutex_lock
    import syscallnr=178 args=(0x0,0x8,0x3000ffe58)
    import pthread_mutex_unlock
    import newlocale
    import pthread_mutex_lock
    import pthread_mutex_unlock
    import pthread_mutex_lock
    import pthread_mutex_unlock
    import pthread_mutex_lock
    import pthread_mutex_unlock
    import pthread_cond_broadcast
    import pthread_mutex_lock
    import pthread_mutex_unlock
    import pthread_mutex_lock
    import pthread_mutex_unlock
    import pthread_cond_broadcast
    import pthread_mutex_lock
    import pthread_mutex_unlock
    import pthread_mutex_lock
    import pthread_mutex_unlock
    import pthread_cond_broadcast
    import pthread_mutex_lock
    import pthread_mutex_unlock
    import pthread_mutex_lock
    import pthread_mutex_unlock
    import pthread_cond_broadcast
    import pthread_mutex_lock
    import pthread_mutex_unlock
    import pthread_mutex_lock
    import pthread_mutex_unlock
    import pthread_cond_broadcast
    import pthread_mutex_lock
    import pthread_mutex_unlock
    import pthread_mutex_lock
    import pthread_mutex_unlock
    import pthread_cond_broadcast
    import pthread_mutex_lock
    import pthread_mutex_unlock
    import pthread_mutex_lock
    import pthread_mutex_unlock
    import pthread_cond_broadcast
    import pthread_mutex_lock
    import pthread_mutex_unlock
    import pthread_mutex_lock
    import pthread_mutex_unlock
    import pthread_cond_broadcast
    import pthread_mutex_lock
    import pthread_mutex_unlock
    import pthread_mutex_lock
    import pthread_mutex_unlock
    import pthread_cond_broadcast
    import pthread_mutex_lock
    import pthread_mutex_unlock
    import pthread_mutex_lock
    import pthread_mutex_unlock
    import pthread_cond_broadcast
    import pthread_mutex_lock
    import pthread_mutex_unlock
    import pthread_mutex_lock
    import pthread_mutex_unlock
    import pthread_cond_broadcast
    import pthread_mutex_lock
    import pthread_mutex_unlock
    import pthread_mutex_lock
    import pthread_mutex_unlock
    import pthread_cond_broadcast
    import pthread_mutex_lock
    import pthread_mutex_unlock
    import pthread_mutex_lock
    import pthread_mutex_unlock
    import pthread_cond_broadcast
    import pthread_mutex_lock
    import pthread_mutex_unlock
    import pthread_mutex_lock
    import pthread_mutex_unlock
    import pthread_cond_broadcast
    import pthread_mutex_lock
    import pthread_mutex_unlock
    import pthread_mutex_lock
    import pthread_mutex_unlock
    import pthread_cond_broadcast
    import pthread_mutex_lock
    import pthread_mutex_unlock
    import pthread_mutex_lock
    import pthread_mutex_unlock
    import pthread_cond_broadcast
    import pthread_mutex_lock
    import pthread_mutex_unlock
    import pthread_mutex_lock
    import pthread_mutex_unlock
    import pthread_cond_broadcast
    import pthread_mutex_lock
    import pthread_mutex_unlock
    import pthread_mutex_lock
    import pthread_mutex_unlock
    import pthread_cond_broadcast
    import pthread_mutex_lock
    import pthread_mutex_unlock
    import pthread_mutex_lock
    import pthread_mutex_unlock
    import pthread_cond_broadcast
    import pthread_mutex_lock
    import pthread_mutex_unlock
    import pthread_mutex_lock
    import pthread_mutex_unlock
    import pthread_cond_broadcast
    import pthread_mutex_lock
    import pthread_mutex_unlock
    import pthread_mutex_lock
    import pthread_mutex_unlock
    import pthread_cond_broadcast
    import pthread_mutex_lock
    import pthread_mutex_unlock
    import pthread_mutex_lock
    import pthread_mutex_unlock
    import pthread_cond_broadcast
    import pthread_mutex_lock
    import pthread_mutex_unlock
    import pthread_mutex_lock
    import pthread_mutex_unlock
    import pthread_cond_broadcast
    import pthread_mutex_lock
    import pthread_mutex_unlock
    import pthread_mutex_lock
    import pthread_mutex_unlock
    import uselocale
    import mbtowc
    import __cxa_atexit

[done] -> init_array_trace.json
