# target process monitor
# package=com.ss.android.ugc.aweme interval=1s
# started_at=2026-09-01 15:03:51
[2026-09-01 15:03:51] pids=<none>
[2026-09-01 15:03:53] pids=14216
  ps: u0_a281      14216   882   38940884 878548 do_epoll_wait       0 S com.ss.android.ugc.aweme
  status[14216]: Name:	droid.ugc.aweme
  status[14216]: State:	S (sleeping)
  status[14216]: Tgid:	14216
  status[14216]: Pid:	14216
  status[14216]: PPid:	882
  status[14216]: TracerPid:	0
  status[14216]: VmHWM:	  879268 kB
  status[14216]: VmRSS:	  879252 kB
  status[14216]: Threads:	223
[2026-09-01 15:03:53] EVENT first_seen pids=14216
[2026-09-01 15:03:55] pids=14216
  ps: u0_a281      14216   882   39272932 884224 0                   0 R com.ss.android.ugc.aweme
  status[14216]: Name:	droid.ugc.aweme
  status[14216]: State:	R (running)
  status[14216]: Tgid:	14216
  status[14216]: Pid:	14216
  status[14216]: PPid:	882
  status[14216]: TracerPid:	0
  status[14216]: VmHWM:	  922584 kB
  status[14216]: VmRSS:	  922584 kB
  status[14216]: Threads:	241
[2026-09-01 15:03:57] pids=14216
  ps: u0_a281      14216   882   39951208 1002188 do_epoll_wait      0 S com.ss.android.ugc.aweme
  status[14216]: Name:	droid.ugc.aweme
  status[14216]: State:	S (sleeping)
  status[14216]: Tgid:	14216
  status[14216]: Pid:	14216
  status[14216]: PPid:	882
  status[14216]: TracerPid:	0
  status[14216]: VmHWM:	 1003416 kB
  status[14216]: VmRSS:	 1003132 kB
  status[14216]: Threads:	262
[2026-09-01 15:03:59] pids=14216
  ps: u0_a281      14216   882   40054144 1031348 do_epoll_wait      0 S com.ss.android.ugc.aweme
  status[14216]: Name:	droid.ugc.aweme
  status[14216]: State:	S (sleeping)
  status[14216]: Tgid:	14216
  status[14216]: Pid:	14216
  status[14216]: PPid:	882
  status[14216]: TracerPid:	0
  status[14216]: VmHWM:	 1033780 kB
  status[14216]: VmRSS:	 1030452 kB
  status[14216]: Threads:	266
[2026-09-01 15:04:01] pids=14216
  ps: u0_a281      14216   882   40081060 1085928 do_epoll_wait      0 S com.ss.android.ugc.aweme
  status[14216]: Name:	droid.ugc.aweme
  status[14216]: State:	S (sleeping)
  status[14216]: Tgid:	14216
  status[14216]: Pid:	14216
  status[14216]: PPid:	882
  status[14216]: TracerPid:	0
  status[14216]: VmHWM:	 1118508 kB
  status[14216]: VmRSS:	 1108436 kB
  status[14216]: Threads:	267
[2026-09-01 15:04:03] pids=14216
  ps: u0_a281      14216   882   40389756 1036408 do_epoll_wait      0 S com.ss.android.ugc.aweme
  status[14216]: Name:	droid.ugc.aweme
  status[14216]: State:	S (sleeping)
  status[14216]: Tgid:	14216
  status[14216]: Pid:	14216
  status[14216]: PPid:	882
  status[14216]: TracerPid:	0
  status[14216]: VmHWM:	 1143428 kB
  status[14216]: VmRSS:	 1040676 kB
  status[14216]: Threads:	282
[2026-09-01 15:04:05] pids=14216
  ps: u0_a281      14216   882   40396784 1141236 do_epoll_wait      0 S com.ss.android.ugc.aweme
  status[14216]: Name:	droid.ugc.aweme
  status[14216]: State:	S (sleeping)
  status[14216]: Tgid:	14216
  status[14216]: Pid:	14216
  status[14216]: PPid:	882
  status[14216]: TracerPid:	0
  status[14216]: VmHWM:	 1143428 kB
  status[14216]: VmRSS:	 1141252 kB
  status[14216]: Threads:	282
[2026-09-01 15:04:06] pids=14216
  ps: u0_a281      14216   882   40767816 1242928 do_epoll_wait      0 S com.ss.android.ugc.aweme
  status[14216]: Name:	droid.ugc.aweme
  status[14216]: State:	S (sleeping)
  status[14216]: Tgid:	14216
  status[14216]: Pid:	14216
  status[14216]: PPid:	882
  status[14216]: TracerPid:	0
  status[14216]: VmHWM:	 1293648 kB
  status[14216]: VmRSS:	 1258044 kB
  status[14216]: Threads:	297
[2026-09-01 15:04:08] pids=14216
  ps: u0_a281      14216   882   40909616 1124668 do_epoll_wait      0 S com.ss.android.ugc.aweme
  status[14216]: Name:	droid.ugc.aweme
  status[14216]: State:	S (sleeping)
  status[14216]: Tgid:	14216
  status[14216]: Pid:	14216
  status[14216]: PPid:	882
  status[14216]: TracerPid:	0
  status[14216]: VmHWM:	 1293648 kB
  status[14216]: VmRSS:	 1122740 kB
  status[14216]: Threads:	297
[2026-09-01 15:04:10] pids=14216
  ps: u0_a281      14216   882   40927272 1150696 do_epoll_wait      0 S com.ss.android.ugc.aweme
  status[14216]: Name:	droid.ugc.aweme
  status[14216]: State:	S (sleeping)
  status[14216]: Tgid:	14216
  status[14216]: Pid:	14216
  status[14216]: PPid:	882
  status[14216]: TracerPid:	0
  status[14216]: VmHWM:	 1293648 kB
  status[14216]: VmRSS:	 1150304 kB
  status[14216]: Threads:	298
[2026-09-01 15:04:12] pids=14216
  ps: u0_a281      14216   882   41032284 1180292 do_epoll_wait      0 S com.ss.android.ugc.aweme
  status[14216]: Name:	droid.ugc.aweme
  status[14216]: State:	S (sleeping)
  status[14216]: Tgid:	14216
  status[14216]: Pid:	14216
  status[14216]: PPid:	882
  status[14216]: TracerPid:	0
  status[14216]: VmHWM:	 1293648 kB
  status[14216]: VmRSS:	 1180292 kB
  status[14216]: Threads:	301
[2026-09-01 15:04:14] pids=14216
  ps: u0_a281      14216   882   41050284 1187896 do_epoll_wait      0 S com.ss.android.ugc.aweme
  status[14216]: Name:	droid.ugc.aweme
  status[14216]: State:	S (sleeping)
  status[14216]: Tgid:	14216
  status[14216]: Pid:	14216
  status[14216]: PPid:	882
  status[14216]: TracerPid:	0
  status[14216]: VmHWM:	 1293648 kB
  status[14216]: VmRSS:	 1187896 kB
  status[14216]: Threads:	302
[2026-09-01 15:04:16] pids=14216
  ps: u0_a281      14216   882   41414044 1219132 do_epoll_wait      0 S com.ss.android.ugc.aweme
  status[14216]: Name:	droid.ugc.aweme
  status[14216]: State:	S (sleeping)
  status[14216]: Tgid:	14216
  status[14216]: Pid:	14216
  status[14216]: PPid:	882
  status[14216]: TracerPid:	0
  status[14216]: VmHWM:	 1293648 kB
  status[14216]: VmRSS:	 1219404 kB
  status[14216]: Threads:	322
[2026-09-01 15:04:18] pids=14216
  ps: u0_a281      14216   882   41452780 1253748 do_epoll_wait      0 S com.ss.android.ugc.aweme
  status[14216]: Name:	droid.ugc.aweme
  status[14216]: State:	S (sleeping)
  status[14216]: Tgid:	14216
  status[14216]: Pid:	14216
  status[14216]: PPid:	882
  status[14216]: TracerPid:	0
  status[14216]: VmHWM:	 1293648 kB
  status[14216]: VmRSS:	 1251924 kB
  status[14216]: Threads:	324
[2026-09-01 15:04:19] pids=14216
  ps: u0_a281      14216   882   41451160 1254456 do_epoll_wait      0 S com.ss.android.ugc.aweme
  status[14216]: Name:	droid.ugc.aweme
  status[14216]: State:	S (sleeping)
  status[14216]: Tgid:	14216
  status[14216]: Pid:	14216
  status[14216]: PPid:	882
  status[14216]: TracerPid:	0
  status[14216]: VmHWM:	 1293648 kB
  status[14216]: VmRSS:	 1254464 kB
  status[14216]: Threads:	324
[2026-09-01 15:04:21] pids=14216
  ps: u0_a281      14216   882   41469412 1289008 do_epoll_wait      0 S com.ss.android.ugc.aweme
  status[14216]: Name:	droid.ugc.aweme
  status[14216]: State:	S (sleeping)
  status[14216]: Tgid:	14216
  status[14216]: Pid:	14216
  status[14216]: PPid:	882
  status[14216]: TracerPid:	0
  status[14216]: VmHWM:	 1298772 kB
  status[14216]: VmRSS:	 1298256 kB
  status[14216]: Threads:	325
[2026-09-01 15:04:23] pids=14216
  ps: u0_a281      14216   882   41453116 1307284 do_epoll_wait      0 S com.ss.android.ugc.aweme
  status[14216]: Name:	droid.ugc.aweme
  status[14216]: State:	S (sleeping)
  status[14216]: Tgid:	14216
  status[14216]: Pid:	14216
  status[14216]: PPid:	882
  status[14216]: TracerPid:	0
  status[14216]: VmHWM:	 1316552 kB
  status[14216]: VmRSS:	 1307544 kB
  status[14216]: Threads:	324
[2026-09-01 15:04:25] pids=14216
  ps: u0_a281      14216   882   41453384 1313156 do_epoll_wait      0 S com.ss.android.ugc.aweme
  status[14216]: Name:	droid.ugc.aweme
  status[14216]: State:	S (sleeping)
  status[14216]: Tgid:	14216
  status[14216]: Pid:	14216
  status[14216]: PPid:	882
  status[14216]: TracerPid:	0
  status[14216]: VmHWM:	 1316552 kB
  status[14216]: VmRSS:	 1313304 kB
  status[14216]: Threads:	323
