[build] cf61_sm3_recovered_350101.c
[run]   cf61_sm3
query/F5+F8 len=0x2c0 match=true
x-ss-stub/F5 len=0x10 match=true
pack44/F5 len=0x44 match=true
pack44/F8 len=0x44 match=true
failures=0
[build] cf48_f17_recovered_350101.c
[run]   cf48_f17
F7/X-Ladon text_len=0x1a padded_len=0x20 out32=7abd4bdb12ba2b2282a8effd65ea43270d9cf5e5debec2510c62ca7017a431fe out_match=true b64=fMigEHq9S9sSuisigqjv/WXqQycNnPXl3r7CUQxiynAXpDH+ b64_match=true
F13/X-Helios text_len=0x1a padded_len=0x20 out32=74f55f3e23d3c8570d15dfe5d4a2fdc065c7e3cec26867545a7924ef16a36af9 out_match=true b64=MOR/LHT1Xz4j08hXDRXf5dSi/cBlx+POwmhnVFp5JO8Wo2r5 b64_match=true
failures=0
[build] cf41_simon128_256_recovered_350101.c
[run]   cf41_simon128_256
input=0x92 padded/out=0xa0 key=0x20 expected=0xa0
actual_fnv=29b26846 expected_fnv=29b26846 match=true
cf41 SIMON128/256 oracle failures=0
[build] cf43_aes128_cbc_recovered_350101.c
[run]   cf43_aes128_cbc
body=0xb3 padded=0xc0 key=0x10 iv=0x10 out=0xc0 final=0xc2
cf43 AES-128-CBC oracle failures=0
[build] f8_medusa_mini_xor_recovered_350101.c
[run]   f8_medusa_mini_xor
watch/ST8 key32=0x6a948afb got=fe8a946ad6c1dba0b2ff9929c43f3a46d9e7583c match=true
rawCF/final-pack key32=0x6a9484a4 got=a184946a89cfdba0edf199299b313a4686e9583c match=true
failures=0
[build] f12_medusa_subpack_recovered_350101.c
[run]   f12_medusa_subpack
idx=00 src=b1 old=07db01283d8ddf35 got=07db81282d85ff35 expect=07db81282d85ff35 match=true
idx=01 src=58 old=f1a339d6d888f018 got=f0a339d2d888d018 expect=f0a339d2d888d018 match=true
idx=02 src=6e old=6f432a2b319cab60 got=6f412a2f319c8b60 expect=6f412a2f319c8b60 match=true
idx=03 src=0f old=cdb2b17583dd8efc got=ccb0b17583dd8efc expect=ccb0b17583dd8efc match=true
idx=04 src=f7 old=69237895c24c60bf got=6923f895d24460ff expect=6923f895d24460ff match=true
idx=05 src=2c old=5fa4735cedd79781 got=5fa4735ceddf9781 expect=5fa4735ceddf9781 match=true
idx=06 src=f9 old=6c507e5db1b556a2 got=6d52fe59b1bd76a2 expect=6d52fe59b1bd76a2 match=true
idx=07 src=36 old=49b4f2545ad03797 got=49b672544ad017d7 expect=49b672544ad017d7 match=true
idx=08 src=18 old=6236772354977c98 got=62367723449f5c98 expect=62367723449f5c98 match=true
idx=09 src=b1 old=9953d36541337a76 got=9953d36141337a36 expect=9953d36141337a36 match=true
idx=10 src=c3 old=92e5e935282f84f6 got=92e5e9313827a4f6 expect=92e5e9313827a4f6 match=true
idx=11 src=4c old=3ec6600c3b74663a got=3ec4600c3b7c463a expect=3ec4600c3b7c463a match=true
idx=12 src=92 old=c356b1704127c3d6 got=c25631704127e3d6 expect=c25631704127e3d6 match=true
idx=13 src=b5 old=c27406abe6787df5 got=c37686afe6707db5 expect=c37686afe6707db5 match=true
idx=14 src=e1 old=708423a177064240 got=7184a3a177066200 expect=7184a3a177066200 match=true
idx=15 src=24 old=5391f3de06c8f4ae got=539173de06c0d4ae expect=539173de06c0d4ae match=true
idx=16 src=c5 old=04f3c06dc21c8382 got=04f1c06dd214a382 expect=04f1c06dd214a382 match=true
idx=17 src=ea old=826104f71eea2bb1 got=836104f31eea2bf1 expect=836104f31eea2bf1 match=true
idx=18 src=12 old=997e329dead2afa2 got=987e3299ead28fe2 expect=987e3299ead28fe2 match=true
idx=19 src=ca old=e641bcb230046f1e got=e6413cb2300c6f5e expect=e6413cb2300c6f5e match=true
idx=20 src=3d old=fadcc454db51492a got=fbdec454cb59492a expect=fbdec454cb59492a match=true
idx=21 src=0e old=ba7513a6dd7a55df got=ba7513a6cd7a55df expect=ba7513a6cd7a55df match=true
idx=22 src=f6 old=c2964a916eee8f14 got=c3964a957ee6af54 expect=c3964a957ee6af54 match=true
idx=23 src=1c old=a75abec1eabfb33f got=a65a3ec5eabf933f expect=a65a3ec5eabf933f match=true
idx=24 src=bb old=267c0592c669f7d0 got=277e8592c669f7d0 expect=277e8592c669f7d0 match=true
idx=25 src=e6 old=f0278b70912c952c got=f1250b749124b56c expect=f1250b749124b56c match=true
idx=26 src=e7 old=d39e150d18e6a1d1 got=d39c950d18e6a1d1 expect=d39c950d18e6a1d1 match=true
idx=27 src=ff old=53b362dcc11ba3a1 got=53b3e2dcd11ba3e1 expect=53b3e2dcd11ba3e1 match=true
idx=28 src=9e old=0bd390a37909f1f1 got=0ad310a76909f1f1 expect=0ad310a76909f1f1 match=true
idx=29 src=fc old=468d861e6a680b86 got=478f061e7a682b86 expect=478f061e7a682b86 match=true
idx=30 src=df old=14ba0ace9dbbedd2 got=14ba8ace9dbbedd2 expect=14ba8ace9dbbedd2 match=true
failures=0
[build] source_work_vector_selfcheck_350101.c
[run]   source_work_vector_selfcheck
failures=0
[build] linked recovered-C suite
[run]   metasec_350101_recovered_c_suite
[ok] CF61/SM3 abc len=0x20
[ok] CF48/CF49/CF44 F7 short-header b64 len=0x30
[ok] CF41/SIMON128-256 pkcs7 vector len=0xa0
[ok] CF43/AES-128-CBC zero-key pkcs7(empty) len=0x10
[ok] F8/X-Medusa mini xor len=0x14
[ok] F12/X-Medusa subpack first qword len=0x8
[summary] metasec 350.101 recovered-C suite failures=0
[build] x-header algorithm suite
[run]   x_headers_algorithms_350101
X-Gorgon match=true len=0x34
X-Khronos match=true len=0xa
X-Ladon match=true len=0x30
X-Helios match=true len=0x30
X-Argus protobuf plain match=true len=0x92
X-Argus CF41 SIMON match=true len=0xa0
X-Argus reverse-xor mask match=true len=0x4
X-Argus mutated tailA8 match=true len=0xa8
X-Argus full-from-plain match=true len=0x104
X-Argus tail match=true len=0x104
X-Medusa final-pack match=true len=0x3b8
X-Soter empty-pack match=true len=0x78
x-header algorithm failures=0
[ok] all recovered C oracles passed; build dir: /var/folders/bg/hg01ysdd12z8fnrn6h3n7v5w0000gn/T//metasec_350101_c_recovery
