[name-W] addr=0xe4fff340 size=8 PC=RX@0x123d3f44[libmetasec_ml.so]0x53f44 LR=unidbg@0xe4ffe9e0
  val: 58 2d 56 12 00 00 00 00 |X-V.....|
[name-W] addr=0x12356018 size=8 PC=RX@0x121ef15c[libc.so]0x8f15c LR=RX@0x12206000[libc.so]0xa6000
  val: 58 2d 48 00 00 00 00 00 |X-H.....|
[name-W] addr=0x12379028 size=4 PC=RX@0x1217c1c0[libc.so]0x1c1c0 LR=RX@0x1248b6e0[libmetasec_ml.so]0x10b6e0
  val: 58 2d 53 53 |X-SS|
[name-W] addr=0x12374930 size=8 PC=RX@0x1217c1b4[libc.so]0x1c1b4 LR=RX@0x1248b6e0[libmetasec_ml.so]0x10b6e0
  val: 58 2d 53 53 2d 52 45 51 |X-SS-REQ|
[name-W] addr=0x12374920 size=8 PC=RX@0x1217c1b4[libc.so]0x1c1b4 LR=RX@0x1248b6e0[libmetasec_ml.so]0x10b6e0
  val: 58 2d 53 53 2d 53 54 55 |X-SS-STU|
[name-W] addr=0x12379020 size=4 PC=RX@0x1217c1c0[libc.so]0x1c1c0 LR=RX@0x1248b6e0[libmetasec_ml.so]0x10b6e0
  val: 58 2d 54 54 |X-TT|
[name-W] addr=0x12377a80 size=8 PC=RX@0x1217c18c[libc.so]0x1c18c LR=RX@0x1248b6e0[libmetasec_ml.so]0x10b6e0
  val: 58 2d 54 54 2d 52 45 51 |X-TT-REQ|
[name-W] addr=0x12377ae0 size=8 PC=RX@0x1217c18c[libc.so]0x1c18c LR=RX@0x1248b6e0[libmetasec_ml.so]0x10b6e0
  val: 58 2d 54 54 2d 53 54 4f |X-TT-STO|
[name-W] addr=0x12377b40 size=8 PC=RX@0x1217c18c[libc.so]0x1c18c LR=RX@0x1248b6e0[libmetasec_ml.so]0x10b6e0
  val: 58 2d 54 54 2d 53 54 4f |X-TT-STO|
[name-W] addr=0x123749c0 size=8 PC=RX@0x1217c1b4[libc.so]0x1c1b4 LR=RX@0x1248b6e0[libmetasec_ml.so]0x10b6e0
  val: 58 2d 54 54 2d 54 52 41 |X-TT-TRA|
[name-W] addr=0x12377be0 size=8 PC=RX@0x1217c18c[libc.so]0x1c18c LR=RX@0x1248b6e0[libmetasec_ml.so]0x10b6e0
  val: 58 2d 56 43 2d 42 44 54 |X-VC-BDT|
[name-W] addr=0x123749b0 size=8 PC=RX@0x1217c1b4[libc.so]0x1c1b4 LR=RX@0x124cb220[libmetasec_ml.so]0x14b220
  val: 58 2d 53 53 2d 53 54 55 |X-SS-STU|
[name-W] addr=0x12374a10 size=8 PC=RX@0x1217c1b4[libc.so]0x1c1b4 LR=RX@0x124ca120[libmetasec_ml.so]0x14a120
  val: 58 2d 4d 45 54 41 53 45 |X-METASE|
[name-W] addr=0x12374a60 size=8 PC=RX@0x1217c1b4[libc.so]0x1c1b4 LR=RX@0x124ca1b8[libmetasec_ml.so]0x14a1b8
  val: 58 2d 47 6f 72 67 6f 6e |X-Gorgon|
[name-W] addr=0x12374a90 size=8 PC=RX@0x1217c1b4[libc.so]0x1c1b4 LR=RX@0x124ca208[libmetasec_ml.so]0x14a208
  val: 58 2d 4b 68 72 6f 6e 6f |X-Khrono|
[name-W] addr=0x12379078 size=8 PC=RX@0x1217c1b4[libc.so]0x1c1b4 LR=RX@0x124ca294[libmetasec_ml.so]0x14a294
  val: 58 2d 41 72 67 75 73 00 |X-Argus.|
[name-W] addr=0x12379068 size=8 PC=RX@0x1217c1b4[libc.so]0x1c1b4 LR=RX@0x124ca2fc[libmetasec_ml.so]0x14a2fc
  val: 58 2d 4c 61 64 6f 6e 00 |X-Ladon.|
[name-W] addr=0x12374ad0 size=8 PC=RX@0x1217c18c[libc.so]0x1c18c LR=RX@0x124ca43c[libmetasec_ml.so]0x14a43c
  val: 58 2d 42 44 2d 43 4c 49 |X-BD-CLI|
[name-W] addr=0x12374af0 size=8 PC=RX@0x1217c1b4[libc.so]0x1c1b4 LR=RX@0x124ca444[libmetasec_ml.so]0x14a444
  val: 58 2d 42 44 2d 4b 4d 53 |X-BD-KMS|
[name-W] addr=0x12793138 size=8 PC=RX@0x124d73b0[libmetasec_ml.so]0x1573b0 LR=unidbg@0xd79435e
  val: a4 3d 89 3f 94 83 58 2d |.=.?..X-|
[name-W] addr=0x12769768 size=8 PC=RX@0x124d7eb0[libmetasec_ml.so]0x157eb0 LR=unidbg@0xd79435e
  val: a4 3d 89 3f 94 83 58 2d |.=.?..X-|
[name-W] addr=0x12793138 size=8 PC=RX@0x124d73b0[libmetasec_ml.so]0x1573b0 LR=unidbg@0xd79435e
  val: a4 3d 89 3f 94 83 58 2d |.=.?..X-|
[name-W] addr=0x12793138 size=8 PC=RX@0x124d73b0[libmetasec_ml.so]0x1573b0 LR=unidbg@0xd79435e
  val: 3f 94 83 58 2d a4 3d 89 |?..X-.=.|
[name-W] addr=0x1276b740 size=8 PC=RX@0x124d7eb0[libmetasec_ml.so]0x157eb0 LR=unidbg@0xd79435e
  val: 3f 94 83 58 2d a4 3d 89 |?..X-.=.|
[name-W] addr=0x12793138 size=8 PC=RX@0x124d73b0[libmetasec_ml.so]0x1573b0 LR=unidbg@0xd79435e
  val: 3f 94 83 58 2d a4 3d 89 |?..X-.=.|
[name-W] addr=0x12793170 size=8 PC=RX@0x124d73b0[libmetasec_ml.so]0x1573b0 LR=unidbg@0xd79435e
  val: a4 3d 89 3f 94 83 58 2d |.=.?..X-|
[name-W] addr=0x12793158 size=8 PC=RX@0x124d73b0[libmetasec_ml.so]0x1573b0 LR=unidbg@0xd79435e
  val: 3f 94 83 58 2d a4 3d 89 |?..X-.=.|
[name-W] addr=0x12793178 size=8 PC=RX@0x124d73b0[libmetasec_ml.so]0x1573b0 LR=unidbg@0xd79435e
  val: a4 3d 89 3f 94 83 58 2d |.=.?..X-|
[name-W] addr=0x12793178 size=8 PC=RX@0x124d73b0[libmetasec_ml.so]0x1573b0 LR=unidbg@0xd79435e
  val: a4 3d 89 3f 94 83 58 2d |.=.?..X-|
[name-W] addr=0x127931a8 size=8 PC=RX@0x124d73b0[libmetasec_ml.so]0x1573b0 LR=unidbg@0xd79435e
  val: a4 3d 89 3f 94 83 58 2d |.=.?..X-|
[name-W] addr=0x12374b40 size=8 PC=RX@0x1217c1b4[libc.so]0x1c1b4 LR=RX@0x124ca520[libmetasec_ml.so]0x14a520
  val: 58 2d 4d 65 64 75 73 61 |X-Medusa|
[name-W] addr=0x12374b00 size=8 PC=RX@0x1217c1b4[libc.so]0x1c1b4 LR=RX@0x124ca59c[libmetasec_ml.so]0x14a59c
  val: 58 2d 48 65 6c 69 6f 73 |X-Helios|
[name-W] addr=0x123790f0 size=8 PC=RX@0x1217c1b4[libc.so]0x1c1b4 LR=RX@0x124ca638[libmetasec_ml.so]0x14a638
  val: 58 2d 53 6f 74 65 72 00 |X-Soter.|
[name-W] addr=0x12379038 size=4 PC=RX@0x1217c1c0[libc.so]0x1c1c0 LR=RX@0x1248b6e0[libmetasec_ml.so]0x10b6e0
  val: 58 2d 41 72 |X-Ar|
[name-W] addr=0x123749f0 size=8 PC=RX@0x1217c1b4[libc.so]0x1c1b4 LR=RX@0x121dbe90[libc.so]0x7be90
  val: 58 2d 41 72 67 75 73 0d |X-Argus.|
[name-W] addr=0x123749e0 size=8 PC=RX@0x1217c1b4[libc.so]0x1c1b4 LR=RX@0x1248b6e0[libmetasec_ml.so]0x10b6e0
  val: 58 2d 41 72 67 75 73 0d |X-Argus.|
[name-W] addr=0x12377c00 size=8 PC=RX@0x1217c18c[libc.so]0x1c18c LR=RX@0x121dbe90[libc.so]0x7be90
  val: 58 2d 41 72 67 75 73 0d |X-Argus.|
[name-W] addr=0x12377bc0 size=8 PC=RX@0x1217c18c[libc.so]0x1c18c LR=RX@0x1248b6e0[libmetasec_ml.so]0x10b6e0
  val: 58 2d 41 72 67 75 73 0d |X-Argus.|
[name-W] addr=0x12377bc1 size=8 PC=RX@0x1217c1a4[libc.so]0x1c1a4 LR=RX@0x1248b6e0[libmetasec_ml.so]0x10b6e0
  val: 2d 41 72 67 75 73 0d 0a |-Argus..|
[name-W] addr=0x12377be0 size=8 PC=RX@0x1217c18c[libc.so]0x1c18c LR=RX@0x12489e6c[libmetasec_ml.so]0x109e6c
  val: 58 2d 41 72 67 75 73 0d |X-Argus.|
[name-W] addr=0x123749f0 size=8 PC=RX@0x1217c1b4[libc.so]0x1c1b4 LR=RX@0x1248b6e0[libmetasec_ml.so]0x10b6e0
  val: 58 2d 47 6f 72 67 6f 6e |X-Gorgon|
[name-W] addr=0x123749e0 size=8 PC=RX@0x1217c1b4[libc.so]0x1c1b4 LR=RX@0x1248b6e0[libmetasec_ml.so]0x10b6e0
  val: 58 2d 47 6f 72 67 6f 6e |X-Gorgon|
[name-W] addr=0x1292f740 size=8 PC=RX@0x1217c18c[libc.so]0x1c18c LR=RX@0x121dbe90[libc.so]0x7be90
  val: 58 2d 47 6f 72 67 6f 6e |X-Gorgon|
[name-W] addr=0x1273fc80 size=8 PC=RX@0x1217c17c[libc.so]0x1c17c LR=RX@0x1248b6e0[libmetasec_ml.so]0x10b6e0
  val: 58 2d 47 6f 72 67 6f 6e |X-Gorgon|
[name-W] addr=0x12356200 size=8 PC=RX@0x1217c220[libc.so]0x1c220 LR=RX@0x121dbe90[libc.so]0x7be90
  val: 58 2d 47 6f 72 67 6f 6e |X-Gorgon|
[name-W] addr=0x12356400 size=8 PC=RX@0x1217c18c[libc.so]0x1c18c LR=RX@0x12489b90[libmetasec_ml.so]0x109b90
  val: 58 2d 41 72 67 75 73 0d |X-Argus.|
[name-W] addr=0x12356413 size=8 PC=RX@0x1217c220[libc.so]0x1c220 LR=RX@0x12489e6c[libmetasec_ml.so]0x109e6c
  val: 58 2d 47 6f 72 67 6f 6e |X-Gorgon|
[name-W] addr=0x123749f0 size=8 PC=RX@0x1217c1b4[libc.so]0x1c1b4 LR=RX@0x1248b6e0[libmetasec_ml.so]0x10b6e0
  val: 58 2d 48 65 6c 69 6f 73 |X-Helios|
[name-W] addr=0x123749e0 size=8 PC=RX@0x1217c1b4[libc.so]0x1c1b4 LR=RX@0x1248b6e0[libmetasec_ml.so]0x10b6e0
  val: 58 2d 48 65 6c 69 6f 73 |X-Helios|
[name-W] addr=0x1292f740 size=8 PC=RX@0x1217c18c[libc.so]0x1c18c LR=RX@0x121dbe90[libc.so]0x7be90
  val: 58 2d 48 65 6c 69 6f 73 |X-Helios|
[name-W] addr=0x1273fc80 size=8 PC=RX@0x1217c17c[libc.so]0x1c17c LR=RX@0x1248b6e0[libmetasec_ml.so]0x10b6e0
  val: 58 2d 48 65 6c 69 6f 73 |X-Helios|
[name-W] addr=0x1236f500 size=8 PC=RX@0x1217c220[libc.so]0x1c220 LR=RX@0x12489b90[libmetasec_ml.so]0x109b90
  val: 58 2d 41 72 67 75 73 0d |X-Argus.|
[name-W] addr=0x1236f510 size=8 PC=RX@0x1217c224[libc.so]0x1c224 LR=RX@0x12489b90[libmetasec_ml.so]0x109b90
  val: 3d 0d 0a 58 2d 47 6f 72 |=..X-Gor|
[name-W] addr=0x1236f553 size=8 PC=RX@0x1217c17c[libc.so]0x1c17c LR=RX@0x12489e6c[libmetasec_ml.so]0x109e6c
  val: 58 2d 48 65 6c 69 6f 73 |X-Helios|
[name-W] addr=0x123749f0 size=8 PC=RX@0x1217c1b4[libc.so]0x1c1b4 LR=RX@0x1248b6e0[libmetasec_ml.so]0x10b6e0
  val: 58 2d 4b 68 72 6f 6e 6f |X-Khrono|
[name-W] addr=0x123749e0 size=8 PC=RX@0x1217c1b4[libc.so]0x1c1b4 LR=RX@0x1248b6e0[libmetasec_ml.so]0x10b6e0
  val: 58 2d 4b 68 72 6f 6e 6f |X-Khrono|
[name-W] addr=0x12377be0 size=8 PC=RX@0x1217c18c[libc.so]0x1c18c LR=RX@0x121dbe90[libc.so]0x7be90
  val: 58 2d 4b 68 72 6f 6e 6f |X-Khrono|
[name-W] addr=0x12377c00 size=8 PC=RX@0x1217c18c[libc.so]0x1c18c LR=RX@0x1248b6e0[libmetasec_ml.so]0x10b6e0
  val: 58 2d 4b 68 72 6f 6e 6f |X-Khrono|
[name-W] addr=0x1236f58f size=8 PC=RX@0x1217c18c[libc.so]0x1c18c LR=RX@0x12489e6c[libmetasec_ml.so]0x109e6c
  val: 58 2d 4b 68 72 6f 6e 6f |X-Khrono|
[name-W] addr=0x12379040 size=4 PC=RX@0x1217c1c0[libc.so]0x1c1c0 LR=RX@0x1248b6e0[libmetasec_ml.so]0x10b6e0
  val: 58 2d 4c 61 |X-La|
[name-W] addr=0x123749f0 size=8 PC=RX@0x1217c1b4[libc.so]0x1c1b4 LR=RX@0x121dbe90[libc.so]0x7be90
  val: 58 2d 4c 61 64 6f 6e 0d |X-Ladon.|
[name-W] addr=0x123749e0 size=8 PC=RX@0x1217c1b4[libc.so]0x1c1b4 LR=RX@0x1248b6e0[libmetasec_ml.so]0x10b6e0
  val: 58 2d 4c 61 64 6f 6e 0d |X-Ladon.|
[name-W] addr=0x12377be0 size=8 PC=RX@0x1217c18c[libc.so]0x1c18c LR=RX@0x121dbe90[libc.so]0x7be90
  val: 58 2d 4c 61 64 6f 6e 0d |X-Ladon.|
[name-W] addr=0x12377c00 size=8 PC=RX@0x1217c18c[libc.so]0x1c18c LR=RX@0x1248b6e0[libmetasec_ml.so]0x10b6e0
  val: 58 2d 4c 61 64 6f 6e 0d |X-Ladon.|
[name-W] addr=0x12377c01 size=8 PC=RX@0x1217c1a4[libc.so]0x1c1a4 LR=RX@0x1248b6e0[libmetasec_ml.so]0x10b6e0
  val: 2d 4c 61 64 6f 6e 0d 0a |-Ladon..|
[name-W] addr=0x1236f5a6 size=8 PC=RX@0x1217c18c[libc.so]0x1c18c LR=RX@0x12489e6c[libmetasec_ml.so]0x109e6c
  val: 58 2d 4c 61 64 6f 6e 0d |X-Ladon.|
[name-W] addr=0x123749f0 size=8 PC=RX@0x1217c1b4[libc.so]0x1c1b4 LR=RX@0x1248b6e0[libmetasec_ml.so]0x10b6e0
  val: 58 2d 4d 65 64 75 73 61 |X-Medusa|
[name-W] addr=0x123749e0 size=8 PC=RX@0x1217c1b4[libc.so]0x1c1b4 LR=RX@0x1248b6e0[libmetasec_ml.so]0x10b6e0
  val: 58 2d 4d 65 64 75 73 61 |X-Medusa|
[name-W] addr=0x126e5000 size=8 PC=RX@0x1217c18c[libc.so]0x1c18c LR=RX@0x121dbe90[libc.so]0x7be90
  val: 58 2d 4d 65 64 75 73 61 |X-Medusa|
[name-W] addr=0x126e5400 size=8 PC=RX@0x1217c294[libc.so]0x1c294 LR=RX@0x1248b6e0[libmetasec_ml.so]0x10b6e0
  val: 58 2d 4d 65 64 75 73 61 |X-Medusa|
[name-W] addr=0x126e3000 size=8 PC=RX@0x1217c294[libc.so]0x1c294 LR=RX@0x12489b90[libmetasec_ml.so]0x109b90
  val: 58 2d 41 72 67 75 73 0d |X-Argus.|
[name-W] addr=0x126e3010 size=8 PC=RX@0x1217c29c[libc.so]0x1c29c LR=RX@0x12489b90[libmetasec_ml.so]0x109b90
  val: 3d 0d 0a 58 2d 47 6f 72 |=..X-Gor|
[name-W] addr=0x126e3050 size=8 PC=RX@0x1217c2c0[libc.so]0x1c2c0 LR=RX@0x12489b90[libmetasec_ml.so]0x109b90
  val: 32 0d 0a 58 2d 48 65 6c |2..X-Hel|
[name-W] addr=0x126e3090 size=8 PC=RX@0x1217c184[libc.so]0x1c184 LR=RX@0x12489b90[libmetasec_ml.so]0x109b90
  val: 2d 4b 68 72 6f 6e 6f 73 |-Khronos|
[name-W] addr=0x126e30a0 size=8 PC=RX@0x1217c18c[libc.so]0x1c18c LR=RX@0x12489b90[libmetasec_ml.so]0x109b90
  val: 38 36 35 32 0d 0a 58 2d |8652..X-|
[name-W] addr=0x126e30a8 size=8 PC=RX@0x1217c18c[libc.so]0x1c18c LR=RX@0x12489b90[libmetasec_ml.so]0x109b90
  val: 4c 61 64 6f 6e 0d 0a 61 |Ladon..a|
[name-W] addr=0x126e30b9 size=8 PC=RX@0x1217c294[libc.so]0x1c294 LR=RX@0x12489e6c[libmetasec_ml.so]0x109e6c
  val: 58 2d 4d 65 64 75 73 61 |X-Medusa|
[name-W] addr=0x12379040 size=4 PC=RX@0x1217c1c0[libc.so]0x1c1c0 LR=RX@0x1248b6e0[libmetasec_ml.so]0x10b6e0
  val: 58 2d 53 6f |X-So|
[name-W] addr=0x123749f0 size=8 PC=RX@0x1217c1b4[libc.so]0x1c1b4 LR=RX@0x121dbe90[libc.so]0x7be90
  val: 58 2d 53 6f 74 65 72 0d |X-Soter.|
[name-W] addr=0x123749e0 size=8 PC=RX@0x1217c1b4[libc.so]0x1c1b4 LR=RX@0x1248b6e0[libmetasec_ml.so]0x10b6e0
  val: 58 2d 53 6f 74 65 72 0d |X-Soter.|
[name-W] addr=0x1236f500 size=8 PC=RX@0x1217c18c[libc.so]0x1c18c LR=RX@0x121dbe90[libc.so]0x7be90
  val: 58 2d 53 6f 74 65 72 0d |X-Soter.|
[name-W] addr=0x1237aaa0 size=8 PC=RX@0x1217c294[libc.so]0x1c294 LR=RX@0x1248b6e0[libmetasec_ml.so]0x10b6e0
  val: 58 2d 53 6f 74 65 72 0d |X-Soter.|
[name-W] addr=0x1236fb00 size=8 PC=RX@0x1217c294[libc.so]0x1c294 LR=RX@0x121dbe90[libc.so]0x7be90
  val: 58 2d 53 6f 74 65 72 0d |X-Soter.|
[name-W] addr=0x126e349d size=8 PC=RX@0x1217c294[libc.so]0x1c294 LR=RX@0x12489e6c[libmetasec_ml.so]0x109e6c
  val: 58 2d 53 6f 74 65 72 0d |X-Soter.|
[name-W] addr=0x12695600 size=8 PC=RX@0x1217c294[libc.so]0x1c294 LR=RX@0x124cf4ec[libmetasec_ml.so]0x14f4ec
  val: 58 2d 41 72 67 75 73 0d |X-Argus.|
[name-W] addr=0x12695610 size=8 PC=RX@0x1217c29c[libc.so]0x1c29c LR=RX@0x124cf4ec[libmetasec_ml.so]0x14f4ec
  val: 3d 0d 0a 58 2d 47 6f 72 |=..X-Gor|
[name-W] addr=0x12695650 size=8 PC=RX@0x1217c29c[libc.so]0x1c29c LR=RX@0x124cf4ec[libmetasec_ml.so]0x14f4ec
  val: 32 0d 0a 58 2d 48 65 6c |2..X-Hel|
[name-W] addr=0x12695690 size=8 PC=RX@0x1217c29c[libc.so]0x1c29c LR=RX@0x124cf4ec[libmetasec_ml.so]0x14f4ec
  val: 2d 4b 68 72 6f 6e 6f 73 |-Khronos|
[name-W] addr=0x126956a0 size=8 PC=RX@0x1217c2a4[libc.so]0x1c2a4 LR=RX@0x124cf4ec[libmetasec_ml.so]0x14f4ec
  val: 38 36 35 32 0d 0a 58 2d |8652..X-|
[name-W] addr=0x126956a8 size=8 PC=RX@0x1217c2a4[libc.so]0x1c2a4 LR=RX@0x124cf4ec[libmetasec_ml.so]0x14f4ec
  val: 4c 61 64 6f 6e 0d 0a 61 |Ladon..a|
[name-W] addr=0x126956b8 size=8 PC=RX@0x1217c2ac[libc.so]0x1c2ac LR=RX@0x124cf4ec[libmetasec_ml.so]0x14f4ec
  val: 0a 58 2d 4d 65 64 75 73 |.X-Medus|
[name-W] addr=0x12695a98 size=8 PC=RX@0x1217c29c[libc.so]0x1c29c LR=RX@0x124cf4ec[libmetasec_ml.so]0x14f4ec
  val: 45 55 3d 0d 0a 58 2d 53 |EU=..X-S|
