[key@0x14a51c] cstr=0x12374b00 len=0x8
  12374b00  58 2d 4d 65 64 75 73 61                           |X-Medusa|

[value@0x14a52c] cstr=0x126e5000 len=0x3d8
  126e5000  71 66 75 55 61 6f 47 77  32 36 44 6c 6a 70 6b 70  |qfuUaoGw26Dljpkp|
  126e5010  6b 30 34 36 52 6f 36 57  57 44 77 4b 79 41 41 42  |k046Ro6WWDwKyAAB|
  126e5020  7a 44 56 37 61 43 68 4f  67 51 38 49 47 46 6a 46  |zDV7aChOgQ8IGFjF|
  126e5030  49 41 7a 45 74 2f 37 49  7a 55 56 36 71 53 4b 45  |IAzEt/7IzUV6qSKE|
  126e5040  6c 69 43 5a 30 68 6f 4c  44 31 42 59 57 49 77 54  |liCZ0hoLD1BYWIwT|
  126e5050  55 4b 35 50 46 71 43 2b  51 43 79 70 47 4d 4a 34  |UK5PFqC+QCypGMJ4|
  126e5060  2f 6e 76 37 6d 2f 55 51  52 43 6c 61 42 5a 65 6b  |/nv7m/UQRClaBZek|
  126e5070  49 5a 37 4e 5a 69 50 42  34 37 50 4a 73 6b 6a 62  |IZ7NZiPB47PJskjb|
  126e5080  42 43 54 36 48 74 48 56  41 39 53 64 4e 70 4c 73  |BCT6HtHVA9SdNpLs|
  126e5090  77 4c 36 35 52 32 31 2f  61 7a 71 50 2f 79 6f 65  |wL65R21/azqP/yoe|
  126e50a0  54 62 62 2b 4a 4e 48 46  68 61 31 68 6d 5a 78 67  |Tbb+JNHFha1hmZxg|
  126e50b0  67 78 37 53 75 72 51 56  30 54 37 66 68 71 2f 6a  |gx7SurQV0T7fhq/j|
  126e50c0  61 57 62 6f 59 76 4e 52  6f 79 74 4f 38 73 70 65  |aWboYvNRoytO8spe|
  126e50d0  36 45 6f 54 76 54 46 6a  30 48 48 56 73 46 7a 79  |6EoTvTFj0HHVsFzy|
  126e50e0  66 49 45 66 44 55 53 69  39 67 49 50 4d 30 63 49  |fIEfDUSi9gIPM0cI|
  126e50f0  41 47 75 6d 2b 66 5a 4c  30 69 78 76 53 78 7a 75  |AGum+fZL0ixvSxzu|
  126e5100  55 48 75 6b 59 31 5a 42  41 45 37 78 47 58 53 46  |UHukY1ZBAE7xGXSF|
  126e5110  58 58 62 45 6f 74 45 73  2f 4d 4e 36 4f 6a 69 36  |XXbEotEs/MN6Oji6|
  126e5120  48 4e 34 51 47 63 71 4e  31 4e 47 4e 56 56 30 31  |HN4QGcqN1NGNVV01|
  126e5130  63 5a 45 70 51 67 4b 6d  44 4d 6d 4c 6c 5a 68 62  |cZEpQgKmDMmLlZhb|
  126e5140  4c 52 2b 66 57 61 6d 2f  48 65 47 35 78 5a 4c 69  |LR+fWam/HeG5xZLi|
  126e5150  4b 2b 58 6a 62 55 6c 4c  4d 4d 6a 59 63 43 6f 37  |K+XjbUlLMMjYcCo7|
  126e5160  37 54 43 4d 54 39 76 79  46 66 63 2b 51 77 50 4e  |7TCMT9vyFfc+QwPN|
  126e5170  39 76 35 48 5a 47 70 76  72 52 70 62 51 37 66 55  |9v5HZGpvrRpbQ7fU|
  126e5180  4a 61 55 72 45 78 68 49  49 65 31 33 43 79 6a 57  |JaUrExhIIe13CyjW|
  126e5190  48 41 78 38 63 72 4e 49  49 74 51 64 4c 68 45 78  |HAx8crNIItQdLhEx|
  126e51a0  77 37 39 72 49 6f 45 41  78 35 37 42 76 52 54 56  |w79rIoEAx57BvRTV|
  126e51b0  34 74 6f 34 49 31 65 4d  36 38 4e 39 66 33 2b 41  |4to4I1eM68N9f3+A|
  126e51c0  75 34 32 79 6c 31 31 76  57 6e 61 2b 42 6a 79 45  |u42yl11vWna+BjyE|
  126e51d0  66 78 65 68 30 4b 30 66  6e 71 2b 46 49 33 62 54  |fxeh0K0fnq+FI3bT|
  126e51e0  58 4a 34 33 49 77 68 48  39 61 39 39 79 52 76 67  |XJ43IwhH9a99yRvg|
  126e51f0  70 51 58 50 72 59 77 32  51 73 43 49 39 49 47 61  |pQXPrYw2QsCI9IGa|
  126e5200  37 79 6a 4d 58 4a 35 35  61 77 35 4d 2b 30 50 51  |7yjMXJ55aw5M+0PQ|
  126e5210  44 71 70 4d 4d 6c 50 48  44 73 76 30 4e 6c 73 36  |DqpMMlPHDsv0Nls6|
  126e5220  6e 4c 73 6c 39 4f 72 6f  67 34 52 70 4c 39 44 48  |nLsl9Orog4RpL9DH|
  126e5230  41 55 4b 35 36 77 74 2b  61 45 30 71 4f 4e 55 39  |AUK56wt+aE0qONU9|
  126e5240  69 63 33 45 44 35 62 6e  4b 76 4a 72 44 53 69 30  |ic3ED5bnKvJrDSi0|
  126e5250  2b 41 77 6d 64 57 76 31  71 39 74 6d 73 43 61 6c  |+AwmdWv1q9tmsCal|
  126e5260  72 42 4c 4d 37 4e 49 51  4a 68 46 4d 2b 37 54 2b  |rBLM7NIQJhFM+7T+|
  126e5270  74 68 70 4c 38 73 4f 62  67 6b 50 51 52 58 4e 36  |thpL8sObgkPQRXN6|
  126e5280  45 4a 37 78 44 44 44 74  72 65 39 51 34 31 44 59  |EJ7xDDDtre9Q41DY|
  126e5290  31 49 35 7a 39 31 73 77  4a 4e 52 54 48 50 5a 77  |1I5z91swJNRTHPZw|
  126e52a0  37 45 45 6a 67 6a 77 41  46 68 43 41 46 49 61 61  |7EEjgjwAFhCAFIaa|
  126e52b0  38 63 6a 64 6f 6f 59 37  4f 41 62 71 69 39 62 47  |8cjdooY7OAbqi9bG|
  126e52c0  4c 49 69 2f 51 41 6b 47  76 5a 7a 6f 76 46 42 45  |LIi/QAkGvZzovFBE|
  126e52d0  6c 65 4b 31 73 67 58 66  73 33 76 42 48 36 74 41  |leK1sgXfs3vBH6tA|
  126e52e0  48 39 6d 37 42 54 7a 6a  32 63 36 58 33 2f 37 55  |H9m7BTzj2c6X3/7U|
  126e52f0  2b 49 32 54 4c 61 54 32  6e 4e 45 59 67 37 64 63  |+I2TLaT2nNEYg7dc|
  126e5300  4f 75 77 61 52 4d 4f 6f  6d 69 6a 55 54 53 74 37  |OuwaRMOomijUTSt7|
  126e5310  74 42 4c 65 4c 41 53 34  32 56 44 38 54 64 41 58  |tBLeLAS42VD8TdAX|
  126e5320  58 51 62 4e 39 59 30 76  71 2b 47 37 33 39 63 36  |XQbN9Y0vq+G739c6|
  126e5330  58 70 71 79 5a 50 36 33  72 33 34 57 6a 73 54 4e  |XpqyZP63r34WjsTN|
  126e5340  79 69 50 33 54 38 57 35  30 70 5a 5a 62 43 53 35  |yiP3T8W50pZZbCS5|
  126e5350  72 77 6f 37 75 57 62 77  7a 75 4f 70 39 46 4c 6a  |rwo7uWbwzuOp9FLj|
  126e5360  52 45 4e 53 41 61 4f 64  76 72 71 74 44 32 71 31  |RENSAaOdvrqtD2q1|
  126e5370  59 30 47 55 72 2f 74 59  66 4c 62 5a 36 76 46 49  |Y0GUr/tYfLbZ6vFI|
  126e5380  78 78 51 61 51 51 41 31  70 32 78 39 30 37 52 46  |xxQaQQA1p2x907RF|
  126e5390  69 42 71 36 65 64 2b 2b  64 35 44 37 78 50 4e 30  |iBq6ed++d5D7xPN0|
  126e53a0  62 32 48 76 32 52 6f 6f  75 47 42 43 42 78 68 73  |b2Hv2RoouGBCBxhs|
  126e53b0  53 79 31 32 31 45 35 35  42 33 37 55 36 73 54 52  |Sy121E55B37U6sTR|
  126e53c0  32 30 4f 62 75 49 66 66  76 50 35 66 6a 2f 2f 2b  |20ObuIffvP5fj//+|
  126e53d0  58 34 2f 33 4e 45 55 3d                           |X4/3NEU=|

[treeMapPut key(X24)] block=0x12377ee0 vtable=0x125e2af0 mem_len=0x9 src_len=0x8 mem=0x12374b40
  12374b40  58 2d 4d 65 64 75 73 61  00                       |X-Medusa.|

[treeMapPut value(X25)] block=0x12377f20 vtable=0x125e2af0 mem_len=0x3d9 src_len=0x3d8 mem=0x12373c00
  12373c00  71 66 75 55 61 6f 47 77  32 36 44 6c 6a 70 6b 70  |qfuUaoGw26Dljpkp|
  12373c10  6b 30 34 36 52 6f 36 57  57 44 77 4b 79 41 41 42  |k046Ro6WWDwKyAAB|
  12373c20  7a 44 56 37 61 43 68 4f  67 51 38 49 47 46 6a 46  |zDV7aChOgQ8IGFjF|
  12373c30  49 41 7a 45 74 2f 37 49  7a 55 56 36 71 53 4b 45  |IAzEt/7IzUV6qSKE|
  12373c40  6c 69 43 5a 30 68 6f 4c  44 31 42 59 57 49 77 54  |liCZ0hoLD1BYWIwT|
  12373c50  55 4b 35 50 46 71 43 2b  51 43 79 70 47 4d 4a 34  |UK5PFqC+QCypGMJ4|
  12373c60  2f 6e 76 37 6d 2f 55 51  52 43 6c 61 42 5a 65 6b  |/nv7m/UQRClaBZek|
  12373c70  49 5a 37 4e 5a 69 50 42  34 37 50 4a 73 6b 6a 62  |IZ7NZiPB47PJskjb|
  12373c80  42 43 54 36 48 74 48 56  41 39 53 64 4e 70 4c 73  |BCT6HtHVA9SdNpLs|
  12373c90  77 4c 36 35 52 32 31 2f  61 7a 71 50 2f 79 6f 65  |wL65R21/azqP/yoe|
  12373ca0  54 62 62 2b 4a 4e 48 46  68 61 31 68 6d 5a 78 67  |Tbb+JNHFha1hmZxg|
  12373cb0  67 78 37 53 75 72 51 56  30 54 37 66 68 71 2f 6a  |gx7SurQV0T7fhq/j|
  12373cc0  61 57 62 6f 59 76 4e 52  6f 79 74 4f 38 73 70 65  |aWboYvNRoytO8spe|
  12373cd0  36 45 6f 54 76 54 46 6a  30 48 48 56 73 46 7a 79  |6EoTvTFj0HHVsFzy|
  12373ce0  66 49 45 66 44 55 53 69  39 67 49 50 4d 30 63 49  |fIEfDUSi9gIPM0cI|
  12373cf0  41 47 75 6d 2b 66 5a 4c  30 69 78 76 53 78 7a 75  |AGum+fZL0ixvSxzu|
  12373d00  55 48 75 6b 59 31 5a 42  41 45 37 78 47 58 53 46  |UHukY1ZBAE7xGXSF|
  12373d10  58 58 62 45 6f 74 45 73  2f 4d 4e 36 4f 6a 69 36  |XXbEotEs/MN6Oji6|
  12373d20  48 4e 34 51 47 63 71 4e  31 4e 47 4e 56 56 30 31  |HN4QGcqN1NGNVV01|
  12373d30  63 5a 45 70 51 67 4b 6d  44 4d 6d 4c 6c 5a 68 62  |cZEpQgKmDMmLlZhb|
  12373d40  4c 52 2b 66 57 61 6d 2f  48 65 47 35 78 5a 4c 69  |LR+fWam/HeG5xZLi|
  12373d50  4b 2b 58 6a 62 55 6c 4c  4d 4d 6a 59 63 43 6f 37  |K+XjbUlLMMjYcCo7|
  12373d60  37 54 43 4d 54 39 76 79  46 66 63 2b 51 77 50 4e  |7TCMT9vyFfc+QwPN|
  12373d70  39 76 35 48 5a 47 70 76  72 52 70 62 51 37 66 55  |9v5HZGpvrRpbQ7fU|
  12373d80  4a 61 55 72 45 78 68 49  49 65 31 33 43 79 6a 57  |JaUrExhIIe13CyjW|
  12373d90  48 41 78 38 63 72 4e 49  49 74 51 64 4c 68 45 78  |HAx8crNIItQdLhEx|
  12373da0  77 37 39 72 49 6f 45 41  78 35 37 42 76 52 54 56  |w79rIoEAx57BvRTV|
  12373db0  34 74 6f 34 49 31 65 4d  36 38 4e 39 66 33 2b 41  |4to4I1eM68N9f3+A|
  12373dc0  75 34 32 79 6c 31 31 76  57 6e 61 2b 42 6a 79 45  |u42yl11vWna+BjyE|
  12373dd0  66 78 65 68 30 4b 30 66  6e 71 2b 46 49 33 62 54  |fxeh0K0fnq+FI3bT|
  12373de0  58 4a 34 33 49 77 68 48  39 61 39 39 79 52 76 67  |XJ43IwhH9a99yRvg|
  12373df0  70 51 58 50 72 59 77 32  51 73 43 49 39 49 47 61  |pQXPrYw2QsCI9IGa|
  12373e00  37 79 6a 4d 58 4a 35 35  61 77 35 4d 2b 30 50 51  |7yjMXJ55aw5M+0PQ|
  12373e10  44 71 70 4d 4d 6c 50 48  44 73 76 30 4e 6c 73 36  |DqpMMlPHDsv0Nls6|
  12373e20  6e 4c 73 6c 39 4f 72 6f  67 34 52 70 4c 39 44 48  |nLsl9Orog4RpL9DH|
  12373e30  41 55 4b 35 36 77 74 2b  61 45 30 71 4f 4e 55 39  |AUK56wt+aE0qONU9|
  12373e40  69 63 33 45 44 35 62 6e  4b 76 4a 72 44 53 69 30  |ic3ED5bnKvJrDSi0|
  12373e50  2b 41 77 6d 64 57 76 31  71 39 74 6d 73 43 61 6c  |+AwmdWv1q9tmsCal|
  12373e60  72 42 4c 4d 37 4e 49 51  4a 68 46 4d 2b 37 54 2b  |rBLM7NIQJhFM+7T+|
  12373e70  74 68 70 4c 38 73 4f 62  67 6b 50 51 52 58 4e 36  |thpL8sObgkPQRXN6|
  12373e80  45 4a 37 78 44 44 44 74  72 65 39 51 34 31 44 59  |EJ7xDDDtre9Q41DY|
  12373e90  31 49 35 7a 39 31 73 77  4a 4e 52 54 48 50 5a 77  |1I5z91swJNRTHPZw|
  12373ea0  37 45 45 6a 67 6a 77 41  46 68 43 41 46 49 61 61  |7EEjgjwAFhCAFIaa|
  12373eb0  38 63 6a 64 6f 6f 59 37  4f 41 62 71 69 39 62 47  |8cjdooY7OAbqi9bG|
  12373ec0  4c 49 69 2f 51 41 6b 47  76 5a 7a 6f 76 46 42 45  |LIi/QAkGvZzovFBE|
  12373ed0  6c 65 4b 31 73 67 58 66  73 33 76 42 48 36 74 41  |leK1sgXfs3vBH6tA|
  12373ee0  48 39 6d 37 42 54 7a 6a  32 63 36 58 33 2f 37 55  |H9m7BTzj2c6X3/7U|
  12373ef0  2b 49 32 54 4c 61 54 32  6e 4e 45 59 67 37 64 63  |+I2TLaT2nNEYg7dc|
  12373f00  4f 75 77 61 52 4d 4f 6f  6d 69 6a 55 54 53 74 37  |OuwaRMOomijUTSt7|
  12373f10  74 42 4c 65 4c 41 53 34  32 56 44 38 54 64 41 58  |tBLeLAS42VD8TdAX|
  12373f20  58 51 62 4e 39 59 30 76  71 2b 47 37 33 39 63 36  |XQbN9Y0vq+G739c6|
  12373f30  58 70 71 79 5a 50 36 33  72 33 34 57 6a 73 54 4e  |XpqyZP63r34WjsTN|
  12373f40  79 69 50 33 54 38 57 35  30 70 5a 5a 62 43 53 35  |yiP3T8W50pZZbCS5|
  12373f50  72 77 6f 37 75 57 62 77  7a 75 4f 70 39 46 4c 6a  |rwo7uWbwzuOp9FLj|
  12373f60  52 45 4e 53 41 61 4f 64  76 72 71 74 44 32 71 31  |RENSAaOdvrqtD2q1|
  12373f70  59 30 47 55 72 2f 74 59  66 4c 62 5a 36 76 46 49  |Y0GUr/tYfLbZ6vFI|
  12373f80  78 78 51 61 51 51 41 31  70 32 78 39 30 37 52 46  |xxQaQQA1p2x907RF|
  12373f90  69 42 71 36 65 64 2b 2b  64 35 44 37 78 50 4e 30  |iBq6ed++d5D7xPN0|
  12373fa0  62 32 48 76 32 52 6f 6f  75 47 42 43 42 78 68 73  |b2Hv2RoouGBCBxhs|
  12373fb0  53 79 31 32 31 45 35 35  42 33 37 55 36 73 54 52  |Sy121E55B37U6sTR|
  12373fc0  32 30 4f 62 75 49 66 66  76 50 35 66 6a 2f 2f 2b  |20ObuIffvP5fj//+|
  12373fd0  58 34 2f 33 4e 45 55 3d  00                       |X4/3NEU=.|

