
 [1m[36m╔══════════════════════════════════════╗[0m
 [1m[36m║[0m  [1m      rustFrida v0.1.0             [0m[1m[36m║[0m
 [1m[36m║[0m  [2m  ARM64 Dynamic Instrumentation    [0m[1m[36m║[0m
 [1m[36m╚══════════════════════════════════════╝[0m

[1m[34m [*][0m Spawn 模式: 准备注入 com.ss.android.ugc.aweme
[1m[34m [*][0m 找到 1 个新 zygote 进程
[1m[36m [→][0m 正在注入 zymbiote 到 zygote64 (pid=887)...
[1m[32m [✓][0m Zymbiote 注入成功: zygote64 (pid=887)
[1m[34m [*][0m 正在启动应用 com.ss.android.ugc.aweme...
[1m[34m [*][0m 等待进程 com.ss.android.ugc.aweme 启动... (最长 20s)
[1m[32m [✓][0m 收到 spawn hello: pid=26130, ppid=887, package=com.ss.android.ugc.aweme
[1m[34m [*][0m 正在向子进程 26130 注入 agent...
[1m[34m [*][0m 正在附加到进程 PID: 26130 (Frida-style bootstrapper)
[1m[32m [✓][0m 成功附加到进程 26137，等待 SIGSTOP...
[1m[32m [✓][0m 进程已停止，可以操作寄存器
[1m[32m [✓][0m bootstrapper 完成: libc API 已解析
[1m[32m [✓][0m 已分离目标进程
[1m[32m [✓][0m Loader: agent 加载成功
[1m[34m [*][0m 等待 agent 连接... (最长 10s)
[1m[32m [✓][0m Agent 已连接
[1m[34m [*][0m 子进程暂停中，准备加载脚本
[1m[34m [*][0m 加载脚本: /data/local/tmp/metasec_probe_350101_ssl_ssl_guard_live_132135.js
[1m[34m [*][0m 检测到 pre-resume Java 脚本，先发送到 raw clone TLS JS worker 执行
[1m[35m [agent][0m [JS] [metasec-probe350] loaded version=350101 selected="ssl"
[1m[35m [agent][0m [JS] [metasec-probe350] install mode=ssl source=metasec_probe_350101.js#ssl
[1m[35m [agent][0m [JS] [metassl] watch loader android_dlopen_ext @0x742dba8100
[1m[35m [agent][0m [JS] [metassl] watch loader dlopen @0x742dba8020
[32m=> undefined[0m
[1m[36m [→][0m 正在恢复子进程 26130...
[1m[32m [✓][0m 子进程 26130 已恢复运行
[1m[34m [*][0m spawn 已恢复，启动 Java worker 作为后续 Java 操作执行线程
[1m[35m [agent][0m [java worker] starting
[1m[35m [agent][0m [JS] [module] libart.so range: 0x7197fa5000-0x7198ba8000, path: Some("/apex/com.android.art/lib64/libart.so")
[1m[35m [agent][0m [JS] [java worker] generated dex class=rustfrida.JavaWorker1 size=616
[1m[35m [agent][0m [JS] [java worker] helper class loaded
[1m[35m [agent][0m [JS] [java worker] nativeLoop registered
[1m[35m [agent][0m [JS] [java worker] thread object created
[1m[35m [agent][0m [JS] [java worker] calling Thread.start
[1m[35m [agent][0m [JS] [java worker] started ART-managed worker class=rustfrida.JavaWorker1
[1m[35m [agent][0m [java worker] ready
  [2m输入 help 查看命令，exit 退出[0m
rustfrida> [1m[35m [agent][0m [JS] [metassl] android_dlopen_ext loaded /data/app/~~na7dq0QJPM3TlOgWfFFaKg==/com.ss.android.ugc.aweme-sWxsoc19sPwX3CppMH73Qg==/lib/arm64/libsscronet.so
[1m[35m [agent][0m [JS] [metassl] replace libttboringssl.so!SSL_CTX_set_custom_verify @0x6ff916efb0 path=rf-js-replace
[1m[35m [agent][0m [JS] [metassl] replace libttboringssl.so!SSL_set_custom_verify @0x6ff916efbc path=rf-js-replace
[1m[35m [agent][0m [JS] [metassl] android_dlopen_ext loaded /data/app/~~na7dq0QJPM3TlOgWfFFaKg==/com.ss.android.ugc.aweme-sWxsoc19sPwX3CppMH73Qg==/lib/arm64/libttcrypto.so
[1m[35m [agent][0m [JS] [metassl] android_dlopen_ext loaded /data/app/~~na7dq0QJPM3TlOgWfFFaKg==/com.ss.android.ugc.aweme-sWxsoc19sPwX3CppMH73Qg==/lib/arm64/libttboringssl.so
[1m[35m [agent][0m [JS] [metassl] SSL_CTX_set_custom_verify ctx/ssl=0x71eb065338 mode=0x1 cb=0x6ffc11c888 path=rf-js-replace hit=1
[1m[35m [agent][0m [JS] [metassl] custom verify callback hooked 0x6ffc11c888 source=libttboringssl.so!SSL_CTX_set_custom_verify path=rf-js-replace
[1m[35m [agent][0m [JS] [metassl] SSL_CTX_set_custom_verify ctx/ssl=0x71eb0617d8 mode=0x1 cb=0x6ffbfd1cfc path=rf-js-replace hit=2
[1m[35m [agent][0m [JS] [metassl] custom verify callback hooked 0x6ffbfd1cfc source=libttboringssl.so!SSL_CTX_set_custom_verify path=rf-js-replace
[1m[35m [agent][0m [JS] [metassl] custom_verify_cb 0x6ffbfd1cfc source=libttboringssl.so!SSL_CTX_set_custom_verify original=0 -> force 0
[1m[35m [agent][0m [JS] [metassl] custom_verify_cb 0x6ffbfd1cfc source=libttboringssl.so!SSL_CTX_set_custom_verify original=2 -> force 0
[1m[35m [agent][0m [JS] [metassl] custom_verify_cb 0x6ffbfd1cfc source=libttboringssl.so!SSL_CTX_set_custom_verify original=0 -> force 0
[1m[35m [agent][0m [JS] [metassl] custom_verify_cb 0x6ffbfd1cfc source=libttboringssl.so!SSL_CTX_set_custom_verify original=0 -> force 0
[1m[35m [agent][0m [JS] [metassl] custom_verify_cb 0x6ffbfd1cfc source=libttboringssl.so!SSL_CTX_set_custom_verify original=0 -> force 0
[1m[35m [agent][0m [JS] [metassl] custom_verify_cb 0x6ffbfd1cfc source=libttboringssl.so!SSL_CTX_set_custom_verify original=0 -> force 0
[1m[35m [agent][0m [JS] [metassl] custom_verify_cb 0x6ffbfd1cfc source=libttboringssl.so!SSL_CTX_set_custom_verify original=0 -> force 0
[1m[35m [agent][0m [JS] [metassl] custom_verify_cb 0x6ffbfd1cfc source=libttboringssl.so!SSL_CTX_set_custom_verify original=0 -> force 0
[1m[35m [agent][0m [JS] [metassl] custom_verify_cb 0x6ffbfd1cfc source=libttboringssl.so!SSL_CTX_set_custom_verify original=0 -> force 0
[1m[35m [agent][0m [JS] [metassl] custom_verify_cb 0x6ffbfd1cfc source=libttboringssl.so!SSL_CTX_set_custom_verify original=0 -> force 0
[1m[35m [agent][0m [JS] [metassl] custom_verify_cb 0x6ffbfd1cfc source=libttboringssl.so!SSL_CTX_set_custom_verify original=0 -> force 0
[1m[35m [agent][0m [JS] [metassl] custom_verify_cb 0x6ffbfd1cfc source=libttboringssl.so!SSL_CTX_set_custom_verify original=0 -> force 0
[1m[35m [agent][0m [JS] [metassl] custom_verify_cb 0x6ffbfd1cfc source=libttboringssl.so!SSL_CTX_set_custom_verify original=0 -> force 0
[1m[35m [agent][0m [JS] [metassl] custom_verify_cb 0x6ffbfd1cfc source=libttboringssl.so!SSL_CTX_set_custom_verify original=2 -> force 0
[1m[35m [agent][0m [JS] [metassl] custom_verify_cb 0x6ffbfd1cfc source=libttboringssl.so!SSL_CTX_set_custom_verify original=2 -> force 0
[1m[35m [agent][0m [JS] [metassl] custom_verify_cb 0x6ffbfd1cfc source=libttboringssl.so!SSL_CTX_set_custom_verify original=2 -> force 0
[1m[35m [agent][0m [JS] [metassl] custom_verify_cb 0x6ffc11c888 source=libttboringssl.so!SSL_CTX_set_custom_verify original=2 -> force 0
[1m[35m [agent][0m [JS] [metassl] SSL_CTX_set_custom_verify ctx/ssl=0x71eb04df58 mode=0x1 cb=0x6fc5cd87c0 path=rf-js-replace hit=3
[1m[35m [agent][0m [JS] [metassl] custom verify callback hooked 0x6fc5cd87c0 source=libttboringssl.so!SSL_CTX_set_custom_verify path=rf-js-replace
[1m[35m [agent][0m [JS] [metassl] custom_verify_cb 0x6fc5cd87c0 source=libttboringssl.so!SSL_CTX_set_custom_verify original=0 -> force 0
[1m[35m [agent][0m [JS] [metassl] custom_verify_cb 0x6ffbfd1cfc source=libttboringssl.so!SSL_CTX_set_custom_verify original=2 -> force 0
[1m[35m [agent][0m [JS] [metassl] custom_verify_cb 0x6ffbfd1cfc source=libttboringssl.so!SSL_CTX_set_custom_verify original=0 -> force 0
[1m[35m [agent][0m [JS] [metassl] SSL_CTX_set_custom_verify ctx/ssl=0x71eb0908f8 mode=0x1 cb=0x6fc5cd87c0 path=rf-js-replace hit=4
[1m[35m [agent][0m [JS] [metassl] custom_verify_cb 0x6fc5cd87c0 source=libttboringssl.so!SSL_CTX_set_custom_verify original=0 -> force 0
[1m[35m [agent][0m [JS] [metassl] custom_verify_cb 0x6ffbfd1cfc source=libttboringssl.so!SSL_CTX_set_custom_verify original=0 -> force 0
[1m[35m [agent][0m [JS] [metassl] custom_verify_cb 0x6ffbfd1cfc source=libttboringssl.so!SSL_CTX_set_custom_verify original=2 -> force 0
[1m[35m [agent][0m [JS] [metassl] custom_verify_cb 0x6ffbfd1cfc source=libttboringssl.so!SSL_CTX_set_custom_verify original=0 -> force 0
[1m[35m [agent][0m [JS] [metassl] custom_verify_cb 0x6ffbfd1cfc source=libttboringssl.so!SSL_CTX_set_custom_verify original=2 -> force 0
[1m[34m [*][0m 退出交互模式
[1m[34m [*][0m 已发送 shutdown，等待 agent 主动断开连接...
[1m[35m [agent][0m [agent] 收到 shutdown，开始退出清理
[1m[35m [agent][0m [agent] [quickjs] cleanup start (managed-safe unload) (+0ms, total 0ms)
[1m[35m [agent][0m [agent] [quickjs] phase0 stop_java_worker (+5ms, total 5ms)
[1m[35m [agent][0m [agent] [quickjs] phase1 cut_java_hooks (+0ms, total 5ms)
[1m[35m [agent][0m [agent] [quickjs] phase1 cut_native_hooks (+55ms, total 60ms)
[1m[35m [agent][0m [agent] [quickjs] phase1 cut_art_controller_routing (+0ms, total 61ms)
[1m[35m [agent][0m [JS] [drain] start, callback_in_flight=0, exec_in_flight=0
[1m[35m [agent][0m [JS] [drain] done, callback_in_flight=0, exec_in_flight=0 after 0ms (1 rounds)
[1m[35m [agent][0m [agent] [quickjs] phase2 drain_thunk_in_flight (+0ms, total 61ms)
[1m[35m [agent][0m [agent] [quickjs] phase3 cut_art_controller_walkstack_guards (+0ms, total 61ms)
[1m[35m [agent][0m [agent] [recompiler] release_all: snapshot 0 recomp range(s) for caller-side munmap (release_ok=0 fail=0)
[1m[35m [agent][0m [agent] [quickjs] phase3 release_all_recomp (+0ms, total 61ms)
[1m[35m [agent][0m [agent] [quickjs] phase3 free_art_controller_state (+0ms, total 61ms)
[1m[35m [agent][0m [agent] [quickjs] phase3 free_java_hooks (+0ms, total 62ms)
[1m[35m [agent][0m [agent] [quickjs] phase3 free_native_hooks (+0ms, total 62ms)
[1m[35m [agent][0m [agent] [quickjs] phase3 shutdown_qbdi_helper (+0ms, total 62ms)
[1m[35m [agent][0m [agent] [quickjs] phase3 detach_jni_thread (+0ms, total 62ms)
[1m[35m [agent][0m [agent] [quickjs] phase3 cleanup_engine (+1ms, total 64ms)
[1m[35m [agent][0m [agent] [quickjs] cleanup done (managed-safe unload, executable pools retained, walkstack guards removed, total 64ms)
[1m[35m [agent][0m [agent] 退出清理完成，准备关闭 socket
[1m[32m [✓][0m 成功附加到进程 26137，等待 SIGSTOP...
[1m[32m [✓][0m 进程已停止，可以操作寄存器
[1m[34m [*][0m 正在还原 zygote 887 的 patch...
[1m[32m [✓][0m Zygote 887 patch 已还原
