
 [1m[36m╔══════════════════════════════════════╗[0m
 [1m[36m║[0m  [1m      rustFrida v0.1.0             [0m[1m[36m║[0m
 [1m[36m║[0m  [2m  ARM64 Dynamic Instrumentation    [0m[1m[36m║[0m
 [1m[36m╚══════════════════════════════════════╝[0m

[1m[34m [*][0m Spawn 模式: 准备注入 com.ss.android.ugc.aweme
[1m[34m [*][0m 找到 1 个新 zygote 进程
[1m[36m [→][0m 正在注入 zymbiote 到 zygote64 (pid=882)...
[1m[33m [!][0m setArgV0 指针已被替换（already patched），slot at 0x7047e0d8
[1m[32m [✓][0m Zymbiote 注入成功: zygote64 (pid=882)
[1m[34m [*][0m 正在启动应用 com.ss.android.ugc.aweme...
[1m[34m [*][0m 等待进程 com.ss.android.ugc.aweme 启动... (最长 20s)
[1m[32m [✓][0m 收到 spawn hello: pid=17805, ppid=882, package=com.ss.android.ugc.aweme
[1m[34m [*][0m 正在向子进程 17805 注入 agent...
[1m[34m [*][0m 正在附加到进程 PID: 17805 (Frida-style bootstrapper)
[1m[32m [✓][0m 成功附加到进程 17812，等待 SIGSTOP...
[1m[32m [✓][0m 进程已停止，可以操作寄存器
[1m[32m [✓][0m bootstrapper 完成: libc API 已解析
[1m[32m [✓][0m 已分离目标进程
[1m[32m [✓][0m Loader: agent 加载成功
[1m[34m [*][0m 等待 agent 连接... (最长 10s)
[1m[32m [✓][0m Agent 已连接
[1m[34m [*][0m 子进程暂停中，准备加载脚本
[1m[34m [*][0m 加载脚本: /data/local/tmp/metasec_probe_350101_packet-capture_faultsource_5m_swipe_bootstrap.js
[1m[34m [*][0m 脚本声明 Java.setStealth(1)，预配置到 artinit/jsinit 之前
[1m[34m [*][0m 检测到 pre-resume Java 脚本，先发送到 raw clone TLS JS worker 执行
[1m[35m [agent][0m [JS] [packet350-bootstrap] declared java stealth=wxshadow; capture runtime waits for host loadjs after resume
[32m=> undefined[0m
[1m[36m [→][0m 正在恢复子进程 17805...
[1m[32m [✓][0m 子进程 17805 已恢复运行
[1m[33m [!][0m RF_POST_RESUME_JAVA_WORKER_MODE=skip，跳过 spawn 恢复后的 Java worker 启动
  [2m输入 help 查看命令，exit 退出[0m
rustfrida> [1m[34m [*][0m 重载脚本: /data/local/tmp/metasec_probe_350101_packet-capture_faultsource_5m_swipe.js
[1m[35m [agent][0m [agent] [quickjs-soft] soft cleanup start (+0ms, total 0ms)
[1m[35m [agent][0m [agent] [quickjs-soft] phase0 pause_art_controller_reload (+0ms, total 0ms)
[1m[35m [agent][0m [agent] [quickjs-soft] phase1 cut_java_hooks (+0ms, total 0ms)
[1m[35m [agent][0m [agent] [quickjs-soft] phase1 cut_native_hooks (+0ms, total 0ms)
[1m[35m [agent][0m [JS] [drain] start, callback_in_flight=0, exec_in_flight=0
[1m[35m [agent][0m [JS] [drain] done, callback_in_flight=0, exec_in_flight=0 after 0ms (1 rounds)
[1m[35m [agent][0m [agent] [quickjs-soft] phase2 drain_thunk_in_flight (+0ms, total 1ms)
[1m[35m [agent][0m [agent] [quickjs-soft] phase3 free_java_hooks (+0ms, total 1ms)
[1m[35m [agent][0m [agent] [quickjs-soft] phase3 free_native_hooks (+0ms, total 1ms)
[1m[35m [agent][0m [agent] [quickjs-soft] phase3 resume_art_controller_reload (+0ms, total 1ms)
[1m[35m [agent][0m [agent] [quickjs-soft] phase3 detach_jni_thread (+0ms, total 1ms)
[1m[35m [agent][0m [agent] [quickjs-soft] phase3 cleanup_engine (+1ms, total 3ms)
[1m[35m [agent][0m [agent] [quickjs-soft] soft cleanup done (total 3ms) — art_controller + pool + recomp 保留
[1m[34m [*][0m 脚本声明 Java.setStealth(1)，预配置到 artinit/jsinit 之前
[1m[34m [*][0m 检测到 Java 脚本，发送到 Java worker 执行
[1m[35m [agent][0m [java worker] starting
[1m[35m [agent][0m [JS] [module] libart.so range: 0x6e5a0d8000-0x6e5acdb000, path: Some("/apex/com.android.art/lib64/libart.so")
[1m[35m [agent][0m [JS] [java worker] generated dex class=rustfrida.JavaWorker1 size=616
[1m[35m [agent][0m [JS] [java worker] helper class loaded
[1m[35m [agent][0m [JS] [java worker] nativeLoop registered
[1m[35m [agent][0m [JS] [java worker] thread object created
[1m[35m [agent][0m [JS] [java worker] calling Thread.start
[1m[35m [agent][0m [JS] [java worker] started ART-managed worker class=rustfrida.JavaWorker1
[1m[35m [agent][0m [java worker] ready
[1m[35m [agent][0m [JS] [packet350] java stealth=wxshadow before=1 after=1
[1m[35m [agent][0m [JS] [packet350] hooked libmetasec_ml.so+0x14dbf4 @0x6cb9a4ebf4
[1m[35m [agent][0m [JS] [packet350] java ready uploadUrl=http://127.0.0.1:8891/up/dy/packets device_id=ad75af8e4e9fbe0b process=com.ss.android.ugc.aweme
[1m[35m [agent][0m [JS] [packet350] hooked J.N request adapter/method/header
[1m[35m [agent][0m [JS] [fast] ART callee-save suspend method via setCalleeSaveMethod+runtimeInitSequence: method=0x6f86a4e0, runtime_off=0x28, set_base=0x0, init_seq=0x28
[1m[35m [agent][0m [JS] [packet350] hooked CronetFixedModeOutputStream.write
[1m[35m [agent][0m [JS] [packet350] hooked CronetInputStream.read
[1m[35m [agent][0m [JS] [packet350] hooked CronetHttpURLConnection.setRequestMethod
[1m[35m [agent][0m [JS] [packet350] hooked CronetHttpURLConnection.addRequestProperty
[1m[35m [agent][0m [JS] [packet350] hooked CronetHttpURLConnection.setRequestProperty
[1m[35m [agent][0m [JS] [packet350] hooked CronetHttpURLConnection.getOutputStream
[1m[35m [agent][0m [JS] [packet350] hooked CronetHttpURLConnection.getInputStream
[1m[35m [agent][0m [JS] [packet350] hooked CronetHttpURLConnection.disconnect
[32m=> undefined[0m
rustfrida> [1m[35m [agent][0m [JS] [packet350] track ptr=480447012384 url=https://aweme.snssdk.com/service/2/app_log/?version_code=350100&device_platform=android&device_id=4087336283154583&aid=1128&iid=3313280560987770&tt_data=a
[1m[35m [agent][0m [JS] [packet350] track ptr=480447001584 url=https://aweme.snssdk.com/service/2/app_log/?version_code=350100&device_platform=android&device_id=4087336283154583&aid=1128&iid=3313280560987770&tt_data=a
[1m[35m [agent][0m [JS] [packet350] track ptr=480448370928 url=https://mssdk.bytedance.com/ri/report?lc_id=1588093228&platform=android&device_platform=android&sdk_ver=v04.09.05-ml-android&sdk_ver_code=67699968&app_ver=35.1.0&version_code=350101&aid=1128&sdkid&subaid&iid=3313280560987770&did=4087336283154583&bd_did&client_type=inhouse&region_type=ml&mode=3&full_update_version_code=35109900
[1m[35m [agent][0m [JS] [packet350] track ptr=480448612944 url=https://mssdk.bytedance.com/ri/report?lc_id=1588093228&platform=android&device_platform=android&sdk_ver=v04.09.05-ml-android&sdk_ver_code=67699968&app_ver=35.1.0&version_code=350101&aid=1128&sdkid&subaid&iid=3313280560987770&did=4087336283154583&bd_did&client_type=inhouse&region_type=ml&mode=3&full_update_version_code=35109900
[1m[35m [agent][0m [JS] [packet350] track ptr=480448774032 url=https://mssdk.bytedance.com/ri/report?lc_id=1588093228&platform=android&device_platform=android&sdk_ver=v04.09.05-ml-android&sdk_ver_code=67699968&app_ver=35.1.0&version_code=350101&aid=1128&sdkid&subaid&iid=3313280560987770&did=4087336283154583&bd_did&client_type=inhouse&region_type=ml&mode=3&full_update_version_code=35109900
[1m[35m [agent][0m [JS] [packet350] track ptr=480449957760 url=https://aweme.snssdk.com/service/2/app_log/?version_code=350100&device_platform=android&device_id=4087336283154583&aid=1128&iid=3313280560987770&tt_data=a
[1m[35m [agent][0m [JS] [packet350] track ptr=480448772784 url=https://mon.snssdk.com/monitor/collect/batch/?sdk_version=1&sdk_version=2.13.59.i18ntob-kt2&is_guest_mode=0&country=CN&app_type=normal&mp_id&app_version=9.9.0.0.5&channel=vivo_1128_64&is_android_pad=0&device_type=Pixel+6&language=zh&cpu_support64=true&resolution=1080*2209&minor_version=1&oversea=0&update_version_code=35109900&cdid=529081aa-54ad-4c5e-9acb-fd39a1666e18&minor_status=0&tz_offset=28800&klink_egdi=AAI9kg947iGp_vQNVUl8tzxSidnBpkiAAtE-xSjPRvT7Fcgo9CC7Ggge&ac=wifi&package=com.ss.android.ugc.aweme&device_id=4087336283154583&mcc_mnc=46000&tt_data=a&version_code=350100&last_deeplink_update_version_code=0&slardar-zstd-version=app.1128.Android.monitor.1722928576&proxy_support_type=2&device_platform=android&region=cn&rom_version=35&host_aid=1128&manifest_version_code=350101&_rticket=1788246553834&tma_version_code=15090101&push_sdk_version=30915&device_model=google+Pixel+6&is_preinstall=0&iid=3313280560987770&host_abi=arm64-v8a&os_detail_type=android&device_manufacturer=Google&platform=phone&rom=13003188&appTheme=light&os_api=35&tz_name=Asia%2FShanghai&push_sdk_version_name=3.9.15-rc.0&is_android_fold=0&dpi=420&push_device_id=bcfd9738c8a73cee440fef0b9ed9e097260ee2e3f5619be642d23a57571fb4a8&os=Android&os_version=15&sdkmonitor_version=2.0.47-rc.1-douyin&bytesync_sdk_version=-1&app_name=aweme&version_name=35.1.0&device_brand=google&need_personal_recommend=1&ssmix=a&package_name=com.ss.android.ugc.aweme&first_launch_timestamp=1788216241&ts=1788246553
[1m[35m [agent][0m [JS] [packet350] track ptr=480448756944 url=https://aweme.snssdk.com/service/2/app_log/?version_code=350100&device_platform=android&device_id=4087336283154583&aid=1128&iid=3313280560987770&tt_data=a
[1m[35m [agent][0m [JS] [packet350] track ptr=480450391104 url=https://aweme.snssdk.com/service/2/app_log/?version_code=350100&device_platform=android&device_id=4087336283154583&aid=1128&iid=3313280560987770&tt_data=a
[1m[35m [agent][0m [JS] [packet350] track ptr=480450536544 url=https://aweme.snssdk.com/service/2/app_log/?version_code=350100&device_platform=android&device_id=4087336283154583&aid=1128&iid=3313280560987770&tt_data=a
[1m[35m [agent][0m [JS] [packet350] track ptr=480450792480 url=https://aweme.snssdk.com/service/2/app_log/?version_code=350100&device_platform=android&device_id=4087336283154583&aid=1128&iid=3313280560987770&tt_data=a
[1m[35m [agent][0m [JS] [packet350] track ptr=480450006960 url=https://aweme.snssdk.com/service/2/app_log/?version_code=350100&device_platform=android&device_id=4087336283154583&aid=1128&iid=3313280560987770&tt_data=a
[1m[35m [agent][0m [JS] [packet350] track ptr=480450757152 url=https://mon.snssdk.com/monitor/collect/batch/?sdk_version=1&is_guest_mode=0&manifest_version_code=350101&_rticket=1788246529345&app_type=normal&device_model=Pixel+6&is_preinstall=0&iid=3313280560987770&channel=vivo_1128_64&is_android_pad=0&device_type=Pixel+6&language=zh&cpu_support64=true&host_abi=arm64-v8a&resolution=1080*2209&update_version_code=35109900&cdid=529081aa-54ad-4c5e-9acb-fd39a1666e18&minor_status=0&appTheme=light&os_api=35&klink_egdi=AAI9kg947iGp_vQNVUl8tzxSidnBpkiAAtE-xSjPRvT7Fcgo9CC7Ggge&is_android_fold=0&dpi=420&app_id=1128&ac=wifi&package=com.ss.android.ugc.aweme&os=Android&device_id=4087336283154583&mcc_mnc=46000&os_version=15&tt_data=a&version_code=350100&last_deeplink_update_version_code=0&slardar-zstd-version=app.1128.Android.monitor.1722928576&overall_score=8.4364&app_name=aweme&version_name=35.1.0&device_brand=google&need_personal_recommend=1&ssmix=a&device_platform=android&first_launch_timestamp=1788216241&aid=1128&ts=1788246529
[1m[35m [agent][0m [JS] [packet350] track ptr=480446877312 url=https://aweme.snssdk.com/service/2/app_log/?version_code=350100&device_platform=android&device_id=4087336283154583&aid=1128&iid=3313280560987770&tt_data=a
[1m[35m [agent][0m [JS] [packet350] track ptr=480448777344 url=https://aweme.snssdk.com/aweme/v2/feed/?type=0&max_cursor=0&min_cursor=-1&count=6&volume=0.0&pull_type=2&need_relieve_aweme=0&filter_warn=0&req_from&is_cold_start=0&address_book_access=2&gps_access=2&splash_cid&splash_type=-1&cached_item_num=3&last_ad_show_interval=-1&download_sdk_info=%7B%22su%22%3A100150%2C%22su_pct%22%3A0.8870682019486271%2C%22pure_mode_enable%22%3A4%2C%22pure_mode%22%3A4%2C%22pure_enhanced_mode_enable%22%3A4%2C%22pure_enhanced_mode%22%3A4%7D&action_mask=-1&action_mask_detail=%7B%227679807210344921337%22%3A2048%2C%227673732572194606345%22%3A2048%2C%227679329441139794033%22%3A2049%2C%227676870018966423231%22%3A2049%2C%227671205399862042725%22%3A2049%2C%227679656802082293867%22%3A2049%7D&action_mask_info=%7B%227679807210344921337%22%3A%7B%22s_ts%22%3A1788246605430%2C%22p_t%22%3A18%7D%2C%227673732572194606345%22%3A%7B%22s_ts%22%3A1788246613800%2C%22p_t%22%3A15%7D%2C%227679329441139794033%22%3A%7B%22s_ts%22%3A1788246622177%2C%22p_t%22%3A8318%7D%2C%227676870018966423231%22%3A%7B%22s_ts%22%3A1788246630537%2C%22p_t%22%3A8326%7D%2C%227671205399862042725%22%3A%7B%22s_ts%22%3A1788246638901%2C%22p_t%22%3A3%7D%2C%227679656802082293867%22%3A%7B%22s_ts%22%3A1788246647242%2C%22p_t%22%3A3%7D%7D&ad_extra&teen_protector_vote_aweme_count=0&last_teen_protector_vote_aweme_interval=0&sp=4100&is_order_flow=0&user_avatar_shrink=96_96&screen_type=1&pitaya_type=0&location_permission=false&enable_url_compress=1&recent_gids=7680383109028415411%2C7665835780145182921%2C7680165897576088945%2C7675374516197165686%2C7679807210344921337%2C7673732572194606345%2C7679329441139794033%2C7676870018966423231%2C7671205399862042725%2C7679656802082293867%2C7679732346446785786&recent_gids_first_time=1788246529&launch_times=27&feed_recommend_req_index=2&audio_value=0&font_category=2&recent_items=%5B%5D&play_style=0&filter_live_cell=false&addiction_info=%7B%0A%22previous_display_aweme%22%3A+%22%22%2C%0A%22previous_display_time%22%3A+0%2C%0A%22previous_display_passback%22%3A+%22%22%2C%0A%22today_usage%22%3A+2630%2C%0A%22today_fatigue%22%3A+7.650000229477882%2C%0A%22current_session_usage%22%3A+70%2C%0A%22current_session_start_time%22%3A+1788246529%2C%0A%22is_avoid%22%3A+1%0A%7D&client_extra&from_push=0&show_unread_entrance=0&show_jump_tab_list&danmaku_switch_status=0&elder_mode=0&need_hotlist_card=false&mock_info&life_card_accept=1023&life_card_unexposed_cards&nearby_extra_data=%7B%22nearby_tab_name%22%3A%22%E5%90%8C%E5%9F%8E%22%2C%22groupon_tab_name%22%3A%22%E5%9B%A2%E8%B4%AD%22%2C%22has_groupon_tab%22%3Atrue%2C%22groupon_tab_index%22%3A5%7D&tab_guide&klink_egdi=AAI9kg947iGp_vQNVUl8tzxSidnBpkiAAtE-xSjPRvT7Fcgo9CC7Ggge&iid=3313280560987770&device_id=4087336283154583&ac=wifi&channel=vivo_1128_64&aid=1128&app_name=aweme&version_code=350100&version_name=35.1.0&device_platform=android&os=android&ssmix=a&device_type=Pixel+6&device_brand=google&language=zh&os_api=35&os_version=15&manifest_version_code=350101&resolution=1080*2209&dpi=420&update_version_code=35109900&_rticket=1788246655930&package=com.ss.android.ugc.aweme&mcc_mnc=46000&first_launch_timestamp=1788216241&last_deeplink_update_version_code=0&cpu_support64=true&host_abi=arm64-v8a&is_guest_mode=0&app_type=normal&minor_status=0&appTheme=light&is_preinstall=0&need_personal_recommend=1&is_android_pad=0&is_android_fold=0&ts=1788246655&cdid=529081aa-54ad-4c5e-9acb-fd39a1666e18&client_status=%7B%22powerMode%22%3A%220%22%2C%22thermalStatus%22%3A%220%22%7D&error_monitor_info=%5B%7B%22createTime%22%3A1788246531438%2C%22errorCodeList%22%3A%5B1%5D%2C%22imprId%22%3A%2220260901150849CBFFF25396F62C474090%22%2C%22provider%22%3A%22sati%22%7D%5D&ug_ab_params=%7B%7D&ug_custom_key=%7B%22widget_install_status%22%3A%220%22%7D
[1m[35m [agent][0m [JS] [packet350] track ptr=480450672192 url=https://mon.snssdk.com/monitor/collect/batch/?sdk_version=1&sdk_version=2.13.59.i18ntob-kt2&is_guest_mode=0&country=CN&app_type=normal&mp_id&app_version=35.1.0&channel=vivo_1128_64&is_android_pad=0&device_type=Pixel+6&language=zh&cpu_support64=true&resolution=1080*2209&minor_version=1&oversea=0&update_version_code=35109900&cdid=529081aa-54ad-4c5e-9acb-fd39a1666e18&minor_status=0&tz_offset=28800&klink_egdi=AAI9kg947iGp_vQNVUl8tzxSidnBpkiAAtE-xSjPRvT7Fcgo9CC7Ggge&ac=wifi&package=com.ss.android.ugc.aweme&device_id=4087336283154583&mcc_mnc=46000&tt_data=a&version_code=350100&last_deeplink_update_version_code=0&slardar-zstd-version=app.1128.Android.monitor.1722928576&proxy_support_type=2&device_platform=android&region=cn&rom_version=35&host_aid=1128&manifest_version_code=350101&_rticket=1788246553834&tma_version_code=15090101&push_sdk_version=30915&device_model=google+Pixel+6&is_preinstall=0&iid=3313280560987770&host_abi=arm64-v8a&os_detail_type=android&device_manufacturer=Google&platform=phone&rom=13003188&appTheme=light&os_api=35&tz_name=Asia%2FShanghai&push_sdk_version_name=3.9.15-rc.0&is_android_fold=0&dpi=420&push_device_id=bcfd9738c8a73cee440fef0b9ed9e097260ee2e3f5619be642d23a57571fb4a8&os=Android&os_version=15&sdkmonitor_version=2.0.47-rc.1-douyin&bytesync_sdk_version=-1&app_name=aweme&version_name=35.1.0&device_brand=google&need_personal_recommend=1&ssmix=a&package_name=com.ss.android.ugc.aweme&first_launch_timestamp=1788216241&ts=1788246553
[1m[35m [agent][0m [JS] [packet350] track ptr=480450519312 url=https://aweme.snssdk.com/service/2/app_log/?version_code=350100&device_platform=android&device_id=4087336283154583&aid=1128&iid=3313280560987770&tt_data=a
[1m[35m [agent][0m [JS] [packet350] track ptr=480445708608 url=https://aweme.snssdk.com/service/2/app_log/?version_code=350100&device_platform=android&device_id=4087336283154583&aid=1128&iid=3313280560987770&tt_data=a
[1m[35m [agent][0m [JS] [packet350] track ptr=480450125328 url=https://aweme.snssdk.com/service/2/app_log/?version_code=350100&device_platform=android&device_id=4087336283154583&aid=1128&iid=3313280560987770&tt_data=a
[1m[35m [agent][0m [JS] [packet350] track ptr=480450532128 url=https://aweme.snssdk.com/service/2/app_log/?version_code=350100&device_platform=android&device_id=4087336283154583&aid=1128&iid=3313280560987770&tt_data=a
[1m[35m [agent][0m [JS] [packet350] track ptr=480451113552 url=https://aweme.snssdk.com/service/2/app_log/?version_code=350100&device_platform=android&device_id=4087336283154583&aid=1128&iid=3313280560987770&tt_data=a
[1m[34m [*][0m 退出交互模式
[1m[34m [*][0m 已发送 shutdown，等待 agent 主动断开连接...
[1m[34m [*][0m 正在还原 zygote 882 的 patch...
[1m[31m [✗][0m [#0] stream 写入失败: Broken pipe (os error 32)
[1m[32m [✓][0m Zygote 882 patch 已还原
