09-01 23:59:17.307 12641 12722 D nativeloader: Load /data/app/~~na7dq0QJPM3TlOgWfFFaKg==/com.ss.android.ugc.aweme-sWxsoc19sPwX3CppMH73Qg==/lib/arm64/libwatson.so using ns clns-7 from class loader (caller=/data/app/~~na7dq0QJPM3TlOgWfFFaKg==/com.ss.android.ugc.aweme-sWxsoc19sPwX3CppMH73Qg==/base.apk!classes16.dex): ok
09-01 23:59:17.314 12641 12693 D nativeloader: Load /data/app/~~na7dq0QJPM3TlOgWfFFaKg==/com.ss.android.ugc.aweme-sWxsoc19sPwX3CppMH73Qg==/lib/arm64/libbytehook.so using ns clns-7 from class loader (caller=/data/app/~~na7dq0QJPM3TlOgWfFFaKg==/com.ss.android.ugc.aweme-sWxsoc19sPwX3CppMH73Qg==/base.apk!classes16.dex): ok
09-01 23:59:17.343 12641 12682 D nativeloader: Load /data/app/~~na7dq0QJPM3TlOgWfFFaKg==/com.ss.android.ugc.aweme-sWxsoc19sPwX3CppMH73Qg==/lib/arm64/libmonitorcollector-lib.so using ns clns-7 from class loader (caller=/data/app/~~na7dq0QJPM3TlOgWfFFaKg==/com.ss.android.ugc.aweme-sWxsoc19sPwX3CppMH73Qg==/base.apk!classes16.dex): ok
09-01 23:59:17.353 12641 12712 D nativeloader: Load /data/app/~~na7dq0QJPM3TlOgWfFFaKg==/com.ss.android.ugc.aweme-sWxsoc19sPwX3CppMH73Qg==/lib/arm64/libalog.so using ns clns-7 from class loader (caller=/data/app/~~na7dq0QJPM3TlOgWfFFaKg==/com.ss.android.ugc.aweme-sWxsoc19sPwX3CppMH73Qg==/base.apk!classes16.dex): ok
09-01 23:59:17.358 12641 12694 D nativeloader: Load /data/app/~~na7dq0QJPM3TlOgWfFFaKg==/com.ss.android.ugc.aweme-sWxsoc19sPwX3CppMH73Qg==/lib/arm64/libsoloader.so using ns clns-7 from class loader (caller=/data/app/~~na7dq0QJPM3TlOgWfFFaKg==/com.ss.android.ugc.aweme-sWxsoc19sPwX3CppMH73Qg==/base.apk!classes16.dex): ok
09-01 23:59:17.421 12641 12711 D nativeloader: Load /data/app/~~na7dq0QJPM3TlOgWfFFaKg==/com.ss.android.ugc.aweme-sWxsoc19sPwX3CppMH73Qg==/lib/arm64/libsscronet.so using ns clns-7 from class loader (caller=/data/app/~~na7dq0QJPM3TlOgWfFFaKg==/com.ss.android.ugc.aweme-sWxsoc19sPwX3CppMH73Qg==/base.apk!classes16.dex): ok
09-01 23:59:17.428 12641 12711 D nativeloader: Load /data/app/~~na7dq0QJPM3TlOgWfFFaKg==/com.ss.android.ugc.aweme-sWxsoc19sPwX3CppMH73Qg==/lib/arm64/libmetasec_ml.so using ns clns-7 from class loader (caller=/data/app/~~na7dq0QJPM3TlOgWfFFaKg==/com.ss.android.ugc.aweme-sWxsoc19sPwX3CppMH73Qg==/base.apk!classes16.dex): ok
09-01 23:59:17.431 12641 12757 D nativeloader: Load /data/app/~~na7dq0QJPM3TlOgWfFFaKg==/com.ss.android.ugc.aweme-sWxsoc19sPwX3CppMH73Qg==/lib/arm64/libhelios_bm.so using ns clns-7 from class loader (caller=/data/app/~~na7dq0QJPM3TlOgWfFFaKg==/com.ss.android.ugc.aweme-sWxsoc19sPwX3CppMH73Qg==/base.apk!classes16.dex): ok
09-01 23:59:17.435 12641 12682 D nativeloader: Load /data/app/~~na7dq0QJPM3TlOgWfFFaKg==/com.ss.android.ugc.aweme-sWxsoc19sPwX3CppMH73Qg==/lib/arm64/libsysoptimizer.so using ns clns-7 from class loader (caller=/data/app/~~na7dq0QJPM3TlOgWfFFaKg==/com.ss.android.ugc.aweme-sWxsoc19sPwX3CppMH73Qg==/base.apk!classes16.dex): ok
09-01 23:59:17.463 12641 12673 D nativeloader: Load /data/app/~~na7dq0QJPM3TlOgWfFFaKg==/com.ss.android.ugc.aweme-sWxsoc19sPwX3CppMH73Qg==/lib/arm64/libnative_log.so using ns clns-7 from class loader (caller=/data/app/~~na7dq0QJPM3TlOgWfFFaKg==/com.ss.android.ugc.aweme-sWxsoc19sPwX3CppMH73Qg==/base.apk!classes16.dex): ok
09-01 23:59:17.468 12641 12688 D nativeloader: Load /data/app/~~na7dq0QJPM3TlOgWfFFaKg==/com.ss.android.ugc.aweme-sWxsoc19sPwX3CppMH73Qg==/lib/arm64/libshadowhook.so using ns clns-7 from class loader (caller=/data/app/~~na7dq0QJPM3TlOgWfFFaKg==/com.ss.android.ugc.aweme-sWxsoc19sPwX3CppMH73Qg==/base.apk!classes16.dex): ok
09-01 23:59:17.473 12641 12673 D nativeloader: Load /data/app/~~na7dq0QJPM3TlOgWfFFaKg==/com.ss.android.ugc.aweme-sWxsoc19sPwX3CppMH73Qg==/lib/arm64/libbdsword.so using ns clns-7 from class loader (caller=/data/app/~~na7dq0QJPM3TlOgWfFFaKg==/com.ss.android.ugc.aweme-sWxsoc19sPwX3CppMH73Qg==/base.apk!classes16.dex): ok
09-01 23:59:17.478 12641 12701 D nativeloader: Load /data/app/~~na7dq0QJPM3TlOgWfFFaKg==/com.ss.android.ugc.aweme-sWxsoc19sPwX3CppMH73Qg==/lib/arm64/libbdzstd.so using ns clns-7 from class loader (caller=/data/app/~~na7dq0QJPM3TlOgWfFFaKg==/com.ss.android.ugc.aweme-sWxsoc19sPwX3CppMH73Qg==/base.apk!classes16.dex): ok
09-01 23:59:17.486 12641 12688 D nativeloader: Load /data/app/~~na7dq0QJPM3TlOgWfFFaKg==/com.ss.android.ugc.aweme-sWxsoc19sPwX3CppMH73Qg==/lib/arm64/libnpth.so using ns clns-7 from class loader (caller=/data/app/~~na7dq0QJPM3TlOgWfFFaKg==/com.ss.android.ugc.aweme-sWxsoc19sPwX3CppMH73Qg==/base.apk!classes16.dex): ok
09-01 23:59:17.488 12641 12688 D nativeloader: Load /data/app/~~na7dq0QJPM3TlOgWfFFaKg==/com.ss.android.ugc.aweme-sWxsoc19sPwX3CppMH73Qg==/lib/arm64/libttcrypto.so using ns clns-7 from class loader (caller=/data/app/~~na7dq0QJPM3TlOgWfFFaKg==/com.ss.android.ugc.aweme-sWxsoc19sPwX3CppMH73Qg==/base.apk!classes16.dex): ok
09-01 23:59:17.489 12641 12688 D nativeloader: Load /data/app/~~na7dq0QJPM3TlOgWfFFaKg==/com.ss.android.ugc.aweme-sWxsoc19sPwX3CppMH73Qg==/lib/arm64/libttboringssl.so using ns clns-7 from class loader (caller=/data/app/~~na7dq0QJPM3TlOgWfFFaKg==/com.ss.android.ugc.aweme-sWxsoc19sPwX3CppMH73Qg==/base.apk!classes16.dex): ok
09-01 23:59:17.495 12641 12741 D vulkan  : searching for layers in '/data/app/~~na7dq0QJPM3TlOgWfFFaKg==/com.ss.android.ugc.aweme-sWxsoc19sPwX3CppMH73Qg==/lib/arm64'
09-01 23:59:17.495  1735  3013 D ConnectivityService: requestNetwork for uid/pid:10281/12641 activeRequest: null callbackRequest: 2478 [NetworkRequest [ REQUEST id=2479, [ Capabilities: INTERNET&NOT_RESTRICTED&TRUSTED&NOT_VCN_MANAGED&NOT_BANDWIDTH_CONSTRAINED Uid: 10281 RequestorUid: 10281 RequestorPkg: com.ss.android.ugc.aweme UnderlyingNetworks: Null] ]] callback flags: 0 order: 2147483647 isUidTracked: false declaredMethods: AVAIL|LOST|NC|LP
09-01 23:59:17.499  1735  1952 D OemPaidWifiNetworkFactory: got request NetworkRequest [ REQUEST id=2479, [ Capabilities: INTERNET&NOT_RESTRICTED&TRUSTED&NOT_VCN_MANAGED&NOT_BANDWIDTH_CONSTRAINED Uid: 10281 RequestorUid: 10281 RequestorPkg: com.ss.android.ugc.aweme UnderlyingNetworks: Null] ]
09-01 23:59:17.499  1735  1952 D MultiInternetWifiNetworkFactory: got request NetworkRequest [ REQUEST id=2479, [ Capabilities: INTERNET&NOT_RESTRICTED&TRUSTED&NOT_VCN_MANAGED&NOT_BANDWIDTH_CONSTRAINED Uid: 10281 RequestorUid: 10281 RequestorPkg: com.ss.android.ugc.aweme UnderlyingNetworks: Null] ]
09-01 23:59:17.499  1735  1952 D WifiNetworkFactory: got request NetworkRequest [ REQUEST id=2479, [ Capabilities: INTERNET&NOT_RESTRICTED&TRUSTED&NOT_VCN_MANAGED&NOT_BANDWIDTH_CONSTRAINED Uid: 10281 RequestorUid: 10281 RequestorPkg: com.ss.android.ugc.aweme UnderlyingNetworks: Null] ]
09-01 23:59:17.499  1735  1952 D UntrustedWifiNetworkFactory: got request NetworkRequest [ REQUEST id=2479, [ Capabilities: INTERNET&NOT_RESTRICTED&TRUSTED&NOT_VCN_MANAGED&NOT_BANDWIDTH_CONSTRAINED Uid: 10281 RequestorUid: 10281 RequestorPkg: com.ss.android.ugc.aweme UnderlyingNetworks: Null] ]
09-01 23:59:17.500 12641 12688 D nativeloader: Load /data/app/~~na7dq0QJPM3TlOgWfFFaKg==/com.ss.android.ugc.aweme-sWxsoc19sPwX3CppMH73Qg==/lib/arm64/libwcdb2.so using ns clns-7 from class loader (caller=/data/app/~~na7dq0QJPM3TlOgWfFFaKg==/com.ss.android.ugc.aweme-sWxsoc19sPwX3CppMH73Qg==/base.apk!classes16.dex): ok
09-01 23:59:17.468 12641 12641 W -IOThreadPool-1: type=1400 audit(0.0:23279): avc:  denied  { read } for  name="u:object_r:userdebug_or_eng_prop:s0" dev="tmpfs" ino=396 scontext=u:r:untrusted_app:s0:c25,c257,c512,c768 tcontext=u:object_r:userdebug_or_eng_prop:s0 tclass=file permissive=0 bug=b/305600845 app=com.ss.android.ugc.aweme
09-01 23:59:17.512 12641 12741 D vulkan  : searching for layers in '/data/app/~~na7dq0QJPM3TlOgWfFFaKg==/com.ss.android.ugc.aweme-sWxsoc19sPwX3CppMH73Qg==/base.apk!/lib/arm64-v8a'
09-01 23:59:17.552 12641 12708 D nativeloader: Configuring clns-10 for other apk . target_sdk_version=34, uses_libraries=ALL, library_path=/data/user/0/com.ss.android.ugc.aweme/files/plugins/com.ss.android.ugc.aweme.videocache_v2/version-35109037/lib, permitted_path=/data:/mnt/expand
09-01 23:59:17.568 12641 12641 W #TransmitThread: type=1400 audit(0.0:23280): avc:  denied  { getattr } for  path="/data/media" dev="dm-56" ino=137 scontext=u:r:untrusted_app:s0:c25,c257,c512,c768 tcontext=u:object_r:media_userdir_file:s0 tclass=dir permissive=0 app=com.ss.android.ugc.aweme
09-01 23:59:17.605 12641 12825 D nativeloader: Load /data/app/~~na7dq0QJPM3TlOgWfFFaKg==/com.ss.android.ugc.aweme-sWxsoc19sPwX3CppMH73Qg==/lib/arm64/libvcbasekit.so using ns clns-7 from class loader (caller=/data/app/~~na7dq0QJPM3TlOgWfFFaKg==/com.ss.android.ugc.aweme-sWxsoc19sPwX3CppMH73Qg==/base.apk!classes16.dex): ok
09-01 23:59:17.619 12641 12825 D nativeloader: Load /data/app/~~na7dq0QJPM3TlOgWfFFaKg==/com.ss.android.ugc.aweme-sWxsoc19sPwX3CppMH73Qg==/lib/arm64/libvcn.so using ns clns-7 from class loader (caller=/data/app/~~na7dq0QJPM3TlOgWfFFaKg==/com.ss.android.ugc.aweme-sWxsoc19sPwX3CppMH73Qg==/base.apk!classes16.dex): ok
09-01 23:59:17.623 12641 12825 D nativeloader: Load /data/app/~~na7dq0QJPM3TlOgWfFFaKg==/com.ss.android.ugc.aweme-sWxsoc19sPwX3CppMH73Qg==/lib/arm64/libvcnverify.so using ns clns-7 from class loader (caller=/data/app/~~na7dq0QJPM3TlOgWfFFaKg==/com.ss.android.ugc.aweme-sWxsoc19sPwX3CppMH73Qg==/base.apk!classes16.dex): ok
09-01 23:59:17.624 12641 12825 D nativeloader: Load /data/app/~~na7dq0QJPM3TlOgWfFFaKg==/com.ss.android.ugc.aweme-sWxsoc19sPwX3CppMH73Qg==/lib/arm64/libavmdlbase.so using ns clns-7 from class loader (caller=/data/app/~~na7dq0QJPM3TlOgWfFFaKg==/com.ss.android.ugc.aweme-sWxsoc19sPwX3CppMH73Qg==/base.apk!classes16.dex): ok
09-01 23:59:17.632 12641 12825 D nativeloader: Load /data/app/~~na7dq0QJPM3TlOgWfFFaKg==/com.ss.android.ugc.aweme-sWxsoc19sPwX3CppMH73Qg==/lib/arm64/libavmdlv2.so using ns clns-7 from class loader (caller=/data/app/~~na7dq0QJPM3TlOgWfFFaKg==/com.ss.android.ugc.aweme-sWxsoc19sPwX3CppMH73Qg==/base.apk!classes16.dex): ok
09-01 23:59:17.636 12641 12681 D nativeloader: Load /data/app/~~na7dq0QJPM3TlOgWfFFaKg==/com.ss.android.ugc.aweme-sWxsoc19sPwX3CppMH73Qg==/lib/arm64/libEncryptor.so using ns clns-7 from class loader (caller=/data/app/~~na7dq0QJPM3TlOgWfFFaKg==/com.ss.android.ugc.aweme-sWxsoc19sPwX3CppMH73Qg==/base.apk!classes16.dex): ok
09-01 23:59:17.636 12641 12641 W PlayerCommon: type=1400 audit(0.0:23281): avc:  granted  { execute } for  path="/data/data/com.ss.android.ugc.aweme/files/plugins/com.ss.android.ugc.aweme.videocache_v2/version-35109037/lib/libmdlttquicheloader.so" dev="dm-56" ino=60430 scontext=u:r:untrusted_app:s0:c25,c257,c512,c768 tcontext=u:object_r:app_data_file:s0:c25,c257,c512,c768 tclass=file app=com.ss.android.ugc.aweme
09-01 23:59:17.640 12641 12825 D nativeloader: Load /data/user/0/com.ss.android.ugc.aweme/files/plugins/com.ss.android.ugc.aweme.videocache_v2/version-35109037/lib/libmdlttquicheloader.so using ns clns-10 from class loader (caller=<unknown>): ok
09-01 23:59:17.640 12641 12641 W #tp-default-16: type=1400 audit(0.0:23282): avc:  denied  { getattr } for  path="/data/media" dev="dm-56" ino=137 scontext=u:r:untrusted_app:s0:c25,c257,c512,c768 tcontext=u:object_r:media_userdir_file:s0 tclass=dir permissive=0 app=com.ss.android.ugc.aweme
09-01 23:59:17.644 12641 12688 D nativeloader: Load /data/app/~~na7dq0QJPM3TlOgWfFFaKg==/com.ss.android.ugc.aweme-sWxsoc19sPwX3CppMH73Qg==/lib/arm64/libzaid.so using ns clns-7 from class loader (caller=/data/app/~~na7dq0QJPM3TlOgWfFFaKg==/com.ss.android.ugc.aweme-sWxsoc19sPwX3CppMH73Qg==/base.apk!classes16.dex): ok
09-01 23:59:17.649 12641 12825 D nativeloader: Load /data/app/~~na7dq0QJPM3TlOgWfFFaKg==/com.ss.android.ugc.aweme-sWxsoc19sPwX3CppMH73Qg==/lib/arm64/libpreload.so using ns clns-7 from class loader (caller=/data/app/~~na7dq0QJPM3TlOgWfFFaKg==/com.ss.android.ugc.aweme-sWxsoc19sPwX3CppMH73Qg==/base.apk!classes16.dex): ok
09-01 23:59:17.652 12641 12825 D nativeloader: Load /data/app/~~na7dq0QJPM3TlOgWfFFaKg==/com.ss.android.ugc.aweme-sWxsoc19sPwX3CppMH73Qg==/lib/arm64/libByteVC1_dec.so using ns clns-7 from class loader (caller=/data/app/~~na7dq0QJPM3TlOgWfFFaKg==/com.ss.android.ugc.aweme-sWxsoc19sPwX3CppMH73Qg==/base.apk!classes16.dex): ok
09-01 23:59:17.652 12641 12825 D nativeloader: Load /data/app/~~na7dq0QJPM3TlOgWfFFaKg==/com.ss.android.ugc.aweme-sWxsoc19sPwX3CppMH73Qg==/lib/arm64/libbyteVC2dec.so using ns clns-7 from class loader (caller=/data/app/~~na7dq0QJPM3TlOgWfFFaKg==/com.ss.android.ugc.aweme-sWxsoc19sPwX3CppMH73Qg==/base.apk!classes16.dex): ok
09-01 23:59:17.654 12641 12825 D nativeloader: Load /data/app/~~na7dq0QJPM3TlOgWfFFaKg==/com.ss.android.ugc.aweme-sWxsoc19sPwX3CppMH73Qg==/lib/arm64/libttffmpeg.so using ns clns-7 from class loader (caller=/data/app/~~na7dq0QJPM3TlOgWfFFaKg==/com.ss.android.ugc.aweme-sWxsoc19sPwX3CppMH73Qg==/base.apk!classes16.dex): ok
09-01 23:59:17.656 12641 12825 D nativeloader: Load /data/app/~~na7dq0QJPM3TlOgWfFFaKg==/com.ss.android.ugc.aweme-sWxsoc19sPwX3CppMH73Qg==/lib/arm64/libttmplayer.so using ns clns-7 from class loader (caller=/data/app/~~na7dq0QJPM3TlOgWfFFaKg==/com.ss.android.ugc.aweme-sWxsoc19sPwX3CppMH73Qg==/base.apk!classes16.dex): ok
09-01 23:59:17.665 12641 12825 D nativeloader: Load /data/app/~~na7dq0QJPM3TlOgWfFFaKg==/com.ss.android.ugc.aweme-sWxsoc19sPwX3CppMH73Qg==/lib/arm64/libttmpaflns.so using ns clns-7 from class loader (caller=/data/app/~~na7dq0QJPM3TlOgWfFFaKg==/com.ss.android.ugc.aweme-sWxsoc19sPwX3CppMH73Qg==/base.apk!classes16.dex): ok
09-01 23:59:17.667  1735  3013 D ConnectivityService: requestNetwork for uid/pid:10281/12641 activeRequest: null callbackRequest: 2481 [NetworkRequest [ REQUEST id=2481, [ Transports: CELLULAR Capabilities: INTERNET&NOT_RESTRICTED&TRUSTED&NOT_VPN&NOT_VCN_MANAGED&NOT_BANDWIDTH_CONSTRAINED Forbidden: LOCAL_NETWORK Uid: 10281 RequestorUid: 10281 RequestorPkg: com.ss.android.ugc.aweme UnderlyingNetworks: Null] ]] callback flags: 0 order: 2147483647 isUidTracked: false declaredMethods: AVAIL|LOST
09-01 23:59:17.669 12641 12825 D nativeloader: Load libttmpaflna.so using ns clns-7 from class loader (caller=/data/app/~~na7dq0QJPM3TlOgWfFFaKg==/com.ss.android.ugc.aweme-sWxsoc19sPwX3CppMH73Qg==/base.apk!classes16.dex): dlopen failed: library "libttmpaflna.so" not found
09-01 23:59:17.664 12641 12641 W #tp-default-291: type=1400 audit(0.0:23283): avc:  denied  { read } for  name="u:object_r:qemu_hw_prop:s0" dev="tmpfs" ino=323 scontext=u:r:untrusted_app:s0:c25,c257,c512,c768 tcontext=u:object_r:qemu_hw_prop:s0 tclass=file permissive=0 app=com.ss.android.ugc.aweme
09-01 23:59:17.670 12641 12825 D nativeloader: Load /data/app/~~na7dq0QJPM3TlOgWfFFaKg==/com.ss.android.ugc.aweme-sWxsoc19sPwX3CppMH73Qg==/lib/arm64/libttmaudioprocess.so using ns clns-7 from class loader (caller=/data/app/~~na7dq0QJPM3TlOgWfFFaKg==/com.ss.android.ugc.aweme-sWxsoc19sPwX3CppMH73Qg==/base.apk!classes16.dex): ok
09-01 23:59:17.673  1735  3013 D ConnectivityService: requestNetwork for uid/pid:10281/12641 activeRequest: null callbackRequest: 2482 [NetworkRequest [ REQUEST id=2482, [ Transports: CELLULAR Capabilities: INTERNET&NOT_RESTRICTED&TRUSTED&NOT_VPN&NOT_VCN_MANAGED&NOT_BANDWIDTH_CONSTRAINED Forbidden: LOCAL_NETWORK Uid: 10281 RequestorUid: 10281 RequestorPkg: com.ss.android.ugc.aweme UnderlyingNetworks: Null] ]] callback flags: 0 order: 2147483647 isUidTracked: false declaredMethods: AVAIL
09-01 23:59:17.680  1735  4377 D CoreBackPreview: Window{bbe0a3d u0 com.ss.android.ugc.aweme/com.ss.android.ugc.aweme.splash.SplashActivity}: Setting back callback OnBackInvokedCallbackInfo{mCallback=android.window.IOnBackInvokedCallback$Stub$Proxy@4565d2c, mPriority=0, mIsAnimationCallback=false, mOverrideBehavior=0}
09-01 23:59:17.686  1735  1966 D ConnectivityService: releasing NetworkRequest [ REQUEST id=2481, [ Transports: CELLULAR Capabilities: INTERNET&NOT_RESTRICTED&TRUSTED&NOT_VPN&NOT_VCN_MANAGED&NOT_BANDWIDTH_CONSTRAINED Forbidden: LOCAL_NETWORK Uid: 10281 RequestorUid: 10281 RequestorPkg: com.ss.android.ugc.aweme UnderlyingNetworks: Null] ] (release request)
09-01 23:59:17.732 12641 12865 D nativeloader: Load /data/app/~~na7dq0QJPM3TlOgWfFFaKg==/com.ss.android.ugc.aweme-sWxsoc19sPwX3CppMH73Qg==/lib/arm64/libdelta.so using ns clns-7 from class loader (caller=/data/app/~~na7dq0QJPM3TlOgWfFFaKg==/com.ss.android.ugc.aweme-sWxsoc19sPwX3CppMH73Qg==/base.apk!classes16.dex): ok
09-01 23:59:17.795  1735  1791 I ActivityTaskManager: Displayed com.ss.android.ugc.aweme/.splash.SplashActivity for user 0: +642ms
09-01 23:59:17.810 12641 12641 W Resources: Drawable com.ss.android.ugc.aweme:drawable/_ has unresolved theme attributes! Consider using Resources.getDrawable(int, Theme) or Context.getDrawable(int).
09-01 23:59:17.810 12641 12641 W Resources: 	at com.GlobalProxyLancet.com_ss_android_ugc_aweme_lancet_ViewInflateLancet_inflate(SourceFile:67502135)
09-01 23:59:17.810 12641 12641 W Resources: 	at com.ss.android.ugc.aweme.common.widget.VerticalViewPager.onMeasure(SourceFile:33947892)
09-01 23:59:17.810 12641 12641 W Resources: 	at com.ss.android.ugc.aweme.views.DoubleBallSwipeRefreshLayout.onMeasure(SourceFile:33882165)
09-01 23:59:17.810 12641 12641 W Resources: 	at com.ss.android.ugc.aweme.feed.ui.LayoutCheckRefreshLayout.onMeasure(SourceFile:33619968)
09-01 23:59:17.810 12641 12641 W Resources: 	at com.ss.android.ugc.aweme.feed.ui.LayoutCheckFrameLayout.onMeasure(SourceFile:33619968)
09-01 23:59:17.810 12641 12641 W Resources: 	at com.ss.android.ugc.aweme.feed.ui.CustomViewPager.onMeasure(SourceFile:33947887)
09-01 23:59:17.810 12641 12641 W Resources: 	at com.ss.android.ugc.aweme.base.opensourcemodified.android.support.v4.widget.SwipeRefreshLayout.onMeasure(SourceFile:33882165)
09-01 23:59:17.810 12641 12641 W Resources: 	at com.ss.android.ugc.aweme.viewopt.SurfaceOptimizeFrameLayout.onMeasure(SourceFile:33816626)
09-01 23:59:17.816 12641 12641 W Resources: Drawable com.ss.android.ugc.aweme:drawable/_ has unresolved theme attributes! Consider using Resources.getDrawable(int, Theme) or Context.getDrawable(int).
09-01 23:59:17.816 12641 12641 W Resources: 	at com.GlobalProxyLancet.com_ss_android_ugc_aweme_lancet_ViewInflateLancet_inflate(SourceFile:67502135)
09-01 23:59:17.816 12641 12641 W Resources: 	at com.ss.android.ugc.aweme.common.widget.VerticalViewPager.onMeasure(SourceFile:33947892)
09-01 23:59:17.816 12641 12641 W Resources: 	at com.ss.android.ugc.aweme.views.DoubleBallSwipeRefreshLayout.onMeasure(SourceFile:33882165)
09-01 23:59:17.816 12641 12641 W Resources: 	at com.ss.android.ugc.aweme.feed.ui.LayoutCheckRefreshLayout.onMeasure(SourceFile:33619968)
09-01 23:59:17.816 12641 12641 W Resources: 	at com.ss.android.ugc.aweme.feed.ui.LayoutCheckFrameLayout.onMeasure(SourceFile:33619968)
09-01 23:59:17.816 12641 12641 W Resources: 	at com.ss.android.ugc.aweme.feed.ui.CustomViewPager.onMeasure(SourceFile:33947887)
09-01 23:59:17.816 12641 12641 W Resources: 	at com.ss.android.ugc.aweme.base.opensourcemodified.android.support.v4.widget.SwipeRefreshLayout.onMeasure(SourceFile:33882165)
09-01 23:59:17.816 12641 12641 W Resources: 	at com.ss.android.ugc.aweme.viewopt.SurfaceOptimizeFrameLayout.onMeasure(SourceFile:33816626)
09-01 23:59:17.825  1735  2214 I MediaFocusControl: requestAudioFocus() from uid/pid 10281/12641 AA=USAGE_MEDIA/CONTENT_TYPE_UNKNOWN clientId=android.media.AudioManager@e0fff02X.1DIL@a0e6013 callingPack=com.ss.android.ugc.aweme req=1 flags=0x0 sdk=34
09-01 23:59:17.829 12641 12900 D nativeloader: Load /data/app/~~na7dq0QJPM3TlOgWfFFaKg==/com.ss.android.ugc.aweme-sWxsoc19sPwX3CppMH73Qg==/lib/arm64/libvideodec.so using ns clns-7 from class loader (caller=/data/app/~~na7dq0QJPM3TlOgWfFFaKg==/com.ss.android.ugc.aweme-sWxsoc19sPwX3CppMH73Qg==/base.apk!classes16.dex): ok
09-01 23:59:17.832 12641 12900 D nativeloader: Load /data/app/~~na7dq0QJPM3TlOgWfFFaKg==/com.ss.android.ugc.aweme-sWxsoc19sPwX3CppMH73Qg==/lib/arm64/libttmverify.so using ns clns-7 from class loader (caller=/data/app/~~na7dq0QJPM3TlOgWfFFaKg==/com.ss.android.ugc.aweme-sWxsoc19sPwX3CppMH73Qg==/base.apk!classes16.dex): ok
09-01 23:59:17.852  4015  4015 I GoogleInputMethodService: GoogleInputMethodService.onStartInput():1911 onStartInput(EditorInfo{EditorInfo{packageName=com.ss.android.ugc.aweme, inputType=0, inputTypeString=NULL, enableLearning=false, autoCorrection=false, autoComplete=false, imeOptions=0, privateImeOptions=null, actionName=UNSPECIFIED, actionLabel=null, initialSelStart=-1, initialSelEnd=-1, initialCapsMode=0, label=null, fieldId=0, fieldName=null, extras=null, hintText=null, hintLocales=[]}}, false)
09-01 23:59:17.853  1735  1871 W PackageConfigPersister: App-specific configuration not found for packageName: com.ss.android.ugc.aweme and userId: 0
09-01 23:59:17.939 12641 12743 D nativeloader: Load /data/app/~~na7dq0QJPM3TlOgWfFFaKg==/com.ss.android.ugc.aweme-sWxsoc19sPwX3CppMH73Qg==/lib/arm64/libfileprotect.so using ns clns-7 from class loader (caller=/data/app/~~na7dq0QJPM3TlOgWfFFaKg==/com.ss.android.ugc.aweme-sWxsoc19sPwX3CppMH73Qg==/base.apk!classes16.dex): ok
09-01 23:59:17.992 12641 12641 W Thread-7: type=1400 audit(0.0:23284): avc:  denied  { read } for  name="arp" dev="proc" ino=4026532015 scontext=u:r:untrusted_app:s0:c25,c257,c512,c768 tcontext=u:object_r:proc_net:s0 tclass=file permissive=0 app=com.ss.android.ugc.aweme
09-01 23:59:18.129  1735  2214 D CoreBackPreview: Window{9adc5b4 u0 Splash Screen com.ss.android.ugc.aweme EXITING}: Setting back callback null
09-01 23:59:18.142 12641 12700 D nativeloader: Load /data/app/~~na7dq0QJPM3TlOgWfFFaKg==/com.ss.android.ugc.aweme-sWxsoc19sPwX3CppMH73Qg==/lib/arm64/libimagepipeline.so using ns clns-7 from class loader (caller=/data/app/~~na7dq0QJPM3TlOgWfFFaKg==/com.ss.android.ugc.aweme-sWxsoc19sPwX3CppMH73Qg==/base.apk!classes16.dex): ok
09-01 23:59:18.174 12641 12711 D nativeloader: Load /data/app/~~na7dq0QJPM3TlOgWfFFaKg==/com.ss.android.ugc.aweme-sWxsoc19sPwX3CppMH73Qg==/lib/arm64/libbytenn.so using ns clns-7 from class loader (caller=/data/app/~~na7dq0QJPM3TlOgWfFFaKg==/com.ss.android.ugc.aweme-sWxsoc19sPwX3CppMH73Qg==/base.apk!classes16.dex): ok
09-01 23:59:18.178 12641 12700 D nativeloader: Load /data/app/~~na7dq0QJPM3TlOgWfFFaKg==/com.ss.android.ugc.aweme-sWxsoc19sPwX3CppMH73Qg==/lib/arm64/libttheif_dec.so using ns clns-7 from class loader (caller=/data/app/~~na7dq0QJPM3TlOgWfFFaKg==/com.ss.android.ugc.aweme-sWxsoc19sPwX3CppMH73Qg==/base.apk!classes16.dex): ok
09-01 23:59:18.178 12641 12711 D nativeloader: Load /data/app/~~na7dq0QJPM3TlOgWfFFaKg==/com.ss.android.ugc.aweme-sWxsoc19sPwX3CppMH73Qg==/lib/arm64/libbytennwrapper.so using ns clns-7 from class loader (caller=/data/app/~~na7dq0QJPM3TlOgWfFFaKg==/com.ss.android.ugc.aweme-sWxsoc19sPwX3CppMH73Qg==/base.apk!classes16.dex): ok
09-01 23:59:18.181 12641 12700 D nativeloader: Load /data/app/~~na7dq0QJPM3TlOgWfFFaKg==/com.ss.android.ugc.aweme-sWxsoc19sPwX3CppMH73Qg==/lib/arm64/libbdheif.so using ns clns-7 from class loader (caller=/data/app/~~na7dq0QJPM3TlOgWfFFaKg==/com.ss.android.ugc.aweme-sWxsoc19sPwX3CppMH73Qg==/base.apk!classes16.dex): ok
09-01 23:59:19.480 12641 12700 D nativeloader: Configuring clns-11 for other apk . target_sdk_version=34, uses_libraries=ALL, library_path=/data/user/0/com.ss.android.ugc.aweme/files/plugins/com.bytedance.aweme.smart_client_plugin/version-35109020/lib, permitted_path=/data:/mnt/expand
09-01 23:59:19.616 12641 12641 W #tp-default-710: type=1400 audit(0.0:23285): avc:  granted  { execute } for  path="/data/data/com.ss.android.ugc.aweme/files/plugins/com.bytedance.aweme.smart_client_plugin/version-35109020/lib/libCepEngine.so" dev="dm-56" ino=60459 scontext=u:r:untrusted_app:s0:c25,c257,c512,c768 tcontext=u:object_r:app_data_file:s0:c25,c257,c512,c768 tclass=file app=com.ss.android.ugc.aweme
09-01 23:59:19.619 12641 12904 D nativeloader: Load /data/user/0/com.ss.android.ugc.aweme/files/plugins/com.bytedance.aweme.smart_client_plugin/version-35109020/lib/libCepEngine.so using ns clns-11 from class loader (caller=<unknown>): ok
09-01 23:59:19.616 12641 12641 W #tp-default-710: type=1400 audit(0.0:23286): avc:  granted  { execute } for  path="/data/data/com.ss.android.ugc.aweme/files/plugins/com.bytedance.aweme.smart_client_plugin/version-35109020/lib/libCepAST.so" dev="dm-56" ino=60444 scontext=u:r:untrusted_app:s0:c25,c257,c512,c768 tcontext=u:object_r:app_data_file:s0:c25,c257,c512,c768 tclass=file app=com.ss.android.ugc.aweme
09-01 23:59:19.621 12641 12904 D nativeloader: Load /data/user/0/com.ss.android.ugc.aweme/files/plugins/com.bytedance.aweme.smart_client_plugin/version-35109020/lib/libCepAST.so using ns clns-11 from class loader (caller=<unknown>): ok
09-01 23:59:19.620 12641 12641 W #tp-default-710: type=1400 audit(0.0:23287): avc:  granted  { execute } for  path="/data/data/com.ss.android.ugc.aweme/files/plugins/com.bytedance.aweme.smart_client_plugin/version-35109020/lib/libCepFast.so" dev="dm-56" ino=60372 scontext=u:r:untrusted_app:s0:c25,c257,c512,c768 tcontext=u:object_r:app_data_file:s0:c25,c257,c512,c768 tclass=file app=com.ss.android.ugc.aweme
09-01 23:59:19.620 12641 12641 W #tp-default-710: type=1400 audit(0.0:23288): avc:  granted  { execute } for  path="/data/data/com.ss.android.ugc.aweme/files/plugins/com.bytedance.aweme.smart_client_plugin/version-35109020/lib/libfast_engine.so" dev="dm-56" ino=60388 scontext=u:r:untrusted_app:s0:c25,c257,c512,c768 tcontext=u:object_r:app_data_file:s0:c25,c257,c512,c768 tclass=file app=com.ss.android.ugc.aweme
09-01 23:59:19.622 12641 12904 D nativeloader: Load /data/user/0/com.ss.android.ugc.aweme/files/plugins/com.bytedance.aweme.smart_client_plugin/version-35109020/lib/libCepFast.so using ns clns-11 from class loader (caller=<unknown>): ok
09-01 23:59:19.628 12641 12641 W #tp-default-710: type=1400 audit(0.0:23289): avc:  granted  { execute } for  path="/data/data/com.ss.android.ugc.aweme/files/plugins/com.bytedance.aweme.smart_client_plugin/version-35109020/lib/libPitayaBdComponent.so" dev="dm-56" ino=60373 scontext=u:r:untrusted_app:s0:c25,c257,c512,c768 tcontext=u:object_r:app_data_file:s0:c25,c257,c512,c768 tclass=file app=com.ss.android.ugc.aweme
09-01 23:59:19.630 12641 12904 D nativeloader: Load /data/user/0/com.ss.android.ugc.aweme/files/plugins/com.bytedance.aweme.smart_client_plugin/version-35109020/lib/libPitayaBdComponent.so using ns clns-11 from class loader (caller=<unknown>): ok
09-01 23:59:19.635 12641 12904 D nativeloader: Load /data/user/0/com.ss.android.ugc.aweme/files/plugins/com.bytedance.aweme.smart_client_plugin/version-35109020/lib/libAndroidPitayaCore.so using ns clns-11 from class loader (caller=<unknown>): ok
09-01 23:59:19.641 12641 12704 D nativeloader: Load /data/user/0/com.ss.android.ugc.aweme/files/plugins/com.bytedance.aweme.smart_client_plugin/version-35109020/lib/libCepProxy.so using ns clns-11 from class loader (caller=<unknown>): ok
09-01 23:59:19.785 12641 12704 D nativeloader: Load /data/user/0/com.ss.android.ugc.aweme/files/plugins/com.bytedance.aweme.smart_client_plugin/version-35109020/lib/libARTNative.so using ns clns-11 from class loader (caller=<unknown>): ok
09-01 23:59:19.830 12641 12641 W Resources: Drawable com.ss.android.ugc.aweme:drawable/_ has unresolved theme attributes! Consider using Resources.getDrawable(int, Theme) or Context.getDrawable(int).
09-01 23:59:19.830 12641 12641 W Resources: 	at com.GlobalProxyLancet.com_ss_android_ugc_aweme_lancet_ViewInflateLancet_inflate(SourceFile:67502135)
09-01 23:59:19.830 12641 12641 W Resources: 	at com.ss.android.ugc.aweme.horizon.CommonHorizonView.setCurrentPosition(SourceFile:84148239)
09-01 23:59:19.830 12641 12641 W Resources: 	at com.ss.android.ugc.aweme.horizon.CommonHorizonView.setCurrentPosition(SourceFile:50462726)
09-01 23:59:19.930 12641 12641 W Resources: Drawable com.ss.android.ugc.aweme:drawable/_ has unresolved theme attributes! Consider using Resources.getDrawable(int, Theme) or Context.getDrawable(int).
09-01 23:59:19.930 12641 12641 W Resources: 	at com.GlobalProxyLancet.com_ss_android_ugc_aweme_lancet_ViewInflateLancet_inflate(SourceFile:67502135)
09-01 23:59:19.930 12641 12641 W Resources: 	at com.ss.android.ugc.aweme.common.widget.VerticalViewPager.onMeasure(SourceFile:33947892)
09-01 23:59:19.930 12641 12641 W Resources: 	at com.ss.android.ugc.aweme.views.DoubleBallSwipeRefreshLayout.onMeasure(SourceFile:33882165)
09-01 23:59:19.930 12641 12641 W Resources: 	at com.ss.android.ugc.aweme.feed.ui.LayoutCheckRefreshLayout.onMeasure(SourceFile:33619968)
09-01 23:59:19.930 12641 12641 W Resources: 	at com.ss.android.ugc.aweme.feed.ui.LayoutCheckFrameLayout.onMeasure(SourceFile:33619968)
09-01 23:59:19.930 12641 12641 W Resources: 	at com.ss.android.ugc.aweme.feed.ui.CustomViewPager.onMeasure(SourceFile:33947887)
09-01 23:59:19.930 12641 12641 W Resources: 	at com.ss.android.ugc.aweme.base.opensourcemodified.android.support.v4.widget.SwipeRefreshLayout.onMeasure(SourceFile:33882165)
09-01 23:59:19.930 12641 12641 W Resources: 	at com.ss.android.ugc.aweme.viewopt.SurfaceOptimizeFrameLayout.onMeasure(SourceFile:33816626)
09-01 23:59:19.933 12641 12641 W Resources: Drawable com.ss.android.ugc.aweme:drawable/_ has unresolved theme attributes! Consider using Resources.getDrawable(int, Theme) or Context.getDrawable(int).
09-01 23:59:19.933 12641 12641 W Resources: 	at com.GlobalProxyLancet.com_ss_android_ugc_aweme_lancet_ViewInflateLancet_inflate(SourceFile:67502135)
09-01 23:59:19.933 12641 12641 W Resources: 	at com.ss.android.ugc.aweme.common.widget.VerticalViewPager.onMeasure(SourceFile:33947892)
09-01 23:59:19.933 12641 12641 W Resources: 	at com.ss.android.ugc.aweme.views.DoubleBallSwipeRefreshLayout.onMeasure(SourceFile:33882165)
09-01 23:59:19.933 12641 12641 W Resources: 	at com.ss.android.ugc.aweme.feed.ui.LayoutCheckRefreshLayout.onMeasure(SourceFile:33619968)
09-01 23:59:19.933 12641 12641 W Resources: 	at com.ss.android.ugc.aweme.feed.ui.LayoutCheckFrameLayout.onMeasure(SourceFile:33619968)
09-01 23:59:19.933 12641 12641 W Resources: 	at com.ss.android.ugc.aweme.feed.ui.CustomViewPager.onMeasure(SourceFile:33947887)
09-01 23:59:19.933 12641 12641 W Resources: 	at com.ss.android.ugc.aweme.base.opensourcemodified.android.support.v4.widget.SwipeRefreshLayout.onMeasure(SourceFile:33882165)
09-01 23:59:19.933 12641 12641 W Resources: 	at com.ss.android.ugc.aweme.viewopt.SurfaceOptimizeFrameLayout.onMeasure(SourceFile:33816626)
09-01 23:59:19.958 12641 12708 D nativeloader: Configuring clns-12 for other apk . target_sdk_version=34, uses_libraries=ALL, library_path=/data/user/0/com.ss.android.ugc.aweme/files/plugins/com.ss.android.ugc.aweme.v8/version-351090200/lib, permitted_path=/data:/mnt/expand
09-01 23:59:19.967 12641 12696 D nativeloader: Configuring clns-13 for other apk . target_sdk_version=34, uses_libraries=ALL, library_path=/data/user/0/com.ss.android.ugc.aweme/files/plugins/com.ss.android.ugc.aweme.vmsdk_plugin/version-351090200/lib, permitted_path=/data:/mnt/expand
09-01 23:59:19.980 12641 12696 D nativeloader: Configuring clns-14 for other apk . target_sdk_version=34, uses_libraries=ALL, library_path=/data/user/0/com.ss.android.ugc.aweme/files/plugins/com.ss.android.ugc.aweme.miniapp/version-35109020/lib, permitted_path=/data:/mnt/expand
09-01 23:59:20.088 12641 12887 D nativeloader: Load /data/app/~~na7dq0QJPM3TlOgWfFFaKg==/com.ss.android.ugc.aweme-sWxsoc19sPwX3CppMH73Qg==/lib/arm64/libunicorn-main.so using ns clns-7 from class loader (caller=<unknown>): ok
09-01 23:59:20.090 12641 12887 I uni::fml::log: [INFO:unisus_path_service.cc(28)] Init path configs: /data/user/0/com.ss.android.ugc.aweme/files/unisus, /data/user/0/com.ss.android.ugc.aweme/cache/unisus/process/12641, /data/user/0/com.ss.android.ugc.aweme/files, /storage/emulated/0/Android/data/com.ss.android.ugc.aweme/cache
09-01 23:59:20.090 12641 12887 I uni::fml::log: [INFO:unisus_cloud_service.cc(100)] Cloud init dir path: /data/user/0/com.ss.android.ugc.aweme/files/unisus/cloud
09-01 23:59:20.091 12641 12887 I uni::fml::log: [INFO:unisus_settings_instance.cc(266)] Settings InitDirPath, path = /data/user/0/com.ss.android.ugc.aweme/files/unisus/settings/unisus
09-01 23:59:20.098 12641 12887 I uni::fml::log: [INFO:unisus_base_bundle_service_cloud_adapter_v2.cc(56)] Init configs V2, /data/user/0/com.ss.android.ugc.aweme/files/unisus/basebundleV2/base/normal, /data/user/0/com.ss.android.ugc.aweme/files/unisus/basebundleV2/base/debug, /data/user/0/com.ss.android.ugc.aweme/cache/unisus/process/12641/basebundle_tmp, use_V2_preset: 1built_in_version: 3.75.1.6built_in_biz_versions: 2
09-01 23:59:20.100 12641 12668 I uni::fml::log: [INFO:base_bundle_service_onload.cc(174)] create mark file: /data/user/0/com.ss.android.ugc.aweme/files/unisus/basebundleV2/base/markFile/3780011_12641
09-01 23:59:20.100 12641 12668 I uni::fml::log: [INFO:base_bundle_service_onload.cc(174)] create mark file: /data/user/0/com.ss.android.ugc.aweme/files/unisus/basebundleV2/bizGame/markFile/1000003_12641
09-01 23:59:20.100 12641 12668 I uni::fml::log: [INFO:base_bundle_service_onload.cc(174)] create mark file: /data/user/0/com.ss.android.ugc.aweme/files/unisus/basebundleV2/bizApp/markFile/1000018_12641
09-01 23:59:20.102 12641 12668 I uni::fml::log: [INFO:base_bundle_service_onload.cc(495)] Delete mark file: /data/user/0/com.ss.android.ugc.aweme/files/unisus/basebundleV2/bizApp/markFile/1000018_6927
09-01 23:59:20.102 12641 12668 I uni::fml::log: [INFO:base_bundle_service_onload.cc(495)] Delete mark file: /data/user/0/com.ss.android.ugc.aweme/files/unisus/basebundleV2/bizGame/markFile/1000003_6927
09-01 23:59:20.102 12641 12668 I uni::fml::log: [INFO:base_bundle_service_onload.cc(495)] Delete mark file: /data/user/0/com.ss.android.ugc.aweme/files/unisus/basebundleV2/base/markFile/3780011_6927
09-01 23:59:20.102 12641 12668 E uni::fml::log: [ERROR:/cache/228/bytebus/repositories/695f75851403dbb333d319cde130b7a1/cb2ea26d53730bb7ff6b860102fd675b/src/service/base_bundle_service/platform/android/base_bundle_service_onload.cc(312)] open mark directory fail, path = /data/user/0/com.ss.android.ugc.aweme/files/unisus/basebundle/markFile, errno = 2
09-01 23:59:20.515 12641 12793 D nativeloader: Load /data/user/0/com.ss.android.ugc.aweme/files/plugins/com.bytedance.aweme.smart_client_plugin/version-35109020/lib/libBDPythonVM.so using ns clns-11 from class loader (caller=<unknown>): ok
09-01 23:59:20.519 12641 12793 D nativeloader: Load /data/user/0/com.ss.android.ugc.aweme/files/plugins/com.bytedance.aweme.smart_client_plugin/version-35109020/lib/libByteAINN.so using ns clns-11 from class loader (caller=<unknown>): ok
09-01 23:59:20.521 12641 12793 D nativeloader: Load /data/user/0/com.ss.android.ugc.aweme/files/plugins/com.bytedance.aweme.smart_client_plugin/version-35109020/lib/libByteAIDT.so using ns clns-11 from class loader (caller=<unknown>): ok
09-01 23:59:20.526 12641 12793 D nativeloader: Load /data/user/0/com.ss.android.ugc.aweme/files/plugins/com.bytedance.aweme.smart_client_plugin/version-35109020/lib/libpy-cv-numpycv.so using ns clns-11 from class loader (caller=<unknown>): ok
09-01 23:59:20.529 12641 12793 D nativeloader: Load /data/user/0/com.ss.android.ugc.aweme/files/plugins/com.bytedance.aweme.smart_client_plugin/version-35109020/lib/libpy-numpy.so using ns clns-11 from class loader (caller=<unknown>): ok
09-01 23:59:22.664 12641 12641 W #tp-io-1071: type=1400 audit(0.0:23300): avc:  granted  { execute } for  path="/data/data/com.ss.android.ugc.aweme/files/plugins/com.ss.android.ugc.aweme.videocache_v2/version-35109037/lib/libavmdlp2pv2.so" dev="dm-56" ino=60406 scontext=u:r:untrusted_app:s0:c25,c257,c512,c768 tcontext=u:object_r:app_data_file:s0:c25,c257,c512,c768 tclass=file app=com.ss.android.ugc.aweme
09-01 23:59:22.704 12641 12711 D nativeloader: Load /data/user/0/com.ss.android.ugc.aweme/files/plugins/com.ss.android.ugc.aweme.videocache_v2/version-35109037/lib/libavmdlp2pv2.so using ns clns-10 from class loader (caller=<unknown>): ok
09-01 23:59:22.979 12641 12692 D nativeloader: Load /data/app/~~na7dq0QJPM3TlOgWfFFaKg==/com.ss.android.ugc.aweme-sWxsoc19sPwX3CppMH73Qg==/lib/arm64/libmannorarmor.so using ns clns-7 from class loader (caller=/data/app/~~na7dq0QJPM3TlOgWfFFaKg==/com.ss.android.ugc.aweme-sWxsoc19sPwX3CppMH73Qg==/base.apk!classes16.dex): ok
09-01 23:59:22.989 12641 12682 D nativeloader: Load /data/app/~~na7dq0QJPM3TlOgWfFFaKg==/com.ss.android.ugc.aweme-sWxsoc19sPwX3CppMH73Qg==/lib/arm64/libnpth_repair.so using ns clns-7 from class loader (caller=/data/app/~~na7dq0QJPM3TlOgWfFFaKg==/com.ss.android.ugc.aweme-sWxsoc19sPwX3CppMH73Qg==/base.apk!classes16.dex): ok
09-01 23:59:23.016 12641 12694 D nativeloader: Load /data/app/~~na7dq0QJPM3TlOgWfFFaKg==/com.ss.android.ugc.aweme-sWxsoc19sPwX3CppMH73Qg==/lib/arm64/liblynx_markdown.so using ns clns-7 from class loader (caller=/data/app/~~na7dq0QJPM3TlOgWfFFaKg==/com.ss.android.ugc.aweme-sWxsoc19sPwX3CppMH73Qg==/base.apk!classes16.dex): ok
09-01 23:59:23.016 12641 12887 D nativeloader: Load /data/app/~~na7dq0QJPM3TlOgWfFFaKg==/com.ss.android.ugc.aweme-sWxsoc19sPwX3CppMH73Qg==/lib/arm64/liblynxservice.so using ns clns-7 from class loader (caller=/data/app/~~na7dq0QJPM3TlOgWfFFaKg==/com.ss.android.ugc.aweme-sWxsoc19sPwX3CppMH73Qg==/base.apk!classes16.dex): ok
09-01 23:59:23.017 12641 12694 D nativeloader: Load /data/app/~~na7dq0QJPM3TlOgWfFFaKg==/com.ss.android.ugc.aweme-sWxsoc19sPwX3CppMH73Qg==/lib/arm64/libtttext_lite.so using ns clns-7 from class loader (caller=/data/app/~~na7dq0QJPM3TlOgWfFFaKg==/com.ss.android.ugc.aweme-sWxsoc19sPwX3CppMH73Qg==/base.apk!classes16.dex): ok
09-01 23:59:23.034 12641 12887 D nativeloader: Load /data/app/~~na7dq0QJPM3TlOgWfFFaKg==/com.ss.android.ugc.aweme-sWxsoc19sPwX3CppMH73Qg==/lib/arm64/liblynx.so using ns clns-7 from class loader (caller=/data/app/~~na7dq0QJPM3TlOgWfFFaKg==/com.ss.android.ugc.aweme-sWxsoc19sPwX3CppMH73Qg==/base.apk!classes16.dex): ok
09-01 23:59:23.037 12641 12692 D nativeloader: Load /data/app/~~na7dq0QJPM3TlOgWfFFaKg==/com.ss.android.ugc.aweme-sWxsoc19sPwX3CppMH73Qg==/lib/arm64/libquick.so using ns clns-7 from class loader (caller=/data/app/~~na7dq0QJPM3TlOgWfFFaKg==/com.ss.android.ugc.aweme-sWxsoc19sPwX3CppMH73Qg==/base.apk!classes16.dex): ok
09-01 23:59:23.038 12641 12692 D nativeloader: Load /data/app/~~na7dq0QJPM3TlOgWfFFaKg==/com.ss.android.ugc.aweme-sWxsoc19sPwX3CppMH73Qg==/lib/arm64/liblynxtrace.so using ns clns-7 from class loader (caller=/data/app/~~na7dq0QJPM3TlOgWfFFaKg==/com.ss.android.ugc.aweme-sWxsoc19sPwX3CppMH73Qg==/base.apk!classes16.dex): ok
09-01 23:59:23.041 12641 12692 D nativeloader: Load /data/app/~~na7dq0QJPM3TlOgWfFFaKg==/com.ss.android.ugc.aweme-sWxsoc19sPwX3CppMH73Qg==/lib/arm64/libwasm.so using ns clns-7 from class loader (caller=/data/app/~~na7dq0QJPM3TlOgWfFFaKg==/com.ss.android.ugc.aweme-sWxsoc19sPwX3CppMH73Qg==/base.apk!classes16.dex): ok
09-01 23:59:23.046 12641 12711 D nativeloader: Load /data/app/~~na7dq0QJPM3TlOgWfFFaKg==/com.ss.android.ugc.aweme-sWxsoc19sPwX3CppMH73Qg==/lib/arm64/libanimax.so using ns clns-7 from class loader (caller=/data/app/~~na7dq0QJPM3TlOgWfFFaKg==/com.ss.android.ugc.aweme-sWxsoc19sPwX3CppMH73Qg==/base.apk!classes16.dex): ok
09-01 23:59:23.054 12641 12902 D nativeloader: Configuring clns-15 for other apk . target_sdk_version=34, uses_libraries=ALL, library_path=/data/user/0/com.ss.android.ugc.aweme/files/plugins/com.ss.android.ugc.aweme.rewarded_ad_plugin/version-35109020/lib, permitted_path=/data:/mnt/expand
09-01 23:59:24.149 12641 12839 D nativeloader: Configuring clns-16 for other apk . target_sdk_version=34, uses_libraries=ALL, library_path=/data/user/0/com.ss.android.ugc.aweme/files/plugins/m.l.novel/version-35109020/lib, permitted_path=/data:/mnt/expand
09-01 23:59:24.160 12641 12839 D nativeloader: Configuring clns-17 for other apk . target_sdk_version=34, uses_libraries=ALL, library_path=/data/user/0/com.ss.android.ugc.aweme/files/plugins/com.ss.android.ugc.aweme.pcdn/version-35109020/lib, permitted_path=/data:/mnt/expand
09-01 23:59:25.136 12641 12696 D nativeloader: Configuring clns-18 for other apk . target_sdk_version=34, uses_libraries=ALL, library_path=/data/user/0/com.ss.android.ugc.aweme/files/plugins/com.ss.android.ugc.aweme.cjplugin/version-351099000/lib, permitted_path=/data:/mnt/expand
09-01 23:59:25.158 12641 12910 D nativeloader: Load /data/app/~~na7dq0QJPM3TlOgWfFFaKg==/com.ss.android.ugc.aweme-sWxsoc19sPwX3CppMH73Qg==/lib/arm64/libgecko_encrypt.so using ns clns-7 from class loader (caller=/data/app/~~na7dq0QJPM3TlOgWfFFaKg==/com.ss.android.ugc.aweme-sWxsoc19sPwX3CppMH73Qg==/base.apk!classes16.dex): ok
09-01 23:59:27.150 12641 13056 D nativeloader: Load /data/app/~~na7dq0QJPM3TlOgWfFFaKg==/com.ss.android.ugc.aweme-sWxsoc19sPwX3CppMH73Qg==/lib/arm64/libbytemonitor.so using ns clns-7 from class loader (caller=/data/app/~~na7dq0QJPM3TlOgWfFFaKg==/com.ss.android.ugc.aweme-sWxsoc19sPwX3CppMH73Qg==/base.apk!classes16.dex): ok
09-01 23:59:27.155 12641 13056 D nativeloader: Load /data/app/~~na7dq0QJPM3TlOgWfFFaKg==/com.ss.android.ugc.aweme-sWxsoc19sPwX3CppMH73Qg==/lib/arm64/libworker.so using ns clns-7 from class loader (caller=/data/app/~~na7dq0QJPM3TlOgWfFFaKg==/com.ss.android.ugc.aweme-sWxsoc19sPwX3CppMH73Qg==/base.apk!classes16.dex): ok
09-01 23:59:27.171 12641 13056 D nativeloader: Load /data/app/~~na7dq0QJPM3TlOgWfFFaKg==/com.ss.android.ugc.aweme-sWxsoc19sPwX3CppMH73Qg==/lib/arm64/libbytebench.so using ns clns-7 from class loader (caller=/data/app/~~na7dq0QJPM3TlOgWfFFaKg==/com.ss.android.ugc.aweme-sWxsoc19sPwX3CppMH73Qg==/base.apk!classes16.dex): ok
09-01 23:59:27.208 12641 13056 D nativeloader: Load /data/app/~~na7dq0QJPM3TlOgWfFFaKg==/com.ss.android.ugc.aweme-sWxsoc19sPwX3CppMH73Qg==/lib/arm64/libnapi.so using ns clns-7 from class loader (caller=/data/app/~~na7dq0QJPM3TlOgWfFFaKg==/com.ss.android.ugc.aweme-sWxsoc19sPwX3CppMH73Qg==/base.apk!classes16.dex): ok
09-01 23:59:27.210 12641 13056 E BX      : [void Java_com_benchmark_port_nativePort_BSModuleInvoker_nativeSetJsWorker(JNIEnv *, jclass, jlong):523] downloadJavaScript :/data/user/0/com.ss.android.ugc.aweme/files/bytebench
09-01 23:59:27.210 12641 13056 D BX      : [void bytebench::BSController::init(long, const std::string &):29] BSController::init called,workspace:/data/user/0/com.ss.android.ugc.aweme/files/bytebench
09-01 23:59:27.512 12641 12696 D nativeloader: Load /data/app/~~na7dq0QJPM3TlOgWfFFaKg==/com.ss.android.ugc.aweme-sWxsoc19sPwX3CppMH73Qg==/lib/arm64/libDavinciResourceJni.so using ns clns-7 from class loader (caller=/data/app/~~na7dq0QJPM3TlOgWfFFaKg==/com.ss.android.ugc.aweme-sWxsoc19sPwX3CppMH73Qg==/base.apk!classes16.dex): ok
09-01 23:59:27.516 12641 12696 D nativeloader: Load /data/app/~~na7dq0QJPM3TlOgWfFFaKg==/com.ss.android.ugc.aweme-sWxsoc19sPwX3CppMH73Qg==/lib/arm64/libCKResourceJni.so using ns clns-7 from class loader (caller=/data/app/~~na7dq0QJPM3TlOgWfFFaKg==/com.ss.android.ugc.aweme-sWxsoc19sPwX3CppMH73Qg==/base.apk!classes16.dex): ok
09-01 23:59:28.828 12641 12641 W droid.ugc.aweme: type=1400 audit(0.0:23301): avc:  denied  { ioctl } for  path="/proc/12641/maps" dev="proc" ino=1597672 ioctlcmd=0x6611 scontext=u:r:untrusted_app:s0:c25,c257,c512,c768 tcontext=u:r:untrusted_app:s0:c25,c257,c512,c768 tclass=file permissive=0 app=com.ss.android.ugc.aweme
09-01 23:59:32.308 12641 12722 D nativeloader: Load /data/app/~~na7dq0QJPM3TlOgWfFFaKg==/com.ss.android.ugc.aweme-sWxsoc19sPwX3CppMH73Qg==/lib/arm64/libjarvis-experience-metric.so using ns clns-7 from class loader (caller=/data/app/~~na7dq0QJPM3TlOgWfFFaKg==/com.ss.android.ugc.aweme-sWxsoc19sPwX3CppMH73Qg==/base.apk!classes16.dex): ok
09-01 23:59:34.938  1735  1803 I ActivityManager: Start proc 13095:com.ss.android.ugc.aweme:smp/u0a281 for service {com.ss.android.ugc.aweme/com.bytedance.sdk.account.sync.AuthenticatorService}
09-01 23:59:35.075 13095 13095 D nativeloader: Configuring clns-7 for other apk /data/app/~~na7dq0QJPM3TlOgWfFFaKg==/com.ss.android.ugc.aweme-sWxsoc19sPwX3CppMH73Qg==/base.apk. target_sdk_version=34, uses_libraries=libOpenCL.so:libOpenCL-pixel.so, library_path=/data/app/~~na7dq0QJPM3TlOgWfFFaKg==/com.ss.android.ugc.aweme-sWxsoc19sPwX3CppMH73Qg==/lib/arm64:/data/app/~~na7dq0QJPM3TlOgWfFFaKg==/com.ss.android.ugc.aweme-sWxsoc19sPwX3CppMH73Qg==/base.apk!/lib/arm64-v8a, permitted_path=/data:/mnt/expand:/data/user/0/com.ss.android.ugc.aweme
09-01 23:59:35.088 13095 13095 V GraphicsEnvironment: com.ss.android.ugc.aweme is not listed in per-application setting
09-01 23:59:35.098 13095 13095 D nativeloader: Load /data/app/~~na7dq0QJPM3TlOgWfFFaKg==/com.ss.android.ugc.aweme-sWxsoc19sPwX3CppMH73Qg==/lib/arm64/libjato.so using ns clns-7 from class loader (caller=/data/app/~~na7dq0QJPM3TlOgWfFFaKg==/com.ss.android.ugc.aweme-sWxsoc19sPwX3CppMH73Qg==/base.apk!classes4.dex): ok
09-01 23:59:35.120 13095 13095 D nativeloader: Load /data/app/~~na7dq0QJPM3TlOgWfFFaKg==/com.ss.android.ugc.aweme-sWxsoc19sPwX3CppMH73Qg==/lib/arm64/libc++_shared.so using ns clns-7 from class loader (caller=/data/app/~~na7dq0QJPM3TlOgWfFFaKg==/com.ss.android.ugc.aweme-sWxsoc19sPwX3CppMH73Qg==/base.apk!classes16.dex): ok
09-01 23:59:35.122 13095 13095 D nativeloader: Load /data/app/~~na7dq0QJPM3TlOgWfFFaKg==/com.ss.android.ugc.aweme-sWxsoc19sPwX3CppMH73Qg==/lib/arm64/libkeva.so using ns clns-7 from class loader (caller=/data/app/~~na7dq0QJPM3TlOgWfFFaKg==/com.ss.android.ugc.aweme-sWxsoc19sPwX3CppMH73Qg==/base.apk!classes16.dex): ok
09-01 23:59:35.144 13095 13095 D nativeloader: Load /data/app/~~na7dq0QJPM3TlOgWfFFaKg==/com.ss.android.ugc.aweme-sWxsoc19sPwX3CppMH73Qg==/lib/arm64/libflipped.so using ns clns-7 from class loader (caller=/data/app/~~na7dq0QJPM3TlOgWfFFaKg==/com.ss.android.ugc.aweme-sWxsoc19sPwX3CppMH73Qg==/base.apk!classes16.dex): ok
09-01 23:59:35.238 13095 13095 D nativeloader: Load /data/app/~~na7dq0QJPM3TlOgWfFFaKg==/com.ss.android.ugc.aweme-sWxsoc19sPwX3CppMH73Qg==/lib/arm64/libsoloader.so using ns clns-7 from class loader (caller=/data/app/~~na7dq0QJPM3TlOgWfFFaKg==/com.ss.android.ugc.aweme-sWxsoc19sPwX3CppMH73Qg==/base.apk!classes16.dex): ok
09-01 23:59:35.310 13095 13173 D nativeloader: Load /data/app/~~na7dq0QJPM3TlOgWfFFaKg==/com.ss.android.ugc.aweme-sWxsoc19sPwX3CppMH73Qg==/lib/arm64/libalog.so using ns clns-7 from class loader (caller=/data/app/~~na7dq0QJPM3TlOgWfFFaKg==/com.ss.android.ugc.aweme-sWxsoc19sPwX3CppMH73Qg==/base.apk!classes16.dex): ok
09-01 23:59:35.348  1735  1871 I AccountManagerService: the accountType= com.ss.android.ugc.aweme changed with useCase=removeAccount for userId=0, sending broadcast of android.accounts.LOGIN_ACCOUNTS_CHANGED
09-01 23:59:35.350  1735  1871 I AccountManagerService: the account with type=com.ss.android.ugc.aweme removed while useCase=removeAccount for userId=0, sending broadcast of android.accounts.action.ACCOUNT_REMOVED
09-01 23:59:35.358  1735  1871 I AccountManagerService: the account with type=com.ss.android.ugc.aweme removed while useCase=removeAccount for userId=0, sending broadcast of android.accounts.action.ACCOUNT_REMOVED
09-01 23:59:35.359  1735  1871 I AccountManagerService: the account with type=com.ss.android.ugc.aweme removed while useCase=removeAccount for userId=0, sending broadcast of android.accounts.action.ACCOUNT_REMOVED
09-01 23:59:35.359  1735  1871 I AccountManagerService: the account with type=com.ss.android.ugc.aweme removed while useCase=removeAccount for userId=0, sending broadcast of android.accounts.action.ACCOUNT_REMOVED
09-01 23:59:35.359  1735  1871 I AccountManagerService: the account with type=com.ss.android.ugc.aweme removed while useCase=removeAccount for userId=0, sending broadcast of android.accounts.action.ACCOUNT_REMOVED
09-01 23:59:39.520 12641 12641 W Thread-16: type=1400 audit(0.0:23303): avc:  denied  { read } for  name="u:object_r:userdebug_or_eng_prop:s0" dev="tmpfs" ino=396 scontext=u:r:untrusted_app:s0:c25,c257,c512,c768 tcontext=u:object_r:userdebug_or_eng_prop:s0 tclass=file permissive=0 bug=b/305600845 app=com.ss.android.ugc.aweme
09-01 23:59:39.580 12641 12641 W Thread-16: type=1400 audit(0.0:23304): avc:  denied  { read } for  name="version" dev="proc" ino=4026532005 scontext=u:r:untrusted_app:s0:c25,c257,c512,c768 tcontext=u:object_r:proc_version:s0 tclass=file permissive=0 app=com.ss.android.ugc.aweme
09-01 23:59:39.580 12641 12641 W Thread-16: type=1400 audit(0.0:23305): avc:  denied  { read } for  name="misc" dev="proc" ino=4026531980 scontext=u:r:untrusted_app:s0:c25,c257,c512,c768 tcontext=u:object_r:proc_misc:s0 tclass=file permissive=0 app=com.ss.android.ugc.aweme
09-01 23:59:39.580 12641 12641 W Thread-16: type=1400 audit(0.0:23306): avc:  denied  { read } for  name="arp" dev="proc" ino=4026532015 scontext=u:r:untrusted_app:s0:c25,c257,c512,c768 tcontext=u:object_r:proc_net:s0 tclass=file permissive=0 app=com.ss.android.ugc.aweme
09-01 23:59:39.588 12641 12641 W Thread-16: type=1400 audit(0.0:23307): avc:  denied  { read } for  name="u:object_r:build_bootimage_prop:s0" dev="tmpfs" ino=115 scontext=u:r:untrusted_app:s0:c25,c257,c512,c768 tcontext=u:object_r:build_bootimage_prop:s0 tclass=file permissive=0 app=com.ss.android.ugc.aweme
09-01 23:59:39.688 12641 12641 W Thread-16: type=1400 audit(0.0:23308): avc:  denied  { search } for  name="battery" dev="sysfs" ino=60832 scontext=u:r:untrusted_app:s0:c25,c257,c512,c768 tcontext=u:object_r:sysfs_batteryinfo:s0 tclass=dir permissive=0 app=com.ss.android.ugc.aweme
09-01 23:59:39.688 12641 12641 W Thread-16: type=1400 audit(0.0:23309): avc:  denied  { search } for  name="battery" dev="sysfs" ino=60832 scontext=u:r:untrusted_app:s0:c25,c257,c512,c768 tcontext=u:object_r:sysfs_batteryinfo:s0 tclass=dir permissive=0 app=com.ss.android.ugc.aweme
09-01 23:59:40.210   936   936 I WVCdm-DrmFactory: [app][com.ss.android.ugc.aweme] calling virtual ::ndk::ScopedAStatus wvdrm::hardware::drm::widevine::WVDrmFactory::createDrmPlugin(const Uuid &, const string &, std::shared_ptr< ::aidl::android::hardware::drm::IDrmPlugin> *)
09-01 23:59:40.680 12641 12641 W Thread-7: type=1400 audit(0.0:23323): avc:  denied  { read } for  name="arp" dev="proc" ino=4026532015 scontext=u:r:untrusted_app:s0:c25,c257,c512,c768 tcontext=u:object_r:proc_net:s0 tclass=file permissive=0 app=com.ss.android.ugc.aweme
09-01 23:59:40.680 12641 12641 W Thread-7: type=1400 audit(0.0:23324): avc:  denied  { read } for  name="arp" dev="proc" ino=4026532015 scontext=u:r:untrusted_app:s0:c25,c257,c512,c768 tcontext=u:object_r:proc_net:s0 tclass=file permissive=0 app=com.ss.android.ugc.aweme
09-01 23:59:40.724 12641 12641 W Thread-7: type=1400 audit(0.0:23325): avc:  denied  { read } for  name="u:object_r:vendor_persist_sys_default_prop:s0" dev="tmpfs" ino=437 scontext=u:r:untrusted_app:s0:c25,c257,c512,c768 tcontext=u:object_r:vendor_persist_sys_default_prop:s0 tclass=file permissive=0 app=com.ss.android.ugc.aweme
09-01 23:59:41.582 12641 12968 D nativeloader: Configuring clns-19 for other apk . target_sdk_version=34, uses_libraries=ALL, library_path=/data/user/0/com.ss.android.ugc.aweme/files/plugins/com.ss.android.live.pullstreamso/version-351090370/lib, permitted_path=/data:/mnt/expand
09-01 23:59:41.616 12641 12641 D nativeloader: Load /data/app/~~na7dq0QJPM3TlOgWfFFaKg==/com.ss.android.ugc.aweme-sWxsoc19sPwX3CppMH73Qg==/lib/arm64/libnslinker.so using ns clns-7 from class loader (caller=/data/app/~~na7dq0QJPM3TlOgWfFFaKg==/com.ss.android.ugc.aweme-sWxsoc19sPwX3CppMH73Qg==/base.apk!classes16.dex): ok
09-01 23:59:41.648 12641 12641 W #Reuse-P1-1: type=1400 audit(0.0:23326): avc:  granted  { execute } for  path="/data/data/com.ss.android.ugc.aweme/files/plugins/com.ss.android.live.pullstreamso/version-351090370/lib/libavio.so" dev="dm-56" ino=63561 scontext=u:r:untrusted_app:s0:c25,c257,c512,c768 tcontext=u:object_r:app_data_file:s0:c25,c257,c512,c768 tclass=file app=com.ss.android.ugc.aweme
09-01 23:59:41.652 12641 12968 D nativeloader: Load /data/user/0/com.ss.android.ugc.aweme/files/plugins/com.ss.android.live.pullstreamso/version-351090370/lib/libavio.so using ns clns-19 from class loader (caller=<unknown>): ok
09-01 23:59:41.660 12641 12641 W #Reuse-P1-1: type=1400 audit(0.0:23327): avc:  granted  { execute } for  path="/data/data/com.ss.android.ugc.aweme/files/plugins/com.ss.android.live.pullstreamso/version-351090370/lib/libttquic.so" dev="dm-56" ino=63615 scontext=u:r:untrusted_app:s0:c25,c257,c512,c768 tcontext=u:object_r:app_data_file:s0:c25,c257,c512,c768 tclass=file app=com.ss.android.ugc.aweme
09-01 23:59:41.665 12641 12968 D nativeloader: Load /data/user/0/com.ss.android.ugc.aweme/files/plugins/com.ss.android.live.pullstreamso/version-351090370/lib/libttquic.so using ns clns-19 from class loader (caller=<unknown>): ok
09-01 23:59:41.676 12641 12968 D nativeloader: Load /data/user/0/com.ss.android.ugc.aweme/files/plugins/com.ss.android.live.pullstreamso/version-351090370/lib/libliveio.so using ns clns-19 from class loader (caller=<unknown>): ok
09-01 23:59:41.687  1735  3909 D ConnectivityService: requestNetwork for uid/pid:10281/12641 activeRequest: null callbackRequest: 2494 [NetworkRequest [ REQUEST id=2494, [ Transports: CELLULAR Capabilities: INTERNET&NOT_RESTRICTED&TRUSTED&NOT_VPN&NOT_VCN_MANAGED&NOT_BANDWIDTH_CONSTRAINED Forbidden: LOCAL_NETWORK Uid: 10281 RequestorUid: 10281 RequestorPkg: com.ss.android.ugc.aweme UnderlyingNetworks: Null] ]] callback flags: 0 order: 2147483647 isUidTracked: false declaredMethods: AVAIL|LOST
09-01 23:59:41.688  1735  3909 D ConnectivityService: requestNetwork for uid/pid:10281/12641 activeRequest: null callbackRequest: 2495 [NetworkRequest [ REQUEST id=2495, [ Transports: WIFI Capabilities: INTERNET&NOT_RESTRICTED&TRUSTED&NOT_VPN&NOT_VCN_MANAGED&NOT_BANDWIDTH_CONSTRAINED Forbidden: LOCAL_NETWORK Uid: 10281 RequestorUid: 10281 RequestorPkg: com.ss.android.ugc.aweme UnderlyingNetworks: Null] ]] callback flags: 0 order: 2147483647 isUidTracked: false declaredMethods: AVAIL|LOST
09-01 23:59:41.691 12641 12968 D nativeloader: Load /data/app/~~na7dq0QJPM3TlOgWfFFaKg==/com.ss.android.ugc.aweme-sWxsoc19sPwX3CppMH73Qg==/lib/arm64/liblivestrategy.so using ns clns-7 from class loader (caller=/data/app/~~na7dq0QJPM3TlOgWfFFaKg==/com.ss.android.ugc.aweme-sWxsoc19sPwX3CppMH73Qg==/base.apk!classes16.dex): ok
09-01 23:59:41.692  1735  1952 D OemPaidWifiNetworkFactory: got request NetworkRequest [ REQUEST id=2495, [ Transports: WIFI Capabilities: INTERNET&NOT_RESTRICTED&TRUSTED&NOT_VPN&NOT_VCN_MANAGED&NOT_BANDWIDTH_CONSTRAINED Forbidden: LOCAL_NETWORK Uid: 10281 RequestorUid: 10281 RequestorPkg: com.ss.android.ugc.aweme UnderlyingNetworks: Null] ]
09-01 23:59:41.692  1735  1952 D MultiInternetWifiNetworkFactory: got request NetworkRequest [ REQUEST id=2495, [ Transports: WIFI Capabilities: INTERNET&NOT_RESTRICTED&TRUSTED&NOT_VPN&NOT_VCN_MANAGED&NOT_BANDWIDTH_CONSTRAINED Forbidden: LOCAL_NETWORK Uid: 10281 RequestorUid: 10281 RequestorPkg: com.ss.android.ugc.aweme UnderlyingNetworks: Null] ]
09-01 23:59:41.692  1735  1952 D WifiNetworkFactory: got request NetworkRequest [ REQUEST id=2495, [ Transports: WIFI Capabilities: INTERNET&NOT_RESTRICTED&TRUSTED&NOT_VPN&NOT_VCN_MANAGED&NOT_BANDWIDTH_CONSTRAINED Forbidden: LOCAL_NETWORK Uid: 10281 RequestorUid: 10281 RequestorPkg: com.ss.android.ugc.aweme UnderlyingNetworks: Null] ]
09-01 23:59:41.693  1735  1952 D UntrustedWifiNetworkFactory: got request NetworkRequest [ REQUEST id=2495, [ Transports: WIFI Capabilities: INTERNET&NOT_RESTRICTED&TRUSTED&NOT_VPN&NOT_VCN_MANAGED&NOT_BANDWIDTH_CONSTRAINED Forbidden: LOCAL_NETWORK Uid: 10281 RequestorUid: 10281 RequestorPkg: com.ss.android.ugc.aweme UnderlyingNetworks: Null] ]
09-01 23:59:42.290  2438 25522 E IPCThreadState: Binder transaction failure. id: 2983423, BR_*: 29189, error: -22 (Invalid argument)
09-01 23:59:42.892 13534 13534 W ip      : type=1400 audit(0.0:23330): avc:  denied  { bind } for  scontext=u:r:untrusted_app:s0:c25,c257,c512,c768 tcontext=u:r:untrusted_app:s0:c25,c257,c512,c768 tclass=netlink_route_socket permissive=0 bug=b/155595000 app=com.ss.android.ugc.aweme
09-01 23:59:42.906  1735  3909 V AccountManagerService: addAccountExplicitly: caller's uid=10281, pid=12641, packageName=com.ss.android.ugc.aweme, accountType=com.ss.android.ugc.aweme
09-01 23:59:42.928 12641 12641 W Thread-16: type=1400 audit(0.0:23331): avc:  denied  { read } for  name="cache" dev="dm-10" ino=18 scontext=u:r:untrusted_app:s0:c25,c257,c512,c768 tcontext=u:object_r:cache_file:s0 tclass=lnk_file permissive=0 app=com.ss.android.ugc.aweme
09-01 23:59:42.928 12641 12641 W Thread-16: type=1400 audit(0.0:23332): avc:  denied  { read } for  name="cache" dev="dm-10" ino=18 scontext=u:r:untrusted_app:s0:c25,c257,c512,c768 tcontext=u:object_r:cache_file:s0 tclass=lnk_file permissive=0 app=com.ss.android.ugc.aweme
09-01 23:59:42.928 12641 12641 W Thread-16: type=1400 audit(0.0:23333): avc:  denied  { read } for  name="cache" dev="dm-10" ino=18 scontext=u:r:untrusted_app:s0:c25,c257,c512,c768 tcontext=u:object_r:cache_file:s0 tclass=lnk_file permissive=0 app=com.ss.android.ugc.aweme
09-01 23:59:42.943  1735  3909 I AccountManagerService: the accountType= com.ss.android.ugc.aweme changed with useCase=addAccount for userId=0, sending broadcast of android.accounts.LOGIN_ACCOUNTS_CHANGED
09-01 23:59:43.209 12641 13050 D nativeloader: Configuring clns-20 for other apk . target_sdk_version=34, uses_libraries=ALL, library_path=/data/user/0/com.ss.android.ugc.aweme/files/plugins/com.ss.android.ugc.aweme.pgo/version-35109020/lib, permitted_path=/data:/mnt/expand
09-01 23:59:43.252 12641 13050 D nativeloader: Load /data/user/0/com.ss.android.ugc.aweme/files/plugins/com.ss.android.ugc.aweme.pgo/version-35109020/lib/libhmp.so using ns clns-20 from class loader (caller=<unknown>): ok
09-01 23:59:43.258 12641 13050 D nativeloader: Load /data/user/0/com.ss.android.ugc.aweme/files/plugins/com.ss.android.ugc.aweme.pgo/version-35109020/lib/libbmf_module_sdk.so using ns clns-20 from class loader (caller=<unknown>): ok
09-01 23:59:43.266 12641 13050 D nativeloader: Load /data/user/0/com.ss.android.ugc.aweme/files/plugins/com.ss.android.ugc.aweme.pgo/version-35109020/lib/libbmf_hydra.so using ns clns-20 from class loader (caller=<unknown>): ok
09-01 23:59:43.269 12641 13050 I BMF     : bmf SuperResolutionModuleNoexception input:  alg_type:4  backend:3 scale:32768 pool_size:6 max_width:1440 max_height:1440 libpath: license_module_name: program_cache_dir:/data/user/0/com.ss.android.ugc.aweme/cache/picturessr scene: 1
09-01 23:59:43.284 12641 13545 W bmf_hydra: [opengl_runtime.cpp, get_program_from_cache_dir, 506]load_program from: /data/user/0/com.ss.android.ugc.aweme/cache/picturessr/919a5d57c0601cffbc92657e2fc34e4e47d30fe97a04c12f9e80d51049055ad7 fail
09-01 23:59:43.289 12641 13545 W bmf_hydra: [opengl_runtime.cpp, get_program_from_cache_dir, 506]load_program from: /data/user/0/com.ss.android.ugc.aweme/cache/picturessr/413cb34602973cc17038bb55b0ac990249026538d846b1716e3a818853282f02 fail
09-01 23:59:43.290 12641 13545 W bmf_hydra: [opengl_runtime.cpp, get_vertex_fragment_program_from_cache_dir, 554]load_program from: /data/user/0/com.ss.android.ugc.aweme/cache/picturessr/f6bf32957bdfb44426c6b90d6a6a2c180d170c3277af22f5ebd932201a45beb5 fail
