
 [1m[36m╔══════════════════════════════════════╗[0m
 [1m[36m║[0m  [1m      rustFrida v0.1.0             [0m[1m[36m║[0m
 [1m[36m║[0m  [2m  ARM64 Dynamic Instrumentation    [0m[1m[36m║[0m
 [1m[36m╚══════════════════════════════════════╝[0m

[1m[34m [*][0m Spawn 模式: 准备注入 com.ss.android.ugc.aweme
[1m[34m [*][0m 找到 1 个新 zygote 进程
[1m[36m [→][0m 正在注入 zymbiote 到 zygote64 (pid=887)...
[1m[32m [✓][0m Zymbiote 注入成功: zygote64 (pid=887)
[1m[34m [*][0m 正在启动应用 com.ss.android.ugc.aweme...
[1m[34m [*][0m 等待进程 com.ss.android.ugc.aweme 启动... (最长 20s)
[1m[32m [✓][0m 收到 spawn hello: pid=23987, ppid=887, package=com.ss.android.ugc.aweme
[1m[34m [*][0m 正在向子进程 23987 注入 agent...
[1m[34m [*][0m 正在附加到进程 PID: 23987 (Frida-style bootstrapper)
[1m[32m [✓][0m 成功附加到进程 23994，等待 SIGSTOP...
[1m[32m [✓][0m 进程已停止，可以操作寄存器
[1m[32m [✓][0m bootstrapper 完成: libc API 已解析
[1m[32m [✓][0m 已分离目标进程
[1m[32m [✓][0m Loader: agent 加载成功
[1m[34m [*][0m 等待 agent 连接... (最长 10s)
[1m[32m [✓][0m Agent 已连接
[1m[34m [*][0m 子进程暂停中，准备加载脚本
[1m[34m [*][0m 加载脚本: /data/local/tmp/metasec_probe_350101_packet-capture_shadow_fix_capture_smoke_bootstrap.js
[1m[34m [*][0m 脚本声明 Java.setStealth(1)，预配置到 artinit/jsinit 之前
[1m[34m [*][0m 检测到 pre-resume Java 脚本，先发送到 raw clone TLS JS worker 执行
[1m[35m [agent][0m [JS] [packet350-bootstrap] declared java stealth=wxshadow; capture runtime waits for host loadjs after resume
[32m=> undefined[0m
[1m[36m [→][0m 正在恢复子进程 23987...
[1m[32m [✓][0m 子进程 23987 已恢复运行
[1m[33m [!][0m RF_POST_RESUME_JAVA_WORKER_MODE=skip，跳过 spawn 恢复后的 Java worker 启动
  [2m输入 help 查看命令，exit 退出[0m
rustfrida> [1m[34m [*][0m 重载脚本: /data/local/tmp/metasec_probe_350101_packet-capture_shadow_fix_capture_smoke.js
[1m[35m [agent][0m [agent] [quickjs-soft] soft cleanup start (+0ms, total 0ms)
[1m[35m [agent][0m [agent] [quickjs-soft] phase0 pause_art_controller_reload (+0ms, total 0ms)
[1m[35m [agent][0m [agent] [quickjs-soft] phase1 cut_java_hooks (+0ms, total 0ms)
[1m[35m [agent][0m [agent] [quickjs-soft] phase1 cut_native_hooks (+0ms, total 1ms)
[1m[35m [agent][0m [JS] [drain] start, callback_in_flight=0, exec_in_flight=0
[1m[35m [agent][0m [JS] [drain] done, callback_in_flight=0, exec_in_flight=0 after 0ms (1 rounds)
[1m[35m [agent][0m [agent] [quickjs-soft] phase2 drain_thunk_in_flight (+0ms, total 1ms)
[1m[35m [agent][0m [agent] [quickjs-soft] phase3 free_java_hooks (+0ms, total 1ms)
[1m[35m [agent][0m [agent] [quickjs-soft] phase3 free_native_hooks (+0ms, total 2ms)
[1m[35m [agent][0m [agent] [quickjs-soft] phase3 resume_art_controller_reload (+0ms, total 2ms)
[1m[35m [agent][0m [agent] [quickjs-soft] phase3 detach_jni_thread (+0ms, total 2ms)
[1m[35m [agent][0m [agent] [quickjs-soft] phase3 cleanup_engine (+1ms, total 3ms)
[1m[35m [agent][0m [agent] [quickjs-soft] soft cleanup done (total 4ms) — art_controller + pool + recomp 保留
[1m[34m [*][0m 脚本声明 Java.setStealth(1)，预配置到 artinit/jsinit 之前
[1m[34m [*][0m 检测到 Java 脚本，发送到 Java worker 执行
[1m[35m [agent][0m [java worker] starting
[1m[35m [agent][0m [JS] [module] libart.so range: 0x7197fa5000-0x7198ba8000, path: Some("/apex/com.android.art/lib64/libart.so")
[1m[35m [agent][0m [JS] [java worker] generated dex class=rustfrida.JavaWorker1 size=616
[1m[35m [agent][0m [JS] [java worker] helper class loaded
[1m[35m [agent][0m [JS] [java worker] nativeLoop registered
[1m[35m [agent][0m [JS] [java worker] thread object created
[1m[35m [agent][0m [JS] [java worker] calling Thread.start
[1m[35m [agent][0m [JS] [java worker] started ART-managed worker class=rustfrida.JavaWorker1
[1m[35m [agent][0m [java worker] ready
[1m[35m [agent][0m [JS] [packet350] java stealth=wxshadow before=1 after=1
[1m[35m [agent][0m [JS] [packet350] hooked libmetasec_ml.so+0x14dbf4 @0x6ff2e04bf4
[1m[35m [agent][0m [JS] [packet350] java ready uploadUrl=http://127.0.0.1:8891/up/dy/packets device_id=ad75af8e4e9fbe0b process=com.ss.android.ugc.aweme
[1m[35m [agent][0m [JS] [packet350] hooked J.N request adapter/method/header
[1m[35m [agent][0m [JS] [fast] ART callee-save suspend method via setCalleeSaveMethod+runtimeInitSequence: method=0x712574e0, runtime_off=0x28, set_base=0x0, init_seq=0x28
[1m[35m [agent][0m [JS] [packet350] hooked CronetFixedModeOutputStream.write
[1m[35m [agent][0m [JS] [packet350] hooked CronetInputStream.read
[1m[35m [agent][0m [JS] [packet350] hooked CronetHttpURLConnection.setRequestMethod
[1m[35m [agent][0m [JS] [packet350] hooked CronetHttpURLConnection.addRequestProperty
[1m[35m [agent][0m [JS] [packet350] hooked CronetHttpURLConnection.setRequestProperty
[1m[35m [agent][0m [JS] [packet350] hooked CronetHttpURLConnection.getOutputStream
[1m[35m [agent][0m [JS] [packet350] hooked CronetHttpURLConnection.getInputStream
[1m[35m [agent][0m [JS] [packet350] hooked CronetHttpURLConnection.disconnect
[32m=> undefined[0m
rustfrida> [1m[35m [agent][0m [JS] [packet350] track ptr=492499255040 url=https://aweme.snssdk.com/service/2/app_log/?version_code=350100&device_platform=android&device_id=4087336283154583&aid=1128&iid=3313280560987770&tt_data=a
[1m[35m [agent][0m [JS] [packet350] track ptr=492499187216 url=https://aweme.snssdk.com/service/settings/v3/?caller_name=kite_device_android&device_id=4087336283154583&iid=3313280560987770&channel=vivo_1128_64&version_code=350100&device_platform=android&device_type=Pixel+6&aid=1128&klink_egdi=AAI9kg947iGp_vQNVUl8tzxSidnBpkiAAtE-xSjPRvT7Fcgo9CC7Ggge&ac=wifi&app_name=aweme&version_name=35.1.0&os=android&ssmix=a&device_brand=google&language=zh&os_api=35&os_version=15&manifest_version_code=350101&resolution=1080*2209&dpi=420&update_version_code=35109900&_rticket=1788243609035&package=com.ss.android.ugc.aweme&mcc_mnc=46000&first_launch_timestamp=1788216241&last_deeplink_update_version_code=0&cpu_support64=true&host_abi=arm64-v8a&is_guest_mode=0&app_type=normal&minor_status=0&appTheme=light&is_preinstall=0&need_personal_recommend=1&is_android_pad=0&is_android_fold=0&ts=1788243609&cdid=529081aa-54ad-4c5e-9acb-fd39a1666e18
[1m[35m [agent][0m [JS] [packet350] track ptr=492499198112 url=https://aweme.snssdk.com/service/settings/v3/?cpu_model=oriole&oid=3&last_settings_version=%7B%22version_code%22%3A%22350100%22%7D&settings_time=1788243571&elder_mode=0&settings_fp=eyJrIjoiajM2bEpTbGdiaU4rMUl2R2FISjJiQT09IiwidiI6Ik5EYU5kM3JIc0pGS2dVcjlEaXNKNnc9PSJ9&klink_egdi=AAI9kg947iGp_vQNVUl8tzxSidnBpkiAAtE-xSjPRvT7Fcgo9CC7Ggge&iid=3313280560987770&device_id=4087336283154583&ac=wifi&channel=vivo_1128_64&aid=1128&app_name=aweme&version_code=350100&version_name=35.1.0&device_platform=android&os=android&ssmix=a&device_type=Pixel+6&device_brand=google&language=zh&os_api=35&os_version=15&manifest_version_code=350101&resolution=1080*2209&dpi=420&update_version_code=35109900&_rticket=1788243611024&package=com.ss.android.ugc.aweme&mcc_mnc=46000&first_launch_timestamp=1788216241&last_deeplink_update_version_code=0&cpu_support64=true&host_abi=arm64-v8a&is_guest_mode=0&app_type=normal&minor_status=0&appTheme=light&is_preinstall=0&need_personal_recommend=1&is_android_pad=0&is_android_fold=0&ts=1788243611&cdid=529081aa-54ad-4c5e-9acb-fd39a1666e18
[1m[35m [agent][0m [JS] [packet350] track ptr=492499003088 url=https://aweme.snssdk.com/service/2/app_log/?version_code=350100&device_platform=android&device_id=4087336283154583&aid=1128&iid=3313280560987770&tt_data=a
[1m[35m [agent][0m [JS] [packet350] track ptr=492499044128 url=https://polaris.zijieapi.com/luckycat/activity/refresh_act_id/?need_token_params=1&klink_egdi=AAI9kg947iGp_vQNVUl8tzxSidnBpkiAAtE-xSjPRvT7Fcgo9CC7Ggge&iid=3313280560987770&device_id=4087336283154583&ac=wifi&channel=vivo_1128_64&aid=1128&app_name=aweme&version_code=350100&version_name=35.1.0&device_platform=android&os=android&ssmix=a&device_type=Pixel+6&device_brand=google&language=zh&os_api=35&os_version=15&manifest_version_code=350101&resolution=1080*2209&dpi=420&update_version_code=35109900&_rticket=1788243615777&package=com.ss.android.ugc.aweme&mcc_mnc=46000&first_launch_timestamp=1788216241&last_deeplink_update_version_code=0&cpu_support64=true&host_abi=arm64-v8a&is_guest_mode=0&app_type=normal&minor_status=0&appTheme=light&is_preinstall=0&need_personal_recommend=1&is_android_pad=0&is_android_fold=0&ts=1788243615&cdid=529081aa-54ad-4c5e-9acb-fd39a1666e18&rom=GOOGLE&has_alipay=0&p_switch=1&rom_version=unknown&luckydog_api_verison=8.87.0-rc.1&luckydog_sdk_verison&luckydog_sdk_verison&is_teen_mode=0&status_bar_height=48&lucky_is_32=0&lucky_device_score=8.4364&lucky_device_type=Pixel+6&luckydog_base=oTo1XCPGjp-S5mgXEccBbdvq8Q1c-lBy2I6q5X64DqJ7V9np5jnWDTsNGH6lOC90wqVE8_c7Ez4FnUI_3eQZ1arTLVvWcKIhoJO1q5GNXe2XgvueUl2i9yuuCs4-MC3sF-XN7ymfsC_z6zUXjiZidojuffpNLiSuI_BNZwzTfPY&luckydog_token=wXnov5t9s9cQ0rPwC9vlX1fC8noemPhjug21LcHCB9_Rp1n5ZVN1FhQwoc1xkfRx&luckydog_data=U_kVcPsvbNEaazkjv5wzqA
[1m[35m [agent][0m [JS] [packet350] track ptr=492498463376 url=https://polaris.zijieapi.com/luckycat/activity/settings/get_dynamic_settings/?luckydog_base=oTo1XCPGjp-S5mgXEccBbdvq8Q1c-lBy2I6q5X64DqJ7V9np5jnWDTsNGH6lOC90wqVE8_c7Ez4FnUI_3eQZ1arTLVvWcKIhoJO1q5GNXe2XgvueUl2i9yuuCs4-MC3sF-XN7ymfsC_z6zUXjiZidojuffpNLiSuI_BNZwzTfPY&luckydog_token=wXnov5t9s9cQ0rPwC9vlX1fC8noemPhjug21LcHCB9_Rp1n5ZVN1FhQwoc1xkfRx&luckydog_data=U_kVcPsvbNEaazkjv5wzqA&device_platform=android&klink_egdi=AAI9kg947iGp_vQNVUl8tzxSidnBpkiAAtE-xSjPRvT7Fcgo9CC7Ggge&iid=3313280560987770&device_id=4087336283154583&ac=wifi&channel=vivo_1128_64&aid=1128&app_name=aweme&version_code=350100&version_name=35.1.0&os=android&ssmix=a&device_type=Pixel+6&device_brand=google&language=zh&os_api=35&os_version=15&manifest_version_code=350101&resolution=1080*2209&dpi=420&update_version_code=35109900&_rticket=1788243615954&package=com.ss.android.ugc.aweme&mcc_mnc=46000&first_launch_timestamp=1788216241&last_deeplink_update_version_code=0&cpu_support64=true&host_abi=arm64-v8a&is_guest_mode=0&app_type=normal&minor_status=0&appTheme=light&is_preinstall=0&need_personal_recommend=1&is_android_pad=0&is_android_fold=0&ts=1788243615&cdid=529081aa-54ad-4c5e-9acb-fd39a1666e18&rom=GOOGLE&has_alipay=0&p_switch=1&rom_version=unknown&luckydog_api_verison=8.87.0-rc.1&luckydog_sdk_verison=8.87.0-rc.1&is_teen_mode=0&status_bar_height=48&lucky_is_32=0&lucky_device_score=8.4364&lucky_device_type=Pixel+6
[1m[35m [agent][0m [JS] [packet350] track ptr=492499015328 url=https://aweme.snssdk.com/service/settings/v3/?aid=1128&app_version=35.1.0&iid=3313280560987770&device_id=4087336283154583&channel=vivo_1128_64&device_platform=android&version_code=350100&caller_name=Bullet&ctx_infos&resolution=1080*2209&os_version=15&device_type=Pixel+6&settings_time=1788243577&klink_egdi=AAI9kg947iGp_vQNVUl8tzxSidnBpkiAAtE-xSjPRvT7Fcgo9CC7Ggge&ac=wifi&app_name=aweme&version_name=35.1.0&os=android&ssmix=a&device_brand=google&language=zh&os_api=35&manifest_version_code=350101&dpi=420&update_version_code=35109900&_rticket=1788243616762&package=com.ss.android.ugc.aweme&mcc_mnc=46000&first_launch_timestamp=1788216241&last_deeplink_update_version_code=0&cpu_support64=true&host_abi=arm64-v8a&is_guest_mode=0&app_type=normal&minor_status=0&appTheme=light&is_preinstall=0&need_personal_recommend=1&is_android_pad=0&is_android_fold=0&ts=1788243616&cdid=529081aa-54ad-4c5e-9acb-fd39a1666e18&luckydog_base=oTo1XCPGjp-S5mgXEccBbdvq8Q1c-lBy2I6q5X64DqJ7V9np5jnWDTsNGH6lOC90wqVE8_c7Ez4FnUI_3eQZ1arTLVvWcKIhoJO1q5GNXe2XgvueUl2i9yuuCs4-MC3sF-XN7ymfsC_z6zUXjiZidojuffpNLiSuI_BNZwzTfPY&luckydog_token=wXnov5t9s9cQ0rPwC9vlX1fC8noemPhjug21LcHCB9_Rp1n5ZVN1FhQwoc1xkfRx&luckydog_data=U_kVcPsvbNEaazkjv5wzqA
[1m[35m [agent][0m [JS] [packet350] track ptr=492498899504 url=https://polaris.zijieapi.com/luckycat/activity/settings/get_static_settings/?luckydog_base=oTo1XCPGjp-S5mgXEccBbdvq8Q1c-lBy2I6q5X64DqJ7V9np5jnWDTsNGH6lOC90wqVE8_c7Ez4FnUI_3eQZ1arTLVvWcKIhoJO1q5GNXe2XgvueUl2i9yuuCs4-MC3sF-XN7ymfsC_z6zUXjiZidojuffpNLiSuI_BNZwzTfPY&luckydog_token=wXnov5t9s9cQ0rPwC9vlX1fC8noemPhjug21LcHCB9_Rp1n5ZVN1FhQwoc1xkfRx&luckydog_data=U_kVcPsvbNEaazkjv5wzqA&device_platform=android&klink_egdi=AAI9kg947iGp_vQNVUl8tzxSidnBpkiAAtE-xSjPRvT7Fcgo9CC7Ggge&iid=3313280560987770&device_id=4087336283154583&ac=wifi&channel=vivo_1128_64&aid=1128&app_name=aweme&version_code=350100&version_name=35.1.0&os=android&ssmix=a&device_type=Pixel+6&device_brand=google&language=zh&os_api=35&os_version=15&manifest_version_code=350101&resolution=1080*2209&dpi=420&update_version_code=35109900&_rticket=1788243617172&package=com.ss.android.ugc.aweme&mcc_mnc=46000&first_launch_timestamp=1788216241&last_deeplink_update_version_code=0&cpu_support64=true&host_abi=arm64-v8a&is_guest_mode=0&app_type=normal&minor_status=0&appTheme=light&is_preinstall=0&need_personal_recommend=1&is_android_pad=0&is_android_fold=0&ts=1788243617&cdid=529081aa-54ad-4c5e-9acb-fd39a1666e18&rom=GOOGLE&has_alipay=0&p_switch=1&rom_version=unknown&luckydog_api_verison=8.87.0-rc.1&luckydog_sdk_verison=8.87.0-rc.1&is_teen_mode=0&status_bar_height=48&lucky_is_32=0&lucky_device_score=8.4364&lucky_device_type=Pixel+6
[1m[34m [*][0m 退出交互模式
[1m[34m [*][0m 已发送 shutdown，等待 agent 主动断开连接...
[1m[34m [*][0m 正在还原 zygote 887 的 patch...
[1m[31m [✗][0m [#0] stream 写入失败: Broken pipe (os error 32)
[1m[32m [✓][0m Zygote 887 patch 已还原
