09-01 23:48:54.451  1735  3908 I ActivityManager: Force stopping com.ss.android.ugc.aweme appid=10281 user=0: from pid 6905
09-01 23:48:54.454  1735  3908 I AppsFilter: interaction: PackageSetting{63c5ba2 com.google.android.microdroid.empty_payload/10259} -> PackageSetting{68bb4c1 com.ss.android.ugc.aweme/10281} BLOCKED
09-01 23:48:54.463  2370  2370 D CarrierSvcBindHelper: onHandleForceStop: [com.ss.android.ugc.aweme]
09-01 23:48:54.513  1735  3013 I ActivityTaskManager: START u0 {flg=0x10000000 cmp=com.ss.android.ugc.aweme/.splash.SplashActivity} with LAUNCH_SINGLE_TOP from uid 0 (BAL_ALLOW_ALLOWLISTED_UID) result code=0
09-01 23:48:54.513  2069  2093 V WindowManagerShell: Transition requested (#248): android.os.BinderProxy@83d9cb TransitionRequestInfo { type = OPEN, triggerTask = TaskInfo{userId=0 taskId=385 effectiveUid=10281 displayId=0 isRunning=true baseIntent=Intent { flg=0x10000000 cmp=com.ss.android.ugc.aweme/.splash.SplashActivity } baseActivity=ComponentInfo{com.ss.android.ugc.aweme/com.ss.android.ugc.aweme.main.MainActivity} topActivity=ComponentInfo{com.ss.android.ugc.aweme/com.ss.android.ugc.aweme.main.MainActivity} origActivity=ComponentInfo{com.ss.android.ugc.aweme/com.ss.android.ugc.aweme.splash.SplashActivity} realActivity=ComponentInfo{com.ss.android.ugc.aweme/com.ss.android.ugc.aweme.main.MainActivity} numActivities=1 lastActiveTime=12272410 supportsMultiWindow=true resizeMode=2 isResizeable=true minWidth=-1 minHeight=-1 defaultMinSize=220 token=WCT{android.window.IWindowContainerToken$Stub$Proxy@281c5a8} topActivityType=1 pictureInPictureParams=null shouldDockBigOverlays=false launchIntoPipHostTaskId=-1 lastParentTaskIdBeforePip=-1 displayCutoutSafeInsets=Rect(0, 128 - 0, 0) topActivityInfo=ActivityInfo{36a88c1 com.ss.android.ugc.aweme.splash.SplashActivity} launchCookies=[] positionInParent=Point(0, 0) parentTaskId=-1 isFocused=false isVisible=false isVisibleRequested=false isTopActivityNoDisplay=false isSleeping=false locusId=null displayAreaFeatureId=1 isTopActivityTransparent=false isActivityStackTransparent=false lastNonFullscreenBounds=Rect(276, 692 - 804, 1772) capturedLink=null capturedLinkTimestamp=0 requestedVisibleTypes=-9 topActivityRequestOpenInBrowserEducationTimestamp=0 appCompatTaskInfo=AppCompatTaskInfo { topActivityInSizeCompat=false eligibleForLetterboxEducation= false isLetterboxEducationEnabled= false isLetterboxDoubleTapEnabled= false eligibleForUserAspectRatioButton= false topActivityBoundsLetterboxed= false isFromLetterboxDoubleTap= false topActivityLetterboxVerticalPosition= -1 topActivityLetterboxHorizontalPosition= -1 topActivityLetterboxWidth=-1 topActivityLetterboxHeight=-1 topActivityLetterboxAppWidth=-1 topActivityLetterboxAppHeight=-1 isUserFullscreenOverrideEnabled=false isSystemFullscreenOverrideEnabled=false hasMinAspectRatioOverride=false topActivityLetterboxBounds=null cameraCompatTaskInfo=CameraCompatTaskInfo { freeformCameraCompatMode=inactive}} topActivityMainWindowFrame=null}, pipChange = null, remoteTransition = null, displayChange = null, flags = 0, debugId = 248 }
09-01 23:48:54.515  1735  4381 I AppsFilter: interaction: PackageSetting{63c5ba2 com.google.android.microdroid.empty_payload/10259} -> PackageSetting{40fb4f6 com.ss.android.ugc.aweme/10281} BLOCKED
09-01 23:48:54.525  1735  3908 D CoreBackPreview: Window{b21c1cd u0 Splash Screen com.ss.android.ugc.aweme}: Setting back callback OnBackInvokedCallbackInfo{mCallback=android.window.IOnBackInvokedCallback$Stub$Proxy@69ca2fc, mPriority=0, mIsAnimationCallback=false, mOverrideBehavior=0}
09-01 23:48:54.533  1735  1803 I ActivityManager: Start proc 6927:com.ss.android.ugc.aweme/u0a281 for next-top-activity {com.ss.android.ugc.aweme/com.ss.android.ugc.aweme.splash.SplashActivity}
09-01 23:48:54.536  1735  1791 V WindowManager: Sent Transition (#248) createdAt=09-01 23:48:54.507 via request=TransitionRequestInfo { type = OPEN, triggerTask = TaskInfo{userId=0 taskId=385 effectiveUid=10281 displayId=0 isRunning=true baseIntent=Intent { flg=0x10000000 cmp=com.ss.android.ugc.aweme/.splash.SplashActivity } baseActivity=ComponentInfo{com.ss.android.ugc.aweme/com.ss.android.ugc.aweme.main.MainActivity} topActivity=ComponentInfo{com.ss.android.ugc.aweme/com.ss.android.ugc.aweme.main.MainActivity} origActivity=ComponentInfo{com.ss.android.ugc.aweme/com.ss.android.ugc.aweme.splash.SplashActivity} realActivity=ComponentInfo{com.ss.android.ugc.aweme/com.ss.android.ugc.aweme.main.MainActivity} numActivities=1 lastActiveTime=12272410 supportsMultiWindow=true resizeMode=2 isResizeable=true minWidth=-1 minHeight=-1 defaultMinSize=220 token=WCT{RemoteToken{5415983 Task{67dc02a #385 type=standard A=10281:com.ss.android.ugc.aweme}}} topActivityType=1 pictureInPictureParams=null shouldDockBigOverlays=false launchIntoPipHostTaskId=-1 lastParentTaskIdBeforePip=-1 displayCutoutSafeInsets=Rect(0, 128 - 0, 0) topActivityInfo=ActivityInfo{46b3700 com.ss.android.ugc.aweme.splash.SplashActivity} launchCookies=[] positionInParent=Point(0, 0) parentTaskId=-1 isFocused=false isVisible=false isVisibleRequested=false isTopActivityNoDisplay=false isSleeping=false locusId=null displayAreaFeatureId=1 isTopActivityTransparent=false isActivityStackTransparent=false lastNonFullscreenBounds=Rect(276, 692 - 804, 1772) capturedLink=null capturedLinkTimestamp=0 requestedVisibleTypes=-9 topActivityRequestOpenInBrowserEducationTimestamp=0 appCompatTaskInfo=AppCompatTaskInfo { topActivityInSizeCompat=false eligibleForLetterboxEducation= false isLetterboxEducationEnabled= false isLetterboxDoubleTapEnabled= false eligibleForUserAspectRatioButton= false topActivityBoundsLetterboxed= false isFromLetterboxDoubleTap= false topActivityLetterboxVerticalPosition= -1 topActivityLetterboxHorizontalPosition= -1 topActivityLetterboxWidth=-1 topActivityLetterboxHeight=-1 topActivityLetterboxAppWidth=-1 topActivityLetterboxAppHeight=-1 isUserFullscreenOverrideEnabled=false isSystemFullscreenOverrideEnabled=false hasMinAspectRatioOverride=false topActivityLetterboxBounds=null cameraCompatTaskInfo=CameraCompatTaskInfo { freeformCameraCompatMode=inactive}} topActivityMainWindowFrame=null}, pipChange = null, remoteTransition = null, displayChange = null, flags = 0, debugId = 248 }
09-01 23:48:54.537  1735  1791 V WindowManager:         {WCT{RemoteToken{5415983 Task{67dc02a #385 type=standard A=10281:com.ss.android.ugc.aweme}}} m=OPEN f=NONE leash=Surface(name=Task=385)/@0xac045e7 sb=Rect(0, 0 - 1080, 2400) eb=Rect(0, 0 - 1080, 2400) epz=Point(1080, 2400) d=0 taskParent=-1},
09-01 23:48:55.888  6927  6927 W wwb-js  : type=1400 audit(0.0:21582): avc:  denied  { write } for  dev="tmpfs" ino=1032 scontext=u:r:untrusted_app:s0:c25,c257,c512,c768 tcontext=u:object_r:zygote_tmpfs:s0 tclass=file permissive=0 app=com.ss.android.ugc.aweme
09-01 23:48:55.892  6927  6927 W wwb-js  : type=1400 audit(0.0:21583): avc:  denied  { write } for  dev="tmpfs" ino=1032 scontext=u:r:untrusted_app:s0:c25,c257,c512,c768 tcontext=u:object_r:zygote_tmpfs:s0 tclass=file permissive=0 app=com.ss.android.ugc.aweme
09-01 23:48:57.608  6927  6927 W wwb-js  : type=1400 audit(0.0:21584): avc:  denied  { write } for  dev="tmpfs" ino=1032 scontext=u:r:untrusted_app:s0:c25,c257,c512,c768 tcontext=u:object_r:zygote_tmpfs:s0 tclass=file permissive=0 app=com.ss.android.ugc.aweme
09-01 23:48:58.034  6927  6927 D nativeloader: Configuring clns-7 for other apk /data/app/~~na7dq0QJPM3TlOgWfFFaKg==/com.ss.android.ugc.aweme-sWxsoc19sPwX3CppMH73Qg==/base.apk. target_sdk_version=34, uses_libraries=libOpenCL.so:libOpenCL-pixel.so, library_path=/data/app/~~na7dq0QJPM3TlOgWfFFaKg==/com.ss.android.ugc.aweme-sWxsoc19sPwX3CppMH73Qg==/lib/arm64:/data/app/~~na7dq0QJPM3TlOgWfFFaKg==/com.ss.android.ugc.aweme-sWxsoc19sPwX3CppMH73Qg==/base.apk!/lib/arm64-v8a, permitted_path=/data:/mnt/expand:/data/user/0/com.ss.android.ugc.aweme
09-01 23:48:58.043  6927  6927 V GraphicsEnvironment: com.ss.android.ugc.aweme is not listed in per-application setting
09-01 23:48:58.058  6927  6927 D nativeloader: Load /data/app/~~na7dq0QJPM3TlOgWfFFaKg==/com.ss.android.ugc.aweme-sWxsoc19sPwX3CppMH73Qg==/lib/arm64/libjato.so using ns clns-7 from class loader (caller=/data/app/~~na7dq0QJPM3TlOgWfFFaKg==/com.ss.android.ugc.aweme-sWxsoc19sPwX3CppMH73Qg==/base.apk!classes4.dex): ok
09-01 23:48:58.069  6927  6927 D nativeloader: Load /data/app/~~na7dq0QJPM3TlOgWfFFaKg==/com.ss.android.ugc.aweme-sWxsoc19sPwX3CppMH73Qg==/lib/arm64/libc++_shared.so using ns clns-7 from class loader (caller=/data/app/~~na7dq0QJPM3TlOgWfFFaKg==/com.ss.android.ugc.aweme-sWxsoc19sPwX3CppMH73Qg==/base.apk!classes16.dex): ok
09-01 23:48:58.069  6927  6927 D nativeloader: Load /data/app/~~na7dq0QJPM3TlOgWfFFaKg==/com.ss.android.ugc.aweme-sWxsoc19sPwX3CppMH73Qg==/lib/arm64/libkeva.so using ns clns-7 from class loader (caller=/data/app/~~na7dq0QJPM3TlOgWfFFaKg==/com.ss.android.ugc.aweme-sWxsoc19sPwX3CppMH73Qg==/base.apk!classes16.dex): ok
09-01 23:48:58.086  6927  6927 D nativeloader: Load /data/app/~~na7dq0QJPM3TlOgWfFFaKg==/com.ss.android.ugc.aweme-sWxsoc19sPwX3CppMH73Qg==/lib/arm64/libflipped.so using ns clns-7 from class loader (caller=/data/app/~~na7dq0QJPM3TlOgWfFFaKg==/com.ss.android.ugc.aweme-sWxsoc19sPwX3CppMH73Qg==/base.apk!classes16.dex): ok
09-01 23:48:58.092  6927  6927 D nativeloader: Load /data/app/~~na7dq0QJPM3TlOgWfFFaKg==/com.ss.android.ugc.aweme-sWxsoc19sPwX3CppMH73Qg==/lib/arm64/libsonicjson.so using ns clns-7 from class loader (caller=/data/app/~~na7dq0QJPM3TlOgWfFFaKg==/com.ss.android.ugc.aweme-sWxsoc19sPwX3CppMH73Qg==/base.apk!classes16.dex): ok
09-01 23:48:58.101  6927  7047 D nativeloader: Load /data/app/~~na7dq0QJPM3TlOgWfFFaKg==/com.ss.android.ugc.aweme-sWxsoc19sPwX3CppMH73Qg==/lib/arm64/libwatson.so using ns clns-7 from class loader (caller=/data/app/~~na7dq0QJPM3TlOgWfFFaKg==/com.ss.android.ugc.aweme-sWxsoc19sPwX3CppMH73Qg==/base.apk!classes16.dex): ok
09-01 23:48:58.105  6927  7016 D nativeloader: Load /data/app/~~na7dq0QJPM3TlOgWfFFaKg==/com.ss.android.ugc.aweme-sWxsoc19sPwX3CppMH73Qg==/lib/arm64/libbytehook.so using ns clns-7 from class loader (caller=/data/app/~~na7dq0QJPM3TlOgWfFFaKg==/com.ss.android.ugc.aweme-sWxsoc19sPwX3CppMH73Qg==/base.apk!classes16.dex): ok
09-01 23:48:58.153  6927  7005 D nativeloader: Load /data/app/~~na7dq0QJPM3TlOgWfFFaKg==/com.ss.android.ugc.aweme-sWxsoc19sPwX3CppMH73Qg==/lib/arm64/libmonitorcollector-lib.so using ns clns-7 from class loader (caller=/data/app/~~na7dq0QJPM3TlOgWfFFaKg==/com.ss.android.ugc.aweme-sWxsoc19sPwX3CppMH73Qg==/base.apk!classes16.dex): ok
09-01 23:48:58.156  6927  7021 D ActivityThread: Loading provider com.ss.android.ugc.aweme.push.SHARE_PROVIDER_AUTHORITY: com.ss.android.pushmanager.setting.PushMultiProcessSharedProvider
09-01 23:48:58.158  6927  7018 D nativeloader: Load /data/app/~~na7dq0QJPM3TlOgWfFFaKg==/com.ss.android.ugc.aweme-sWxsoc19sPwX3CppMH73Qg==/lib/arm64/libsoloader.so using ns clns-7 from class loader (caller=/data/app/~~na7dq0QJPM3TlOgWfFFaKg==/com.ss.android.ugc.aweme-sWxsoc19sPwX3CppMH73Qg==/base.apk!classes16.dex): ok
09-01 23:48:58.218  6927  7029 D nativeloader: Load /data/app/~~na7dq0QJPM3TlOgWfFFaKg==/com.ss.android.ugc.aweme-sWxsoc19sPwX3CppMH73Qg==/lib/arm64/libsscronet.so using ns clns-7 from class loader (caller=/data/app/~~na7dq0QJPM3TlOgWfFFaKg==/com.ss.android.ugc.aweme-sWxsoc19sPwX3CppMH73Qg==/base.apk!classes16.dex): ok
09-01 23:48:58.221  6927  7005 D nativeloader: Load /data/app/~~na7dq0QJPM3TlOgWfFFaKg==/com.ss.android.ugc.aweme-sWxsoc19sPwX3CppMH73Qg==/lib/arm64/libsysoptimizer.so using ns clns-7 from class loader (caller=/data/app/~~na7dq0QJPM3TlOgWfFFaKg==/com.ss.android.ugc.aweme-sWxsoc19sPwX3CppMH73Qg==/base.apk!classes16.dex): ok
09-01 23:48:58.226  6927  7071 D nativeloader: Load /data/app/~~na7dq0QJPM3TlOgWfFFaKg==/com.ss.android.ugc.aweme-sWxsoc19sPwX3CppMH73Qg==/lib/arm64/libalog.so using ns clns-7 from class loader (caller=/data/app/~~na7dq0QJPM3TlOgWfFFaKg==/com.ss.android.ugc.aweme-sWxsoc19sPwX3CppMH73Qg==/base.apk!classes16.dex): ok
09-01 23:48:58.233  6927  7029 D nativeloader: Load /data/app/~~na7dq0QJPM3TlOgWfFFaKg==/com.ss.android.ugc.aweme-sWxsoc19sPwX3CppMH73Qg==/lib/arm64/libmetasec_ml.so using ns clns-7 from class loader (caller=/data/app/~~na7dq0QJPM3TlOgWfFFaKg==/com.ss.android.ugc.aweme-sWxsoc19sPwX3CppMH73Qg==/base.apk!classes16.dex): ok
09-01 23:48:58.312  6927  7005 D nativeloader: Load /data/app/~~na7dq0QJPM3TlOgWfFFaKg==/com.ss.android.ugc.aweme-sWxsoc19sPwX3CppMH73Qg==/lib/arm64/libbdzstd.so using ns clns-7 from class loader (caller=/data/app/~~na7dq0QJPM3TlOgWfFFaKg==/com.ss.android.ugc.aweme-sWxsoc19sPwX3CppMH73Qg==/base.apk!classes16.dex): ok
09-01 23:48:58.312  1735  4604 D ConnectivityService: requestNetwork for uid/pid:10281/6927 activeRequest: null callbackRequest: 2325 [NetworkRequest [ REQUEST id=2326, [ Capabilities: INTERNET&NOT_RESTRICTED&TRUSTED&NOT_VCN_MANAGED&NOT_BANDWIDTH_CONSTRAINED Uid: 10281 RequestorUid: 10281 RequestorPkg: com.ss.android.ugc.aweme UnderlyingNetworks: Null] ]] callback flags: 0 order: 2147483647 isUidTracked: false declaredMethods: AVAIL|LOST|NC|LP
09-01 23:48:58.314  1735  1952 D OemPaidWifiNetworkFactory: got request NetworkRequest [ REQUEST id=2326, [ Capabilities: INTERNET&NOT_RESTRICTED&TRUSTED&NOT_VCN_MANAGED&NOT_BANDWIDTH_CONSTRAINED Uid: 10281 RequestorUid: 10281 RequestorPkg: com.ss.android.ugc.aweme UnderlyingNetworks: Null] ]
09-01 23:48:58.315  1735  1952 D MultiInternetWifiNetworkFactory: got request NetworkRequest [ REQUEST id=2326, [ Capabilities: INTERNET&NOT_RESTRICTED&TRUSTED&NOT_VCN_MANAGED&NOT_BANDWIDTH_CONSTRAINED Uid: 10281 RequestorUid: 10281 RequestorPkg: com.ss.android.ugc.aweme UnderlyingNetworks: Null] ]
09-01 23:48:58.315  1735  1952 D WifiNetworkFactory: got request NetworkRequest [ REQUEST id=2326, [ Capabilities: INTERNET&NOT_RESTRICTED&TRUSTED&NOT_VCN_MANAGED&NOT_BANDWIDTH_CONSTRAINED Uid: 10281 RequestorUid: 10281 RequestorPkg: com.ss.android.ugc.aweme UnderlyingNetworks: Null] ]
09-01 23:48:58.315  1735  1952 D UntrustedWifiNetworkFactory: got request NetworkRequest [ REQUEST id=2326, [ Capabilities: INTERNET&NOT_RESTRICTED&TRUSTED&NOT_VCN_MANAGED&NOT_BANDWIDTH_CONSTRAINED Uid: 10281 RequestorUid: 10281 RequestorPkg: com.ss.android.ugc.aweme UnderlyingNetworks: Null] ]
09-01 23:48:58.345  6927  7046 D nativeloader: Load /data/app/~~na7dq0QJPM3TlOgWfFFaKg==/com.ss.android.ugc.aweme-sWxsoc19sPwX3CppMH73Qg==/lib/arm64/libnative_log.so using ns clns-7 from class loader (caller=/data/app/~~na7dq0QJPM3TlOgWfFFaKg==/com.ss.android.ugc.aweme-sWxsoc19sPwX3CppMH73Qg==/base.apk!classes16.dex): ok
09-01 23:48:58.345  6927  7046 D nativeloader: Load /data/app/~~na7dq0QJPM3TlOgWfFFaKg==/com.ss.android.ugc.aweme-sWxsoc19sPwX3CppMH73Qg==/lib/arm64/libbdsword.so using ns clns-7 from class loader (caller=/data/app/~~na7dq0QJPM3TlOgWfFFaKg==/com.ss.android.ugc.aweme-sWxsoc19sPwX3CppMH73Qg==/base.apk!classes16.dex): ok
09-01 23:48:58.354  6927  7040 D nativeloader: Load /data/app/~~na7dq0QJPM3TlOgWfFFaKg==/com.ss.android.ugc.aweme-sWxsoc19sPwX3CppMH73Qg==/lib/arm64/libshadowhook.so using ns clns-7 from class loader (caller=/data/app/~~na7dq0QJPM3TlOgWfFFaKg==/com.ss.android.ugc.aweme-sWxsoc19sPwX3CppMH73Qg==/base.apk!classes16.dex): ok
09-01 23:48:58.364  6927  6927 W -IOThreadPool-1: type=1400 audit(0.0:21585): avc:  denied  { read } for  name="u:object_r:userdebug_or_eng_prop:s0" dev="tmpfs" ino=396 scontext=u:r:untrusted_app:s0:c25,c257,c512,c768 tcontext=u:object_r:userdebug_or_eng_prop:s0 tclass=file permissive=0 bug=b/305600845 app=com.ss.android.ugc.aweme
09-01 23:48:58.404  6927  7033 D nativeloader: Load /data/app/~~na7dq0QJPM3TlOgWfFFaKg==/com.ss.android.ugc.aweme-sWxsoc19sPwX3CppMH73Qg==/lib/arm64/libnpth.so using ns clns-7 from class loader (caller=/data/app/~~na7dq0QJPM3TlOgWfFFaKg==/com.ss.android.ugc.aweme-sWxsoc19sPwX3CppMH73Qg==/base.apk!classes16.dex): ok
09-01 23:48:58.404  6927  7016 D nativeloader: Configuring clns-10 for other apk . target_sdk_version=34, uses_libraries=ALL, library_path=/data/user/0/com.ss.android.ugc.aweme/files/plugins/com.ss.android.ugc.aweme.videocache_v2/version-35109037/lib, permitted_path=/data:/mnt/expand
09-01 23:48:58.416  6927  6927 W #TransmitThread: type=1400 audit(0.0:21586): avc:  denied  { getattr } for  path="/data/media" dev="dm-56" ino=137 scontext=u:r:untrusted_app:s0:c25,c257,c512,c768 tcontext=u:object_r:media_userdir_file:s0 tclass=dir permissive=0 app=com.ss.android.ugc.aweme
09-01 23:48:58.443  6927  7033 D nativeloader: Load /data/app/~~na7dq0QJPM3TlOgWfFFaKg==/com.ss.android.ugc.aweme-sWxsoc19sPwX3CppMH73Qg==/lib/arm64/libttcrypto.so using ns clns-7 from class loader (caller=/data/app/~~na7dq0QJPM3TlOgWfFFaKg==/com.ss.android.ugc.aweme-sWxsoc19sPwX3CppMH73Qg==/base.apk!classes16.dex): ok
09-01 23:48:58.463  6927  7070 D vulkan  : searching for layers in '/data/app/~~na7dq0QJPM3TlOgWfFFaKg==/com.ss.android.ugc.aweme-sWxsoc19sPwX3CppMH73Qg==/lib/arm64'
09-01 23:48:58.471  6927  7033 D nativeloader: Load /data/app/~~na7dq0QJPM3TlOgWfFFaKg==/com.ss.android.ugc.aweme-sWxsoc19sPwX3CppMH73Qg==/lib/arm64/libttboringssl.so using ns clns-7 from class loader (caller=/data/app/~~na7dq0QJPM3TlOgWfFFaKg==/com.ss.android.ugc.aweme-sWxsoc19sPwX3CppMH73Qg==/base.apk!classes16.dex): ok
09-01 23:48:58.480  6927  7291 D nativeloader: Load /data/app/~~na7dq0QJPM3TlOgWfFFaKg==/com.ss.android.ugc.aweme-sWxsoc19sPwX3CppMH73Qg==/lib/arm64/libvcbasekit.so using ns clns-7 from class loader (caller=/data/app/~~na7dq0QJPM3TlOgWfFFaKg==/com.ss.android.ugc.aweme-sWxsoc19sPwX3CppMH73Qg==/base.apk!classes16.dex): ok
09-01 23:48:58.485  6927  7070 D vulkan  : searching for layers in '/data/app/~~na7dq0QJPM3TlOgWfFFaKg==/com.ss.android.ugc.aweme-sWxsoc19sPwX3CppMH73Qg==/base.apk!/lib/arm64-v8a'
09-01 23:48:58.490  6927  7033 D nativeloader: Load /data/app/~~na7dq0QJPM3TlOgWfFFaKg==/com.ss.android.ugc.aweme-sWxsoc19sPwX3CppMH73Qg==/lib/arm64/libwcdb2.so using ns clns-7 from class loader (caller=/data/app/~~na7dq0QJPM3TlOgWfFFaKg==/com.ss.android.ugc.aweme-sWxsoc19sPwX3CppMH73Qg==/base.apk!classes16.dex): ok
09-01 23:48:58.492  6927  7291 D nativeloader: Load /data/app/~~na7dq0QJPM3TlOgWfFFaKg==/com.ss.android.ugc.aweme-sWxsoc19sPwX3CppMH73Qg==/lib/arm64/libvcn.so using ns clns-7 from class loader (caller=/data/app/~~na7dq0QJPM3TlOgWfFFaKg==/com.ss.android.ugc.aweme-sWxsoc19sPwX3CppMH73Qg==/base.apk!classes16.dex): ok
09-01 23:48:58.506  6927  7249 D nativeloader: Load /data/app/~~na7dq0QJPM3TlOgWfFFaKg==/com.ss.android.ugc.aweme-sWxsoc19sPwX3CppMH73Qg==/lib/arm64/libhelios_bm.so using ns clns-7 from class loader (caller=/data/app/~~na7dq0QJPM3TlOgWfFFaKg==/com.ss.android.ugc.aweme-sWxsoc19sPwX3CppMH73Qg==/base.apk!classes16.dex): ok
09-01 23:48:58.508  6927  7026 D nativeloader: Load /data/app/~~na7dq0QJPM3TlOgWfFFaKg==/com.ss.android.ugc.aweme-sWxsoc19sPwX3CppMH73Qg==/lib/arm64/libEncryptor.so using ns clns-7 from class loader (caller=/data/app/~~na7dq0QJPM3TlOgWfFFaKg==/com.ss.android.ugc.aweme-sWxsoc19sPwX3CppMH73Qg==/base.apk!classes16.dex): ok
09-01 23:48:58.511  6927  7291 D nativeloader: Load /data/app/~~na7dq0QJPM3TlOgWfFFaKg==/com.ss.android.ugc.aweme-sWxsoc19sPwX3CppMH73Qg==/lib/arm64/libvcnverify.so using ns clns-7 from class loader (caller=/data/app/~~na7dq0QJPM3TlOgWfFFaKg==/com.ss.android.ugc.aweme-sWxsoc19sPwX3CppMH73Qg==/base.apk!classes16.dex): ok
09-01 23:48:58.513  6927  7291 D nativeloader: Load /data/app/~~na7dq0QJPM3TlOgWfFFaKg==/com.ss.android.ugc.aweme-sWxsoc19sPwX3CppMH73Qg==/lib/arm64/libavmdlbase.so using ns clns-7 from class loader (caller=/data/app/~~na7dq0QJPM3TlOgWfFFaKg==/com.ss.android.ugc.aweme-sWxsoc19sPwX3CppMH73Qg==/base.apk!classes16.dex): ok
09-01 23:48:58.518  6927  7291 D nativeloader: Load /data/app/~~na7dq0QJPM3TlOgWfFFaKg==/com.ss.android.ugc.aweme-sWxsoc19sPwX3CppMH73Qg==/lib/arm64/libavmdlv2.so using ns clns-7 from class loader (caller=/data/app/~~na7dq0QJPM3TlOgWfFFaKg==/com.ss.android.ugc.aweme-sWxsoc19sPwX3CppMH73Qg==/base.apk!classes16.dex): ok
09-01 23:48:58.524  6927  6927 W PlayerCommon: type=1400 audit(0.0:21587): avc:  granted  { execute } for  path="/data/data/com.ss.android.ugc.aweme/files/plugins/com.ss.android.ugc.aweme.videocache_v2/version-35109037/lib/libmdlttquicheloader.so" dev="dm-56" ino=60430 scontext=u:r:untrusted_app:s0:c25,c257,c512,c768 tcontext=u:object_r:app_data_file:s0:c25,c257,c512,c768 tclass=file app=com.ss.android.ugc.aweme
09-01 23:48:58.532  6927  7291 D nativeloader: Load /data/user/0/com.ss.android.ugc.aweme/files/plugins/com.ss.android.ugc.aweme.videocache_v2/version-35109037/lib/libmdlttquicheloader.so using ns clns-10 from class loader (caller=<unknown>): ok
09-01 23:48:58.552  6927  7291 D nativeloader: Load /data/app/~~na7dq0QJPM3TlOgWfFFaKg==/com.ss.android.ugc.aweme-sWxsoc19sPwX3CppMH73Qg==/lib/arm64/libpreload.so using ns clns-7 from class loader (caller=/data/app/~~na7dq0QJPM3TlOgWfFFaKg==/com.ss.android.ugc.aweme-sWxsoc19sPwX3CppMH73Qg==/base.apk!classes16.dex): ok
09-01 23:48:58.560  6927  7291 D nativeloader: Load /data/app/~~na7dq0QJPM3TlOgWfFFaKg==/com.ss.android.ugc.aweme-sWxsoc19sPwX3CppMH73Qg==/lib/arm64/libByteVC1_dec.so using ns clns-7 from class loader (caller=/data/app/~~na7dq0QJPM3TlOgWfFFaKg==/com.ss.android.ugc.aweme-sWxsoc19sPwX3CppMH73Qg==/base.apk!classes16.dex): ok
09-01 23:48:58.560  6927  7291 D nativeloader: Load /data/app/~~na7dq0QJPM3TlOgWfFFaKg==/com.ss.android.ugc.aweme-sWxsoc19sPwX3CppMH73Qg==/lib/arm64/libbyteVC2dec.so using ns clns-7 from class loader (caller=/data/app/~~na7dq0QJPM3TlOgWfFFaKg==/com.ss.android.ugc.aweme-sWxsoc19sPwX3CppMH73Qg==/base.apk!classes16.dex): ok
09-01 23:48:58.561  6927  7291 D nativeloader: Load /data/app/~~na7dq0QJPM3TlOgWfFFaKg==/com.ss.android.ugc.aweme-sWxsoc19sPwX3CppMH73Qg==/lib/arm64/libttffmpeg.so using ns clns-7 from class loader (caller=/data/app/~~na7dq0QJPM3TlOgWfFFaKg==/com.ss.android.ugc.aweme-sWxsoc19sPwX3CppMH73Qg==/base.apk!classes16.dex): ok
09-01 23:48:58.562  6927  7291 D nativeloader: Load /data/app/~~na7dq0QJPM3TlOgWfFFaKg==/com.ss.android.ugc.aweme-sWxsoc19sPwX3CppMH73Qg==/lib/arm64/libttmplayer.so using ns clns-7 from class loader (caller=/data/app/~~na7dq0QJPM3TlOgWfFFaKg==/com.ss.android.ugc.aweme-sWxsoc19sPwX3CppMH73Qg==/base.apk!classes16.dex): ok
09-01 23:48:58.578  6927  7291 D nativeloader: Load /data/app/~~na7dq0QJPM3TlOgWfFFaKg==/com.ss.android.ugc.aweme-sWxsoc19sPwX3CppMH73Qg==/lib/arm64/libttmpaflns.so using ns clns-7 from class loader (caller=/data/app/~~na7dq0QJPM3TlOgWfFFaKg==/com.ss.android.ugc.aweme-sWxsoc19sPwX3CppMH73Qg==/base.apk!classes16.dex): ok
09-01 23:48:58.579  6927  6984 D nativeloader: Load /data/app/~~na7dq0QJPM3TlOgWfFFaKg==/com.ss.android.ugc.aweme-sWxsoc19sPwX3CppMH73Qg==/lib/arm64/libzaid.so using ns clns-7 from class loader (caller=/data/app/~~na7dq0QJPM3TlOgWfFFaKg==/com.ss.android.ugc.aweme-sWxsoc19sPwX3CppMH73Qg==/base.apk!classes16.dex): ok
09-01 23:48:58.576  6927  6927 W #tp-default-277: type=1400 audit(0.0:21588): avc:  denied  { getattr } for  path="/data/media" dev="dm-56" ino=137 scontext=u:r:untrusted_app:s0:c25,c257,c512,c768 tcontext=u:object_r:media_userdir_file:s0 tclass=dir permissive=0 app=com.ss.android.ugc.aweme
09-01 23:48:58.586  6927  7291 D nativeloader: Load libttmpaflna.so using ns clns-7 from class loader (caller=/data/app/~~na7dq0QJPM3TlOgWfFFaKg==/com.ss.android.ugc.aweme-sWxsoc19sPwX3CppMH73Qg==/base.apk!classes16.dex): dlopen failed: library "libttmpaflna.so" not found
09-01 23:48:58.587  6927  6984 D nativeloader: Load /data/app/~~na7dq0QJPM3TlOgWfFFaKg==/com.ss.android.ugc.aweme-sWxsoc19sPwX3CppMH73Qg==/lib/arm64/libdelta.so using ns clns-7 from class loader (caller=/data/app/~~na7dq0QJPM3TlOgWfFFaKg==/com.ss.android.ugc.aweme-sWxsoc19sPwX3CppMH73Qg==/base.apk!classes16.dex): ok
09-01 23:48:58.588  6927  7291 D nativeloader: Load /data/app/~~na7dq0QJPM3TlOgWfFFaKg==/com.ss.android.ugc.aweme-sWxsoc19sPwX3CppMH73Qg==/lib/arm64/libttmaudioprocess.so using ns clns-7 from class loader (caller=/data/app/~~na7dq0QJPM3TlOgWfFFaKg==/com.ss.android.ugc.aweme-sWxsoc19sPwX3CppMH73Qg==/base.apk!classes16.dex): ok
09-01 23:48:58.591  1735  3013 D ConnectivityService: requestNetwork for uid/pid:10281/6927 activeRequest: null callbackRequest: 2328 [NetworkRequest [ REQUEST id=2328, [ Transports: CELLULAR Capabilities: INTERNET&NOT_RESTRICTED&TRUSTED&NOT_VPN&NOT_VCN_MANAGED&NOT_BANDWIDTH_CONSTRAINED Forbidden: LOCAL_NETWORK Uid: 10281 RequestorUid: 10281 RequestorPkg: com.ss.android.ugc.aweme UnderlyingNetworks: Null] ]] callback flags: 0 order: 2147483647 isUidTracked: false declaredMethods: AVAIL
09-01 23:48:58.596  6927  6927 W #tp-default-336: type=1400 audit(0.0:21589): avc:  denied  { read } for  name="u:object_r:qemu_hw_prop:s0" dev="tmpfs" ino=323 scontext=u:r:untrusted_app:s0:c25,c257,c512,c768 tcontext=u:object_r:qemu_hw_prop:s0 tclass=file permissive=0 app=com.ss.android.ugc.aweme
09-01 23:48:58.603  1735  3908 D ConnectivityService: requestNetwork for uid/pid:10281/6927 activeRequest: null callbackRequest: 2329 [NetworkRequest [ REQUEST id=2329, [ Transports: CELLULAR Capabilities: INTERNET&NOT_RESTRICTED&TRUSTED&NOT_VPN&NOT_VCN_MANAGED&NOT_BANDWIDTH_CONSTRAINED Forbidden: LOCAL_NETWORK Uid: 10281 RequestorUid: 10281 RequestorPkg: com.ss.android.ugc.aweme UnderlyingNetworks: Null] ]] callback flags: 0 order: 2147483647 isUidTracked: false declaredMethods: AVAIL|LOST
09-01 23:48:58.603  1735  3908 D CoreBackPreview: Window{36518f3 u0 com.ss.android.ugc.aweme/com.ss.android.ugc.aweme.splash.SplashActivity}: Setting back callback OnBackInvokedCallbackInfo{mCallback=android.window.IOnBackInvokedCallback$Stub$Proxy@91b8029, mPriority=0, mIsAnimationCallback=false, mOverrideBehavior=0}
09-01 23:48:58.607  1735  1966 D ConnectivityService: releasing NetworkRequest [ REQUEST id=2329, [ Transports: CELLULAR Capabilities: INTERNET&NOT_RESTRICTED&TRUSTED&NOT_VPN&NOT_VCN_MANAGED&NOT_BANDWIDTH_CONSTRAINED Forbidden: LOCAL_NETWORK Uid: 10281 RequestorUid: 10281 RequestorPkg: com.ss.android.ugc.aweme UnderlyingNetworks: Null] ] (release request)
09-01 23:48:58.762  1735  1791 I ActivityTaskManager: Displayed com.ss.android.ugc.aweme/.splash.SplashActivity for user 0: +4s222ms
09-01 23:48:58.771  4015  4015 I GoogleInputMethodService: GoogleInputMethodService.onStartInput():1911 onStartInput(EditorInfo{EditorInfo{packageName=com.ss.android.ugc.aweme, inputType=0, inputTypeString=NULL, enableLearning=false, autoCorrection=false, autoComplete=false, imeOptions=0, privateImeOptions=null, actionName=UNSPECIFIED, actionLabel=null, initialSelStart=-1, initialSelEnd=-1, initialCapsMode=0, label=null, fieldId=0, fieldName=null, extras=null, hintText=null, hintLocales=[]}}, false)
09-01 23:48:58.772  1735  4604 W PackageConfigPersister: App-specific configuration not found for packageName: com.ss.android.ugc.aweme and userId: 0
09-01 23:48:58.981  6927  7018 D nativeloader: Load /data/app/~~na7dq0QJPM3TlOgWfFFaKg==/com.ss.android.ugc.aweme-sWxsoc19sPwX3CppMH73Qg==/lib/arm64/libimagepipeline.so using ns clns-7 from class loader (caller=/data/app/~~na7dq0QJPM3TlOgWfFFaKg==/com.ss.android.ugc.aweme-sWxsoc19sPwX3CppMH73Qg==/base.apk!classes16.dex): ok
09-01 23:48:59.091  1735  4604 D CoreBackPreview: Window{b21c1cd u0 Splash Screen com.ss.android.ugc.aweme EXITING}: Setting back callback null
09-01 23:49:01.045  6927  6927 W Resources: Drawable com.ss.android.ugc.aweme:drawable/_ has unresolved theme attributes! Consider using Resources.getDrawable(int, Theme) or Context.getDrawable(int).
09-01 23:49:01.045  6927  6927 W Resources: 	at com.GlobalProxyLancet.com_ss_android_ugc_aweme_lancet_ViewInflateLancet_inflate(SourceFile:67502135)
09-01 23:49:01.046  6927  6927 W Resources: 	at com.ss.android.ugc.aweme.common.widget.VerticalViewPager.onMeasure(SourceFile:33947892)
09-01 23:49:01.046  6927  6927 W Resources: 	at com.ss.android.ugc.aweme.views.DoubleBallSwipeRefreshLayout.onMeasure(SourceFile:33882165)
09-01 23:49:01.046  6927  6927 W Resources: 	at com.ss.android.ugc.aweme.feed.ui.LayoutCheckRefreshLayout.onMeasure(SourceFile:33619968)
09-01 23:49:01.046  6927  6927 W Resources: 	at com.ss.android.ugc.aweme.feed.ui.LayoutCheckFrameLayout.onMeasure(SourceFile:33619968)
09-01 23:49:01.046  6927  6927 W Resources: 	at com.ss.android.ugc.aweme.feed.ui.CustomViewPager.onMeasure(SourceFile:33947887)
09-01 23:49:01.046  6927  6927 W Resources: 	at com.ss.android.ugc.aweme.base.opensourcemodified.android.support.v4.widget.SwipeRefreshLayout.onMeasure(SourceFile:33882165)
09-01 23:49:01.046  6927  6927 W Resources: 	at com.ss.android.ugc.aweme.viewopt.SurfaceOptimizeFrameLayout.onMeasure(SourceFile:33816626)
09-01 23:49:01.054  6927  6927 W Resources: Drawable com.ss.android.ugc.aweme:drawable/_ has unresolved theme attributes! Consider using Resources.getDrawable(int, Theme) or Context.getDrawable(int).
09-01 23:49:01.054  6927  6927 W Resources: 	at com.GlobalProxyLancet.com_ss_android_ugc_aweme_lancet_ViewInflateLancet_inflate(SourceFile:67502135)
09-01 23:49:01.054  6927  6927 W Resources: 	at com.ss.android.ugc.aweme.common.widget.VerticalViewPager.onMeasure(SourceFile:33947892)
09-01 23:49:01.054  6927  6927 W Resources: 	at com.ss.android.ugc.aweme.views.DoubleBallSwipeRefreshLayout.onMeasure(SourceFile:33882165)
09-01 23:49:01.054  6927  6927 W Resources: 	at com.ss.android.ugc.aweme.feed.ui.LayoutCheckRefreshLayout.onMeasure(SourceFile:33619968)
09-01 23:49:01.054  6927  6927 W Resources: 	at com.ss.android.ugc.aweme.feed.ui.LayoutCheckFrameLayout.onMeasure(SourceFile:33619968)
09-01 23:49:01.054  6927  6927 W Resources: 	at com.ss.android.ugc.aweme.feed.ui.CustomViewPager.onMeasure(SourceFile:33947887)
09-01 23:49:01.054  6927  6927 W Resources: 	at com.ss.android.ugc.aweme.base.opensourcemodified.android.support.v4.widget.SwipeRefreshLayout.onMeasure(SourceFile:33882165)
09-01 23:49:01.054  6927  6927 W Resources: 	at com.ss.android.ugc.aweme.viewopt.SurfaceOptimizeFrameLayout.onMeasure(SourceFile:33816626)
09-01 23:49:01.057  6927  6927 W Resources: Drawable com.ss.android.ugc.aweme:drawable/_ has unresolved theme attributes! Consider using Resources.getDrawable(int, Theme) or Context.getDrawable(int).
09-01 23:49:01.057  6927  6927 W Resources: 	at com.GlobalProxyLancet.com_ss_android_ugc_aweme_lancet_ViewInflateLancet_inflate(SourceFile:67502135)
09-01 23:49:01.057  6927  6927 W Resources: 	at com.ss.android.ugc.aweme.common.widget.VerticalViewPager.onMeasure(SourceFile:33947892)
09-01 23:49:01.057  6927  6927 W Resources: 	at com.ss.android.ugc.aweme.views.DoubleBallSwipeRefreshLayout.onMeasure(SourceFile:33882165)
09-01 23:49:01.057  6927  6927 W Resources: 	at com.ss.android.ugc.aweme.feed.ui.LayoutCheckRefreshLayout.onMeasure(SourceFile:33619968)
09-01 23:49:01.057  6927  6927 W Resources: 	at com.ss.android.ugc.aweme.feed.ui.LayoutCheckFrameLayout.onMeasure(SourceFile:33619968)
09-01 23:49:01.057  6927  6927 W Resources: 	at com.ss.android.ugc.aweme.feed.ui.CustomViewPager.onMeasure(SourceFile:33947887)
09-01 23:49:01.057  6927  6927 W Resources: 	at com.ss.android.ugc.aweme.base.opensourcemodified.android.support.v4.widget.SwipeRefreshLayout.onMeasure(SourceFile:33882165)
09-01 23:49:01.057  6927  6927 W Resources: 	at com.ss.android.ugc.aweme.viewopt.SurfaceOptimizeFrameLayout.onMeasure(SourceFile:33816626)
09-01 23:49:01.071  1735  4604 I MediaFocusControl: requestAudioFocus() from uid/pid 10281/6927 AA=USAGE_MEDIA/CONTENT_TYPE_UNKNOWN clientId=android.media.AudioManager@dc08c15X.1DIL@2e83b2a callingPack=com.ss.android.ugc.aweme req=1 flags=0x0 sdk=34
09-01 23:49:01.073  6927  7494 D nativeloader: Load /data/app/~~na7dq0QJPM3TlOgWfFFaKg==/com.ss.android.ugc.aweme-sWxsoc19sPwX3CppMH73Qg==/lib/arm64/libttheif_dec.so using ns clns-7 from class loader (caller=/data/app/~~na7dq0QJPM3TlOgWfFFaKg==/com.ss.android.ugc.aweme-sWxsoc19sPwX3CppMH73Qg==/base.apk!classes16.dex): ok
09-01 23:49:01.075  6927  7513 D nativeloader: Load /data/app/~~na7dq0QJPM3TlOgWfFFaKg==/com.ss.android.ugc.aweme-sWxsoc19sPwX3CppMH73Qg==/lib/arm64/libvideodec.so using ns clns-7 from class loader (caller=/data/app/~~na7dq0QJPM3TlOgWfFFaKg==/com.ss.android.ugc.aweme-sWxsoc19sPwX3CppMH73Qg==/base.apk!classes16.dex): ok
09-01 23:49:01.076  6927  7494 D nativeloader: Load /data/app/~~na7dq0QJPM3TlOgWfFFaKg==/com.ss.android.ugc.aweme-sWxsoc19sPwX3CppMH73Qg==/lib/arm64/libbdheif.so using ns clns-7 from class loader (caller=/data/app/~~na7dq0QJPM3TlOgWfFFaKg==/com.ss.android.ugc.aweme-sWxsoc19sPwX3CppMH73Qg==/base.apk!classes16.dex): ok
09-01 23:49:01.077  6927  7513 D nativeloader: Load /data/app/~~na7dq0QJPM3TlOgWfFFaKg==/com.ss.android.ugc.aweme-sWxsoc19sPwX3CppMH73Qg==/lib/arm64/libttmverify.so using ns clns-7 from class loader (caller=/data/app/~~na7dq0QJPM3TlOgWfFFaKg==/com.ss.android.ugc.aweme-sWxsoc19sPwX3CppMH73Qg==/base.apk!classes16.dex): ok
09-01 23:49:01.172  6927  7019 D nativeloader: Load /data/app/~~na7dq0QJPM3TlOgWfFFaKg==/com.ss.android.ugc.aweme-sWxsoc19sPwX3CppMH73Qg==/lib/arm64/libfileprotect.so using ns clns-7 from class loader (caller=/data/app/~~na7dq0QJPM3TlOgWfFFaKg==/com.ss.android.ugc.aweme-sWxsoc19sPwX3CppMH73Qg==/base.apk!classes16.dex): ok
09-01 23:49:01.175  6927  7019 D nativeloader: Load /data/app/~~na7dq0QJPM3TlOgWfFFaKg==/com.ss.android.ugc.aweme-sWxsoc19sPwX3CppMH73Qg==/lib/arm64/libbytenn.so using ns clns-7 from class loader (caller=/data/app/~~na7dq0QJPM3TlOgWfFFaKg==/com.ss.android.ugc.aweme-sWxsoc19sPwX3CppMH73Qg==/base.apk!classes16.dex): ok
09-01 23:49:01.177  6927  7019 D nativeloader: Load /data/app/~~na7dq0QJPM3TlOgWfFFaKg==/com.ss.android.ugc.aweme-sWxsoc19sPwX3CppMH73Qg==/lib/arm64/libbytennwrapper.so using ns clns-7 from class loader (caller=/data/app/~~na7dq0QJPM3TlOgWfFFaKg==/com.ss.android.ugc.aweme-sWxsoc19sPwX3CppMH73Qg==/base.apk!classes16.dex): ok
09-01 23:49:01.348  6927  7016 D nativeloader: Configuring clns-11 for other apk . target_sdk_version=34, uses_libraries=ALL, library_path=/data/user/0/com.ss.android.ugc.aweme/files/plugins/com.bytedance.aweme.smart_client_plugin/version-35109020/lib, permitted_path=/data:/mnt/expand
09-01 23:49:01.352  6927  6927 W #tp-default-873: type=1400 audit(0.0:21591): avc:  granted  { execute } for  path="/data/data/com.ss.android.ugc.aweme/files/plugins/com.bytedance.aweme.smart_client_plugin/version-35109020/lib/libCepEngine.so" dev="dm-56" ino=60459 scontext=u:r:untrusted_app:s0:c25,c257,c512,c768 tcontext=u:object_r:app_data_file:s0:c25,c257,c512,c768 tclass=file app=com.ss.android.ugc.aweme
09-01 23:49:01.354  6927  7004 D nativeloader: Load /data/user/0/com.ss.android.ugc.aweme/files/plugins/com.bytedance.aweme.smart_client_plugin/version-35109020/lib/libCepEngine.so using ns clns-11 from class loader (caller=<unknown>): ok
09-01 23:49:01.357  6927  7004 D nativeloader: Load /data/user/0/com.ss.android.ugc.aweme/files/plugins/com.bytedance.aweme.smart_client_plugin/version-35109020/lib/libCepAST.so using ns clns-11 from class loader (caller=<unknown>): ok
09-01 23:49:01.352  6927  6927 W #tp-default-873: type=1400 audit(0.0:21592): avc:  granted  { execute } for  path="/data/data/com.ss.android.ugc.aweme/files/plugins/com.bytedance.aweme.smart_client_plugin/version-35109020/lib/libCepAST.so" dev="dm-56" ino=60444 scontext=u:r:untrusted_app:s0:c25,c257,c512,c768 tcontext=u:object_r:app_data_file:s0:c25,c257,c512,c768 tclass=file app=com.ss.android.ugc.aweme
09-01 23:49:01.356  6927  6927 W #tp-default-873: type=1400 audit(0.0:21593): avc:  granted  { execute } for  path="/data/data/com.ss.android.ugc.aweme/files/plugins/com.bytedance.aweme.smart_client_plugin/version-35109020/lib/libfast_engine.so" dev="dm-56" ino=60388 scontext=u:r:untrusted_app:s0:c25,c257,c512,c768 tcontext=u:object_r:app_data_file:s0:c25,c257,c512,c768 tclass=file app=com.ss.android.ugc.aweme
09-01 23:49:01.356  6927  6927 W #tp-default-873: type=1400 audit(0.0:21594): avc:  granted  { execute } for  path="/data/data/com.ss.android.ugc.aweme/files/plugins/com.bytedance.aweme.smart_client_plugin/version-35109020/lib/libCepFast.so" dev="dm-56" ino=60372 scontext=u:r:untrusted_app:s0:c25,c257,c512,c768 tcontext=u:object_r:app_data_file:s0:c25,c257,c512,c768 tclass=file app=com.ss.android.ugc.aweme
09-01 23:49:01.360  6927  7004 D nativeloader: Load /data/user/0/com.ss.android.ugc.aweme/files/plugins/com.bytedance.aweme.smart_client_plugin/version-35109020/lib/libCepFast.so using ns clns-11 from class loader (caller=<unknown>): ok
09-01 23:49:01.364  6927  6927 W #tp-default-873: type=1400 audit(0.0:21595): avc:  granted  { execute } for  path="/data/data/com.ss.android.ugc.aweme/files/plugins/com.bytedance.aweme.smart_client_plugin/version-35109020/lib/libPitayaBdComponent.so" dev="dm-56" ino=60373 scontext=u:r:untrusted_app:s0:c25,c257,c512,c768 tcontext=u:object_r:app_data_file:s0:c25,c257,c512,c768 tclass=file app=com.ss.android.ugc.aweme
09-01 23:49:01.368  6927  7004 D nativeloader: Load /data/user/0/com.ss.android.ugc.aweme/files/plugins/com.bytedance.aweme.smart_client_plugin/version-35109020/lib/libPitayaBdComponent.so using ns clns-11 from class loader (caller=<unknown>): ok
09-01 23:49:01.374  6927  7004 D nativeloader: Load /data/user/0/com.ss.android.ugc.aweme/files/plugins/com.bytedance.aweme.smart_client_plugin/version-35109020/lib/libAndroidPitayaCore.so using ns clns-11 from class loader (caller=<unknown>): ok
09-01 23:49:01.380  6927  7377 D nativeloader: Load /data/user/0/com.ss.android.ugc.aweme/files/plugins/com.bytedance.aweme.smart_client_plugin/version-35109020/lib/libCepProxy.so using ns clns-11 from class loader (caller=<unknown>): ok
09-01 23:49:01.468  6927  7377 D nativeloader: Load /data/user/0/com.ss.android.ugc.aweme/files/plugins/com.bytedance.aweme.smart_client_plugin/version-35109020/lib/libBDPythonVM.so using ns clns-11 from class loader (caller=<unknown>): ok
09-01 23:49:01.469  6927  7377 D nativeloader: Load /data/user/0/com.ss.android.ugc.aweme/files/plugins/com.bytedance.aweme.smart_client_plugin/version-35109020/lib/libByteAINN.so using ns clns-11 from class loader (caller=<unknown>): ok
09-01 23:49:01.470  6927  7377 D nativeloader: Load /data/user/0/com.ss.android.ugc.aweme/files/plugins/com.bytedance.aweme.smart_client_plugin/version-35109020/lib/libByteAIDT.so using ns clns-11 from class loader (caller=<unknown>): ok
09-01 23:49:01.471  6927  7377 D nativeloader: Load /data/user/0/com.ss.android.ugc.aweme/files/plugins/com.bytedance.aweme.smart_client_plugin/version-35109020/lib/libpy-cv-numpycv.so using ns clns-11 from class loader (caller=<unknown>): ok
09-01 23:49:01.473  6927  7377 D nativeloader: Load /data/user/0/com.ss.android.ugc.aweme/files/plugins/com.bytedance.aweme.smart_client_plugin/version-35109020/lib/libpy-numpy.so using ns clns-11 from class loader (caller=<unknown>): ok
09-01 23:49:01.479  6927  7377 D nativeloader: Load /data/user/0/com.ss.android.ugc.aweme/files/plugins/com.bytedance.aweme.smart_client_plugin/version-35109020/lib/libARTNative.so using ns clns-11 from class loader (caller=<unknown>): ok
09-01 23:49:03.081  6927  6927 W Resources: Drawable com.ss.android.ugc.aweme:drawable/_ has unresolved theme attributes! Consider using Resources.getDrawable(int, Theme) or Context.getDrawable(int).
09-01 23:49:03.081  6927  6927 W Resources: 	at com.GlobalProxyLancet.com_ss_android_ugc_aweme_lancet_ViewInflateLancet_inflate(SourceFile:67502135)
09-01 23:49:03.081  6927  6927 W Resources: 	at com.ss.android.ugc.aweme.horizon.CommonHorizonView.setCurrentPosition(SourceFile:84148239)
09-01 23:49:03.081  6927  6927 W Resources: 	at com.ss.android.ugc.aweme.horizon.CommonHorizonView.setCurrentPosition(SourceFile:50462726)
09-01 23:49:03.274  6927  7009 D nativeloader: Configuring clns-12 for other apk . target_sdk_version=34, uses_libraries=ALL, library_path=/data/user/0/com.ss.android.ugc.aweme/files/plugins/com.ss.android.ugc.aweme.v8/version-351090200/lib, permitted_path=/data:/mnt/expand
09-01 23:49:03.284  6927  7016 D nativeloader: Configuring clns-13 for other apk . target_sdk_version=34, uses_libraries=ALL, library_path=/data/user/0/com.ss.android.ugc.aweme/files/plugins/com.ss.android.ugc.aweme.vmsdk_plugin/version-351090200/lib, permitted_path=/data:/mnt/expand
09-01 23:49:03.292  6927  7016 D nativeloader: Configuring clns-14 for other apk . target_sdk_version=34, uses_libraries=ALL, library_path=/data/user/0/com.ss.android.ugc.aweme/files/plugins/com.ss.android.ugc.aweme.miniapp/version-35109020/lib, permitted_path=/data:/mnt/expand
09-01 23:49:03.434  6927  7439 D nativeloader: Load /data/app/~~na7dq0QJPM3TlOgWfFFaKg==/com.ss.android.ugc.aweme-sWxsoc19sPwX3CppMH73Qg==/lib/arm64/libunicorn-main.so using ns clns-7 from class loader (caller=<unknown>): ok
09-01 23:49:03.436  6927  7439 I uni::fml::log: [INFO:unisus_path_service.cc(28)] Init path configs: /data/user/0/com.ss.android.ugc.aweme/files/unisus, /data/user/0/com.ss.android.ugc.aweme/cache/unisus/process/6927, /data/user/0/com.ss.android.ugc.aweme/files, /storage/emulated/0/Android/data/com.ss.android.ugc.aweme/cache
09-01 23:49:03.436  6927  7439 I uni::fml::log: [INFO:unisus_cloud_service.cc(100)] Cloud init dir path: /data/user/0/com.ss.android.ugc.aweme/files/unisus/cloud
09-01 23:49:03.437  6927  7439 I uni::fml::log: [INFO:unisus_settings_instance.cc(266)] Settings InitDirPath, path = /data/user/0/com.ss.android.ugc.aweme/files/unisus/settings/unisus
09-01 23:49:03.443  6927  7439 I uni::fml::log: [INFO:unisus_base_bundle_service_cloud_adapter_v2.cc(56)] Init configs V2, /data/user/0/com.ss.android.ugc.aweme/files/unisus/basebundleV2/base/normal, /data/user/0/com.ss.android.ugc.aweme/files/unisus/basebundleV2/base/debug, /data/user/0/com.ss.android.ugc.aweme/cache/unisus/process/6927/basebundle_tmp, use_V2_preset: 1built_in_version: 3.75.1.6built_in_biz_versions: 2
09-01 23:49:03.443  6927  7439 I uni::fml::log: [INFO:base_bundle_service_onload.cc(174)] create mark file: /data/user/0/com.ss.android.ugc.aweme/files/unisus/basebundleV2/base/markFile/3780011_6927
09-01 23:49:03.445  6927  7439 I uni::fml::log: [INFO:base_bundle_service_onload.cc(174)] create mark file: /data/user/0/com.ss.android.ugc.aweme/files/unisus/basebundleV2/bizGame/markFile/1000003_6927
09-01 23:49:03.446  6927  7439 I uni::fml::log: [INFO:base_bundle_service_onload.cc(174)] create mark file: /data/user/0/com.ss.android.ugc.aweme/files/unisus/basebundleV2/bizApp/markFile/1000018_6927
09-01 23:49:03.447  6927  7439 I uni::fml::log: [INFO:base_bundle_service_onload.cc(495)] Delete mark file: /data/user/0/com.ss.android.ugc.aweme/files/unisus/basebundleV2/bizApp/markFile/1000018_26073
09-01 23:49:03.447  6927  7439 I uni::fml::log: [INFO:base_bundle_service_onload.cc(495)] Delete mark file: /data/user/0/com.ss.android.ugc.aweme/files/unisus/basebundleV2/bizGame/markFile/1000003_26073
09-01 23:49:03.447  6927  7439 I uni::fml::log: [INFO:base_bundle_service_onload.cc(495)] Delete mark file: /data/user/0/com.ss.android.ugc.aweme/files/unisus/basebundleV2/base/markFile/3780011_26073
09-01 23:49:03.447  6927  7439 E uni::fml::log: [ERROR:/cache/228/bytebus/repositories/695f75851403dbb333d319cde130b7a1/cb2ea26d53730bb7ff6b860102fd675b/src/service/base_bundle_service/platform/android/base_bundle_service_onload.cc(312)] open mark directory fail, path = /data/user/0/com.ss.android.ugc.aweme/files/unisus/basebundle/markFile, errno = 2
09-01 23:49:03.544  6927  6927 W #tp-io-1029: type=1400 audit(0.0:21606): avc:  granted  { execute } for  path="/data/data/com.ss.android.ugc.aweme/files/plugins/com.ss.android.ugc.aweme.videocache_v2/version-35109037/lib/libavmdlp2pv2.so" dev="dm-56" ino=60406 scontext=u:r:untrusted_app:s0:c25,c257,c512,c768 tcontext=u:object_r:app_data_file:s0:c25,c257,c512,c768 tclass=file app=com.ss.android.ugc.aweme
09-01 23:49:03.560  6927  7018 D nativeloader: Load /data/user/0/com.ss.android.ugc.aweme/files/plugins/com.ss.android.ugc.aweme.videocache_v2/version-35109037/lib/libavmdlp2pv2.so using ns clns-10 from class loader (caller=<unknown>): ok
09-01 23:49:06.708  6927  7016 D nativeloader: Configuring clns-15 for other apk . target_sdk_version=34, uses_libraries=ALL, library_path=/data/user/0/com.ss.android.ugc.aweme/files/plugins/com.ss.android.ugc.aweme.rewarded_ad_plugin/version-35109020/lib, permitted_path=/data:/mnt/expand
09-01 23:49:06.893  6927  7016 D nativeloader: Configuring clns-16 for other apk . target_sdk_version=34, uses_libraries=ALL, library_path=/data/user/0/com.ss.android.ugc.aweme/files/plugins/m.l.novel/version-35109020/lib, permitted_path=/data:/mnt/expand
09-01 23:49:06.897  6927  7453 D nativeloader: Load /data/app/~~na7dq0QJPM3TlOgWfFFaKg==/com.ss.android.ugc.aweme-sWxsoc19sPwX3CppMH73Qg==/lib/arm64/libbytemonitor.so using ns clns-7 from class loader (caller=/data/app/~~na7dq0QJPM3TlOgWfFFaKg==/com.ss.android.ugc.aweme-sWxsoc19sPwX3CppMH73Qg==/base.apk!classes16.dex): ok
09-01 23:49:06.900  6927  7453 D nativeloader: Load /data/app/~~na7dq0QJPM3TlOgWfFFaKg==/com.ss.android.ugc.aweme-sWxsoc19sPwX3CppMH73Qg==/lib/arm64/libworker.so using ns clns-7 from class loader (caller=/data/app/~~na7dq0QJPM3TlOgWfFFaKg==/com.ss.android.ugc.aweme-sWxsoc19sPwX3CppMH73Qg==/base.apk!classes16.dex): ok
09-01 23:49:06.910  6927  7453 D nativeloader: Load /data/app/~~na7dq0QJPM3TlOgWfFFaKg==/com.ss.android.ugc.aweme-sWxsoc19sPwX3CppMH73Qg==/lib/arm64/libbytebench.so using ns clns-7 from class loader (caller=/data/app/~~na7dq0QJPM3TlOgWfFFaKg==/com.ss.android.ugc.aweme-sWxsoc19sPwX3CppMH73Qg==/base.apk!classes16.dex): ok
09-01 23:49:06.910  6927  7016 D nativeloader: Configuring clns-17 for other apk . target_sdk_version=34, uses_libraries=ALL, library_path=/data/user/0/com.ss.android.ugc.aweme/files/plugins/com.ss.android.ugc.aweme.pcdn/version-35109020/lib, permitted_path=/data:/mnt/expand
09-01 23:49:06.942  6927  7453 D nativeloader: Load /data/app/~~na7dq0QJPM3TlOgWfFFaKg==/com.ss.android.ugc.aweme-sWxsoc19sPwX3CppMH73Qg==/lib/arm64/libquick.so using ns clns-7 from class loader (caller=/data/app/~~na7dq0QJPM3TlOgWfFFaKg==/com.ss.android.ugc.aweme-sWxsoc19sPwX3CppMH73Qg==/base.apk!classes16.dex): ok
09-01 23:49:06.943  6927  7453 D nativeloader: Load /data/app/~~na7dq0QJPM3TlOgWfFFaKg==/com.ss.android.ugc.aweme-sWxsoc19sPwX3CppMH73Qg==/lib/arm64/libnapi.so using ns clns-7 from class loader (caller=/data/app/~~na7dq0QJPM3TlOgWfFFaKg==/com.ss.android.ugc.aweme-sWxsoc19sPwX3CppMH73Qg==/base.apk!classes16.dex): ok
09-01 23:49:06.944  6927  7453 E BX      : [void Java_com_benchmark_port_nativePort_BSModuleInvoker_nativeSetJsWorker(JNIEnv *, jclass, jlong):523] downloadJavaScript :/data/user/0/com.ss.android.ugc.aweme/files/bytebench
09-01 23:49:06.944  6927  7453 D BX      : [void bytebench::BSController::init(long, const std::string &):29] BSController::init called,workspace:/data/user/0/com.ss.android.ugc.aweme/files/bytebench
09-01 23:49:07.260  6927  7045 D nativeloader: Configuring clns-18 for other apk . target_sdk_version=34, uses_libraries=ALL, library_path=/data/user/0/com.ss.android.ugc.aweme/files/plugins/com.ss.android.ugc.aweme.cjplugin/version-351099000/lib, permitted_path=/data:/mnt/expand
09-01 23:49:07.276  6927  7453 D nativeloader: Load /data/app/~~na7dq0QJPM3TlOgWfFFaKg==/com.ss.android.ugc.aweme-sWxsoc19sPwX3CppMH73Qg==/lib/arm64/libgecko_encrypt.so using ns clns-7 from class loader (caller=/data/app/~~na7dq0QJPM3TlOgWfFFaKg==/com.ss.android.ugc.aweme-sWxsoc19sPwX3CppMH73Qg==/base.apk!classes16.dex): ok
09-01 23:49:08.285  6927  7453 D nativeloader: Load /data/app/~~na7dq0QJPM3TlOgWfFFaKg==/com.ss.android.ugc.aweme-sWxsoc19sPwX3CppMH73Qg==/lib/arm64/libnpth_repair.so using ns clns-7 from class loader (caller=/data/app/~~na7dq0QJPM3TlOgWfFFaKg==/com.ss.android.ugc.aweme-sWxsoc19sPwX3CppMH73Qg==/base.apk!classes16.dex): ok
09-01 23:49:08.311  6927  7032 D nativeloader: Load /data/app/~~na7dq0QJPM3TlOgWfFFaKg==/com.ss.android.ugc.aweme-sWxsoc19sPwX3CppMH73Qg==/lib/arm64/libmannorarmor.so using ns clns-7 from class loader (caller=/data/app/~~na7dq0QJPM3TlOgWfFFaKg==/com.ss.android.ugc.aweme-sWxsoc19sPwX3CppMH73Qg==/base.apk!classes16.dex): ok
09-01 23:49:08.331  6927  7045 D nativeloader: Load /data/app/~~na7dq0QJPM3TlOgWfFFaKg==/com.ss.android.ugc.aweme-sWxsoc19sPwX3CppMH73Qg==/lib/arm64/liblynxservice.so using ns clns-7 from class loader (caller=/data/app/~~na7dq0QJPM3TlOgWfFFaKg==/com.ss.android.ugc.aweme-sWxsoc19sPwX3CppMH73Qg==/base.apk!classes16.dex): ok
09-01 23:49:08.333  6927  7494 D nativeloader: Load /data/app/~~na7dq0QJPM3TlOgWfFFaKg==/com.ss.android.ugc.aweme-sWxsoc19sPwX3CppMH73Qg==/lib/arm64/liblynx_markdown.so using ns clns-7 from class loader (caller=/data/app/~~na7dq0QJPM3TlOgWfFFaKg==/com.ss.android.ugc.aweme-sWxsoc19sPwX3CppMH73Qg==/base.apk!classes16.dex): ok
09-01 23:49:08.333  6927  7494 D nativeloader: Load /data/app/~~na7dq0QJPM3TlOgWfFFaKg==/com.ss.android.ugc.aweme-sWxsoc19sPwX3CppMH73Qg==/lib/arm64/libtttext_lite.so using ns clns-7 from class loader (caller=/data/app/~~na7dq0QJPM3TlOgWfFFaKg==/com.ss.android.ugc.aweme-sWxsoc19sPwX3CppMH73Qg==/base.apk!classes16.dex): ok
09-01 23:49:08.349  6927  7032 D nativeloader: Load /data/app/~~na7dq0QJPM3TlOgWfFFaKg==/com.ss.android.ugc.aweme-sWxsoc19sPwX3CppMH73Qg==/lib/arm64/liblynx.so using ns clns-7 from class loader (caller=/data/app/~~na7dq0QJPM3TlOgWfFFaKg==/com.ss.android.ugc.aweme-sWxsoc19sPwX3CppMH73Qg==/base.apk!classes16.dex): ok
09-01 23:49:08.351  6927  7032 D nativeloader: Load /data/app/~~na7dq0QJPM3TlOgWfFFaKg==/com.ss.android.ugc.aweme-sWxsoc19sPwX3CppMH73Qg==/lib/arm64/liblynxtrace.so using ns clns-7 from class loader (caller=/data/app/~~na7dq0QJPM3TlOgWfFFaKg==/com.ss.android.ugc.aweme-sWxsoc19sPwX3CppMH73Qg==/base.apk!classes16.dex): ok
09-01 23:49:08.354  6927  7032 D nativeloader: Load /data/app/~~na7dq0QJPM3TlOgWfFFaKg==/com.ss.android.ugc.aweme-sWxsoc19sPwX3CppMH73Qg==/lib/arm64/libwasm.so using ns clns-7 from class loader (caller=/data/app/~~na7dq0QJPM3TlOgWfFFaKg==/com.ss.android.ugc.aweme-sWxsoc19sPwX3CppMH73Qg==/base.apk!classes16.dex): ok
09-01 23:49:08.361  6927  7494 D nativeloader: Load /data/app/~~na7dq0QJPM3TlOgWfFFaKg==/com.ss.android.ugc.aweme-sWxsoc19sPwX3CppMH73Qg==/lib/arm64/libanimax.so using ns clns-7 from class loader (caller=/data/app/~~na7dq0QJPM3TlOgWfFFaKg==/com.ss.android.ugc.aweme-sWxsoc19sPwX3CppMH73Qg==/base.apk!classes16.dex): ok
09-01 23:49:11.001  6927  7011 D nativeloader: Load /data/app/~~na7dq0QJPM3TlOgWfFFaKg==/com.ss.android.ugc.aweme-sWxsoc19sPwX3CppMH73Qg==/lib/arm64/libDavinciResourceJni.so using ns clns-7 from class loader (caller=/data/app/~~na7dq0QJPM3TlOgWfFFaKg==/com.ss.android.ugc.aweme-sWxsoc19sPwX3CppMH73Qg==/base.apk!classes16.dex): ok
09-01 23:49:11.005  6927  7011 D nativeloader: Load /data/app/~~na7dq0QJPM3TlOgWfFFaKg==/com.ss.android.ugc.aweme-sWxsoc19sPwX3CppMH73Qg==/lib/arm64/libCKResourceJni.so using ns clns-7 from class loader (caller=/data/app/~~na7dq0QJPM3TlOgWfFFaKg==/com.ss.android.ugc.aweme-sWxsoc19sPwX3CppMH73Qg==/base.apk!classes16.dex): ok
09-01 23:49:13.111  6927  7047 D nativeloader: Load /data/app/~~na7dq0QJPM3TlOgWfFFaKg==/com.ss.android.ugc.aweme-sWxsoc19sPwX3CppMH73Qg==/lib/arm64/libjarvis-experience-metric.so using ns clns-7 from class loader (caller=/data/app/~~na7dq0QJPM3TlOgWfFFaKg==/com.ss.android.ugc.aweme-sWxsoc19sPwX3CppMH73Qg==/base.apk!classes16.dex): ok
