     ____
    / _  |   Frida 17.17.0 - A world-class dynamic instrumentation toolkit
   | (_| |
    > _  |   Commands:
   /_/ |_|       help      -> Displays the help system
   . . . .       object?   -> Display information about 'object'
   . . . .       exit/quit -> Exit
   . . . .
   . . . .   Prefer a GUI? Luma is the official Frida app, with a live REPL,
   . . . .   persistent sessions & collaboration. https://luma.frida.re/
   . . . .
   . . . .   Connected to Pixel 6 (id=18201FDF6002GR)
Spawning `com.ss.android.ugc.aweme`...
Spawned `com.ss.android.ugc.aweme`. Resuming main thread!
[Pixel 6::com.ss.android.ugc.aweme ]-> [rfpkt350] java stealth unavailable, running stock Frida Java API
[rfpkt350] java ready device_id=rf-com.ss.android.ugc.aweme-12013 process=com.ss.android.ugc.aweme filterAll=true captureBodies=true task=stockfrida_samejs_captureall_20260901_235816
[rfpkt350] skip libsscronet native J.N hooks hookNativeJN=false
[rfpkt350] skip J.N hooks hookJN=false
[rfpkt350] installed CronetFixedModeOutputStream.write hook
[rfpkt350] installed CronetFixedModeOutputStream.close hook
[rfpkt350] installed CronetInputStream.read hook captureResponseBody=false
[rfpkt350] installed CronetHttpURLConnection.setRequestMethod fallback
[rfpkt350] installed CronetHttpURLConnection.addRequestProperty fallback
[rfpkt350] installed CronetHttpURLConnection.setRequestProperty fallback
[rfpkt350] installed CronetHttpURLConnection.getOutputStream fallback
[rfpkt350] installed CronetHttpURLConnection.getInputStream fallback
[rfpkt350] installed CronetHttpURLConnection.disconnect hook
[rfpkt350] skip native hook hookNative=false
Failed to load script: the connection is closed
Process crashed: Bad access due to invalid address

***
*** *** *** *** *** *** *** *** *** *** *** *** *** *** *** ***
Build fingerprint: 'google/oriole/oriole:15/BP1A.250305.019/13003188:user/release-keys'
Revision: 'MP1.0'
ABI: 'arm64'
Timestamp: 2026-09-01 23:58:18.818799399+0800
Process uptime: 3s
Cmdline: com.ss.android.ugc.aweme
pid: 12013, tid: 12053, name: #tp-io-4  >>> com.ss.android.ugc.aweme <<<
uid: 10281
tagged_addr_ctrl: 0000000000000001 (PR_TAGGED_ADDR_ENABLE)
signal 11 (SIGSEGV), code 1 (SEGV_MAPERR), fault addr 0x000367faa9026ffc
    x0  000000006f909750  x1  0000007a0ee68e40  x2  00000078006dd5d0  x3  00000078ad83810a
    x4  0000000000003071  x5  0000000000000000  x6  00000078006dd588  x7  00000078cee847f0
    x8  61ffcf8fb7bfe58e  x9  61ffcf8fb7bfe58e  x10 00000078ae3227bc  x11 0000000000002d68
    x12 0000000000000000  x13 00000078006db560  x14 000000006f953a11  x15 00000000ebad6a89
    x16 a90367faa9026ffc  x17 00000078ae051e6c  x18 0000007758e48000  x19 00000078006dd5d0
    x20 00000078ad837ebc  x21 0000000000003071  x22 00000078006dd588  x23 0000000000000000
    x24 0000000000000004  x25 0000000000000000  x26 b40000798ee334a0  x27 00000078ad838110
    x28 0000000000000000  x29 00000078006dd4c0
    lr  00000078ae322874  sp  00000078006dd3c0  pc  000367faa9026ffc  pst 0000000060001000
241 total frames
backtrace:
      #00 pc 000367faa9026ffc  <unknown>
      #01 pc 000000000076e870  /apex/com.android.art/lib64/libart.so (void art::interpreter::ExecuteSwitchImplCpp<false>(art::interpreter::SwitchImplContext*)+12208) (BuildId: c35c9ebf7bb06435e4b31977d87bd5d5)
      #02 pc 00000000003863d8  /apex/com.android.art/lib64/libart.so (ExecuteSwitchImplAsm+8) (BuildId: c35c9ebf7bb06435e4b31977d87bd5d5)
      #03 pc 0000000000237ebc  /apex/com.android.art/javalib/core-oj.jar (java.util.concurrent.ConcurrentHashMap.transfer+0)
      #04 pc 0000000000358eec  /apex/com.android.art/lib64/libart.so (art::interpreter::Execute(art::Thread*, art::CodeItemDataAccessor const&, art::ShadowFrame&, art::JValue, bool, bool) (.__uniq.112435418011751916792819755956732575238.llvm.17771861963221910393)+428) (BuildId: c35c9ebf7bb06435e4b31977d87bd5d5)
      #05 pc 0000000000367314  /apex/com.android.art/lib64/libart.so (bool art::interpreter::DoCall<false>(art::ArtMethod*, art::Thread*, art::ShadowFrame&, art::Instruction const*, unsigned short, bool, art::JValue*)+4124) (BuildId: c35c9ebf7bb06435e4b31977d87bd5d5)
      #06 pc 000000000076e870  /apex/com.android.art/lib64/libart.so (void art::interpreter::ExecuteSwitchImplCpp<false>(art::interpreter::SwitchImplContext*)+12208) (BuildId: c35c9ebf7bb06435e4b31977d87bd5d5)
      #07 pc 00000000003863d8  /apex/com.android.art/lib64/libart.so (ExecuteSwitchImplAsm+8) (BuildId: c35c9ebf7bb06435e4b31977d87bd5d5)
      #08 pc 0000000000237358  /apex/com.android.art/javalib/core-oj.jar (java.util.concurrent.ConcurrentHashMap.addCount+0)
      #09 pc 0000000000358eec  /apex/com.android.art/lib64/libart.so (art::interpreter::Execute(art::Thread*, art::CodeItemDataAccessor const&, art::ShadowFrame&, art::JValue, bool, bool) (.__uniq.112435418011751916792819755956732575238.llvm.17771861963221910393)+428) (BuildId: c35c9ebf7bb06435e4b31977d87bd5d5)
      #10 pc 0000000000367314  /apex/com.android.art/lib64/libart.so (bool art::interpreter::DoCall<false>(art::ArtMethod*, art::Thread*, art::ShadowFrame&, art::Instruction const*, unsigned short, bool, art::JValue*)+4124) (BuildId: c35c9ebf7bb06435e4b31977d87bd5d5)
      #11 pc 000000000076e870  /apex/com.android.art/lib64/libart.so (void art::interpreter::ExecuteSwitchImplCpp<false>(art::interpreter::SwitchImplContext*)+12208) (BuildId: c35c9ebf7bb06435e4b31977d87bd5d5)
      #12 pc 00000000003863d8  /apex/com.android.art/lib64/libart.so (ExecuteSwitchImplAsm+8) (BuildId: c35c9ebf7bb06435e4b31977d87bd5d5)
      #13 pc 0000000000236358  /apex/com.android.art/javalib/core-oj.jar (java.util.concurrent.ConcurrentHashMap.putVal+0)
      #14 pc 0000000000358eec  /apex/com.android.art/lib64/libart.so (art::interpreter::Execute(art::Thread*, art::CodeItemDataAccessor const&, art::ShadowFrame&, art::JValue, bool, bool) (.__uniq.112435418011751916792819755956732575238.llvm.17771861963221910393)+428) (BuildId: c35c9ebf7bb06435e4b31977d87bd5d5)
      #15 pc 0000000000367314  /apex/com.android.art/lib64/libart.so (bool art::interpreter::DoCall<false>(art::ArtMethod*, art::Thread*, art::ShadowFrame&, art::Instruction const*, unsigned short, bool, art::JValue*)+4124) (BuildId: c35c9ebf7bb06435e4b31977d87bd5d5)
      #16 pc 000000000076e870  /apex/com.android.art/lib64/libart.so (void art::interpreter::ExecuteSwitchImplCpp<false>(art::interpreter::SwitchImplContext*)+12208) (BuildId: c35c9ebf7bb06435e4b31977d87bd5d5)
      #17 pc 00000000003863d8  /apex/com.android.art/lib64/libart.so (ExecuteSwitchImplAsm+8) (BuildId: c35c9ebf7bb06435e4b31977d87bd5d5)
      #18 pc 0000000000236320  /apex/com.android.art/javalib/core-oj.jar (java.util.concurrent.ConcurrentHashMap.put+0)
      #19 pc 0000000000358eec  /apex/com.android.art/lib64/libart.so (art::interpreter::Execute(art::Thread*, art::CodeItemDataAccessor const&, art::ShadowFrame&, art::JValue, bool, bool) (.__uniq.112435418011751916792819755956732575238.llvm.17771861963221910393)+428) (BuildId: c35c9ebf7bb06435e4b31977d87bd5d5)
      #20 pc 0000000000367314  /apex/com.android.art/lib64/libart.so (bool art::interpreter::DoCall<false>(art::ArtMethod*, art::Thread*, art::ShadowFrame&, art::Instruction const*, unsigned short, bool, art::JValue*)+4124) (BuildId: c35c9ebf7bb06435e4b31977d87bd5d5)
      #21 pc 000000000076e870  /apex/com.android.art/lib64/libart.so (void art::interpreter::ExecuteSwitchImplCpp<false>(art::interpreter::SwitchImplContext*)+12208) (BuildId: c35c9ebf7bb06435e4b31977d87bd5d5)
      #22 pc 00000000003863d8  /apex/com.android.art/lib64/libart.so (ExecuteSwitchImplAsm+8) (BuildId: c35c9ebf7bb06435e4b31977d87bd5d5)
      #23 pc 000000000dc33470  /data/app/~~na7dq0QJPM3TlOgWfFFaKg==/com.ss.android.ugc.aweme-sWxsoc19sPwX3CppMH73Qg==/oat/arm64/base.vdex (com.bytedance.keva.ext.KevaMultiProcessCache$CombinedMap.put+0)
      #24 pc 0000000000358278  /apex/com.android.art/lib64/libart.so (artQuickToInterpreterBridge+1932) (BuildId: c35c9ebf7bb06435e4b31977d87bd5d5)
      #25 pc 0000000000383e98  /apex/com.android.art/lib64/libart.so (art_quick_to_interpreter_bridge+88) (BuildId: c35c9ebf7bb06435e4b31977d87bd5d5)
      #26 pc 000000000200223c  /memfd:jit-cache (deleted) (offset 0x2000000) (com.bytedance.keva.KevaImpl.buildNewMap+1756)
      #27 pc 000000000036d8d0  /apex/com.android.art/lib64/libart.so (art_quick_osr_stub+64) (BuildId: c35c9ebf7bb06435e4b31977d87bd5d5)
      #28 pc 00000000003577c8  /apex/com.android.art/lib64/libart.so (art::jit::Jit::MaybeDoOnStackReplacement(art::Thread*, art::ArtMethod*, unsigned int, int, art::JValue*)+492) (BuildId: c35c9ebf7bb06435e4b31977d87bd5d5)
      #29 pc 000000000076ba98  /apex/com.android.art/lib64/libart.so (void art::interpreter::ExecuteSwitchImplCpp<false>(art::interpreter::SwitchImplContext*)+472) (BuildId: c35c9ebf7bb06435e4b31977d87bd5d5)
      #30 pc 00000000003863d8  /apex/com.android.art/lib64/libart.so (ExecuteSwitchImplAsm+8) (BuildId: c35c9ebf7bb06435e4b31977d87bd5d5)
      #31 pc 00000000106f9638  /data/app/~~na7dq0QJPM3TlOgWfFFaKg==/com.ss.android.ugc.aweme-sWxsoc19sPwX3CppMH73Qg==/oat/arm64/base.vdex (com.bytedance.keva.KevaImpl.buildNewMap+0)
      #32 pc 0000000000358eec  /apex/com.android.art/lib64/libart.so (art::interpreter::Execute(art::Thread*, art::CodeItemDataAccessor const&, art::ShadowFrame&, art::JValue, bool, bool) (.__uniq.112435418011751916792819755956732575238.llvm.17771861963221910393)+428) (BuildId: c35c9ebf7bb06435e4b31977d87bd5d5)
      #33 pc 0000000000367314  /apex/com.android.art/lib64/libart.so (bool art::interpreter::DoCall<false>(art::ArtMethod*, art::Thread*, art::ShadowFrame&, art::Instruction const*, unsigned short, bool, art::JValue*)+4124) (BuildId: c35c9ebf7bb06435e4b31977d87bd5d5)
      #34 pc 000000000076e870  /apex/com.android.art/lib64/libart.so (void art::interpreter::ExecuteSwitchImplCpp<false>(art::interpreter::SwitchImplContext*)+12208) (BuildId: c35c9ebf7bb06435e4b31977d87bd5d5)
      #35 pc 00000000003863d8  /apex/com.android.art/lib64/libart.so (ExecuteSwitchImplAsm+8) (BuildId: c35c9ebf7bb06435e4b31977d87bd5d5)
      #36 pc 00000000103efd94  /data/app/~~na7dq0QJPM3TlOgWfFFaKg==/com.ss.android.ugc.aweme-sWxsoc19sPwX3CppMH73Qg==/oat/arm64/base.vdex (com.bytedance.keva.KevaMultiProcessImpl.buildNewMap+0)
      #37 pc 0000000000358eec  /apex/com.android.art/lib64/libart.so (art::interpreter::Execute(art::Thread*, art::CodeItemDataAccessor const&, art::ShadowFrame&, art::JValue, bool, bool) (.__uniq.112435418011751916792819755956732575238.llvm.17771861963221910393)+428) (BuildId: c35c9ebf7bb06435e4b31977d87bd5d5)
      #38 pc 0000000000367314  /apex/com.android.art/lib64/libart.so (bool art::interpreter::DoCall<false>(art::ArtMethod*, art::Thread*, art::ShadowFrame&, art::Instruction const*, unsigned short, bool, art::JValue*)+4124) (BuildId: c35c9ebf7bb06435e4b31977d87bd5d5)
      #39 pc 000000000076e870  /apex/com.android.art/lib64/libart.so (void art::interpreter::ExecuteSwitchImplCpp<false>(art::interpreter::SwitchImplContext*)+12208) (BuildId: c35c9ebf7bb06435e4b31977d87bd5d5)
      #40 pc 00000000003863d8  /apex/com.android.art/lib64/libart.so (ExecuteSwitchImplAsm+8) (BuildId: c35c9ebf7bb06435e4b31977d87bd5d5)
      #41 pc 00000000104545f0  /data/app/~~na7dq0QJPM3TlOgWfFFaKg==/com.ss.android.ugc.aweme-sWxsoc19sPwX3CppMH73Qg==/oat/arm64/base.vdex (com.bytedance.keva.ext.KevaMultiProcessCache.<init>+0)
      #42 pc 0000000000358eec  /apex/com.android.art/lib64/libart.so (art::interpreter::Execute(art::Thread*, art::CodeItemDataAccessor const&, art::ShadowFrame&, art::JValue, bool, bool) (.__uniq.112435418011751916792819755956732575238.llvm.17771861963221910393)+428) (BuildId: c35c9ebf7bb06435e4b31977d87bd5d5)
      #43 pc 0000000000367314  /apex/com.android.art/lib64/libart.so (bool art::interpreter::DoCall<false>(art::ArtMethod*, art::Thread*, art::ShadowFrame&, art::Instruction const*, unsigned short, bool, art::JValue*)+4124) (BuildId: c35c9ebf7bb06435e4b31977d87bd5d5)
      #44 pc 000000000076e870  /apex/com.android.art/lib64/libart.so (void art::interpreter::ExecuteSwitchImplCpp<false>(art::interpreter::SwitchImplContext*)+12208) (BuildId: c35c9ebf7bb06435e4b31977d87bd5d5)
      #45 pc 00000000003863d8  /apex/com.android.art/lib64/libart.so (ExecuteSwitchImplAsm+8) (BuildId: c35c9ebf7bb06435e4b31977d87bd5d5)
      #46 pc 0000000010551250  /data/app/~~na7dq0QJPM3TlOgWfFFaKg==/com.ss.android.ugc.aweme-sWxsoc19sPwX3CppMH73Qg==/oat/arm64/base.vdex (com.bytedance.keva.ext.KevaMultiProcessCache.getRepoSync+0)
      #47 pc 0000000000358eec  /apex/com.android.art/lib64/libart.so (art::interpreter::Execute(art::Thread*, art::CodeItemDataAccessor const&, art::ShadowFrame&, art::JValue, bool, bool) (.__uniq.112435418011751916792819755956732575238.llvm.17771861963221910393)+428) (BuildId: c35c9ebf7bb06435e4b31977d87bd5d5)
      #48 pc 0000000000367314  /apex/com.android.art/lib64/libart.so (bool art::interpreter::DoCall<false>(art::ArtMethod*, art::Thread*, art::ShadowFrame&, art::Instruction const*, unsigned short, bool, art::JValue*)+4124) (BuildId: c35c9ebf7bb06435e4b31977d87bd5d5)
      #49 pc 000000000076e870  /apex/com.android.art/lib64/libart.so (void art::interpreter::ExecuteSwitchImplCpp<false>(art::interpreter::SwitchImplContext*)+12208) (BuildId: c35c9ebf7bb06435e4b31977d87bd5d5)
      #50 pc 00000000003863d8  /apex/com.android.art/lib64/libart.so (ExecuteSwitchImplAsm+8) (BuildId: c35c9ebf7bb06435e4b31977d87bd5d5)
      #51 pc 000000000065e5e0  /data/app/~~na7dq0QJPM3TlOgWfFFaKg==/com.ss.android.ugc.aweme-sWxsoc19sPwX3CppMH73Qg==/oat/arm64/base.vdex (com.bytedance.ies.abmock.datacenter.storage.ConfigCenterRepoV1.<init>+0)
      #52 pc 0000000000358eec  /apex/com.android.art/lib64/libart.so (art::interpreter::Execute(art::Thread*, art::CodeItemDataAccessor const&, art::ShadowFrame&, art::JValue, bool, bool) (.__uniq.112435418011751916792819755956732575238.llvm.17771861963221910393)+428) (BuildId: c35c9ebf7bb06435e4b31977d87bd5d5)
      #53 pc 0000000000367314  /apex/com.android.art/lib64/libart.so (bool art::interpreter::DoCall<false>(art::ArtMethod*, art::Thread*, art::ShadowFrame&, art::Instruction const*, unsigned short, bool, art::JValue*)+4124) (BuildId: c35c9ebf7bb06435e4b31977d87bd5d5)
      #54 pc 000000000076e870  /apex/com.android.art/lib64/libart.so (void art::interpreter::ExecuteSwitchImplCpp<false>(art::interpreter::SwitchImplContext*)+12208) (BuildId: c35c9ebf7bb06435e4b31977d87bd5d5)
      #55 pc 00000000003863d8  /apex/com.android.art/lib64/libart.so (ExecuteSwitchImplAsm+8) (BuildId: c35c9ebf7bb06435e4b31977d87bd5d5)
      #56 pc 00000000007624fc  /data/app/~~na7dq0QJPM3TlOgWfFFaKg==/com.ss.android.ugc.aweme-sWxsoc19sPwX3CppMH73Qg==/oat/arm64/base.vdex (X.022c.getInstance+0)
      #57 pc 0000000000358eec  /apex/com.android.art/lib64/libart.so (art::interpreter::Execute(art::Thread*, art::CodeItemDataAccessor const&, art::ShadowFrame&, art::JValue, bool, bool) (.__uniq.112435418011751916792819755956732575238.llvm.17771861963221910393)+428) (BuildId: c35c9ebf7bb06435e4b31977d87bd5d5)
      #58 pc 0000000000367314  /apex/com.android.art/lib64/libart.so (bool art::interpreter::DoCall<false>(art::ArtMethod*, art::Thread*, art::ShadowFrame&, art::Instruction const*, unsigned short, bool, art::JValue*)+4124) (BuildId: c35c9ebf7bb06435e4b31977d87bd5d5)
      #59 pc 000000000076e870  /apex/com.android.art/lib64/libart.so (void art::interpreter::ExecuteSwitchImplCpp<false>(art::interpreter::SwitchImplContext*)+12208) (BuildId: c35c9ebf7bb06435e4b31977d87bd5d5)
      #60 pc 00000000003863d8  /apex/com.android.art/lib64/libart.so (ExecuteSwitchImplAsm+8) (BuildId: c35c9ebf7bb06435e4b31977d87bd5d5)
      #61 pc 00000000006ce0f0  /data/app/~~na7dq0QJPM3TlOgWfFFaKg==/com.ss.android.ugc.aweme-sWxsoc19sPwX3CppMH73Qg==/oat/arm64/base.vdex (X.022c.<clinit>+0)
      #62 pc 0000000000358278  /apex/com.android.art/lib64/libart.so (artQuickToInterpreterBridge+1932) (BuildId: c35c9ebf7bb06435e4b31977d87bd5d5)
      #63 pc 0000000000383e98  /apex/com.android.art/lib64/libart.so (art_quick_to_interpreter_bridge+88) (BuildId: c35c9ebf7bb06435e4b31977d87bd5d5)
      #64 pc 000000000036d840  /apex/com.android.art/lib64/libart.so (art_quick_invoke_static_stub+640) (BuildId: c35c9ebf7bb06435e4b31977d87bd5d5)
      #65 pc 0000000000434d28  /apex/com.android.art/lib64/libart.so (art::ClassLinker::InitializeClass(art::Thread*, art::Handle<art::mirror::Class>, bool, bool)+5260) (BuildId: c35c9ebf7bb06435e4b31977d87bd5d5)
      #66 pc 0000000000282440  /apex/com.android.art/lib64/libart.so (NterpGetStaticField+6044) (BuildId: c35c9ebf7bb06435e4b31977d87bd5d5)
      #67 pc 00000000002be2fc  /apex/com.android.art/lib64/libart.so (art::interpreter::GetFieldInfo(art::Thread*, art::ArtMethod*, unsigned short const*, bool, bool, art::ArtField**, bool*, art::MemberOffset*) (.__uniq.250819316321264462591456590757955523763)+164) (BuildId: c35c9ebf7bb06435e4b31977d87bd5d5)
      #68 pc 000000000076dca8  /apex/com.android.art/lib64/libart.so (void art::interpreter::ExecuteSwitchImplCpp<false>(art::interpreter::SwitchImplContext*)+9192) (BuildId: c35c9ebf7bb06435e4b31977d87bd5d5)
      #69 pc 00000000003863d8  /apex/com.android.art/lib64/libart.so (ExecuteSwitchImplAsm+8) (BuildId: c35c9ebf7bb06435e4b31977d87bd5d5)
      #70 pc 00000000007c5f20  /data/app/~~na7dq0QJPM3TlOgWfFFaKg==/com.ss.android.ugc.aweme-sWxsoc19sPwX3CppMH73Qg==/oat/arm64/base.vdex (com.ss.android.ugc.aweme.video.experiment.LaunchABKevaOpt.LJ+0)
      #71 pc 0000000000358eec  /apex/com.android.art/lib64/libart.so (art::interpreter::Execute(art::Thread*, art::CodeItemDataAccessor const&, art::ShadowFrame&, art::JValue, bool, bool) (.__uniq.112435418011751916792819755956732575238.llvm.17771861963221910393)+428) (BuildId: c35c9ebf7bb06435e4b31977d87bd5d5)
      #72 pc 0000000000367314  /apex/com.android.art/lib64/libart.so (bool art::interpreter::DoCall<false>(art::ArtMethod*, art::Thread*, art::ShadowFrame&, art::Instruction const*, unsigned short, bool, art::JValue*)+4124) (BuildId: c35c9ebf7bb06435e4b31977d87bd5d5)
      #73 pc 000000000076e870  /apex/com.android.art/lib64/libart.so (void art::interpreter::ExecuteSwitchImplCpp<false>(art::interpreter::SwitchImplContext*)+12208) (BuildId: c35c9ebf7bb06435e4b31977d87bd5d5)
      #74 pc 00000000003863d8  /apex/com.android.art/lib64/libart.so (ExecuteSwitchImplAsm+8) (BuildId: c35c9ebf7bb06435e4b31977d87bd5d5)
      #75 pc 0000000000a15e38  /data/app/~~na7dq0QJPM3TlOgWfFFaKg==/com.ss.android.ugc.aweme-sWxsoc19sPwX3CppMH73Qg==/oat/arm64/base.vdex (com.bytedance.ies.abmock.ABManager.com_bytedance_ies_abmock_ABManager_com_ss_android_ugc_aweme_video_experiment_ABCacheUtil_getIntValue+0)
      #76 pc 0000000000358eec  /apex/com.android.art/lib64/libart.so (art::interpreter::Execute(art::Thread*, art::CodeItemDataAccessor const&, art::ShadowFrame&, art::JValue, bool, bool) (.__uniq.112435418011751916792819755956732575238.llvm.17771861963221910393)+428) (BuildId: c35c9ebf7bb06435e4b31977d87bd5d5)
      #77 pc 0000000000367314  /apex/com.android.art/lib64/libart.so (bool art::interpreter::DoCall<false>(art::ArtMethod*, art::Thread*, art::ShadowFrame&, art::Instruction const*, unsigned short, bool, art::JValue*)+4124) (BuildId: c35c9ebf7bb06435e4b31977d87bd5d5)
      #78 pc 000000000076e870  /apex/com.android.art/lib64/libart.so (void art::interpreter::ExecuteSwitchImplCpp<false>(art::interpreter::SwitchImplContext*)+12208) (BuildId: c35c9ebf7bb06435e4b31977d87bd5d5)
      #79 pc 00000000003863d8  /apex/com.android.art/lib64/libart.so (ExecuteSwitchImplAsm+8) (BuildId: c35c9ebf7bb06435e4b31977d87bd5d5)
      #80 pc 000000000061b9d4  /data/app/~~na7dq0QJPM3TlOgWfFFaKg==/com.ss.android.ugc.aweme-sWxsoc19sPwX3CppMH73Qg==/oat/arm64/base.vdex (com.bytedance.ies.abmock.ABManager.getIntValue+0)
      #81 pc 0000000000358eec  /apex/com.android.art/lib64/libart.so (art::interpreter::Execute(art::Thread*, art::CodeItemDataAccessor const&, art::ShadowFrame&, art::JValue, bool, bool) (.__uniq.112435418011751916792819755956732575238.llvm.17771861963221910393)+428) (BuildId: c35c9ebf7bb06435e4b31977d87bd5d5)
      #82 pc 0000000000367314  /apex/com.android.art/lib64/libart.so (bool art::interpreter::DoCall<false>(art::ArtMethod*, art::Thread*, art::ShadowFrame&, art::Instruction const*, unsigned short, bool, art::JValue*)+4124) (BuildId: c35c9ebf7bb06435e4b31977d87bd5d5)
      #83 pc 000000000076e870  /apex/com.android.art/lib64/libart.so (void art::interpreter::ExecuteSwitchImplCpp<false>(art::interpreter::SwitchImplContext*)+12208) (BuildId: c35c9ebf7bb06435e4b31977d87bd5d5)
      #84 pc 00000000003863d8  /apex/com.android.art/lib64/libart.so (ExecuteSwitchImplAsm+8) (BuildId: c35c9ebf7bb06435e4b31977d87bd5d5)
      #85 pc 00000000077392a4  /data/app/~~na7dq0QJPM3TlOgWfFFaKg==/com.ss.android.ugc.aweme-sWxsoc19sPwX3CppMH73Qg==/oat/arm64/base.vdex (kotlin.jvm.internal.AFLambdaS309S0000000_20.invoke$751+0)
      #86 pc 0000000000358eec  /apex/com.android.art/lib64/libart.so (art::interpreter::Execute(art::Thread*, art::CodeItemDataAccessor const&, art::ShadowFrame&, art::JValue, bool, bool) (.__uniq.112435418011751916792819755956732575238.llvm.17771861963221910393)+428) (BuildId: c35c9ebf7bb06435e4b31977d87bd5d5)
      #87 pc 0000000000367314  /apex/com.android.art/lib64/libart.so (bool art::interpreter::DoCall<false>(art::ArtMethod*, art::Thread*, art::ShadowFrame&, art::Instruction const*, unsigned short, bool, art::JValue*)+4124) (BuildId: c35c9ebf7bb06435e4b31977d87bd5d5)
      #88 pc 000000000076e870  /apex/com.android.art/lib64/libart.so (void art::interpreter::ExecuteSwitchImplCpp<false>(art::interpreter::SwitchImplContext*)+12208) (BuildId: c35c9ebf7bb06435e4b31977d87bd5d5)
      #89 pc 00000000003863d8  /apex/com.android.art/lib64/libart.so (ExecuteSwitchImplAsm+8) (BuildId: c35c9ebf7bb06435e4b31977d87bd5d5)
      #90 pc 00000000076e4e60  /data/app/~~na7dq0QJPM3TlOgWfFFaKg==/com.ss.android.ugc.aweme-sWxsoc19sPwX3CppMH73Qg==/oat/arm64/base.vdex (kotlin.jvm.internal.AFLambdaS309S0000000_20.invoke+0)
      #91 pc 0000000000358eec  /apex/com.android.art/lib64/libart.so (art::interpreter::Execute(art::Thread*, art::CodeItemDataAccessor const&, art::ShadowFrame&, art::JValue, bool, bool) (.__uniq.112435418011751916792819755956732575238.llvm.17771861963221910393)+428) (BuildId: c35c9ebf7bb06435e4b31977d87bd5d5)
      #92 pc 0000000000367314  /apex/com.android.art/lib64/libart.so (bool art::interpreter::DoCall<false>(art::ArtMethod*, art::Thread*, art::ShadowFrame&, art::Instruction const*, unsigned short, bool, art::JValue*)+4124) (BuildId: c35c9ebf7bb06435e4b31977d87bd5d5)
      #93 pc 000000000076e870  /apex/com.android.art/lib64/libart.so (void art::interpreter::ExecuteSwitchImplCpp<false>(art::interpreter::SwitchImplContext*)+12208) (BuildId: c35c9ebf7bb06435e4b31977d87bd5d5)
      #94 pc 00000000003863d8  /apex/com.android.art/lib64/libart.so (ExecuteSwitchImplAsm+8) (BuildId: c35c9ebf7bb06435e4b31977d87bd5d5)
      #95 pc 000000000085fcac  /data/app/~~na7dq0QJPM3TlOgWfFFaKg==/com.ss.android.ugc.aweme-sWxsoc19sPwX3CppMH73Qg==/oat/arm64/base.vdex (kotlin.SynchronizedLazyImpl.getValue+0)
      #96 pc 0000000000358eec  /apex/com.android.art/lib64/libart.so (art::interpreter::Execute(art::Thread*, art::CodeItemDataAccessor const&, art::ShadowFrame&, art::JValue, bool, bool) (.__uniq.112435418011751916792819755956732575238.llvm.17771861963221910393)+428) (BuildId: c35c9ebf7bb06435e4b31977d87bd5d5)
      #97 pc 0000000000367314  /apex/com.android.art/lib64/libart.so (bool art::interpreter::DoCall<false>(art::ArtMethod*, art::Thread*, art::ShadowFrame&, art::Instruction const*, unsigned short, bool, art::JValue*)+4124) (BuildId: c35c9ebf7bb06435e4b31977d87bd5d5)
      #98 pc 000000000076e870  /apex/com.android.art/lib64/libart.so (void art::interpreter::ExecuteSwitchImplCpp<false>(art::interpreter::SwitchImplContext*)+12208) (BuildId: c35c9ebf7bb06435e4b31977d87bd5d5)
      #99 pc 00000000003863d8  /apex/com.android.art/lib64/libart.so (ExecuteSwitchImplAsm+8) (BuildId: c35c9ebf7bb06435e4b31977d87bd5d5)
      #100 pc 000000000777d850  /data/app/~~na7dq0QJPM3TlOgWfFFaKg==/com.ss.android.ugc.aweme-sWxsoc19sPwX3CppMH73Qg==/oat/arm64/base.vdex (com.ss.android.ugc.aweme.utils.GsonHolder.LIZ+0)
      #101 pc 0000000000358eec  /apex/com.android.art/lib64/libart.so (art::interpreter::Execute(art::Thread*, art::CodeItemDataAccessor const&, art::ShadowFrame&, art::JValue, bool, bool) (.__uniq.112435418011751916792819755956732575238.llvm.17771861963221910393)+428) (BuildId: c35c9ebf7bb06435e4b31977d87bd5d5)
      #102 pc 0000000000367314  /apex/com.android.art/lib64/libart.so (bool art::interpreter::DoCall<false>(art::ArtMethod*, art::Thread*, art::ShadowFrame&, art::Instruction const*, unsigned short, bool, art::JValue*)+4124) (BuildId: c35c9ebf7bb06435e4b31977d87bd5d5)
      #103 pc 000000000076e870  /apex/com.android.art/lib64/libart.so (void art::interpreter::ExecuteSwitchImplCpp<false>(art::interpreter::SwitchImplContext*)+12208) (BuildId: c35c9ebf7bb06435e4b31977d87bd5d5)
      #104 pc 00000000003863d8  /apex/com.android.art/lib64/libart.so (ExecuteSwitchImplAsm+8) (BuildId: c35c9ebf7bb06435e4b31977d87bd5d5)
      #105 pc 00000000077599d0  /data/app/~~na7dq0QJPM3TlOgWfFFaKg==/com.ss.android.ugc.aweme-sWxsoc19sPwX3CppMH73Qg==/oat/arm64/base.vdex (com.ss.android.ugc.aweme.utils.GsonHolder.<init>+0)
      #106 pc 0000000000358eec  /apex/com.android.art/lib64/libart.so (art::interpreter::Execute(art::Thread*, art::CodeItemDataAccessor const&, art::ShadowFrame&, art::JValue, bool, bool) (.__uniq.112435418011751916792819755956732575238.llvm.17771861963221910393)+428) (BuildId: c35c9ebf7bb06435e4b31977d87bd5d5)
      #107 pc 0000000000367314  /apex/com.android.art/lib64/libart.so (bool art::interpreter::DoCall<false>(art::ArtMethod*, art::Thread*, art::ShadowFrame&, art::Instruction const*, unsigned short, bool, art::JValue*)+4124) (BuildId: c35c9ebf7bb06435e4b31977d87bd5d5)
      #108 pc 000000000076e870  /apex/com.android.art/lib64/libart.so (void art::interpreter::ExecuteSwitchImplCpp<false>(art::interpreter::SwitchImplContext*)+12208) (BuildId: c35c9ebf7bb06435e4b31977d87bd5d5)
      #109 pc 00000000003863d8  /apex/com.android.art/lib64/libart.so (ExecuteSwitchImplAsm+8) (BuildId: c35c9ebf7bb06435e4b31977d87bd5d5)
      #110 pc 0000000007960cf0  /data/app/~~na7dq0QJPM3TlOgWfFFaKg==/com.ss.android.ugc.aweme-sWxsoc19sPwX3CppMH73Qg==/oat/arm64/base.vdex (com.ss.android.ugc.aweme.utils.GsonHolder.LIZJ+0)
      #111 pc 0000000000358eec  /apex/com.android.art/lib64/libart.so (art::interpreter::Execute(art::Thread*, art::CodeItemDataAccessor const&, art::ShadowFrame&, art::JValue, bool, bool) (.__uniq.112435418011751916792819755956732575238.llvm.17771861963221910393)+428) (BuildId: c35c9ebf7bb06435e4b31977d87bd5d5)
      #112 pc 0000000000367314  /apex/com.android.art/lib64/libart.so (bool art::interpreter::DoCall<false>(art::ArtMethod*, art::Thread*, art::ShadowFrame&, art::Instruction const*, unsigned short, bool, art::JValue*)+4124) (BuildId: c35c9ebf7bb06435e4b31977d87bd5d5)
      #113 pc 000000000076e870  /apex/com.android.art/lib64/libart.so (void art::interpreter::ExecuteSwitchImplCpp<false>(art::interpreter::SwitchImplContext*)+12208) (BuildId: c35c9ebf7bb06435e4b31977d87bd5d5)
      #114 pc 00000000003863d8  /apex/com.android.art/lib64/libart.so (ExecuteSwitchImplAsm+8) (BuildId: c35c9ebf7bb06435e4b31977d87bd5d5)
      #115 pc 00000000076acca8  /data/app/~~na7dq0QJPM3TlOgWfFFaKg==/com.ss.android.ugc.aweme-sWxsoc19sPwX3CppMH73Qg==/oat/arm64/base.vdex (com.ss.android.ugc.aweme.utils.GsonHolder.LIZIZ+0)
      #116 pc 0000000000358eec  /apex/com.android.art/lib64/libart.so (art::interpreter::Execute(art::Thread*, art::CodeItemDataAccessor const&, art::ShadowFrame&, art::JValue, bool, bool) (.__uniq.112435418011751916792819755956732575238.llvm.17771861963221910393)+428) (BuildId: c35c9ebf7bb06435e4b31977d87bd5d5)
      #117 pc 0000000000367314  /apex/com.android.art/lib64/libart.so (bool art::interpreter::DoCall<false>(art::ArtMethod*, art::Thread*, art::ShadowFrame&, art::Instruction const*, unsigned short, bool, art::JValue*)+4124) (BuildId: c35c9ebf7bb06435e4b31977d87bd5d5)
      #118 pc 000000000076e870  /apex/com.android.art/lib64/libart.so (void art::interpreter::ExecuteSwitchImplCpp<false>(art::interpreter::SwitchImplContext*)+12208) (BuildId: c35c9ebf7bb06435e4b31977d87bd5d5)
      #119 pc 00000000003863d8  /apex/com.android.art/lib64/libart.so (ExecuteSwitchImplAsm+8) (BuildId: c35c9ebf7bb06435e4b31977d87bd5d5)
      #120 pc 000000000060aa90  /data/app/~~na7dq0QJPM3TlOgWfFFaKg==/com.ss.android.ugc.aweme-sWxsoc19sPwX3CppMH73Qg==/oat/arm64/base.vdex (com.ss.android.ugc.aweme.utils.GsonProvider$-CC.get+0)
      #121 pc 0000000000358eec  /apex/com.android.art/lib64/libart.so (art::interpreter::Execute(art::Thread*, art::CodeItemDataAccessor const&, art::ShadowFrame&, art::JValue, bool, bool) (.__uniq.112435418011751916792819755956732575238.llvm.17771861963221910393)+428) (BuildId: c35c9ebf7bb06435e4b31977d87bd5d5)
      #122 pc 0000000000367314  /apex/com.android.art/lib64/libart.so (bool art::interpreter::DoCall<false>(art::ArtMethod*, art::Thread*, art::ShadowFrame&, art::Instruction const*, unsigned short, bool, art::JValue*)+4124) (BuildId: c35c9ebf7bb06435e4b31977d87bd5d5)
      #123 pc 000000000076e870  /apex/com.android.art/lib64/libart.so (void art::interpreter::ExecuteSwitchImplCpp<false>(art::interpreter::SwitchImplContext*)+12208) (BuildId: c35c9ebf7bb06435e4b31977d87bd5d5)
      #124 pc 00000000003863d8  /apex/com.android.art/lib64/libart.so (ExecuteSwitchImplAsm+8) (BuildId: c35c9ebf7bb06435e4b31977d87bd5d5)
      #125 pc 00000000008e0b18  /data/app/~~na7dq0QJPM3TlOgWfFFaKg==/com.ss.android.ugc.aweme-sWxsoc19sPwX3CppMH73Qg==/oat/arm64/base.vdex (com.ss.android.ugc.aweme.video.simplayer.PlayerSettingServiceImpl.get+0)
      #126 pc 0000000000358eec  /apex/com.android.art/lib64/libart.so (art::interpreter::Execute(art::Thread*, art::CodeItemDataAccessor const&, art::ShadowFrame&, art::JValue, bool, bool) (.__uniq.112435418011751916792819755956732575238.llvm.17771861963221910393)+428) (BuildId: c35c9ebf7bb06435e4b31977d87bd5d5)
      #127 pc 000000000035a538  /apex/com.android.art/lib64/libart.so (art::interpreter::ArtInterpreterToInterpreterBridge(art::Thread*, art::CodeItemDataAccessor const&, art::ShadowFrame*, art::JValue*)+100) (BuildId: c35c9ebf7bb06435e4b31977d87bd5d5)
      #128 pc 000000000035367c  /apex/com.android.art/lib64/libart.so (bool art::interpreter::DoCall<true>(art::ArtMethod*, art::Thread*, art::ShadowFrame&, art::Instruction const*, unsigned short, bool, art::JValue*)+792) (BuildId: c35c9ebf7bb06435e4b31977d87bd5d5)
      #129 pc 000000000076e964  /apex/com.android.art/lib64/libart.so (void art::interpreter::ExecuteSwitchImplCpp<false>(art::interpreter::SwitchImplContext*)+12452) (BuildId: c35c9ebf7bb06435e4b31977d87bd5d5)
      #130 pc 00000000003863d8  /apex/com.android.art/lib64/libart.so (ExecuteSwitchImplAsm+8) (BuildId: c35c9ebf7bb06435e4b31977d87bd5d5)
      #131 pc 00000000104f99f8  /data/app/~~na7dq0QJPM3TlOgWfFFaKg==/com.ss.android.ugc.aweme-sWxsoc19sPwX3CppMH73Qg==/oat/arm64/base.vdex (X.0yRK.LIZ+0)
      #132 pc 0000000000358eec  /apex/com.android.art/lib64/libart.so (art::interpreter::Execute(art::Thread*, art::CodeItemDataAccessor const&, art::ShadowFrame&, art::JValue, bool, bool) (.__uniq.112435418011751916792819755956732575238.llvm.17771861963221910393)+428) (BuildId: c35c9ebf7bb06435e4b31977d87bd5d5)
      #133 pc 0000000000367314  /apex/com.android.art/lib64/libart.so (bool art::interpreter::DoCall<false>(art::ArtMethod*, art::Thread*, art::ShadowFrame&, art::Instruction const*, unsigned short, bool, art::JValue*)+4124) (BuildId: c35c9ebf7bb06435e4b31977d87bd5d5)
      #134 pc 000000000076e870  /apex/com.android.art/lib64/libart.so (void art::interpreter::ExecuteSwitchImplCpp<false>(art::interpreter::SwitchImplContext*)+12208) (BuildId: c35c9ebf7bb06435e4b31977d87bd5d5)
      #135 pc 00000000003863d8  /apex/com.android.art/lib64/libart.so (ExecuteSwitchImplAsm+8) (BuildId: c35c9ebf7bb06435e4b31977d87bd5d5)
      #136 pc 00000000103e3448  /data/app/~~na7dq0QJPM3TlOgWfFFaKg==/com.ss.android.ugc.aweme-sWxsoc19sPwX3CppMH73Qg==/oat/arm64/base.vdex (com.ss.android.ugc.playerkit.exp.PlayerSettingCenterKt$lazySettingVal$1.invoke+0)
      #137 pc 0000000000358eec  /apex/com.android.art/lib64/libart.so (art::interpreter::Execute(art::Thread*, art::CodeItemDataAccessor const&, art::ShadowFrame&, art::JValue, bool, bool) (.__uniq.112435418011751916792819755956732575238.llvm.17771861963221910393)+428) (BuildId: c35c9ebf7bb06435e4b31977d87bd5d5)
      #138 pc 0000000000367314  /apex/com.android.art/lib64/libart.so (bool art::interpreter::DoCall<false>(art::ArtMethod*, art::Thread*, art::ShadowFrame&, art::Instruction const*, unsigned short, bool, art::JValue*)+4124) (BuildId: c35c9ebf7bb06435e4b31977d87bd5d5)
      #139 pc 000000000076e870  /apex/com.android.art/lib64/libart.so (void art::interpreter::ExecuteSwitchImplCpp<false>(art::interpreter::SwitchImplContext*)+12208) (BuildId: c35c9ebf7bb06435e4b31977d87bd5d5)
      #140 pc 00000000003863d8  /apex/com.android.art/lib64/libart.so (ExecuteSwitchImplAsm+8) (BuildId: c35c9ebf7bb06435e4b31977d87bd5d5)
      #141 pc 000000000085fcac  /data/app/~~na7dq0QJPM3TlOgWfFFaKg==/com.ss.android.ugc.aweme-sWxsoc19sPwX3CppMH73Qg==/oat/arm64/base.vdex (kotlin.SynchronizedLazyImpl.getValue+0)
      #142 pc 0000000000358eec  /apex/com.android.art/lib64/libart.so (art::interpreter::Execute(art::Thread*, art::CodeItemDataAccessor const&, art::ShadowFrame&, art::JValue, bool, bool) (.__uniq.112435418011751916792819755956732575238.llvm.17771861963221910393)+428) (BuildId: c35c9ebf7bb06435e4b31977d87bd5d5)
      #143 pc 0000000000367314  /apex/com.android.art/lib64/libart.so (bool art::interpreter::DoCall<false>(art::ArtMethod*, art::Thread*, art::ShadowFrame&, art::Instruction const*, unsigned short, bool, art::JValue*)+4124) (BuildId: c35c9ebf7bb06435e4b31977d87bd5d5)
      #144 pc 000000000076e870  /apex/com.android.art/lib64/libart.so (void art::interpreter::ExecuteSwitchImplCpp<false>(art::interpreter::SwitchImplContext*)+12208) (BuildId: c35c9ebf7bb06435e4b31977d87bd5d5)
      #145 pc 00000000003863d8  /apex/com.android.art/lib64/libart.so (ExecuteSwitchImplAsm+8) (BuildId: c35c9ebf7bb06435e4b31977d87bd5d5)
      #146 pc 0000000016830e70  /data/app/~~na7dq0QJPM3TlOgWfFFaKg==/com.ss.android.ugc.aweme-sWxsoc19sPwX3CppMH73Qg==/oat/arm64/base.vdex (com.ss.android.ugc.playerkit.exp.PlayerSettingCenter.getPLAYER_SESSION_THREAD_PRIORITY_CONFIG+0)
      #147 pc 0000000000358eec  /apex/com.android.art/lib64/libart.so (art::interpreter::Execute(art::Thread*, art::CodeItemDataAccessor const&, art::ShadowFrame&, art::JValue, bool, bool) (.__uniq.112435418011751916792819755956732575238.llvm.17771861963221910393)+428) (BuildId: c35c9ebf7bb06435e4b31977d87bd5d5)
      #148 pc 0000000000367314  /apex/com.android.art/lib64/libart.so (bool art::interpreter::DoCall<false>(art::ArtMethod*, art::Thread*, art::ShadowFrame&, art::Instruction const*, unsigned short, bool, art::JValue*)+4124) (BuildId: c35c9ebf7bb06435e4b31977d87bd5d5)
      #149 pc 000000000076e870  /apex/com.android.art/lib64/libart.so (void art::interpreter::ExecuteSwitchImplCpp<false>(art::interpreter::SwitchImplContext*)+12208) (BuildId: c35c9ebf7bb06435e4b31977d87bd5d5)
      #150 pc 00000000003863d8  /apex/com.android.art/lib64/libart.so (ExecuteSwitchImplAsm+8) (BuildId: c35c9ebf7bb06435e4b31977d87bd5d5)
      #151 pc 00000000169d98d0  /data/app/~~na7dq0QJPM3TlOgWfFFaKg==/com.ss.android.ugc.aweme-sWxsoc19sPwX3CppMH73Qg==/oat/arm64/base.vdex (com.ss.android.ugc.playerkit.exp.PlayerSettingCenter.initMap+0)
      #152 pc 0000000000358eec  /apex/com.android.art/lib64/libart.so (art::interpreter::Execute(art::Thread*, art::CodeItemDataAccessor const&, art::ShadowFrame&, art::JValue, bool, bool) (.__uniq.112435418011751916792819755956732575238.llvm.17771861963221910393)+428) (BuildId: c35c9ebf7bb06435e4b31977d87bd5d5)
      #153 pc 0000000000367314  /apex/com.android.art/lib64/libart.so (bool art::interpreter::DoCall<false>(art::ArtMethod*, art::Thread*, art::ShadowFrame&, art::Instruction const*, unsigned short, bool, art::JValue*)+4124) (BuildId: c35c9ebf7bb06435e4b31977d87bd5d5)
      #154 pc 000000000076e870  /apex/com.android.art/lib64/libart.so (void art::interpreter::ExecuteSwitchImplCpp<false>(art::interpreter::SwitchImplContext*)+12208) (BuildId: c35c9ebf7bb06435e4b31977d87bd5d5)
      #155 pc 00000000003863d8  /apex/com.android.art/lib64/libart.so (ExecuteSwitchImplAsm+8) (BuildId: c35c9ebf7bb06435e4b31977d87bd5d5)
      #156 pc 00000000103e8b4c  /data/app/~~na7dq0QJPM3TlOgWfFFaKg==/com.ss.android.ugc.aweme-sWxsoc19sPwX3CppMH73Qg==/oat/arm64/base.vdex (X.0yOY.run+0)
      #157 pc 0000000000358eec  /apex/com.android.art/lib64/libart.so (art::interpreter::Execute(art::Thread*, art::CodeItemDataAccessor const&, art::ShadowFrame&, art::JValue, bool, bool) (.__uniq.112435418011751916792819755956732575238.llvm.17771861963221910393)+428) (BuildId: c35c9ebf7bb06435e4b31977d87bd5d5)
      #158 pc 0000000000367314  /apex/com.android.art/lib64/libart.so (bool art::interpreter::DoCall<false>(art::ArtMethod*, art::Thread*, art::ShadowFrame&, art::Instruction const*, unsigned short, bool, art::JValue*)+4124) (BuildId: c35c9ebf7bb06435e4b31977d87bd5d5)
      #159 pc 000000000076e870  /apex/com.android.art/lib64/libart.so (void art::interpreter::ExecuteSwitchImplCpp<false>(art::interpreter::SwitchImplContext*)+12208) (BuildId: c35c9ebf7bb06435e4b31977d87bd5d5)
      #160 pc 00000000003863d8  /apex/com.android.art/lib64/libart.so (ExecuteSwitchImplAsm+8) (BuildId: c35c9ebf7bb06435e4b31977d87bd5d5)
      #161 pc 00000000002583a4  /apex/com.android.art/javalib/core-oj.jar (java.util.concurrent.ThreadPoolExecutor.runWorker+0)
      #162 pc 0000000000358eec  /apex/com.android.art/lib64/libart.so (art::interpreter::Execute(art::Thread*, art::CodeItemDataAccessor const&, art::ShadowFrame&, art::JValue, bool, bool) (.__uniq.112435418011751916792819755956732575238.llvm.17771861963221910393)+428) (BuildId: c35c9ebf7bb06435e4b31977d87bd5d5)
      #163 pc 0000000000367314  /apex/com.android.art/lib64/libart.so (bool art::interpreter::DoCall<false>(art::ArtMethod*, art::Thread*, art::ShadowFrame&, art::Instruction const*, unsigned short, bool, art::JValue*)+4124) (BuildId: c35c9ebf7bb06435e4b31977d87bd5d5)
      #164 pc 000000000076e870  /apex/com.android.art/lib64/libart.so (void art::interpreter::ExecuteSwitchImplCpp<false>(art::interpreter::SwitchImplContext*)+12208) (BuildId: c35c9ebf7bb06435e4b31977d87bd5d5)
      #165 pc 00000000003863d8  /apex/com.android.art/lib64/libart.so (ExecuteSwitchImplAsm+8) (BuildId: c35c9ebf7bb06435e4b31977d87bd5d5)
      #166 pc 000000000025723c  /apex/com.android.art/javalib/core-oj.jar (java.util.concurrent.ThreadPoolExecutor$Worker.run+0)
      #167 pc 0000000000358eec  /apex/com.android.art/lib64/libart.so (art::interpreter::Execute(art::Thread*, art::CodeItemDataAccessor const&, art::ShadowFrame&, art::JValue, bool, bool) (.__uniq.112435418011751916792819755956732575238.llvm.17771861963221910393)+428) (BuildId: c35c9ebf7bb06435e4b31977d87bd5d5)
      #168 pc 0000000000367314  /apex/com.android.art/lib64/libart.so (bool art::interpreter::DoCall<false>(art::ArtMethod*, art::Thread*, art::ShadowFrame&, art::Instruction const*, unsigned short, bool, art::JValue*)+4124) (BuildId: c35c9ebf7bb06435e4b31977d87bd5d5)
      #169 pc 000000000076e870  /apex/com.android.art/lib64/libart.so (void art::interpreter::ExecuteSwitchImplCpp<false>(art::interpreter::SwitchImplContext*)+12208) (BuildId: c35c9ebf7bb06435e4b31977d87bd5d5)
      #170 pc 00000000003863d8  /apex/com.android.art/lib64/libart.so (ExecuteSwitchImplAsm+8) (BuildId: c35c9ebf7bb06435e4b31977d87bd5d5)
      #171 pc 00000000142a9d24  /data/app/~~na7dq0QJPM3TlOgWfFFaKg==/com.ss.android.ugc.aweme-sWxsoc19sPwX3CppMH73Qg==/oat/arm64/base.vdex (X.1609.run+0)
      #172 pc 0000000000358eec  /apex/com.android.art/lib64/libart.so (art::interpreter::Execute(art::Thread*, art::CodeItemDataAccessor const&, art::ShadowFrame&, art::JValue, bool, bool) (.__uniq.112435418011751916792819755956732575238.llvm.17771861963221910393)+428) (BuildId: c35c9ebf7bb06435e4b31977d87bd5d5)
      #173 pc 0000000000367314  /apex/com.android.art/lib64/libart.so (bool art::interpreter::DoCall<false>(art::ArtMethod*, art::Thread*, art::ShadowFrame&, art::Instruction const*, unsigned short, bool, art::JValue*)+4124) (BuildId: c35c9ebf7bb06435e4b31977d87bd5d5)
      #174 pc 000000000076e870  /apex/com.android.art/lib64/libart.so (void art::interpreter::ExecuteSwitchImplCpp<false>(art::interpreter::SwitchImplContext*)+12208) (BuildId: c35c9ebf7bb06435e4b31977d87bd5d5)
      #175 pc 00000000003863d8  /apex/com.android.art/lib64/libart.so (ExecuteSwitchImplAsm+8) (BuildId: c35c9ebf7bb06435e4b31977d87bd5d5)
      #176 pc 0000000000117a28  /apex/com.android.art/javalib/core-oj.jar (java.lang.Thread.run+0)
      #177 pc 0000000000358eec  /apex/com.android.art/lib64/libart.so (art::interpreter::Execute(art::Thread*, art::CodeItemDataAccessor const&, art::ShadowFrame&, art::JValue, bool, bool) (.__uniq.112435418011751916792819755956732575238.llvm.17771861963221910393)+428) (BuildId: c35c9ebf7bb06435e4b31977d87bd5d5)
      #178 pc 0000000000367314  /apex/com.android.art/lib64/libart.so (bool art::interpreter::DoCall<false>(art::ArtMethod*, art::Thread*, art::ShadowFrame&, art::Instruction const*, unsigned short, bool, art::JValue*)+4124) (BuildId: c35c9ebf7bb06435e4b31977d87bd5d5)
      #179 pc 000000000076e870  /apex/com.android.art/lib64/libart.so (void art::interpreter::ExecuteSwitchImplCpp<false>(art::interpreter::SwitchImplContext*)+12208) (BuildId: c35c9ebf7bb06435e4b31977d87bd5d5)
      #180 pc 00000000003863d8  /apex/com.android.art/lib64/libart.so (ExecuteSwitchImplAsm+8) (BuildId: c35c9ebf7bb06435e4b31977d87bd5d5)
      #181 pc 000000001053f8bc  /data/app/~~na7dq0QJPM3TlOgWfFFaKg==/com.ss.android.ugc.aweme-sWxsoc19sPwX3CppMH73Qg==/oat/arm64/base.vdex (com.ss.android.ugc.bytex.pthread.base.proxy.PthreadThreadV2.run+0)
      #182 pc 0000000000358eec  /apex/com.android.art/lib64/libart.so (art::interpreter::Execute(art::Thread*, art::CodeItemDataAccessor const&, art::ShadowFrame&, art::JValue, bool, bool) (.__uniq.112435418011751916792819755956732575238.llvm.17771861963221910393)+428) (BuildId: c35c9ebf7bb06435e4b31977d87bd5d5)
      #183 pc 0000000000367314  /apex/com.android.art/lib64/libart.so (bool art::interpreter::DoCall<false>(art::ArtMethod*, art::Thread*, art::ShadowFrame&, art::Instruction const*, unsigned short, bool, art::JValue*)+4124) (BuildId: c35c9ebf7bb06435e4b31977d87bd5d5)
      #184 pc 000000000076e870  /apex/com.android.art/lib64/libart.so (void art::interpreter::ExecuteSwitchImplCpp<false>(art::interpreter::SwitchImplContext*)+12208) (BuildId: c35c9ebf7bb06435e4b31977d87bd5d5)
      #185 pc 00000000003863d8  /apex/com.android.art/lib64/libart.so (ExecuteSwitchImplAsm+8) (BuildId: c35c9ebf7bb06435e4b31977d87bd5d5)
      #186 pc 0000000010548ad8  /data/app/~~na7dq0QJPM3TlOgWfFFaKg==/com.ss.android.ugc.aweme-sWxsoc19sPwX3CppMH73Qg==/oat/arm64/base.vdex (com.ss.android.ugc.bytex.async.stack.delegate.TransmitThread.run+0)
      #187 pc 0000000000358eec  /apex/com.android.art/lib64/libart.so (art::interpreter::Execute(art::Thread*, art::CodeItemDataAccessor const&, art::ShadowFrame&, art::JValue, bool, bool) (.__uniq.112435418011751916792819755956732575238.llvm.17771861963221910393)+428) (BuildId: c35c9ebf7bb06435e4b31977d87bd5d5)
      #188 pc 0000000000367314  /apex/com.android.art/lib64/libart.so (bool art::interpreter::DoCall<false>(art::ArtMethod*, art::Thread*, art::ShadowFrame&, art::Instruction const*, unsigned short, bool, art::JValue*)+4124) (BuildId: c35c9ebf7bb06435e4b31977d87bd5d5)
      #189 pc 000000000076e870  /apex/com.android.art/lib64/libart.so (void art::interpreter::ExecuteSwitchImplCpp<false>(art::interpreter::SwitchImplContext*)+12208) (BuildId: c35c9ebf7bb06435e4b31977d87bd5d5)
      #190 pc 00000000003863d8  /apex/com.android.art/lib64/libart.so (ExecuteSwitchImplAsm+8) (BuildId: c35c9ebf7bb06435e4b31977d87bd5d5)
      #191 pc 000000001055bb98  /data/app/~~na7dq0QJPM3TlOgWfFFaKg==/com.ss.android.ugc.aweme-sWxsoc19sPwX3CppMH73Qg==/oat/arm64/base.vdex (com.ss.android.ugc.nimbleworker.task.RunnableSessionThreadWrapper.doWork+0)
      #192 pc 0000000000358eec  /apex/com.android.art/lib64/libart.so (art::interpreter::Execute(art::Thread*, art::CodeItemDataAccessor const&, art::ShadowFrame&, art::JValue, bool, bool) (.__uniq.112435418011751916792819755956732575238.llvm.17771861963221910393)+428) (BuildId: c35c9ebf7bb06435e4b31977d87bd5d5)
      #193 pc 0000000000367314  /apex/com.android.art/lib64/libart.so (bool art::interpreter::DoCall<false>(art::ArtMethod*, art::Thread*, art::ShadowFrame&, art::Instruction const*, unsigned short, bool, art::JValue*)+4124) (BuildId: c35c9ebf7bb06435e4b31977d87bd5d5)
      #194 pc 000000000076e870  /apex/com.android.art/lib64/libart.so (void art::interpreter::ExecuteSwitchImplCpp<false>(art::interpreter::SwitchImplContext*)+12208) (BuildId: c35c9ebf7bb06435e4b31977d87bd5d5)
      #195 pc 00000000003863d8  /apex/com.android.art/lib64/libart.so (ExecuteSwitchImplAsm+8) (BuildId: c35c9ebf7bb06435e4b31977d87bd5d5)
      #196 pc 0000000010563d78  /data/app/~~na7dq0QJPM3TlOgWfFFaKg==/com.ss.android.ugc.aweme-sWxsoc19sPwX3CppMH73Qg==/oat/arm64/base.vdex (com.ss.android.ugc.nimbleworker.task.RunnableSessionScheduleWrapper.run+0)
      #197 pc 0000000000358eec  /apex/com.android.art/lib64/libart.so (art::interpreter::Execute(art::Thread*, art::CodeItemDataAccessor const&, art::ShadowFrame&, art::JValue, bool, bool) (.__uniq.112435418011751916792819755956732575238.llvm.17771861963221910393)+428) (BuildId: c35c9ebf7bb06435e4b31977d87bd5d5)
      #198 pc 0000000000367314  /apex/com.android.art/lib64/libart.so (bool art::interpreter::DoCall<false>(art::ArtMethod*, art::Thread*, art::ShadowFrame&, art::Instruction const*, unsigned short, bool, art::JValue*)+4124) (BuildId: c35c9ebf7bb06435e4b31977d87bd5d5)
      #199 pc 000000000076e870  /apex/com.android.art/lib64/libart.so (void art::interpreter::ExecuteSwitchImplCpp<false>(art::interpreter::SwitchImplContext*)+12208) (BuildId: c35c9ebf7bb06435e4b31977d87bd5d5)
      #200 pc 00000000003863d8  /apex/com.android.art/lib64/libart.so (ExecuteSwitchImplAsm+8) (BuildId: c35c9ebf7bb06435e4b31977d87bd5d5)
      #201 pc 00000000104c8568  /data/app/~~na7dq0QJPM3TlOgWfFFaKg==/com.ss.android.ugc.aweme-sWxsoc19sPwX3CppMH73Qg==/oat/arm64/base.vdex (kotlin.jvm.internal.ALambdaS879S0100000_36.invoke$91+0)
      #202 pc 0000000000358eec  /apex/com.android.art/lib64/libart.so (art::interpreter::Execute(art::Thread*, art::CodeItemDataAccessor const&, art::ShadowFrame&, art::JValue, bool, bool) (.__uniq.112435418011751916792819755956732575238.llvm.17771861963221910393)+428) (BuildId: c35c9ebf7bb06435e4b31977d87bd5d5)
      #203 pc 0000000000367314  /apex/com.android.art/lib64/libart.so (bool art::interpreter::DoCall<false>(art::ArtMethod*, art::Thread*, art::ShadowFrame&, art::Instruction const*, unsigned short, bool, art::JValue*)+4124) (BuildId: c35c9ebf7bb06435e4b31977d87bd5d5)
      #204 pc 000000000076e870  /apex/com.android.art/lib64/libart.so (void art::interpreter::ExecuteSwitchImplCpp<false>(art::interpreter::SwitchImplContext*)+12208) (BuildId: c35c9ebf7bb06435e4b31977d87bd5d5)
      #205 pc 00000000003863d8  /apex/com.android.art/lib64/libart.so (ExecuteSwitchImplAsm+8) (BuildId: c35c9ebf7bb06435e4b31977d87bd5d5)
      #206 pc 0000000010745bf8  /data/app/~~na7dq0QJPM3TlOgWfFFaKg==/com.ss.android.ugc.aweme-sWxsoc19sPwX3CppMH73Qg==/oat/arm64/base.vdex (kotlin.jvm.internal.ALambdaS879S0100000_36.invoke+0)
      #207 pc 0000000000358eec  /apex/com.android.art/lib64/libart.so (art::interpreter::Execute(art::Thread*, art::CodeItemDataAccessor const&, art::ShadowFrame&, art::JValue, bool, bool) (.__uniq.112435418011751916792819755956732575238.llvm.17771861963221910393)+428) (BuildId: c35c9ebf7bb06435e4b31977d87bd5d5)
      #208 pc 0000000000367314  /apex/com.android.art/lib64/libart.so (bool art::interpreter::DoCall<false>(art::ArtMethod*, art::Thread*, art::ShadowFrame&, art::Instruction const*, unsigned short, bool, art::JValue*)+4124) (BuildId: c35c9ebf7bb06435e4b31977d87bd5d5)
      #209 pc 000000000076e870  /apex/com.android.art/lib64/libart.so (void art::interpreter::ExecuteSwitchImplCpp<false>(art::interpreter::SwitchImplContext*)+12208) (BuildId: c35c9ebf7bb06435e4b31977d87bd5d5)
      #210 pc 00000000003863d8  /apex/com.android.art/lib64/libart.so (ExecuteSwitchImplAsm+8) (BuildId: c35c9ebf7bb06435e4b31977d87bd5d5)
      #211 pc 00000000105b0164  /data/app/~~na7dq0QJPM3TlOgWfFFaKg==/com.ss.android.ugc.aweme-sWxsoc19sPwX3CppMH73Qg==/oat/arm64/base.vdex (com.ss.android.ugc.bytex.pthread.base.convergence.core.ThreadWorker.run+0)
      #212 pc 0000000000358eec  /apex/com.android.art/lib64/libart.so (art::interpreter::Execute(art::Thread*, art::CodeItemDataAccessor const&, art::ShadowFrame&, art::JValue, bool, bool) (.__uniq.112435418011751916792819755956732575238.llvm.17771861963221910393)+428) (BuildId: c35c9ebf7bb06435e4b31977d87bd5d5)
      #213 pc 0000000000367314  /apex/com.android.art/lib64/libart.so (bool art::interpreter::DoCall<false>(art::ArtMethod*, art::Thread*, art::ShadowFrame&, art::Instruction const*, unsigned short, bool, art::JValue*)+4124) (BuildId: c35c9ebf7bb06435e4b31977d87bd5d5)
      #214 pc 000000000076e870  /apex/com.android.art/lib64/libart.so (void art::interpreter::ExecuteSwitchImplCpp<false>(art::interpreter::SwitchImplContext*)+12208) (BuildId: c35c9ebf7bb06435e4b31977d87bd5d5)
      #215 pc 00000000003863d8  /apex/com.android.art/lib64/libart.so (ExecuteSwitchImplAsm+8) (BuildId: c35c9ebf7bb06435e4b31977d87bd5d5)
      #216 pc 00000000002583a4  /apex/com.android.art/javalib/core-oj.jar (java.util.concurrent.ThreadPoolExecutor.runWorker+0)
      #217 pc 0000000000358eec  /apex/com.android.art/lib64/libart.so (art::interpreter::Execute(art::Thread*, art::CodeItemDataAccessor const&, art::ShadowFrame&, art::JValue, bool, bool) (.__uniq.112435418011751916792819755956732575238.llvm.17771861963221910393)+428) (BuildId: c35c9ebf7bb06435e4b31977d87bd5d5)
      #218 pc 0000000000367314  /apex/com.android.art/lib64/libart.so (bool art::interpreter::DoCall<false>(art::ArtMethod*, art::Thread*, art::ShadowFrame&, art::Instruction const*, unsigned short, bool, art::JValue*)+4124) (BuildId: c35c9ebf7bb06435e4b31977d87bd5d5)
      #219 pc 000000000076e870  /apex/com.android.art/lib64/libart.so (void art::interpreter::ExecuteSwitchImplCpp<false>(art::interpreter::SwitchImplContext*)+12208) (BuildId: c35c9ebf7bb06435e4b31977d87bd5d5)
      #220 pc 00000000003863d8  /apex/com.android.art/lib64/libart.so (ExecuteSwitchImplAsm+8) (BuildId: c35c9ebf7bb06435e4b31977d87bd5d5)
      #221 pc 000000000025723c  /apex/com.android.art/javalib/core-oj.jar (java.util.concurrent.ThreadPoolExecutor$Worker.run+0)
      #222 pc 0000000000358eec  /apex/com.android.art/lib64/libart.so (art::interpreter::Execute(art::Thread*, art::CodeItemDataAccessor const&, art::ShadowFrame&, art::JValue, bool, bool) (.__uniq.112435418011751916792819755956732575238.llvm.17771861963221910393)+428) (BuildId: c35c9ebf7bb06435e4b31977d87bd5d5)
      #223 pc 0000000000367314  /apex/com.android.art/lib64/libart.so (bool art::interpreter::DoCall<false>(art::ArtMethod*, art::Thread*, art::ShadowFrame&, art::Instruction const*, unsigned short, bool, art::JValue*)+4124) (BuildId: c35c9ebf7bb06435e4b31977d87bd5d5)
      #224 pc 000000000076e870  /apex/com.android.art/lib64/libart.so (void art::interpreter::ExecuteSwitchImplCpp<false>(art::interpreter::SwitchImplContext*)+12208) (BuildId: c35c9ebf7bb06435e4b31977d87bd5d5)
      #225 pc 00000000003863d8  /apex/com.android.art/lib64/libart.so (ExecuteSwitchImplAsm+8) (BuildId: c35c9ebf7bb06435e4b31977d87bd5d5)
      #226 pc 000000000dd5a6bc  /data/app/~~na7dq0QJPM3TlOgWfFFaKg==/com.ss.android.ugc.aweme-sWxsoc19sPwX3CppMH73Qg==/oat/arm64/base.vdex (com.ss.android.ugc.bytex.pthread.base.convergence.core.ExemptThreadFactory$newThread$t$1.run+0)
      #227 pc 0000000000358eec  /apex/com.android.art/lib64/libart.so (art::interpreter::Execute(art::Thread*, art::CodeItemDataAccessor const&, art::ShadowFrame&, art::JValue, bool, bool) (.__uniq.112435418011751916792819755956732575238.llvm.17771861963221910393)+428) (BuildId: c35c9ebf7bb06435e4b31977d87bd5d5)
      #228 pc 0000000000367314  /apex/com.android.art/lib64/libart.so (bool art::interpreter::DoCall<false>(art::ArtMethod*, art::Thread*, art::ShadowFrame&, art::Instruction const*, unsigned short, bool, art::JValue*)+4124) (BuildId: c35c9ebf7bb06435e4b31977d87bd5d5)
      #229 pc 000000000076e870  /apex/com.android.art/lib64/libart.so (void art::interpreter::ExecuteSwitchImplCpp<false>(art::interpreter::SwitchImplContext*)+12208) (BuildId: c35c9ebf7bb06435e4b31977d87bd5d5)
      #230 pc 00000000003863d8  /apex/com.android.art/lib64/libart.so (ExecuteSwitchImplAsm+8) (BuildId: c35c9ebf7bb06435e4b31977d87bd5d5)
      #231 pc 0000000000117a28  /apex/com.android.art/javalib/core-oj.jar (java.lang.Thread.run+0)
      #232 pc 0000000000358278  /apex/com.android.art/lib64/libart.so (artQuickToInterpreterBridge+1932) (BuildId: c35c9ebf7bb06435e4b31977d87bd5d5)
      #233 pc 0000000000383e98  /apex/com.android.art/lib64/libart.so (art_quick_to_interpreter_bridge+88) (BuildId: c35c9ebf7bb06435e4b31977d87bd5d5)
      #234 pc 000000000036d574  /apex/com.android.art/lib64/libart.so (art_quick_invoke_stub+612) (BuildId: c35c9ebf7bb06435e4b31977d87bd5d5)
      #235 pc 0000000000358bc0  /apex/com.android.art/lib64/libart.so (art::ArtMethod::Invoke(art::Thread*, unsigned int*, unsigned int, art::JValue*, char const*)+132) (BuildId: c35c9ebf7bb06435e4b31977d87bd5d5)
      #236 pc 0000000000944608  /apex/com.android.art/lib64/libart.so (art::detail::ShortyTraits<(char)86>::Type art::ArtMethod::InvokeInstance<(char)86>(art::Thread*, art::ObjPtr<art::mirror::Object>, art::detail::ShortyTraits<>::Type...)+60) (BuildId: c35c9ebf7bb06435e4b31977d87bd5d5)
      #237 pc 0000000000625d24  /apex/com.android.art/lib64/libart.so (art::Thread::CreateCallback(void*)+1344) (BuildId: c35c9ebf7bb06435e4b31977d87bd5d5)
      #238 pc 00000000006257d4  /apex/com.android.art/lib64/libart.so (art::Thread::CreateCallbackWithUffdGc(void*)+8) (BuildId: c35c9ebf7bb06435e4b31977d87bd5d5)
      #239 pc 000000000006f584  /apex/com.android.runtime/lib64/bionic/libc.so (__pthread_start(void*)+180) (BuildId: f0cc3fe16b52af6fc8d4e5b18105de09)
      #240 pc 0000000000061610  /apex/com.android.runtime/lib64/bionic/libc.so (__start_thread+64) (BuildId: f0cc3fe16b52af6fc8d4e5b18105de09)
***

Thank you for using Frida!
