09-01 22:16:06.982   639   639 I tombstoned: received crash request for pid 6723
09-01 22:16:06.982   639   639 I tombstoned: found intercept fd 512 for pid 6723 and type kDebuggerdJavaBacktrace
09-01 22:16:06.982  6723  6736 I ndroid.calendar: Wrote stack traces to tombstoned
09-01 22:16:06.982   639   639 W tombstoned: skipping tombstone file creation due to intercept
09-01 22:16:07.460  1735  3689 I ActivityManager: Force stopping com.ss.android.ugc.aweme appid=10281 user=0: from pid 11161
09-01 22:16:07.464  1735  3689 I AppsFilter: interaction: PackageSetting{63c5ba2 com.google.android.microdroid.empty_payload/10259} -> PackageSetting{20267ae com.ss.android.ugc.aweme/10281} BLOCKED
09-01 22:16:07.479  2370  2370 D CarrierSvcBindHelper: onHandleForceStop: [com.ss.android.ugc.aweme]
09-01 22:16:07.528  1735  3689 I ActivityTaskManager: START u0 {flg=0x10000000 cmp=com.ss.android.ugc.aweme/.splash.SplashActivity} with LAUNCH_SINGLE_TOP from uid 0 (BAL_ALLOW_ALLOWLISTED_UID) result code=0
09-01 22:16:07.528  2069  2093 V WindowManagerShell: Transition requested (#65): android.os.BinderProxy@17b70fa TransitionRequestInfo { type = OPEN, triggerTask = TaskInfo{userId=0 taskId=294 effectiveUid=10281 displayId=0 isRunning=true baseIntent=Intent { flg=0x10000000 cmp=com.ss.android.ugc.aweme/.splash.SplashActivity } baseActivity=ComponentInfo{com.ss.android.ugc.aweme/com.ss.android.ugc.aweme.main.MainActivity} topActivity=ComponentInfo{com.ss.android.ugc.aweme/com.ss.android.ugc.aweme.main.MainActivity} origActivity=ComponentInfo{com.ss.android.ugc.aweme/com.ss.android.ugc.aweme.splash.SplashActivity} realActivity=ComponentInfo{com.ss.android.ugc.aweme/com.ss.android.ugc.aweme.main.MainActivity} numActivities=1 lastActiveTime=6705425 supportsMultiWindow=true resizeMode=2 isResizeable=true minWidth=-1 minHeight=-1 defaultMinSize=220 token=WCT{android.window.IWindowContainerToken$Stub$Proxy@3a7d108} topActivityType=1 pictureInPictureParams=null shouldDockBigOverlays=false launchIntoPipHostTaskId=-1 lastParentTaskIdBeforePip=-1 displayCutoutSafeInsets=Rect(0, 128 - 0, 0) topActivityInfo=ActivityInfo{454a0a1 com.ss.android.ugc.aweme.splash.SplashActivity} launchCookies=[] positionInParent=Point(0, 0) parentTaskId=-1 isFocused=false isVisible=false isVisibleRequested=false isTopActivityNoDisplay=false isSleeping=false locusId=null displayAreaFeatureId=1 isTopActivityTransparent=false isActivityStackTransparent=false lastNonFullscreenBounds=Rect(276, 692 - 804, 1772) capturedLink=null capturedLinkTimestamp=0 requestedVisibleTypes=-9 topActivityRequestOpenInBrowserEducationTimestamp=0 appCompatTaskInfo=AppCompatTaskInfo { topActivityInSizeCompat=false eligibleForLetterboxEducation= false isLetterboxEducationEnabled= false isLetterboxDoubleTapEnabled= false eligibleForUserAspectRatioButton= false topActivityBoundsLetterboxed= false isFromLetterboxDoubleTap= false topActivityLetterboxVerticalPosition= -1 topActivityLetterboxHorizontalPosition= -1 topActivityLetterboxWidth=-1 topActivityLetterboxHeight=-1 topActivityLetterboxAppWidth=-1 topActivityLetterboxAppHeight=-1 isUserFullscreenOverrideEnabled=false isSystemFullscreenOverrideEnabled=false hasMinAspectRatioOverride=false topActivityLetterboxBounds=null cameraCompatTaskInfo=CameraCompatTaskInfo { freeformCameraCompatMode=inactive}} topActivityMainWindowFrame=null}, pipChange = null, remoteTransition = null, displayChange = null, flags = 0, debugId = 65 }
09-01 22:16:07.529  1735  4373 I AppsFilter: interaction: PackageSetting{63c5ba2 com.google.android.microdroid.empty_payload/10259} -> PackageSetting{a2646ec com.ss.android.ugc.aweme/10281} BLOCKED
09-01 22:16:07.546  1735  3689 D CoreBackPreview: Window{1a6e5d8 u0 Splash Screen com.ss.android.ugc.aweme}: Setting back callback OnBackInvokedCallbackInfo{mCallback=android.window.IOnBackInvokedCallback$Stub$Proxy@95097f0, mPriority=0, mIsAnimationCallback=false, mOverrideBehavior=0}
09-01 22:16:07.553  1735  1803 I ActivityManager: Start proc 11172:com.ss.android.ugc.aweme/u0a281 for next-top-activity {com.ss.android.ugc.aweme/com.ss.android.ugc.aweme.splash.SplashActivity}
09-01 22:16:07.557  1735  1791 V WindowManager: Sent Transition (#65) createdAt=09-01 22:16:07.522 via request=TransitionRequestInfo { type = OPEN, triggerTask = TaskInfo{userId=0 taskId=294 effectiveUid=10281 displayId=0 isRunning=true baseIntent=Intent { flg=0x10000000 cmp=com.ss.android.ugc.aweme/.splash.SplashActivity } baseActivity=ComponentInfo{com.ss.android.ugc.aweme/com.ss.android.ugc.aweme.main.MainActivity} topActivity=ComponentInfo{com.ss.android.ugc.aweme/com.ss.android.ugc.aweme.main.MainActivity} origActivity=ComponentInfo{com.ss.android.ugc.aweme/com.ss.android.ugc.aweme.splash.SplashActivity} realActivity=ComponentInfo{com.ss.android.ugc.aweme/com.ss.android.ugc.aweme.main.MainActivity} numActivities=1 lastActiveTime=6705425 supportsMultiWindow=true resizeMode=2 isResizeable=true minWidth=-1 minHeight=-1 defaultMinSize=220 token=WCT{RemoteToken{305e6c6 Task{7e27f9 #294 type=standard A=10281:com.ss.android.ugc.aweme}}} topActivityType=1 pictureInPictureParams=null shouldDockBigOverlays=false launchIntoPipHostTaskId=-1 lastParentTaskIdBeforePip=-1 displayCutoutSafeInsets=Rect(0, 128 - 0, 0) topActivityInfo=ActivityInfo{8f7c687 com.ss.android.ugc.aweme.splash.SplashActivity} launchCookies=[] positionInParent=Point(0, 0) parentTaskId=-1 isFocused=false isVisible=false isVisibleRequested=false isTopActivityNoDisplay=false isSleeping=false locusId=null displayAreaFeatureId=1 isTopActivityTransparent=false isActivityStackTransparent=false lastNonFullscreenBounds=Rect(276, 692 - 804, 1772) capturedLink=null capturedLinkTimestamp=0 requestedVisibleTypes=-9 topActivityRequestOpenInBrowserEducationTimestamp=0 appCompatTaskInfo=AppCompatTaskInfo { topActivityInSizeCompat=false eligibleForLetterboxEducation= false isLetterboxEducationEnabled= false isLetterboxDoubleTapEnabled= false eligibleForUserAspectRatioButton= false topActivityBoundsLetterboxed= false isFromLetterboxDoubleTap= false topActivityLetterboxVerticalPosition= -1 topActivityLetterboxHorizontalPosition= -1 topActivityLetterboxWidth=-1 topActivityLetterboxHeight=-1 topActivityLetterboxAppWidth=-1 topActivityLetterboxAppHeight=-1 isUserFullscreenOverrideEnabled=false isSystemFullscreenOverrideEnabled=false hasMinAspectRatioOverride=false topActivityLetterboxBounds=null cameraCompatTaskInfo=CameraCompatTaskInfo { freeformCameraCompatMode=inactive}} topActivityMainWindowFrame=null}, pipChange = null, remoteTransition = null, displayChange = null, flags = 0, debugId = 65 }
09-01 22:16:07.557  1735  1791 V WindowManager:         {WCT{RemoteToken{305e6c6 Task{7e27f9 #294 type=standard A=10281:com.ss.android.ugc.aweme}}} m=OPEN f=NONE leash=Surface(name=Task=294)/@0x76574fa sb=Rect(0, 0 - 1080, 2400) eb=Rect(0, 0 - 1080, 2400) epz=Point(1080, 2400) d=0 taskParent=-1},
09-01 22:16:07.660 11172 11172 D nativeloader: Configuring clns-7 for other apk /data/app/~~na7dq0QJPM3TlOgWfFFaKg==/com.ss.android.ugc.aweme-sWxsoc19sPwX3CppMH73Qg==/base.apk. target_sdk_version=34, uses_libraries=libOpenCL.so:libOpenCL-pixel.so, library_path=/data/app/~~na7dq0QJPM3TlOgWfFFaKg==/com.ss.android.ugc.aweme-sWxsoc19sPwX3CppMH73Qg==/lib/arm64:/data/app/~~na7dq0QJPM3TlOgWfFFaKg==/com.ss.android.ugc.aweme-sWxsoc19sPwX3CppMH73Qg==/base.apk!/lib/arm64-v8a, permitted_path=/data:/mnt/expand:/data/user/0/com.ss.android.ugc.aweme
09-01 22:16:07.668 11172 11172 V GraphicsEnvironment: com.ss.android.ugc.aweme is not listed in per-application setting
09-01 22:16:07.674 11172 11172 D nativeloader: Load /data/app/~~na7dq0QJPM3TlOgWfFFaKg==/com.ss.android.ugc.aweme-sWxsoc19sPwX3CppMH73Qg==/lib/arm64/libjato.so using ns clns-7 from class loader (caller=/data/app/~~na7dq0QJPM3TlOgWfFFaKg==/com.ss.android.ugc.aweme-sWxsoc19sPwX3CppMH73Qg==/base.apk!classes4.dex): ok
09-01 22:16:07.684 11172 11172 D nativeloader: Load /data/app/~~na7dq0QJPM3TlOgWfFFaKg==/com.ss.android.ugc.aweme-sWxsoc19sPwX3CppMH73Qg==/lib/arm64/libc++_shared.so using ns clns-7 from class loader (caller=/data/app/~~na7dq0QJPM3TlOgWfFFaKg==/com.ss.android.ugc.aweme-sWxsoc19sPwX3CppMH73Qg==/base.apk!classes16.dex): ok
09-01 22:16:07.685 11172 11172 D nativeloader: Load /data/app/~~na7dq0QJPM3TlOgWfFFaKg==/com.ss.android.ugc.aweme-sWxsoc19sPwX3CppMH73Qg==/lib/arm64/libkeva.so using ns clns-7 from class loader (caller=/data/app/~~na7dq0QJPM3TlOgWfFFaKg==/com.ss.android.ugc.aweme-sWxsoc19sPwX3CppMH73Qg==/base.apk!classes16.dex): ok
09-01 22:16:07.700 11172 11172 D nativeloader: Load /data/app/~~na7dq0QJPM3TlOgWfFFaKg==/com.ss.android.ugc.aweme-sWxsoc19sPwX3CppMH73Qg==/lib/arm64/libflipped.so using ns clns-7 from class loader (caller=/data/app/~~na7dq0QJPM3TlOgWfFFaKg==/com.ss.android.ugc.aweme-sWxsoc19sPwX3CppMH73Qg==/base.apk!classes16.dex): ok
09-01 22:16:07.706 11172 11172 I System.out: ApplicationExitInfo(timestamp=2026/9/1 22:16 pid=10735 realUid=10281 packageUid=10281 definingUid=10281 user=0 process=com.ss.android.ugc.aweme reason=10 (USER REQUESTED) subreason=21 (FORCE STOP) status=0 importance=100 pss=0.00 rss=0.00 description=stop com.ss.android.ugc.aweme due to from pid 11125 state=empty trace=null timestamp=2026-09-01 22:16:06.180
09-01 22:16:07.710 11172 11172 D nativeloader: Load /data/app/~~na7dq0QJPM3TlOgWfFFaKg==/com.ss.android.ugc.aweme-sWxsoc19sPwX3CppMH73Qg==/lib/arm64/libsonicjson.so using ns clns-7 from class loader (caller=/data/app/~~na7dq0QJPM3TlOgWfFFaKg==/com.ss.android.ugc.aweme-sWxsoc19sPwX3CppMH73Qg==/base.apk!classes16.dex): ok
09-01 22:16:07.715 11172 11250 D nativeloader: Load /data/app/~~na7dq0QJPM3TlOgWfFFaKg==/com.ss.android.ugc.aweme-sWxsoc19sPwX3CppMH73Qg==/lib/arm64/libwatson.so using ns clns-7 from class loader (caller=/data/app/~~na7dq0QJPM3TlOgWfFFaKg==/com.ss.android.ugc.aweme-sWxsoc19sPwX3CppMH73Qg==/base.apk!classes16.dex): ok
09-01 22:16:07.723 11172 11222 D nativeloader: Load /data/app/~~na7dq0QJPM3TlOgWfFFaKg==/com.ss.android.ugc.aweme-sWxsoc19sPwX3CppMH73Qg==/lib/arm64/libbytehook.so using ns clns-7 from class loader (caller=/data/app/~~na7dq0QJPM3TlOgWfFFaKg==/com.ss.android.ugc.aweme-sWxsoc19sPwX3CppMH73Qg==/base.apk!classes16.dex): ok
09-01 22:16:07.754 11172 11211 D nativeloader: Load /data/app/~~na7dq0QJPM3TlOgWfFFaKg==/com.ss.android.ugc.aweme-sWxsoc19sPwX3CppMH73Qg==/lib/arm64/libmonitorcollector-lib.so using ns clns-7 from class loader (caller=/data/app/~~na7dq0QJPM3TlOgWfFFaKg==/com.ss.android.ugc.aweme-sWxsoc19sPwX3CppMH73Qg==/base.apk!classes16.dex): ok
09-01 22:16:07.756 11172 11242 D nativeloader: Load /data/app/~~na7dq0QJPM3TlOgWfFFaKg==/com.ss.android.ugc.aweme-sWxsoc19sPwX3CppMH73Qg==/lib/arm64/libsscronet.so using ns clns-7 from class loader (caller=/data/app/~~na7dq0QJPM3TlOgWfFFaKg==/com.ss.android.ugc.aweme-sWxsoc19sPwX3CppMH73Qg==/base.apk!classes16.dex): ok
09-01 22:16:07.758 11172 11226 D nativeloader: Load /data/app/~~na7dq0QJPM3TlOgWfFFaKg==/com.ss.android.ugc.aweme-sWxsoc19sPwX3CppMH73Qg==/lib/arm64/libsoloader.so using ns clns-7 from class loader (caller=/data/app/~~na7dq0QJPM3TlOgWfFFaKg==/com.ss.android.ugc.aweme-sWxsoc19sPwX3CppMH73Qg==/base.apk!classes16.dex): ok
09-01 22:16:07.836 11172 11242 D nativeloader: Load /data/app/~~na7dq0QJPM3TlOgWfFFaKg==/com.ss.android.ugc.aweme-sWxsoc19sPwX3CppMH73Qg==/lib/arm64/libmetasec_ml.so using ns clns-7 from class loader (caller=/data/app/~~na7dq0QJPM3TlOgWfFFaKg==/com.ss.android.ugc.aweme-sWxsoc19sPwX3CppMH73Qg==/base.apk!classes16.dex): ok
09-01 22:16:07.837 11172 11211 D nativeloader: Load /data/app/~~na7dq0QJPM3TlOgWfFFaKg==/com.ss.android.ugc.aweme-sWxsoc19sPwX3CppMH73Qg==/lib/arm64/libsysoptimizer.so using ns clns-7 from class loader (caller=/data/app/~~na7dq0QJPM3TlOgWfFFaKg==/com.ss.android.ugc.aweme-sWxsoc19sPwX3CppMH73Qg==/base.apk!classes16.dex): ok
09-01 22:16:07.838 11172 11239 D nativeloader: Load /data/app/~~na7dq0QJPM3TlOgWfFFaKg==/com.ss.android.ugc.aweme-sWxsoc19sPwX3CppMH73Qg==/lib/arm64/libalog.so using ns clns-7 from class loader (caller=/data/app/~~na7dq0QJPM3TlOgWfFFaKg==/com.ss.android.ugc.aweme-sWxsoc19sPwX3CppMH73Qg==/base.apk!classes16.dex): ok
09-01 22:16:07.847 11172 11283 D nativeloader: Load /data/app/~~na7dq0QJPM3TlOgWfFFaKg==/com.ss.android.ugc.aweme-sWxsoc19sPwX3CppMH73Qg==/lib/arm64/libhelios_bm.so using ns clns-7 from class loader (caller=/data/app/~~na7dq0QJPM3TlOgWfFFaKg==/com.ss.android.ugc.aweme-sWxsoc19sPwX3CppMH73Qg==/base.apk!classes16.dex): ok
09-01 22:16:07.875 11172 11239 D nativeloader: Load /data/app/~~na7dq0QJPM3TlOgWfFFaKg==/com.ss.android.ugc.aweme-sWxsoc19sPwX3CppMH73Qg==/lib/arm64/libnative_log.so using ns clns-7 from class loader (caller=/data/app/~~na7dq0QJPM3TlOgWfFFaKg==/com.ss.android.ugc.aweme-sWxsoc19sPwX3CppMH73Qg==/base.apk!classes16.dex): ok
09-01 22:16:07.875  1735  3909 D ConnectivityService: requestNetwork for uid/pid:10281/11172 activeRequest: null callbackRequest: 615 [NetworkRequest [ REQUEST id=616, [ Capabilities: INTERNET&NOT_RESTRICTED&TRUSTED&NOT_VCN_MANAGED&NOT_BANDWIDTH_CONSTRAINED Uid: 10281 RequestorUid: 10281 RequestorPkg: com.ss.android.ugc.aweme UnderlyingNetworks: Null] ]] callback flags: 0 order: 2147483647 isUidTracked: false declaredMethods: AVAIL|LOST|NC|LP
09-01 22:16:07.876 11172 11239 D nativeloader: Load /data/app/~~na7dq0QJPM3TlOgWfFFaKg==/com.ss.android.ugc.aweme-sWxsoc19sPwX3CppMH73Qg==/lib/arm64/libbdsword.so using ns clns-7 from class loader (caller=/data/app/~~na7dq0QJPM3TlOgWfFFaKg==/com.ss.android.ugc.aweme-sWxsoc19sPwX3CppMH73Qg==/base.apk!classes16.dex): ok
09-01 22:16:07.886 11172 11227 D nativeloader: Load /data/app/~~na7dq0QJPM3TlOgWfFFaKg==/com.ss.android.ugc.aweme-sWxsoc19sPwX3CppMH73Qg==/lib/arm64/libbdzstd.so using ns clns-7 from class loader (caller=/data/app/~~na7dq0QJPM3TlOgWfFFaKg==/com.ss.android.ugc.aweme-sWxsoc19sPwX3CppMH73Qg==/base.apk!classes16.dex): ok
09-01 22:16:07.888 11172 11208 D nativeloader: Load /data/app/~~na7dq0QJPM3TlOgWfFFaKg==/com.ss.android.ugc.aweme-sWxsoc19sPwX3CppMH73Qg==/lib/arm64/libshadowhook.so using ns clns-7 from class loader (caller=/data/app/~~na7dq0QJPM3TlOgWfFFaKg==/com.ss.android.ugc.aweme-sWxsoc19sPwX3CppMH73Qg==/base.apk!classes16.dex): ok
09-01 22:16:07.894  1735  1952 D OemPaidWifiNetworkFactory: got request NetworkRequest [ REQUEST id=616, [ Capabilities: INTERNET&NOT_RESTRICTED&TRUSTED&NOT_VCN_MANAGED&NOT_BANDWIDTH_CONSTRAINED Uid: 10281 RequestorUid: 10281 RequestorPkg: com.ss.android.ugc.aweme UnderlyingNetworks: Null] ]
09-01 22:16:07.894  1735  1952 D MultiInternetWifiNetworkFactory: got request NetworkRequest [ REQUEST id=616, [ Capabilities: INTERNET&NOT_RESTRICTED&TRUSTED&NOT_VCN_MANAGED&NOT_BANDWIDTH_CONSTRAINED Uid: 10281 RequestorUid: 10281 RequestorPkg: com.ss.android.ugc.aweme UnderlyingNetworks: Null] ]
09-01 22:16:07.894  1735  1952 D WifiNetworkFactory: got request NetworkRequest [ REQUEST id=616, [ Capabilities: INTERNET&NOT_RESTRICTED&TRUSTED&NOT_VCN_MANAGED&NOT_BANDWIDTH_CONSTRAINED Uid: 10281 RequestorUid: 10281 RequestorPkg: com.ss.android.ugc.aweme UnderlyingNetworks: Null] ]
09-01 22:16:07.897 11172 11270 D vulkan  : searching for layers in '/data/app/~~na7dq0QJPM3TlOgWfFFaKg==/com.ss.android.ugc.aweme-sWxsoc19sPwX3CppMH73Qg==/lib/arm64'
09-01 22:16:07.897  1735  1952 D UntrustedWifiNetworkFactory: got request NetworkRequest [ REQUEST id=616, [ Capabilities: INTERNET&NOT_RESTRICTED&TRUSTED&NOT_VCN_MANAGED&NOT_BANDWIDTH_CONSTRAINED Uid: 10281 RequestorUid: 10281 RequestorPkg: com.ss.android.ugc.aweme UnderlyingNetworks: Null] ]
09-01 22:16:07.904 11172 11208 D nativeloader: Load /data/app/~~na7dq0QJPM3TlOgWfFFaKg==/com.ss.android.ugc.aweme-sWxsoc19sPwX3CppMH73Qg==/lib/arm64/libnpth.so using ns clns-7 from class loader (caller=/data/app/~~na7dq0QJPM3TlOgWfFFaKg==/com.ss.android.ugc.aweme-sWxsoc19sPwX3CppMH73Qg==/base.apk!classes16.dex): ok
09-01 22:16:07.916 11172 11270 D vulkan  : searching for layers in '/data/app/~~na7dq0QJPM3TlOgWfFFaKg==/com.ss.android.ugc.aweme-sWxsoc19sPwX3CppMH73Qg==/base.apk!/lib/arm64-v8a'
09-01 22:16:07.920 11172 11208 D nativeloader: Load /data/app/~~na7dq0QJPM3TlOgWfFFaKg==/com.ss.android.ugc.aweme-sWxsoc19sPwX3CppMH73Qg==/lib/arm64/libttcrypto.so using ns clns-7 from class loader (caller=/data/app/~~na7dq0QJPM3TlOgWfFFaKg==/com.ss.android.ugc.aweme-sWxsoc19sPwX3CppMH73Qg==/base.apk!classes16.dex): ok
09-01 22:16:07.920 11172 11208 D nativeloader: Load /data/app/~~na7dq0QJPM3TlOgWfFFaKg==/com.ss.android.ugc.aweme-sWxsoc19sPwX3CppMH73Qg==/lib/arm64/libttboringssl.so using ns clns-7 from class loader (caller=/data/app/~~na7dq0QJPM3TlOgWfFFaKg==/com.ss.android.ugc.aweme-sWxsoc19sPwX3CppMH73Qg==/base.apk!classes16.dex): ok
09-01 22:16:07.931 11172 11208 D nativeloader: Load /data/app/~~na7dq0QJPM3TlOgWfFFaKg==/com.ss.android.ugc.aweme-sWxsoc19sPwX3CppMH73Qg==/lib/arm64/libwcdb2.so using ns clns-7 from class loader (caller=/data/app/~~na7dq0QJPM3TlOgWfFFaKg==/com.ss.android.ugc.aweme-sWxsoc19sPwX3CppMH73Qg==/base.apk!classes16.dex): ok
09-01 22:16:07.932 11172 11240 D nativeloader: Configuring clns-10 for other apk . target_sdk_version=34, uses_libraries=ALL, library_path=/data/user/0/com.ss.android.ugc.aweme/files/plugins/com.ss.android.ugc.aweme.videocache_v2/version-35109037/lib, permitted_path=/data:/mnt/expand
09-01 22:16:07.896 11172 11172 W -IOThreadPool-1: type=1400 audit(0.0:6256): avc:  denied  { read } for  name="u:object_r:userdebug_or_eng_prop:s0" dev="tmpfs" ino=396 scontext=u:r:untrusted_app:s0:c25,c257,c512,c768 tcontext=u:object_r:userdebug_or_eng_prop:s0 tclass=file permissive=0 bug=b/305600845 app=com.ss.android.ugc.aweme
09-01 22:16:07.968 11172 11172 W #TransmitThread: type=1400 audit(0.0:6257): avc:  denied  { getattr } for  path="/data/media" dev="dm-56" ino=137 scontext=u:r:untrusted_app:s0:c25,c257,c512,c768 tcontext=u:object_r:media_userdir_file:s0 tclass=dir permissive=0 app=com.ss.android.ugc.aweme
09-01 22:16:07.993 11172 11343 D nativeloader: Load /data/app/~~na7dq0QJPM3TlOgWfFFaKg==/com.ss.android.ugc.aweme-sWxsoc19sPwX3CppMH73Qg==/lib/arm64/libvcbasekit.so using ns clns-7 from class loader (caller=/data/app/~~na7dq0QJPM3TlOgWfFFaKg==/com.ss.android.ugc.aweme-sWxsoc19sPwX3CppMH73Qg==/base.apk!classes16.dex): ok
09-01 22:16:08.002 11172 11343 D nativeloader: Load /data/app/~~na7dq0QJPM3TlOgWfFFaKg==/com.ss.android.ugc.aweme-sWxsoc19sPwX3CppMH73Qg==/lib/arm64/libvcn.so using ns clns-7 from class loader (caller=/data/app/~~na7dq0QJPM3TlOgWfFFaKg==/com.ss.android.ugc.aweme-sWxsoc19sPwX3CppMH73Qg==/base.apk!classes16.dex): ok
09-01 22:16:08.021 11172 11343 D nativeloader: Load /data/app/~~na7dq0QJPM3TlOgWfFFaKg==/com.ss.android.ugc.aweme-sWxsoc19sPwX3CppMH73Qg==/lib/arm64/libvcnverify.so using ns clns-7 from class loader (caller=/data/app/~~na7dq0QJPM3TlOgWfFFaKg==/com.ss.android.ugc.aweme-sWxsoc19sPwX3CppMH73Qg==/base.apk!classes16.dex): ok
09-01 22:16:08.037 11172 11343 D nativeloader: Load /data/app/~~na7dq0QJPM3TlOgWfFFaKg==/com.ss.android.ugc.aweme-sWxsoc19sPwX3CppMH73Qg==/lib/arm64/libavmdlbase.so using ns clns-7 from class loader (caller=/data/app/~~na7dq0QJPM3TlOgWfFFaKg==/com.ss.android.ugc.aweme-sWxsoc19sPwX3CppMH73Qg==/base.apk!classes16.dex): ok
09-01 22:16:08.041 11172 11343 D nativeloader: Load /data/app/~~na7dq0QJPM3TlOgWfFFaKg==/com.ss.android.ugc.aweme-sWxsoc19sPwX3CppMH73Qg==/lib/arm64/libavmdlv2.so using ns clns-7 from class loader (caller=/data/app/~~na7dq0QJPM3TlOgWfFFaKg==/com.ss.android.ugc.aweme-sWxsoc19sPwX3CppMH73Qg==/base.apk!classes16.dex): ok
09-01 22:16:08.046 11172 11214 D nativeloader: Load /data/app/~~na7dq0QJPM3TlOgWfFFaKg==/com.ss.android.ugc.aweme-sWxsoc19sPwX3CppMH73Qg==/lib/arm64/libzaid.so using ns clns-7 from class loader (caller=/data/app/~~na7dq0QJPM3TlOgWfFFaKg==/com.ss.android.ugc.aweme-sWxsoc19sPwX3CppMH73Qg==/base.apk!classes16.dex): ok
09-01 22:16:08.048 11172 11172 W PlayerCommon: type=1400 audit(0.0:6258): avc:  granted  { execute } for  path="/data/data/com.ss.android.ugc.aweme/files/plugins/com.ss.android.ugc.aweme.videocache_v2/version-35109037/lib/libmdlttquicheloader.so" dev="dm-56" ino=60430 scontext=u:r:untrusted_app:s0:c25,c257,c512,c768 tcontext=u:object_r:app_data_file:s0:c25,c257,c512,c768 tclass=file app=com.ss.android.ugc.aweme
09-01 22:16:08.054 11172 11343 D nativeloader: Load /data/user/0/com.ss.android.ugc.aweme/files/plugins/com.ss.android.ugc.aweme.videocache_v2/version-35109037/lib/libmdlttquicheloader.so using ns clns-10 from class loader (caller=<unknown>): ok
09-01 22:16:08.052 11172 11172 W #tp-default-247: type=1400 audit(0.0:6259): avc:  denied  { getattr } for  path="/data/media" dev="dm-56" ino=137 scontext=u:r:untrusted_app:s0:c25,c257,c512,c768 tcontext=u:object_r:media_userdir_file:s0 tclass=dir permissive=0 app=com.ss.android.ugc.aweme
09-01 22:16:08.068 11172 11343 D nativeloader: Load /data/app/~~na7dq0QJPM3TlOgWfFFaKg==/com.ss.android.ugc.aweme-sWxsoc19sPwX3CppMH73Qg==/lib/arm64/libpreload.so using ns clns-7 from class loader (caller=/data/app/~~na7dq0QJPM3TlOgWfFFaKg==/com.ss.android.ugc.aweme-sWxsoc19sPwX3CppMH73Qg==/base.apk!classes16.dex): ok
09-01 22:16:08.069  1735  3689 D ConnectivityService: requestNetwork for uid/pid:10281/11172 activeRequest: null callbackRequest: 618 [NetworkRequest [ REQUEST id=618, [ Transports: CELLULAR Capabilities: INTERNET&NOT_RESTRICTED&TRUSTED&NOT_VPN&NOT_VCN_MANAGED&NOT_BANDWIDTH_CONSTRAINED Forbidden: LOCAL_NETWORK Uid: 10281 RequestorUid: 10281 RequestorPkg: com.ss.android.ugc.aweme UnderlyingNetworks: Null] ]] callback flags: 0 order: 2147483647 isUidTracked: false declaredMethods: AVAIL|LOST
09-01 22:16:08.073  1735  1966 D ConnectivityService: releasing NetworkRequest [ REQUEST id=618, [ Transports: CELLULAR Capabilities: INTERNET&NOT_RESTRICTED&TRUSTED&NOT_VPN&NOT_VCN_MANAGED&NOT_BANDWIDTH_CONSTRAINED Forbidden: LOCAL_NETWORK Uid: 10281 RequestorUid: 10281 RequestorPkg: com.ss.android.ugc.aweme UnderlyingNetworks: Null] ] (release request)
09-01 22:16:08.074 11172 11343 D nativeloader: Load /data/app/~~na7dq0QJPM3TlOgWfFFaKg==/com.ss.android.ugc.aweme-sWxsoc19sPwX3CppMH73Qg==/lib/arm64/libByteVC1_dec.so using ns clns-7 from class loader (caller=/data/app/~~na7dq0QJPM3TlOgWfFFaKg==/com.ss.android.ugc.aweme-sWxsoc19sPwX3CppMH73Qg==/base.apk!classes16.dex): ok
09-01 22:16:08.075 11172 11343 D nativeloader: Load /data/app/~~na7dq0QJPM3TlOgWfFFaKg==/com.ss.android.ugc.aweme-sWxsoc19sPwX3CppMH73Qg==/lib/arm64/libbyteVC2dec.so using ns clns-7 from class loader (caller=/data/app/~~na7dq0QJPM3TlOgWfFFaKg==/com.ss.android.ugc.aweme-sWxsoc19sPwX3CppMH73Qg==/base.apk!classes16.dex): ok
09-01 22:16:08.076 11172 11172 W #tp-default-301: type=1400 audit(0.0:6260): avc:  denied  { read } for  name="u:object_r:qemu_hw_prop:s0" dev="tmpfs" ino=323 scontext=u:r:untrusted_app:s0:c25,c257,c512,c768 tcontext=u:object_r:qemu_hw_prop:s0 tclass=file permissive=0 app=com.ss.android.ugc.aweme
09-01 22:16:08.079 11172 11343 D nativeloader: Load /data/app/~~na7dq0QJPM3TlOgWfFFaKg==/com.ss.android.ugc.aweme-sWxsoc19sPwX3CppMH73Qg==/lib/arm64/libttffmpeg.so using ns clns-7 from class loader (caller=/data/app/~~na7dq0QJPM3TlOgWfFFaKg==/com.ss.android.ugc.aweme-sWxsoc19sPwX3CppMH73Qg==/base.apk!classes16.dex): ok
09-01 22:16:08.080 11172 11343 D nativeloader: Load /data/app/~~na7dq0QJPM3TlOgWfFFaKg==/com.ss.android.ugc.aweme-sWxsoc19sPwX3CppMH73Qg==/lib/arm64/libttmplayer.so using ns clns-7 from class loader (caller=/data/app/~~na7dq0QJPM3TlOgWfFFaKg==/com.ss.android.ugc.aweme-sWxsoc19sPwX3CppMH73Qg==/base.apk!classes16.dex): ok
09-01 22:16:08.085 11172 11343 D nativeloader: Load /data/app/~~na7dq0QJPM3TlOgWfFFaKg==/com.ss.android.ugc.aweme-sWxsoc19sPwX3CppMH73Qg==/lib/arm64/libttmpaflns.so using ns clns-7 from class loader (caller=/data/app/~~na7dq0QJPM3TlOgWfFFaKg==/com.ss.android.ugc.aweme-sWxsoc19sPwX3CppMH73Qg==/base.apk!classes16.dex): ok
09-01 22:16:08.094 11172 11343 D nativeloader: Load libttmpaflna.so using ns clns-7 from class loader (caller=/data/app/~~na7dq0QJPM3TlOgWfFFaKg==/com.ss.android.ugc.aweme-sWxsoc19sPwX3CppMH73Qg==/base.apk!classes16.dex): dlopen failed: library "libttmpaflna.so" not found
09-01 22:16:08.096 11172 11240 D nativeloader: Load /data/app/~~na7dq0QJPM3TlOgWfFFaKg==/com.ss.android.ugc.aweme-sWxsoc19sPwX3CppMH73Qg==/lib/arm64/libEncryptor.so using ns clns-7 from class loader (caller=/data/app/~~na7dq0QJPM3TlOgWfFFaKg==/com.ss.android.ugc.aweme-sWxsoc19sPwX3CppMH73Qg==/base.apk!classes16.dex): ok
09-01 22:16:08.096 11172 11343 D nativeloader: Load /data/app/~~na7dq0QJPM3TlOgWfFFaKg==/com.ss.android.ugc.aweme-sWxsoc19sPwX3CppMH73Qg==/lib/arm64/libttmaudioprocess.so using ns clns-7 from class loader (caller=/data/app/~~na7dq0QJPM3TlOgWfFFaKg==/com.ss.android.ugc.aweme-sWxsoc19sPwX3CppMH73Qg==/base.apk!classes16.dex): ok
09-01 22:16:08.098  1735  4381 D ConnectivityService: requestNetwork for uid/pid:10281/11172 activeRequest: null callbackRequest: 619 [NetworkRequest [ REQUEST id=619, [ Transports: CELLULAR Capabilities: INTERNET&NOT_RESTRICTED&TRUSTED&NOT_VPN&NOT_VCN_MANAGED&NOT_BANDWIDTH_CONSTRAINED Forbidden: LOCAL_NETWORK Uid: 10281 RequestorUid: 10281 RequestorPkg: com.ss.android.ugc.aweme UnderlyingNetworks: Null] ]] callback flags: 0 order: 2147483647 isUidTracked: false declaredMethods: AVAIL
09-01 22:16:08.107  1735  4372 D CoreBackPreview: Window{6e9bea5 u0 com.ss.android.ugc.aweme/com.ss.android.ugc.aweme.splash.SplashActivity}: Setting back callback OnBackInvokedCallbackInfo{mCallback=android.window.IOnBackInvokedCallback$Stub$Proxy@9369b34, mPriority=0, mIsAnimationCallback=false, mOverrideBehavior=0}
09-01 22:16:08.127 11172 11372 D nativeloader: Load /data/app/~~na7dq0QJPM3TlOgWfFFaKg==/com.ss.android.ugc.aweme-sWxsoc19sPwX3CppMH73Qg==/lib/arm64/libdelta.so using ns clns-7 from class loader (caller=/data/app/~~na7dq0QJPM3TlOgWfFFaKg==/com.ss.android.ugc.aweme-sWxsoc19sPwX3CppMH73Qg==/base.apk!classes16.dex): ok
09-01 22:16:08.177 11172 11219 D nativeloader: Load /data/app/~~na7dq0QJPM3TlOgWfFFaKg==/com.ss.android.ugc.aweme-sWxsoc19sPwX3CppMH73Qg==/lib/arm64/libimagepipeline.so using ns clns-7 from class loader (caller=/data/app/~~na7dq0QJPM3TlOgWfFFaKg==/com.ss.android.ugc.aweme-sWxsoc19sPwX3CppMH73Qg==/base.apk!classes16.dex): ok
09-01 22:16:08.223  1735  1791 I ActivityTaskManager: Displayed com.ss.android.ugc.aweme/.splash.SplashActivity for user 0: +673ms
09-01 22:16:08.229 11172 11219 D nativeloader: Load /data/app/~~na7dq0QJPM3TlOgWfFFaKg==/com.ss.android.ugc.aweme-sWxsoc19sPwX3CppMH73Qg==/lib/arm64/libttheif_dec.so using ns clns-7 from class loader (caller=/data/app/~~na7dq0QJPM3TlOgWfFFaKg==/com.ss.android.ugc.aweme-sWxsoc19sPwX3CppMH73Qg==/base.apk!classes16.dex): ok
09-01 22:16:08.230 11172 11219 D nativeloader: Load /data/app/~~na7dq0QJPM3TlOgWfFFaKg==/com.ss.android.ugc.aweme-sWxsoc19sPwX3CppMH73Qg==/lib/arm64/libbdheif.so using ns clns-7 from class loader (caller=/data/app/~~na7dq0QJPM3TlOgWfFFaKg==/com.ss.android.ugc.aweme-sWxsoc19sPwX3CppMH73Qg==/base.apk!classes16.dex): ok
09-01 22:16:08.253 11172 11172 W Resources: Drawable com.ss.android.ugc.aweme:drawable/_ has unresolved theme attributes! Consider using Resources.getDrawable(int, Theme) or Context.getDrawable(int).
09-01 22:16:08.253 11172 11172 W Resources: 	at com.GlobalProxyLancet.com_ss_android_ugc_aweme_lancet_ViewInflateLancet_inflate(SourceFile:67502135)
09-01 22:16:08.253 11172 11172 W Resources: 	at com.ss.android.ugc.aweme.common.widget.VerticalViewPager.onMeasure(SourceFile:33947892)
09-01 22:16:08.253 11172 11172 W Resources: 	at com.ss.android.ugc.aweme.views.DoubleBallSwipeRefreshLayout.onMeasure(SourceFile:33882165)
09-01 22:16:08.253 11172 11172 W Resources: 	at com.ss.android.ugc.aweme.feed.ui.LayoutCheckRefreshLayout.onMeasure(SourceFile:33619968)
09-01 22:16:08.253 11172 11172 W Resources: 	at com.ss.android.ugc.aweme.feed.ui.LayoutCheckFrameLayout.onMeasure(SourceFile:33619968)
09-01 22:16:08.253 11172 11172 W Resources: 	at com.ss.android.ugc.aweme.feed.ui.CustomViewPager.onMeasure(SourceFile:33947887)
09-01 22:16:08.253 11172 11172 W Resources: 	at com.ss.android.ugc.aweme.base.opensourcemodified.android.support.v4.widget.SwipeRefreshLayout.onMeasure(SourceFile:33882165)
09-01 22:16:08.253 11172 11172 W Resources: 	at com.ss.android.ugc.aweme.viewopt.SurfaceOptimizeFrameLayout.onMeasure(SourceFile:33816626)
09-01 22:16:08.269  1735  4372 I MediaFocusControl: requestAudioFocus() from uid/pid 10281/11172 AA=USAGE_MEDIA/CONTENT_TYPE_UNKNOWN clientId=android.media.AudioManager@97279b9X.1DIL@4ea61fe callingPack=com.ss.android.ugc.aweme req=1 flags=0x0 sdk=34
09-01 22:16:08.273 11172 11398 D nativeloader: Load /data/app/~~na7dq0QJPM3TlOgWfFFaKg==/com.ss.android.ugc.aweme-sWxsoc19sPwX3CppMH73Qg==/lib/arm64/libvideodec.so using ns clns-7 from class loader (caller=/data/app/~~na7dq0QJPM3TlOgWfFFaKg==/com.ss.android.ugc.aweme-sWxsoc19sPwX3CppMH73Qg==/base.apk!classes16.dex): ok
09-01 22:16:08.278 11172 11398 D nativeloader: Load /data/app/~~na7dq0QJPM3TlOgWfFFaKg==/com.ss.android.ugc.aweme-sWxsoc19sPwX3CppMH73Qg==/lib/arm64/libttmverify.so using ns clns-7 from class loader (caller=/data/app/~~na7dq0QJPM3TlOgWfFFaKg==/com.ss.android.ugc.aweme-sWxsoc19sPwX3CppMH73Qg==/base.apk!classes16.dex): ok
09-01 22:16:08.301  4015  4015 I GoogleInputMethodService: GoogleInputMethodService.onStartInput():1911 onStartInput(EditorInfo{EditorInfo{packageName=com.ss.android.ugc.aweme, inputType=0, inputTypeString=NULL, enableLearning=false, autoCorrection=false, autoComplete=false, imeOptions=0, privateImeOptions=null, actionName=UNSPECIFIED, actionLabel=null, initialSelStart=-1, initialSelEnd=-1, initialCapsMode=0, label=null, fieldId=0, fieldName=null, extras=null, hintText=null, hintLocales=[]}}, false)
09-01 22:16:08.303  1735  4604 W PackageConfigPersister: App-specific configuration not found for packageName: com.ss.android.ugc.aweme and userId: 0
09-01 22:16:08.354 11172 11215 D nativeloader: Load /data/app/~~na7dq0QJPM3TlOgWfFFaKg==/com.ss.android.ugc.aweme-sWxsoc19sPwX3CppMH73Qg==/lib/arm64/libfileprotect.so using ns clns-7 from class loader (caller=/data/app/~~na7dq0QJPM3TlOgWfFFaKg==/com.ss.android.ugc.aweme-sWxsoc19sPwX3CppMH73Qg==/base.apk!classes16.dex): ok
09-01 22:16:08.355 11172 11215 D nativeloader: Load /data/app/~~na7dq0QJPM3TlOgWfFFaKg==/com.ss.android.ugc.aweme-sWxsoc19sPwX3CppMH73Qg==/lib/arm64/libbytenn.so using ns clns-7 from class loader (caller=/data/app/~~na7dq0QJPM3TlOgWfFFaKg==/com.ss.android.ugc.aweme-sWxsoc19sPwX3CppMH73Qg==/base.apk!classes16.dex): ok
09-01 22:16:08.355 11172 11215 D nativeloader: Load /data/app/~~na7dq0QJPM3TlOgWfFFaKg==/com.ss.android.ugc.aweme-sWxsoc19sPwX3CppMH73Qg==/lib/arm64/libbytennwrapper.so using ns clns-7 from class loader (caller=/data/app/~~na7dq0QJPM3TlOgWfFFaKg==/com.ss.android.ugc.aweme-sWxsoc19sPwX3CppMH73Qg==/base.apk!classes16.dex): ok
09-01 22:16:08.404 11172 11172 W Thread-6: type=1400 audit(0.0:6261): avc:  denied  { read } for  name="arp" dev="proc" ino=4026532015 scontext=u:r:untrusted_app:s0:c25,c257,c512,c768 tcontext=u:object_r:proc_net:s0 tclass=file permissive=0 app=com.ss.android.ugc.aweme
09-01 22:16:08.565  1735  4372 D CoreBackPreview: Window{1a6e5d8 u0 Splash Screen com.ss.android.ugc.aweme EXITING}: Setting back callback null
09-01 22:16:08.567  1735 11132 E ActivityManager: ANR in com.google.android.calendar
09-01 22:16:08.571  1735 11132 D ActivityManager: Completed ANR of com.google.android.calendar in 2062ms, latency 1ms
09-01 22:16:09.391 11172 11396 D nativeloader: Configuring clns-11 for other apk . target_sdk_version=34, uses_libraries=ALL, library_path=/data/user/0/com.ss.android.ugc.aweme/files/plugins/com.bytedance.aweme.smart_client_plugin/version-35109020/lib, permitted_path=/data:/mnt/expand
09-01 22:16:09.408 11172 11172 W #tp-default-699: type=1400 audit(0.0:6262): avc:  granted  { execute } for  path="/data/data/com.ss.android.ugc.aweme/files/plugins/com.bytedance.aweme.smart_client_plugin/version-35109020/lib/libCepEngine.so" dev="dm-56" ino=60459 scontext=u:r:untrusted_app:s0:c25,c257,c512,c768 tcontext=u:object_r:app_data_file:s0:c25,c257,c512,c768 tclass=file app=com.ss.android.ugc.aweme
09-01 22:16:09.414 11172 11244 D nativeloader: Load /data/user/0/com.ss.android.ugc.aweme/files/plugins/com.bytedance.aweme.smart_client_plugin/version-35109020/lib/libCepEngine.so using ns clns-11 from class loader (caller=<unknown>): ok
09-01 22:16:09.416 11172 11172 W #tp-default-699: type=1400 audit(0.0:6263): avc:  granted  { execute } for  path="/data/data/com.ss.android.ugc.aweme/files/plugins/com.bytedance.aweme.smart_client_plugin/version-35109020/lib/libCepAST.so" dev="dm-56" ino=60444 scontext=u:r:untrusted_app:s0:c25,c257,c512,c768 tcontext=u:object_r:app_data_file:s0:c25,c257,c512,c768 tclass=file app=com.ss.android.ugc.aweme
09-01 22:16:09.419 11172 11244 D nativeloader: Load /data/user/0/com.ss.android.ugc.aweme/files/plugins/com.bytedance.aweme.smart_client_plugin/version-35109020/lib/libCepAST.so using ns clns-11 from class loader (caller=<unknown>): ok
09-01 22:16:09.420 11172 11172 W #tp-default-699: type=1400 audit(0.0:6264): avc:  granted  { execute } for  path="/data/data/com.ss.android.ugc.aweme/files/plugins/com.bytedance.aweme.smart_client_plugin/version-35109020/lib/libfast_engine.so" dev="dm-56" ino=60388 scontext=u:r:untrusted_app:s0:c25,c257,c512,c768 tcontext=u:object_r:app_data_file:s0:c25,c257,c512,c768 tclass=file app=com.ss.android.ugc.aweme
09-01 22:16:09.420 11172 11172 W #tp-default-699: type=1400 audit(0.0:6265): avc:  granted  { execute } for  path="/data/data/com.ss.android.ugc.aweme/files/plugins/com.bytedance.aweme.smart_client_plugin/version-35109020/lib/libCepFast.so" dev="dm-56" ino=60372 scontext=u:r:untrusted_app:s0:c25,c257,c512,c768 tcontext=u:object_r:app_data_file:s0:c25,c257,c512,c768 tclass=file app=com.ss.android.ugc.aweme
09-01 22:16:09.427 11172 11244 D nativeloader: Load /data/user/0/com.ss.android.ugc.aweme/files/plugins/com.bytedance.aweme.smart_client_plugin/version-35109020/lib/libCepFast.so using ns clns-11 from class loader (caller=<unknown>): ok
09-01 22:16:09.440 11172 11172 W #tp-default-699: type=1400 audit(0.0:6266): avc:  granted  { execute } for  path="/data/data/com.ss.android.ugc.aweme/files/plugins/com.bytedance.aweme.smart_client_plugin/version-35109020/lib/libPitayaBdComponent.so" dev="dm-56" ino=60373 scontext=u:r:untrusted_app:s0:c25,c257,c512,c768 tcontext=u:object_r:app_data_file:s0:c25,c257,c512,c768 tclass=file app=com.ss.android.ugc.aweme
09-01 22:16:09.442 11172 11244 D nativeloader: Load /data/user/0/com.ss.android.ugc.aweme/files/plugins/com.bytedance.aweme.smart_client_plugin/version-35109020/lib/libPitayaBdComponent.so using ns clns-11 from class loader (caller=<unknown>): ok
09-01 22:16:09.444 11172 11172 W #tp-default-699: type=1400 audit(0.0:6267): avc:  granted  { execute } for  path="/data/data/com.ss.android.ugc.aweme/files/plugins/com.bytedance.aweme.smart_client_plugin/version-35109020/lib/libAndroidPitayaCore.so" dev="dm-56" ino=60420 scontext=u:r:untrusted_app:s0:c25,c257,c512,c768 tcontext=u:object_r:app_data_file:s0:c25,c257,c512,c768 tclass=file app=com.ss.android.ugc.aweme
09-01 22:16:09.449 11172 11244 D nativeloader: Load /data/user/0/com.ss.android.ugc.aweme/files/plugins/com.bytedance.aweme.smart_client_plugin/version-35109020/lib/libAndroidPitayaCore.so using ns clns-11 from class loader (caller=<unknown>): ok
09-01 22:16:09.452 11172 11172 W #pty-setup: type=1400 audit(0.0:6268): avc:  granted  { execute } for  path="/data/data/com.ss.android.ugc.aweme/files/plugins/com.bytedance.aweme.smart_client_plugin/version-35109020/lib/libCepProxy.so" dev="dm-56" ino=60389 scontext=u:r:untrusted_app:s0:c25,c257,c512,c768 tcontext=u:object_r:app_data_file:s0:c25,c257,c512,c768 tclass=file app=com.ss.android.ugc.aweme
09-01 22:16:09.457 11172 11198 D nativeloader: Load /data/user/0/com.ss.android.ugc.aweme/files/plugins/com.bytedance.aweme.smart_client_plugin/version-35109020/lib/libCepProxy.so using ns clns-11 from class loader (caller=<unknown>): ok
09-01 22:16:09.584 11172 11172 W #pty-setup: type=1400 audit(0.0:6269): avc:  granted  { execute } for  path="/data/data/com.ss.android.ugc.aweme/files/plugins/com.bytedance.aweme.smart_client_plugin/version-35109020/lib/libARTNative.so" dev="dm-56" ino=60386 scontext=u:r:untrusted_app:s0:c25,c257,c512,c768 tcontext=u:object_r:app_data_file:s0:c25,c257,c512,c768 tclass=file app=com.ss.android.ugc.aweme
09-01 22:16:09.588 11172 11198 D nativeloader: Load /data/user/0/com.ss.android.ugc.aweme/files/plugins/com.bytedance.aweme.smart_client_plugin/version-35109020/lib/libARTNative.so using ns clns-11 from class loader (caller=<unknown>): ok
09-01 22:16:10.473 11172 11230 D nativeloader: Configuring clns-12 for other apk . target_sdk_version=34, uses_libraries=ALL, library_path=/data/user/0/com.ss.android.ugc.aweme/files/plugins/com.ss.android.ugc.aweme.v8/version-351090200/lib, permitted_path=/data:/mnt/expand
09-01 22:16:10.488 11172 11208 D nativeloader: Configuring clns-13 for other apk . target_sdk_version=34, uses_libraries=ALL, library_path=/data/user/0/com.ss.android.ugc.aweme/files/plugins/com.ss.android.ugc.aweme.vmsdk_plugin/version-351090200/lib, permitted_path=/data:/mnt/expand
09-01 22:16:10.505 11172 11208 D nativeloader: Configuring clns-14 for other apk . target_sdk_version=34, uses_libraries=ALL, library_path=/data/user/0/com.ss.android.ugc.aweme/files/plugins/com.ss.android.ugc.aweme.miniapp/version-35109020/lib, permitted_path=/data:/mnt/expand
09-01 22:16:10.617 11172 11172 W Resources: Drawable com.ss.android.ugc.aweme:drawable/_ has unresolved theme attributes! Consider using Resources.getDrawable(int, Theme) or Context.getDrawable(int).
09-01 22:16:10.617 11172 11172 W Resources: 	at com.GlobalProxyLancet.com_ss_android_ugc_aweme_lancet_ViewInflateLancet_inflate(SourceFile:67502135)
09-01 22:16:10.617 11172 11172 W Resources: 	at com.ss.android.ugc.aweme.common.widget.VerticalViewPager.onMeasure(SourceFile:33947892)
09-01 22:16:10.617 11172 11172 W Resources: 	at com.ss.android.ugc.aweme.views.DoubleBallSwipeRefreshLayout.onMeasure(SourceFile:33882165)
09-01 22:16:10.617 11172 11172 W Resources: 	at com.ss.android.ugc.aweme.feed.ui.LayoutCheckRefreshLayout.onMeasure(SourceFile:33619968)
09-01 22:16:10.617 11172 11172 W Resources: 	at com.ss.android.ugc.aweme.feed.ui.LayoutCheckFrameLayout.onMeasure(SourceFile:33619968)
09-01 22:16:10.617 11172 11172 W Resources: 	at com.ss.android.ugc.aweme.feed.ui.CustomViewPager.onMeasure(SourceFile:33947887)
09-01 22:16:10.617 11172 11172 W Resources: 	at com.ss.android.ugc.aweme.base.opensourcemodified.android.support.v4.widget.SwipeRefreshLayout.onMeasure(SourceFile:33882165)
09-01 22:16:10.617 11172 11172 W Resources: 	at com.ss.android.ugc.aweme.viewopt.SurfaceOptimizeFrameLayout.onMeasure(SourceFile:33816626)
09-01 22:16:10.619 11172 11172 W Resources: Drawable com.ss.android.ugc.aweme:drawable/_ has unresolved theme attributes! Consider using Resources.getDrawable(int, Theme) or Context.getDrawable(int).
09-01 22:16:10.619 11172 11172 W Resources: 	at com.GlobalProxyLancet.com_ss_android_ugc_aweme_lancet_ViewInflateLancet_inflate(SourceFile:67502135)
09-01 22:16:10.619 11172 11172 W Resources: 	at com.ss.android.ugc.aweme.common.widget.VerticalViewPager.onMeasure(SourceFile:33947892)
09-01 22:16:10.619 11172 11172 W Resources: 	at com.ss.android.ugc.aweme.views.DoubleBallSwipeRefreshLayout.onMeasure(SourceFile:33882165)
09-01 22:16:10.619 11172 11172 W Resources: 	at com.ss.android.ugc.aweme.feed.ui.LayoutCheckRefreshLayout.onMeasure(SourceFile:33619968)
09-01 22:16:10.619 11172 11172 W Resources: 	at com.ss.android.ugc.aweme.feed.ui.LayoutCheckFrameLayout.onMeasure(SourceFile:33619968)
09-01 22:16:10.619 11172 11172 W Resources: 	at com.ss.android.ugc.aweme.feed.ui.CustomViewPager.onMeasure(SourceFile:33947887)
09-01 22:16:10.619 11172 11172 W Resources: 	at com.ss.android.ugc.aweme.base.opensourcemodified.android.support.v4.widget.SwipeRefreshLayout.onMeasure(SourceFile:33882165)
09-01 22:16:10.619 11172 11172 W Resources: 	at com.ss.android.ugc.aweme.viewopt.SurfaceOptimizeFrameLayout.onMeasure(SourceFile:33816626)
09-01 22:16:10.668 11172 11393 D nativeloader: Load /data/app/~~na7dq0QJPM3TlOgWfFFaKg==/com.ss.android.ugc.aweme-sWxsoc19sPwX3CppMH73Qg==/lib/arm64/libunicorn-main.so using ns clns-7 from class loader (caller=<unknown>): ok
09-01 22:16:10.673 11172 11393 I uni::fml::log: [INFO:unisus_path_service.cc(28)] Init path configs: /data/user/0/com.ss.android.ugc.aweme/files/unisus, /data/user/0/com.ss.android.ugc.aweme/cache/unisus/process/11172, /data/user/0/com.ss.android.ugc.aweme/files, /storage/emulated/0/Android/data/com.ss.android.ugc.aweme/cache
09-01 22:16:10.674 11172 11393 I uni::fml::log: [INFO:unisus_cloud_service.cc(100)] Cloud init dir path: /data/user/0/com.ss.android.ugc.aweme/files/unisus/cloud
09-01 22:16:10.676 11172 11393 I uni::fml::log: [INFO:unisus_settings_instance.cc(266)] Settings InitDirPath, path = /data/user/0/com.ss.android.ugc.aweme/files/unisus/settings/unisus
09-01 22:16:10.696 11172 11393 I uni::fml::log: [INFO:unisus_base_bundle_service_cloud_adapter_v2.cc(56)] Init configs V2, /data/user/0/com.ss.android.ugc.aweme/files/unisus/basebundleV2/base/normal, /data/user/0/com.ss.android.ugc.aweme/files/unisus/basebundleV2/base/debug, /data/user/0/com.ss.android.ugc.aweme/cache/unisus/process/11172/basebundle_tmp, use_V2_preset: 1built_in_version: 3.75.1.6built_in_biz_versions: 2
09-01 22:16:10.698 11172 11393 I uni::fml::log: [INFO:base_bundle_service_onload.cc(174)] create mark file: /data/user/0/com.ss.android.ugc.aweme/files/unisus/basebundleV2/base/markFile/3780011_11172
09-01 22:16:10.698 11172 11393 I uni::fml::log: [INFO:base_bundle_service_onload.cc(174)] create mark file: /data/user/0/com.ss.android.ugc.aweme/files/unisus/basebundleV2/bizGame/markFile/1000003_11172
09-01 22:16:10.698 11172 11393 I uni::fml::log: [INFO:base_bundle_service_onload.cc(174)] create mark file: /data/user/0/com.ss.android.ugc.aweme/files/unisus/basebundleV2/bizApp/markFile/1000018_11172
09-01 22:16:10.700 11172 11393 I uni::fml::log: [INFO:base_bundle_service_onload.cc(495)] Delete mark file: /data/user/0/com.ss.android.ugc.aweme/files/unisus/basebundleV2/bizApp/markFile/1000018_10735
09-01 22:16:10.700 11172 11393 I uni::fml::log: [INFO:base_bundle_service_onload.cc(495)] Delete mark file: /data/user/0/com.ss.android.ugc.aweme/files/unisus/basebundleV2/bizGame/markFile/1000003_10735
09-01 22:16:10.700 11172 11393 I uni::fml::log: [INFO:base_bundle_service_onload.cc(495)] Delete mark file: /data/user/0/com.ss.android.ugc.aweme/files/unisus/basebundleV2/base/markFile/3780011_10735
09-01 22:16:10.700 11172 11393 E uni::fml::log: [ERROR:/cache/228/bytebus/repositories/695f75851403dbb333d319cde130b7a1/cb2ea26d53730bb7ff6b860102fd675b/src/service/base_bundle_service/platform/android/base_bundle_service_onload.cc(312)] open mark directory fail, path = /data/user/0/com.ss.android.ugc.aweme/files/unisus/basebundle/markFile, errno = 2
09-01 22:16:10.928 11172 11172 W TuringVerifyThr: type=1400 audit(0.0:6270): avc:  granted  { execute } for  path="/data/data/com.ss.android.ugc.aweme/files/plugins/com.bytedance.aweme.smart_client_plugin/version-35109020/lib/libBDPythonVM.so" dev="dm-56" ino=60369 scontext=u:r:untrusted_app:s0:c25,c257,c512,c768 tcontext=u:object_r:app_data_file:s0:c25,c257,c512,c768 tclass=file app=com.ss.android.ugc.aweme
09-01 22:16:10.928 11172 11172 W TuringVerifyThr: type=1400 audit(0.0:6271): avc:  granted  { execute } for  path="/data/data/com.ss.android.ugc.aweme/files/plugins/com.bytedance.aweme.smart_client_plugin/version-35109020/lib/libpythonA.so" dev="dm-56" ino=60371 scontext=u:r:untrusted_app:s0:c25,c257,c512,c768 tcontext=u:object_r:app_data_file:s0:c25,c257,c512,c768 tclass=file app=com.ss.android.ugc.aweme
09-01 22:16:10.932 11172 11172 W TuringVerifyThr: type=1400 audit(0.0:6272): avc:  granted  { execute } for  path="/data/data/com.ss.android.ugc.aweme/files/plugins/com.bytedance.aweme.smart_client_plugin/version-35109020/lib/libByteAINN.so" dev="dm-56" ino=60332 scontext=u:r:untrusted_app:s0:c25,c257,c512,c768 tcontext=u:object_r:app_data_file:s0:c25,c257,c512,c768 tclass=file app=com.ss.android.ugc.aweme
09-01 22:16:10.935 11172 11319 D nativeloader: Load /data/user/0/com.ss.android.ugc.aweme/files/plugins/com.bytedance.aweme.smart_client_plugin/version-35109020/lib/libBDPythonVM.so using ns clns-11 from class loader (caller=<unknown>): ok
09-01 22:16:10.937 11172 11319 D nativeloader: Load /data/user/0/com.ss.android.ugc.aweme/files/plugins/com.bytedance.aweme.smart_client_plugin/version-35109020/lib/libByteAINN.so using ns clns-11 from class loader (caller=<unknown>): ok
09-01 22:16:10.936 11172 11172 W TuringVerifyThr: type=1400 audit(0.0:6273): avc:  granted  { execute } for  path="/data/data/com.ss.android.ugc.aweme/files/plugins/com.bytedance.aweme.smart_client_plugin/version-35109020/lib/libbytedt.so" dev="dm-56" ino=60365 scontext=u:r:untrusted_app:s0:c25,c257,c512,c768 tcontext=u:object_r:app_data_file:s0:c25,c257,c512,c768 tclass=file app=com.ss.android.ugc.aweme
09-01 22:16:10.936 11172 11172 W TuringVerifyThr: type=1400 audit(0.0:6274): avc:  granted  { execute } for  path="/data/data/com.ss.android.ugc.aweme/files/plugins/com.bytedance.aweme.smart_client_plugin/version-35109020/lib/libByteAIDT.so" dev="dm-56" ino=60328 scontext=u:r:untrusted_app:s0:c25,c257,c512,c768 tcontext=u:object_r:app_data_file:s0:c25,c257,c512,c768 tclass=file app=com.ss.android.ugc.aweme
09-01 22:16:10.940 11172 11319 D nativeloader: Load /data/user/0/com.ss.android.ugc.aweme/files/plugins/com.bytedance.aweme.smart_client_plugin/version-35109020/lib/libByteAIDT.so using ns clns-11 from class loader (caller=<unknown>): ok
09-01 22:16:10.946 11172 11319 D nativeloader: Load /data/user/0/com.ss.android.ugc.aweme/files/plugins/com.bytedance.aweme.smart_client_plugin/version-35109020/lib/libpy-cv-numpycv.so using ns clns-11 from class loader (caller=<unknown>): ok
09-01 22:16:10.949 11172 11319 D nativeloader: Load /data/user/0/com.ss.android.ugc.aweme/files/plugins/com.bytedance.aweme.smart_client_plugin/version-35109020/lib/libpy-numpy.so using ns clns-11 from class loader (caller=<unknown>): ok
