
 [1m[36m╔══════════════════════════════════════╗[0m
 [1m[36m║[0m  [1m      rustFrida v0.1.0             [0m[1m[36m║[0m
 [1m[36m║[0m  [2m  ARM64 Dynamic Instrumentation    [0m[1m[36m║[0m
 [1m[36m╚══════════════════════════════════════╝[0m

[1m[34m [*][0m Spawn 模式: 准备注入 com.ss.android.ugc.aweme
[1m[34m [*][0m 找到 1 个新 zygote 进程
[1m[36m [→][0m 正在注入 zymbiote 到 zygote64 (pid=887)...
[1m[33m [!][0m setArgV0 指针已被替换（already patched），slot at 0x71e6b0d8
[1m[32m [✓][0m Zymbiote 注入成功: zygote64 (pid=887)
[1m[34m [*][0m 正在启动应用 com.ss.android.ugc.aweme...
[1m[34m [*][0m 等待进程 com.ss.android.ugc.aweme 启动... (最长 20s)
[1m[32m [✓][0m 收到 spawn hello: pid=14732, ppid=887, package=com.ss.android.ugc.aweme
[1m[34m [*][0m 正在向子进程 14732 注入 agent...
[1m[34m [*][0m 正在附加到进程 PID: 14732 (Frida-style bootstrapper)
[1m[32m [✓][0m 成功附加到进程 14739，等待 SIGSTOP...
[1m[32m [✓][0m 进程已停止，可以操作寄存器
[1m[32m [✓][0m bootstrapper 完成: libc API 已解析
[1m[32m [✓][0m 已分离目标进程
[1m[32m [✓][0m Loader: agent 加载成功
[1m[34m [*][0m 等待 agent 连接... (最长 10s)
[1m[32m [✓][0m Agent 已连接
[1m[34m [*][0m 子进程暂停中，准备加载脚本
[1m[34m [*][0m 加载脚本: /data/local/tmp/metasec_probe_350101_gum-exevm_20260901_124300.js
[1m[34m [*][0m 脚本声明 Java.setStealth(1)，预配置到 artinit/jsinit 之前
[1m[34m [*][0m 检测到 pre-resume Java 脚本，先发送到 raw clone TLS JS worker 执行
[1m[35m [agent][0m [JS] [metasec-probe350] loaded version=350101 selected="gum-exevm"
[1m[35m [agent][0m [JS] [metasec-probe350] install mode=gum-exevm source=metasec_probe_350101.js#gum-exevm
[1m[35m [agent][0m [JS] [gumtrace-4cc10] waiting for libmetasec_ml.so
[32m=> undefined[0m
[1m[36m [→][0m 正在恢复子进程 14732...
[1m[32m [✓][0m 子进程 14732 已恢复运行
[1m[34m [*][0m spawn 已恢复，启动 Java worker 作为后续 Java 操作执行线程
[1m[35m [agent][0m [java worker] starting
[1m[35m [agent][0m [JS] [hook_engine] wxshadow PATCH failed (errno=22), trying PMD split + COW for addr=0x744e5f5e30
[1m[35m [agent][0m [JS] [hook_engine] wxshadow PATCH failed after COW: addr=0x744e5f5e30 errno=22
[1m[35m [agent][0m [JS] [hook_engine] [31m[STEALTH] wxshadow 失败 0x744e5f5e30，拒绝降级 mprotect[0m
[1m[33m [!][0m Java worker 启动失败，后续 Java 操作需要重新初始化 worker: Java worker 初始化失败: java worker start failed: Java executor loop hook is not installed
  [2m输入 help 查看命令，exit 退出[0m
[1m[35m [agent][0m [JS] [gumtrace-4cc10] dlopen loaded: /data/app/~~na7dq0QJPM3TlOgWfFFaKg==/com.ss.android.ugc.aweme-sWxsoc19sPwX3CppMH73Qg==/lib/arm64/libmetasec_ml.so
[1m[35m [agent][0m [JS] [gumtrace-4cc10] module base=0x6ffbaca000 target=0x6ffbb16c10 offset=0x4cc10
[1m[35m [agent][0m [JS] [gumtrace-4cc10] installed GumTrace gate hook
[1m[35m [agent][0m [JS] [gumtrace-4cc10] hit target; x0=0x6ffbcb6670 x1=0x7054ede228 x2=0x6ffbd2c980 x3=0x6ffbd2c9c0 lr=0x6ffbba35cc
[1m[35m [agent][0m [JS] [linker api] linker64 base=0x745f7ff000, path=/apex/com.android.runtime/bin/linker64
[1m[35m [agent][0m [JS] [linker api] found 7 symbols in one pass
[1m[35m [agent][0m [JS] [linker api]   __loader_android_dlopen_ext=0x745f87e5a0
[1m[35m [agent][0m [JS] [linker api]   __dl__Z15solist_get_headv=0x745f84a670
[1m[35m [agent][0m [JS] [linker api]   __dl___loader_android_dlopen_ext=0x745f87e5a0
[1m[35m [agent][0m [JS] [linker api]   __dl___loader_dlopen=0x745f87f670
[1m[35m [agent][0m [JS] [linker api]   __dl_g_dl_mutex=0x745f986ba8
[1m[35m [agent][0m [JS] [linker api]   __dl__ZNK6soinfo12get_realpathEv=0x745f8fa4c0
[1m[35m [agent][0m [JS] [linker api]   __dl___loader_dlvsym=0x745f87e5b0
[1m[35m [agent][0m [JS] [linker api] unrestricted API: dlopen=0x745f87f670, dlsym=0x745f87e5b0, trusted_caller=0x745f87f670
[1m[35m [agent][0m [JS] [gumtrace-4cc10] Module.load ok: {"name":"libGumTrace.so","base":"0x6fe2815000","size":12283904,"path":"/data/local/tmp/libGumTrace.so"}
[1m[35m [agent][0m [JS] [gumtrace-4cc10] exports init=0x6fe30b9720 run=0x6fe30ba284 unrun=0x6fe30ba2e4
[1m[35m [agent][0m [JS] [gumtrace-4cc10] trace started
[1m[35m [agent][0m [JS] [gumtrace-4cc10] leave target ret=0x7054eddf50
[1m[35m [agent][0m [JS] [gumtrace-4cc10] trace stopped, file=/data/data/com.ss.android.ugc.aweme/gumtrace_4cc10.log
[1m[35m [agent][0m [JS] [gumtrace-4cc10] detached target hook
[1m[34m [*][0m 退出交互模式
[1m[34m [*][0m 已发送 shutdown，等待 agent 主动断开连接...
[1m[35m [agent][0m [agent] 收到 shutdown，开始退出清理
[1m[35m [agent][0m [agent] [quickjs] cleanup start (managed-safe unload) (+0ms, total 0ms)
[1m[35m [agent][0m [agent] [quickjs] phase0 stop_java_worker (+0ms, total 0ms)
[1m[35m [agent][0m [agent] [quickjs] phase1 cut_java_hooks (+0ms, total 0ms)
[1m[35m [agent][0m [agent] [quickjs] phase1 cut_native_hooks (+68ms, total 68ms)
[1m[35m [agent][0m [agent] [quickjs] phase1 cut_art_controller_routing (+0ms, total 68ms)
[1m[35m [agent][0m [JS] [drain] start, callback_in_flight=0, exec_in_flight=0
[1m[35m [agent][0m [JS] [drain] done, callback_in_flight=0, exec_in_flight=0 after 0ms (1 rounds)
[1m[35m [agent][0m [agent] [quickjs] phase2 drain_thunk_in_flight (+0ms, total 69ms)
[1m[35m [agent][0m [agent] [quickjs] phase3 cut_art_controller_walkstack_guards (+0ms, total 69ms)
[1m[35m [agent][0m [agent] [recompiler] release_all: snapshot 0 recomp range(s) for caller-side munmap (release_ok=0 fail=0)
[1m[35m [agent][0m [agent] [quickjs] phase3 release_all_recomp (+0ms, total 69ms)
[1m[35m [agent][0m [agent] [quickjs] phase3 free_art_controller_state (+0ms, total 69ms)
[1m[35m [agent][0m [agent] [quickjs] phase3 free_java_hooks (+0ms, total 69ms)
[1m[35m [agent][0m [agent] [quickjs] phase3 free_native_hooks (+0ms, total 70ms)
[1m[35m [agent][0m [agent] [quickjs] phase3 shutdown_qbdi_helper (+0ms, total 70ms)
[1m[35m [agent][0m [agent] [quickjs] phase3 detach_jni_thread (+0ms, total 70ms)
[1m[35m [agent][0m [agent] [quickjs] phase3 cleanup_engine (+2ms, total 72ms)
[1m[35m [agent][0m [agent] [quickjs] cleanup done (managed-safe unload, executable pools retained, walkstack guards removed, total 73ms)
[1m[35m [agent][0m [agent] 退出清理完成，准备关闭 socket
[1m[32m [✓][0m 成功附加到进程 14739，等待 SIGSTOP...
[1m[32m [✓][0m 进程已停止，可以操作寄存器
[1m[34m [*][0m 正在还原 zygote 887 的 patch...
[1m[32m [✓][0m Zygote 887 patch 已还原
