09-01 23:08:53.762  1735  4381 I ActivityManager: Force stopping com.ss.android.ugc.aweme appid=10281 user=0: from pid 11311
09-01 23:08:53.765  1735  4381 I AppsFilter: interaction: PackageSetting{63c5ba2 com.google.android.microdroid.empty_payload/10259} -> PackageSetting{ef094f9 com.ss.android.ugc.aweme/10281} BLOCKED
09-01 23:08:53.854  1735  4372 I ActivityTaskManager: START u0 {flg=0x10000000 cmp=com.ss.android.ugc.aweme/.splash.SplashActivity} with LAUNCH_SINGLE_TOP from uid 0 (BAL_ALLOW_ALLOWLISTED_UID) result code=0
09-01 23:08:53.854  2069  2093 V WindowManagerShell: Transition requested (#223): android.os.BinderProxy@84be7fa TransitionRequestInfo { type = OPEN, triggerTask = TaskInfo{userId=0 taskId=373 effectiveUid=10281 displayId=0 isRunning=true baseIntent=Intent { flg=0x10000000 cmp=com.ss.android.ugc.aweme/.splash.SplashActivity } baseActivity=ComponentInfo{com.ss.android.ugc.aweme/com.ss.android.ugc.aweme.main.MainActivity} topActivity=ComponentInfo{com.ss.android.ugc.aweme/com.ss.android.ugc.aweme.main.MainActivity} origActivity=ComponentInfo{com.ss.android.ugc.aweme/com.ss.android.ugc.aweme.splash.SplashActivity} realActivity=ComponentInfo{com.ss.android.ugc.aweme/com.ss.android.ugc.aweme.main.MainActivity} numActivities=1 lastActiveTime=9871752 supportsMultiWindow=true resizeMode=2 isResizeable=true minWidth=-1 minHeight=-1 defaultMinSize=220 token=WCT{android.window.IWindowContainerToken$Stub$Proxy@e5c21ab} topActivityType=1 pictureInPictureParams=null shouldDockBigOverlays=false launchIntoPipHostTaskId=-1 lastParentTaskIdBeforePip=-1 displayCutoutSafeInsets=Rect(0, 128 - 0, 0) topActivityInfo=ActivityInfo{4bea008 com.ss.android.ugc.aweme.splash.SplashActivity} launchCookies=[] positionInParent=Point(0, 0) parentTaskId=-1 isFocused=false isVisible=false isVisibleRequested=false isTopActivityNoDisplay=false isSleeping=false locusId=null displayAreaFeatureId=1 isTopActivityTransparent=false isActivityStackTransparent=false lastNonFullscreenBounds=Rect(276, 692 - 804, 1772) capturedLink=null capturedLinkTimestamp=0 requestedVisibleTypes=-9 topActivityRequestOpenInBrowserEducationTimestamp=0 appCompatTaskInfo=AppCompatTaskInfo { topActivityInSizeCompat=false eligibleForLetterboxEducation= false isLetterboxEducationEnabled= false isLetterboxDoubleTapEnabled= false eligibleForUserAspectRatioButton= false topActivityBoundsLetterboxed= false isFromLetterboxDoubleTap= false topActivityLetterboxVerticalPosition= -1 topActivityLetterboxHorizontalPosition= -1 topActivityLetterboxWidth=-1 topActivityLetterboxHeight=-1 topActivityLetterboxAppWidth=-1 topActivityLetterboxAppHeight=-1 isUserFullscreenOverrideEnabled=false isSystemFullscreenOverrideEnabled=false hasMinAspectRatioOverride=false topActivityLetterboxBounds=null cameraCompatTaskInfo=CameraCompatTaskInfo { freeformCameraCompatMode=inactive}} topActivityMainWindowFrame=null}, pipChange = null, remoteTransition = null, displayChange = null, flags = 0, debugId = 223 }
09-01 23:08:53.863  1735  4372 I AppsFilter: interaction: PackageSetting{63c5ba2 com.google.android.microdroid.empty_payload/10259} -> PackageSetting{2df24f3 com.ss.android.ugc.aweme/10281} BLOCKED
09-01 23:08:53.866  1735  2214 D CoreBackPreview: Window{65d5a2d u0 Splash Screen com.ss.android.ugc.aweme}: Setting back callback OnBackInvokedCallbackInfo{mCallback=android.window.IOnBackInvokedCallback$Stub$Proxy@d0dbcdc, mPriority=0, mIsAnimationCallback=false, mOverrideBehavior=0}
09-01 23:08:53.871  1735  1791 V WindowManager: Sent Transition (#223) createdAt=09-01 23:08:53.841 via request=TransitionRequestInfo { type = OPEN, triggerTask = TaskInfo{userId=0 taskId=373 effectiveUid=10281 displayId=0 isRunning=true baseIntent=Intent { flg=0x10000000 cmp=com.ss.android.ugc.aweme/.splash.SplashActivity } baseActivity=ComponentInfo{com.ss.android.ugc.aweme/com.ss.android.ugc.aweme.main.MainActivity} topActivity=ComponentInfo{com.ss.android.ugc.aweme/com.ss.android.ugc.aweme.main.MainActivity} origActivity=ComponentInfo{com.ss.android.ugc.aweme/com.ss.android.ugc.aweme.splash.SplashActivity} realActivity=ComponentInfo{com.ss.android.ugc.aweme/com.ss.android.ugc.aweme.main.MainActivity} numActivities=1 lastActiveTime=9871752 supportsMultiWindow=true resizeMode=2 isResizeable=true minWidth=-1 minHeight=-1 defaultMinSize=220 token=WCT{RemoteToken{c8b2ae0 Task{a3e4b98 #373 type=standard A=10281:com.ss.android.ugc.aweme}}} topActivityType=1 pictureInPictureParams=null shouldDockBigOverlays=false launchIntoPipHostTaskId=-1 lastParentTaskIdBeforePip=-1 displayCutoutSafeInsets=Rect(0, 128 - 0, 0) topActivityInfo=ActivityInfo{791b199 com.ss.android.ugc.aweme.splash.SplashActivity} launchCookies=[] positionInParent=Point(0, 0) parentTaskId=-1 isFocused=false isVisible=false isVisibleRequested=false isTopActivityNoDisplay=false isSleeping=false locusId=null displayAreaFeatureId=1 isTopActivityTransparent=false isActivityStackTransparent=false lastNonFullscreenBounds=Rect(276, 692 - 804, 1772) capturedLink=null capturedLinkTimestamp=0 requestedVisibleTypes=-9 topActivityRequestOpenInBrowserEducationTimestamp=0 appCompatTaskInfo=AppCompatTaskInfo { topActivityInSizeCompat=false eligibleForLetterboxEducation= false isLetterboxEducationEnabled= false isLetterboxDoubleTapEnabled= false eligibleForUserAspectRatioButton= false topActivityBoundsLetterboxed= false isFromLetterboxDoubleTap= false topActivityLetterboxVerticalPosition= -1 topActivityLetterboxHorizontalPosition= -1 topActivityLetterboxWidth=-1 topActivityLetterboxHeight=-1 topActivityLetterboxAppWidth=-1 topActivityLetterboxAppHeight=-1 isUserFullscreenOverrideEnabled=false isSystemFullscreenOverrideEnabled=false hasMinAspectRatioOverride=false topActivityLetterboxBounds=null cameraCompatTaskInfo=CameraCompatTaskInfo { freeformCameraCompatMode=inactive}} topActivityMainWindowFrame=null}, pipChange = null, remoteTransition = null, displayChange = null, flags = 0, debugId = 223 }
09-01 23:08:53.872  1735  1791 V WindowManager:         {WCT{RemoteToken{c8b2ae0 Task{a3e4b98 #373 type=standard A=10281:com.ss.android.ugc.aweme}}} m=OPEN f=NONE leash=Surface(name=Task=373)/@0x152cb74 sb=Rect(0, 0 - 1080, 2400) eb=Rect(0, 0 - 1080, 2400) epz=Point(1080, 2400) d=0 taskParent=-1},
09-01 23:08:53.873  1735  1803 I ActivityManager: Start proc 11322:com.ss.android.ugc.aweme/u0a281 for next-top-activity {com.ss.android.ugc.aweme/com.ss.android.ugc.aweme.splash.SplashActivity}
09-01 23:08:57.473 11322 11430 D ActivityThread: Loading provider com.ss.android.ugc.aweme.push.SHARE_PROVIDER_AUTHORITY: com.ss.android.pushmanager.setting.PushMultiProcessSharedProvider
09-01 23:08:57.999  1735  4381 D CoreBackPreview: Window{36ef80c u0 com.ss.android.ugc.aweme/com.ss.android.ugc.aweme.splash.SplashActivity}: Setting back callback OnBackInvokedCallbackInfo{mCallback=android.window.IOnBackInvokedCallback$Stub$Proxy@61988f8, mPriority=0, mIsAnimationCallback=false, mOverrideBehavior=0}
09-01 23:08:58.147  1735  1871 W PackageConfigPersister: App-specific configuration not found for packageName: com.ss.android.ugc.aweme and userId: 0
09-01 23:08:58.479  1735  4381 D CoreBackPreview: Window{65d5a2d u0 Splash Screen com.ss.android.ugc.aweme EXITING}: Setting back callback null
09-01 23:09:17.226  1735  1803 I ActivityManager: Start proc 11914:com.ss.android.ugc.aweme:smp/u0a281 for service {com.ss.android.ugc.aweme/com.bytedance.sdk.account.sync.AuthenticatorService}
09-01 23:09:26.073  1735  1803 I ActivityManager: Start proc 12436:com.google.android.webview:sandboxed_process0:org.chromium.content.app.SandboxedProcessService0:0/u0i9 for  {com.ss.android.ugc.aweme/org.chromium.content.app.SandboxedProcessService0:0}
09-01 23:09:59.360 11322 11322 W Thread-9: type=1400 audit(0.0:14502): avc:  denied  { read } for  name="u:object_r:userdebug_or_eng_prop:s0" dev="tmpfs" ino=396 scontext=u:r:untrusted_app:s0:c25,c257,c512,c768 tcontext=u:object_r:userdebug_or_eng_prop:s0 tclass=file permissive=0 bug=b/305600845 app=com.ss.android.ugc.aweme
09-01 23:09:59.360 11322 11322 W Thread-9: type=1400 audit(0.0:14503): avc:  denied  { read } for  name="version" dev="proc" ino=4026532005 scontext=u:r:untrusted_app:s0:c25,c257,c512,c768 tcontext=u:object_r:proc_version:s0 tclass=file permissive=0 app=com.ss.android.ugc.aweme
09-01 23:09:59.360 11322 11322 W Thread-9: type=1400 audit(0.0:14504): avc:  denied  { read } for  name="misc" dev="proc" ino=4026531980 scontext=u:r:untrusted_app:s0:c25,c257,c512,c768 tcontext=u:object_r:proc_misc:s0 tclass=file permissive=0 app=com.ss.android.ugc.aweme
09-01 23:09:59.364 11322 11322 W Thread-9: type=1400 audit(0.0:14505): avc:  denied  { read } for  name="arp" dev="proc" ino=4026532015 scontext=u:r:untrusted_app:s0:c25,c257,c512,c768 tcontext=u:object_r:proc_net:s0 tclass=file permissive=0 app=com.ss.android.ugc.aweme
09-01 23:09:59.368 11322 11322 W Thread-9: type=1400 audit(0.0:14506): avc:  denied  { read } for  name="u:object_r:build_bootimage_prop:s0" dev="tmpfs" ino=115 scontext=u:r:untrusted_app:s0:c25,c257,c512,c768 tcontext=u:object_r:build_bootimage_prop:s0 tclass=file permissive=0 app=com.ss.android.ugc.aweme
09-01 23:10:00.440 13097 13097 W ip      : type=1400 audit(0.0:14516): avc:  denied  { bind } for  scontext=u:r:untrusted_app:s0:c25,c257,c512,c768 tcontext=u:r:untrusted_app:s0:c25,c257,c512,c768 tclass=netlink_route_socket permissive=0 bug=b/155595000 app=com.ss.android.ugc.aweme
09-01 23:10:00.468 13098 13098 W ip      : type=1400 audit(0.0:14517): avc:  denied  { bind } for  scontext=u:r:untrusted_app:s0:c25,c257,c512,c768 tcontext=u:r:untrusted_app:s0:c25,c257,c512,c768 tclass=netlink_route_socket permissive=0 bug=b/155595000 app=com.ss.android.ugc.aweme
09-01 23:10:00.532 11322 11322 W Thread-9: type=1400 audit(0.0:14518): avc:  denied  { read } for  name="cache" dev="dm-10" ino=18 scontext=u:r:untrusted_app:s0:c25,c257,c512,c768 tcontext=u:object_r:cache_file:s0 tclass=lnk_file permissive=0 app=com.ss.android.ugc.aweme
09-01 23:10:00.532 11322 11322 W Thread-9: type=1400 audit(0.0:14519): avc:  denied  { read } for  name="cache" dev="dm-10" ino=18 scontext=u:r:untrusted_app:s0:c25,c257,c512,c768 tcontext=u:object_r:cache_file:s0 tclass=lnk_file permissive=0 app=com.ss.android.ugc.aweme
09-01 23:10:00.532 11322 11322 W Thread-9: type=1400 audit(0.0:14520): avc:  denied  { read } for  name="cache" dev="dm-10" ino=18 scontext=u:r:untrusted_app:s0:c25,c257,c512,c768 tcontext=u:object_r:cache_file:s0 tclass=lnk_file permissive=0 app=com.ss.android.ugc.aweme
09-01 23:10:09.131 11322 11885 D nativeloader: Load /data/app/~~na7dq0QJPM3TlOgWfFFaKg==/com.ss.android.ugc.aweme-sWxsoc19sPwX3CppMH73Qg==/lib/arm64/libeffect.so using ns clns-7 from class loader (caller=/data/app/~~na7dq0QJPM3TlOgWfFFaKg==/com.ss.android.ugc.aweme-sWxsoc19sPwX3CppMH73Qg==/base.apk!classes16.dex): ok
09-01 23:10:09.132 11322 11885 I EffectSDK-1940: [jnimanager.cpp 101] getPackageName name: com.ss.android.ugc.aweme
09-01 23:10:09.794 11322 11322 W Resources: Drawable com.ss.android.ugc.aweme:drawable/_ has unresolved theme attributes! Consider using Resources.getDrawable(int, Theme) or Context.getDrawable(int).
09-01 23:10:09.794 11322 11322 W Resources: 	at com.GlobalProxyLancet.com_ss_android_ugc_aweme_lancet_ViewInflateLancet_inflate(SourceFile:67502135)
09-01 23:10:09.794 11322 11322 W Resources: 	at com.ss.android.ugc.aweme.common.widget.VerticalViewPager.onMeasure(SourceFile:33947892)
09-01 23:10:09.794 11322 11322 W Resources: 	at com.ss.android.ugc.aweme.views.DoubleBallSwipeRefreshLayout.onMeasure(SourceFile:33882165)
09-01 23:10:09.794 11322 11322 W Resources: 	at com.ss.android.ugc.aweme.feed.ui.LayoutCheckRefreshLayout.onMeasure(SourceFile:33619968)
09-01 23:10:09.794 11322 11322 W Resources: 	at com.ss.android.ugc.aweme.feed.ui.LayoutCheckFrameLayout.onMeasure(SourceFile:33619968)
09-01 23:10:09.794 11322 11322 W Resources: 	at com.ss.android.ugc.aweme.feed.ui.CustomViewPager.onMeasure(SourceFile:33947887)
09-01 23:10:09.794 11322 11322 W Resources: 	at com.ss.android.ugc.aweme.base.opensourcemodified.android.support.v4.widget.SwipeRefreshLayout.onMeasure(SourceFile:33882165)
09-01 23:10:09.794 11322 11322 W Resources: 	at com.ss.android.ugc.aweme.viewopt.SurfaceOptimizeFrameLayout.onMeasure(SourceFile:33816626)
09-01 23:10:09.798 11322 11322 W Resources: Drawable com.ss.android.ugc.aweme:drawable/_ has unresolved theme attributes! Consider using Resources.getDrawable(int, Theme) or Context.getDrawable(int).
09-01 23:10:09.798 11322 11322 W Resources: 	at com.GlobalProxyLancet.com_ss_android_ugc_aweme_lancet_ViewInflateLancet_inflate(SourceFile:67502135)
09-01 23:10:09.798 11322 11322 W Resources: 	at com.ss.android.ugc.aweme.common.widget.VerticalViewPager.onMeasure(SourceFile:33947892)
09-01 23:10:09.798 11322 11322 W Resources: 	at com.ss.android.ugc.aweme.views.DoubleBallSwipeRefreshLayout.onMeasure(SourceFile:33882165)
09-01 23:10:09.798 11322 11322 W Resources: 	at com.ss.android.ugc.aweme.feed.ui.LayoutCheckRefreshLayout.onMeasure(SourceFile:33619968)
09-01 23:10:09.798 11322 11322 W Resources: 	at com.ss.android.ugc.aweme.feed.ui.LayoutCheckFrameLayout.onMeasure(SourceFile:33619968)
09-01 23:10:09.798 11322 11322 W Resources: 	at com.ss.android.ugc.aweme.feed.ui.CustomViewPager.onMeasure(SourceFile:33947887)
09-01 23:10:09.798 11322 11322 W Resources: 	at com.ss.android.ugc.aweme.base.opensourcemodified.android.support.v4.widget.SwipeRefreshLayout.onMeasure(SourceFile:33882165)
09-01 23:10:09.798 11322 11322 W Resources: 	at com.ss.android.ugc.aweme.viewopt.SurfaceOptimizeFrameLayout.onMeasure(SourceFile:33816626)
09-01 23:10:17.972  1735 13448 D ActivityManager: created ANR temporary file:/data/anr/temp_anr_6745268082155154313.txt
09-01 23:10:17.996   639   639 I tombstoned: registered intercept for pid 9714 and type kDebuggerdJavaBacktrace
09-01 23:10:18.588   639   639 I tombstoned: received crash request for pid 9714
09-01 23:10:18.588   639   639 I tombstoned: found intercept fd 512 for pid 9714 and type kDebuggerdJavaBacktrace
09-01 23:10:18.589  9714  9715 I ndroid.calendar: Wrote stack traces to tombstoned
09-01 23:10:18.589   639   639 W tombstoned: skipping tombstone file creation due to intercept
09-01 23:10:19.260 11914 11967 D nativeloader: Load /data/app/~~na7dq0QJPM3TlOgWfFFaKg==/com.ss.android.ugc.aweme-sWxsoc19sPwX3CppMH73Qg==/lib/arm64/libEncryptor.so using ns clns-7 from class loader (caller=/data/app/~~na7dq0QJPM3TlOgWfFFaKg==/com.ss.android.ugc.aweme-sWxsoc19sPwX3CppMH73Qg==/base.apk!classes16.dex): ok
09-01 23:10:19.414  1735 13449 E ActivityManager: ANR in com.google.android.calendar
09-01 23:10:19.414  1735 13449 E ActivityManager:   111% 11322/com.ss.android.ugc.aweme: 81% user + 29% kernel / faults: 61043 minor 1 major
09-01 23:10:19.419  1735 13449 D ActivityManager: Completed ANR of com.google.android.calendar in 1448ms, latency 1ms
09-01 23:10:21.848 11322 11322 W Resources: Drawable com.ss.android.ugc.aweme:drawable/_ has unresolved theme attributes! Consider using Resources.getDrawable(int, Theme) or Context.getDrawable(int).
09-01 23:10:21.848 11322 11322 W Resources: 	at com.GlobalProxyLancet.com_ss_android_ugc_aweme_lancet_ViewInflateLancet_inflate(SourceFile:67502135)
09-01 23:10:21.848 11322 11322 W Resources: 	at com.ss.android.ugc.aweme.horizon.CommonHorizonView.setCurrentPosition(SourceFile:84148239)
09-01 23:10:21.848 11322 11322 W Resources: 	at com.ss.android.ugc.aweme.horizon.CommonHorizonView.setCurrentPosition(SourceFile:50462726)
