
 [1m[36m╔══════════════════════════════════════╗[0m
 [1m[36m║[0m  [1m      rustFrida v0.1.0             [0m[1m[36m║[0m
 [1m[36m║[0m  [2m  ARM64 Dynamic Instrumentation    [0m[1m[36m║[0m
 [1m[36m╚══════════════════════════════════════╝[0m

[1m[34m [*][0m Spawn 模式: 准备注入 com.ss.android.ugc.aweme
[1m[34m [*][0m 找到 1 个新 zygote 进程
[1m[36m [→][0m 正在注入 zymbiote 到 zygote64 (pid=887)...
[1m[32m [✓][0m Zymbiote 注入成功: zygote64 (pid=887)
[1m[34m [*][0m 正在启动应用 com.ss.android.ugc.aweme...
[1m[34m [*][0m 等待进程 com.ss.android.ugc.aweme 启动... (最长 20s)
[1m[32m [✓][0m 收到 spawn hello: pid=28140, ppid=887, package=com.ss.android.ugc.aweme
[1m[34m [*][0m 正在向子进程 28140 注入 agent...
[1m[34m [*][0m 正在附加到进程 PID: 28140 (Frida-style bootstrapper)
[1m[32m [✓][0m 成功附加到进程 28147，等待 SIGSTOP...
[1m[32m [✓][0m 进程已停止，可以操作寄存器
[1m[32m [✓][0m bootstrapper 完成: libc API 已解析
[1m[32m [✓][0m 已分离目标进程
[1m[32m [✓][0m Loader: agent 加载成功
[1m[34m [*][0m 等待 agent 连接... (最长 10s)
[1m[32m [✓][0m Agent 已连接
[1m[34m [*][0m 子进程暂停中，准备加载脚本
[1m[34m [*][0m 加载脚本: /data/local/tmp/metasec_probe_350101_packet-capture_capture_recomp_live_132749.js
[1m[34m [*][0m 脚本声明 Java.setStealth(2)，预配置到 artinit/jsinit 之前
[1m[34m [*][0m 检测到 pre-resume Java 脚本，先发送到 raw clone TLS JS worker 执行
[1m[35m [agent][0m [JS] [module] libart.so range: 0x7197fa5000-0x7198ba8000, path: Some("/apex/com.android.art/lib64/libart.so")
[1m[35m [agent][0m [agent] [recompiler-range] reserve orig=0x744e5f5000 code=0x744e6f5000-0x744e6f6000 tramp=0x744e6f6000-0x744e6f7000 used=0 total=8192
[1m[35m [agent][0m [agent] [recompiler] 0x744e5f5000 → 0x744e6f5000 | copied=767 intra=75 reloc=61 tramp=121 tramp_bytes=2708
[1m[35m [agent][0m [agent] [recompiler] rollback 1 reserved recomp page(s)
[1m[35m [agent][0m [JS] [packet350] java stealth=recomp before=2 after=2
[1m[35m [agent][0m [agent] [recompiler-range] reserve orig=0x7255a000 code=0x70f9f000-0x70fa0000 tramp=0x70fa0000-0x70fa1000 used=0 total=8192
[1m[35m [agent][0m [agent] [recompiler] 0x7255a000 → 0x70f9f000 | copied=886 intra=76 reloc=0 tramp=62 tramp_bytes=972
[1m[35m [agent][0m [agent] [recompiler] rollback 1 reserved recomp page(s)
[1m[35m [agent][0m [agent] [recompiler-range] reserve orig=0x7255a000 code=0x70f9f000-0x70fa0000 tramp=0x70fa0000-0x70fa1000 used=0 total=8192
[1m[35m [agent][0m [agent] [recompiler] 0x7255a000 → 0x70f9f000 | copied=886 intra=76 reloc=0 tramp=62 tramp_bytes=972
[1m[35m [agent][0m [agent] [recompiler] rollback 1 reserved recomp page(s)
[1m[35m [agent][0m [agent] [recompiler-range] reserve orig=0x7255a000 code=0x70f9f000-0x70fa0000 tramp=0x70fa0000-0x70fa1000 used=0 total=8192
[1m[35m [agent][0m [agent] [recompiler] 0x7255a000 → 0x70f9f000 | copied=886 intra=76 reloc=0 tramp=62 tramp_bytes=972
[1m[35m [agent][0m [agent] [recompiler] rollback 1 reserved recomp page(s)
[1m[35m [agent][0m [agent] [recompiler-range] reserve orig=0x71984ee000 code=0x7197f93000-0x7197f94000 tramp=0x7197f94000-0x7197f95000 used=0 total=8192
[1m[35m [agent][0m [agent] [recompiler] 0x71984ee000 → 0x7197f93000 | copied=678 intra=161 reloc=40 tramp=145 tramp_bytes=3528
[1m[35m [agent][0m [agent] [recompiler] rollback 1 reserved recomp page(s)
[1m[35m [agent][0m [agent] [recompiler-range] reserve orig=0x719843d000 code=0x7197f93000-0x7197f94000 tramp=0x7197f94000-0x7197f95000 used=0 total=8192
[1m[35m [agent][0m [agent] [recompiler] 0x719843d000 → 0x7197f93000 | copied=776 intra=106 reloc=40 tramp=102 tramp_bytes=2708
[1m[35m [agent][0m [agent] [recompiler] rollback 1 reserved recomp page(s)
[1m[35m [agent][0m [agent] [recompiler-range] reserve orig=0x719859c000 code=0x7197f93000-0x7197f94000 tramp=0x7197f94000-0x7197f95000 used=0 total=8192
[1m[35m [agent][0m [agent] [recompiler] rollback 1 reserved recomp page(s)
[1m[35m [agent][0m [agent] [recompiler] tramp_pages=1 不足，升级跳板区后重试: 0x719859c000 (重编译失败: 跳板区空间不足 (offset=0xc40))
[1m[35m [agent][0m [agent] [recompiler-range] reserve orig=0x719859c000 code=0x7197f92000-0x7197f93000 tramp=0x7197f93000-0x7197f95000 used=0 total=12288
[1m[35m [agent][0m [agent] [recompiler] 0x719859c000 → 0x7197f92000 | copied=697 intra=84 reloc=66 tramp=177 tramp_bytes=4860
[1m[35m [agent][0m [agent] [recompiler] rollback 1 reserved recomp page(s)
[1m[35m [agent][0m [agent] [recompiler-range] reserve orig=0x744e5f5000 code=0x744e6f5000-0x744e6f6000 tramp=0x744e6f6000-0x744e6f7000 used=0 total=8192
[1m[35m [agent][0m [agent] [recompiler] 0x744e5f5000 → 0x744e6f5000 | copied=767 intra=75 reloc=61 tramp=121 tramp_bytes=2708
[1m[35m [agent][0m [agent] [recompiler] rollback 1 reserved recomp page(s)
[1m[35m [agent][0m [agent] [recompiler-range] reserve orig=0x72b41000 code=0x70f9f000-0x70fa0000 tramp=0x70fa0000-0x70fa1000 used=0 total=8192
[1m[35m [agent][0m [agent] [recompiler] 0x72b41000 → 0x70f9f000 | copied=796 intra=75 reloc=46 tramp=107 tramp_bytes=1728
[1m[35m [agent][0m [agent] [recompiler] rollback 1 reserved recomp page(s)
[1m[35m [agent][0m [JS] [Java.ready] gate hook install failed: InternalError: prepare_hook_target: recomp translate 0x72b41d10: recomp prctl 注册失败: Invalid argument (os error 22)
[1m[35m [agent][0m [JS] [packet350] java hook bootstrap failed stealth=recomp: InternalError: prepare_hook_target: recomp translate 0x72b41d10: recomp prctl 注册失败: Invalid argument (os error 22)
[32m=> undefined[0m
[1m[36m [→][0m 正在恢复子进程 28140...
[1m[32m [✓][0m 子进程 28140 已恢复运行
[1m[34m [*][0m spawn 已恢复，启动 Java worker 作为后续 Java 操作执行线程
[1m[35m [agent][0m [java worker] starting
[1m[35m [agent][0m [agent] [recompiler-range] reserve orig=0x744e5f5000 code=0x744e6f5000-0x744e6f6000 tramp=0x744e6f6000-0x744e6f7000 used=0 total=8192
[1m[35m [agent][0m [agent] [recompiler] 0x744e5f5000 → 0x744e6f5000 | copied=767 intra=75 reloc=61 tramp=121 tramp_bytes=2708
[1m[35m [agent][0m [agent] [recompiler] rollback 1 reserved recomp page(s)
  [2m输入 help 查看命令，exit 退出[0m
rustfrida> [1m[33m [!][0m Java worker 启动失败，后续 Java 操作需要重新初始化 worker: Java worker 初始化失败: java worker start failed: Java executor loop hook is not installed
[1m[34m [*][0m 退出交互模式
[1m[34m [*][0m 已发送 shutdown，等待 agent 主动断开连接...
[1m[35m [agent][0m [agent] 收到 shutdown，开始退出清理
[1m[35m [agent][0m [agent] [quickjs] cleanup start (managed-safe unload) (+0ms, total 0ms)
[1m[35m [agent][0m [agent] [quickjs] phase0 stop_java_worker (+1ms, total 1ms)
[1m[35m [agent][0m [agent] [quickjs] phase1 cut_java_hooks (+0ms, total 1ms)
[1m[35m [agent][0m [agent] [quickjs] phase1 cut_native_hooks (+83ms, total 85ms)
[1m[35m [agent][0m [agent] [quickjs] phase1 cut_art_controller_routing (+0ms, total 85ms)
[1m[35m [agent][0m [JS] [drain] start, callback_in_flight=0, exec_in_flight=0
[1m[35m [agent][0m [JS] [drain] done, callback_in_flight=0, exec_in_flight=0 after 0ms (1 rounds)
[1m[35m [agent][0m [agent] [quickjs] phase2 drain_thunk_in_flight (+0ms, total 85ms)
[1m[35m [agent][0m [agent] [quickjs] phase3 cut_art_controller_walkstack_guards (+0ms, total 85ms)
[1m[35m [agent][0m [agent] [recompiler] release_all: snapshot 0 recomp range(s) for caller-side munmap (release_ok=0 fail=0)
[1m[35m [agent][0m [agent] [quickjs] phase3 release_all_recomp (+0ms, total 85ms)
[1m[35m [agent][0m [agent] [quickjs] phase3 free_art_controller_state (+0ms, total 85ms)
[1m[35m [agent][0m [agent] [quickjs] phase3 free_java_hooks (+0ms, total 85ms)
[1m[35m [agent][0m [agent] [quickjs] phase3 free_native_hooks (+0ms, total 85ms)
[1m[35m [agent][0m [agent] [quickjs] phase3 shutdown_qbdi_helper (+0ms, total 85ms)
[1m[35m [agent][0m [agent] [quickjs] phase3 detach_jni_thread (+0ms, total 85ms)
[1m[35m [agent][0m [agent] [quickjs] phase3 cleanup_engine (+0ms, total 86ms)
[1m[35m [agent][0m [agent] [quickjs] cleanup done (managed-safe unload, executable pools retained, walkstack guards removed, total 86ms)
[1m[35m [agent][0m [agent] 退出清理完成，准备关闭 socket
[1m[32m [✓][0m 成功附加到进程 28147，等待 SIGSTOP...
[1m[32m [✓][0m 进程已停止，可以操作寄存器
[1m[34m [*][0m 正在还原 zygote 887 的 patch...
[1m[32m [✓][0m Zygote 887 patch 已还原
