09-01 22:37:29.350  1735  1872 I ActivityManager: Force stopping com.ss.android.ugc.aweme appid=10281 user=0: from pid 21058
09-01 22:37:29.354  1735  1872 I AppsFilter: interaction: PackageSetting{63c5ba2 com.google.android.microdroid.empty_payload/10259} -> PackageSetting{ef56a7b com.ss.android.ugc.aweme/10281} BLOCKED
09-01 22:37:29.361  2370  2370 D CarrierSvcBindHelper: onHandleForceStop: [com.ss.android.ugc.aweme]
09-01 22:37:29.456  1735  1872 I ActivityTaskManager: START u0 {flg=0x10000000 cmp=com.ss.android.ugc.aweme/.splash.SplashActivity} with LAUNCH_SINGLE_TOP from uid 0 (BAL_ALLOW_ALLOWLISTED_UID) result code=0
09-01 22:37:29.457  2069  2093 V WindowManagerShell: Transition requested (#205): android.os.BinderProxy@98dc5ac TransitionRequestInfo { type = OPEN, triggerTask = TaskInfo{userId=0 taskId=364 effectiveUid=10281 displayId=0 isRunning=true baseIntent=Intent { flg=0x10000000 cmp=com.ss.android.ugc.aweme/.splash.SplashActivity } baseActivity=ComponentInfo{com.ss.android.ugc.aweme/com.ss.android.ugc.aweme.main.MainActivity} topActivity=ComponentInfo{com.ss.android.ugc.aweme/com.ss.android.ugc.aweme.main.MainActivity} origActivity=ComponentInfo{com.ss.android.ugc.aweme/com.ss.android.ugc.aweme.splash.SplashActivity} realActivity=ComponentInfo{com.ss.android.ugc.aweme/com.ss.android.ugc.aweme.main.MainActivity} numActivities=1 lastActiveTime=7987354 supportsMultiWindow=true resizeMode=2 isResizeable=true minWidth=-1 minHeight=-1 defaultMinSize=220 token=WCT{android.window.IWindowContainerToken$Stub$Proxy@29fc275} topActivityType=1 pictureInPictureParams=null shouldDockBigOverlays=false launchIntoPipHostTaskId=-1 lastParentTaskIdBeforePip=-1 displayCutoutSafeInsets=Rect(0, 128 - 0, 0) topActivityInfo=ActivityInfo{6c3a20a com.ss.android.ugc.aweme.splash.SplashActivity} launchCookies=[] positionInParent=Point(0, 0) parentTaskId=-1 isFocused=false isVisible=false isVisibleRequested=false isTopActivityNoDisplay=false isSleeping=false locusId=null displayAreaFeatureId=1 isTopActivityTransparent=false isActivityStackTransparent=false lastNonFullscreenBounds=Rect(276, 692 - 804, 1772) capturedLink=null capturedLinkTimestamp=0 requestedVisibleTypes=-9 topActivityRequestOpenInBrowserEducationTimestamp=0 appCompatTaskInfo=AppCompatTaskInfo { topActivityInSizeCompat=false eligibleForLetterboxEducation= false isLetterboxEducationEnabled= false isLetterboxDoubleTapEnabled= false eligibleForUserAspectRatioButton= false topActivityBoundsLetterboxed= false isFromLetterboxDoubleTap= false topActivityLetterboxVerticalPosition= -1 topActivityLetterboxHorizontalPosition= -1 topActivityLetterboxWidth=-1 topActivityLetterboxHeight=-1 topActivityLetterboxAppWidth=-1 topActivityLetterboxAppHeight=-1 isUserFullscreenOverrideEnabled=false isSystemFullscreenOverrideEnabled=false hasMinAspectRatioOverride=false topActivityLetterboxBounds=null cameraCompatTaskInfo=CameraCompatTaskInfo { freeformCameraCompatMode=inactive}} topActivityMainWindowFrame=null}, pipChange = null, remoteTransition = null, displayChange = null, flags = 0, debugId = 205 }
09-01 22:37:29.459  1735  2214 I AppsFilter: interaction: PackageSetting{63c5ba2 com.google.android.microdroid.empty_payload/10259} -> PackageSetting{532cff9 com.ss.android.ugc.aweme/10281} BLOCKED
09-01 22:37:29.474  1735  1872 D CoreBackPreview: Window{1410eec u0 Splash Screen com.ss.android.ugc.aweme}: Setting back callback OnBackInvokedCallbackInfo{mCallback=android.window.IOnBackInvokedCallback$Stub$Proxy@86aa969, mPriority=0, mIsAnimationCallback=false, mOverrideBehavior=0}
09-01 22:37:29.483  1735  1791 V WindowManager: Sent Transition (#205) createdAt=09-01 22:37:29.446 via request=TransitionRequestInfo { type = OPEN, triggerTask = TaskInfo{userId=0 taskId=364 effectiveUid=10281 displayId=0 isRunning=true baseIntent=Intent { flg=0x10000000 cmp=com.ss.android.ugc.aweme/.splash.SplashActivity } baseActivity=ComponentInfo{com.ss.android.ugc.aweme/com.ss.android.ugc.aweme.main.MainActivity} topActivity=ComponentInfo{com.ss.android.ugc.aweme/com.ss.android.ugc.aweme.main.MainActivity} origActivity=ComponentInfo{com.ss.android.ugc.aweme/com.ss.android.ugc.aweme.splash.SplashActivity} realActivity=ComponentInfo{com.ss.android.ugc.aweme/com.ss.android.ugc.aweme.main.MainActivity} numActivities=1 lastActiveTime=7987354 supportsMultiWindow=true resizeMode=2 isResizeable=true minWidth=-1 minHeight=-1 defaultMinSize=220 token=WCT{RemoteToken{2ac92ab Task{a8020fd #364 type=standard A=10281:com.ss.android.ugc.aweme}}} topActivityType=1 pictureInPictureParams=null shouldDockBigOverlays=false launchIntoPipHostTaskId=-1 lastParentTaskIdBeforePip=-1 displayCutoutSafeInsets=Rect(0, 128 - 0, 0) topActivityInfo=ActivityInfo{36cbd08 com.ss.android.ugc.aweme.splash.SplashActivity} launchCookies=[] positionInParent=Point(0, 0) parentTaskId=-1 isFocused=false isVisible=false isVisibleRequested=false isTopActivityNoDisplay=false isSleeping=false locusId=null displayAreaFeatureId=1 isTopActivityTransparent=false isActivityStackTransparent=false lastNonFullscreenBounds=Rect(276, 692 - 804, 1772) capturedLink=null capturedLinkTimestamp=0 requestedVisibleTypes=-9 topActivityRequestOpenInBrowserEducationTimestamp=0 appCompatTaskInfo=AppCompatTaskInfo { topActivityInSizeCompat=false eligibleForLetterboxEducation= false isLetterboxEducationEnabled= false isLetterboxDoubleTapEnabled= false eligibleForUserAspectRatioButton= false topActivityBoundsLetterboxed= false isFromLetterboxDoubleTap= false topActivityLetterboxVerticalPosition= -1 topActivityLetterboxHorizontalPosition= -1 topActivityLetterboxWidth=-1 topActivityLetterboxHeight=-1 topActivityLetterboxAppWidth=-1 topActivityLetterboxAppHeight=-1 isUserFullscreenOverrideEnabled=false isSystemFullscreenOverrideEnabled=false hasMinAspectRatioOverride=false topActivityLetterboxBounds=null cameraCompatTaskInfo=CameraCompatTaskInfo { freeformCameraCompatMode=inactive}} topActivityMainWindowFrame=null}, pipChange = null, remoteTransition = null, displayChange = null, flags = 0, debugId = 205 }
09-01 22:37:29.483  1735  1791 V WindowManager:         {WCT{RemoteToken{2ac92ab Task{a8020fd #364 type=standard A=10281:com.ss.android.ugc.aweme}}} m=OPEN f=NONE leash=Surface(name=Task=364)/@0x7f6bc8f sb=Rect(0, 0 - 1080, 2400) eb=Rect(0, 0 - 1080, 2400) epz=Point(1080, 2400) d=0 taskParent=-1},
09-01 22:37:29.491  1735  1803 I ActivityManager: Start proc 21082:com.ss.android.ugc.aweme/u0a281 for next-top-activity {com.ss.android.ugc.aweme/com.ss.android.ugc.aweme.splash.SplashActivity}
09-01 22:37:30.848 21082 21082 W wwb-js  : type=1400 audit(0.0:10560): avc:  denied  { write } for  dev="tmpfs" ino=1032 scontext=u:r:untrusted_app:s0:c25,c257,c512,c768 tcontext=u:object_r:zygote_tmpfs:s0 tclass=file permissive=0 app=com.ss.android.ugc.aweme
09-01 22:37:30.852 21082 21082 W wwb-js  : type=1400 audit(0.0:10561): avc:  denied  { write } for  dev="tmpfs" ino=1032 scontext=u:r:untrusted_app:s0:c25,c257,c512,c768 tcontext=u:object_r:zygote_tmpfs:s0 tclass=file permissive=0 app=com.ss.android.ugc.aweme
09-01 22:37:32.592 21082 21082 W wwb-js  : type=1400 audit(0.0:10562): avc:  denied  { write } for  dev="tmpfs" ino=1032 scontext=u:r:untrusted_app:s0:c25,c257,c512,c768 tcontext=u:object_r:zygote_tmpfs:s0 tclass=file permissive=0 app=com.ss.android.ugc.aweme
09-01 22:37:33.008 21082 21082 D nativeloader: Configuring clns-7 for other apk /data/app/~~na7dq0QJPM3TlOgWfFFaKg==/com.ss.android.ugc.aweme-sWxsoc19sPwX3CppMH73Qg==/base.apk. target_sdk_version=34, uses_libraries=libOpenCL.so:libOpenCL-pixel.so, library_path=/data/app/~~na7dq0QJPM3TlOgWfFFaKg==/com.ss.android.ugc.aweme-sWxsoc19sPwX3CppMH73Qg==/lib/arm64:/data/app/~~na7dq0QJPM3TlOgWfFFaKg==/com.ss.android.ugc.aweme-sWxsoc19sPwX3CppMH73Qg==/base.apk!/lib/arm64-v8a, permitted_path=/data:/mnt/expand:/data/user/0/com.ss.android.ugc.aweme
09-01 22:37:33.016 21082 21082 V GraphicsEnvironment: com.ss.android.ugc.aweme is not listed in per-application setting
09-01 22:37:33.029 21082 21082 D nativeloader: Load /data/app/~~na7dq0QJPM3TlOgWfFFaKg==/com.ss.android.ugc.aweme-sWxsoc19sPwX3CppMH73Qg==/lib/arm64/libjato.so using ns clns-7 from class loader (caller=/data/app/~~na7dq0QJPM3TlOgWfFFaKg==/com.ss.android.ugc.aweme-sWxsoc19sPwX3CppMH73Qg==/base.apk!classes4.dex): ok
09-01 22:37:33.044 21082 21082 D nativeloader: Load /data/app/~~na7dq0QJPM3TlOgWfFFaKg==/com.ss.android.ugc.aweme-sWxsoc19sPwX3CppMH73Qg==/lib/arm64/libc++_shared.so using ns clns-7 from class loader (caller=/data/app/~~na7dq0QJPM3TlOgWfFFaKg==/com.ss.android.ugc.aweme-sWxsoc19sPwX3CppMH73Qg==/base.apk!classes16.dex): ok
09-01 22:37:33.045 21082 21082 D nativeloader: Load /data/app/~~na7dq0QJPM3TlOgWfFFaKg==/com.ss.android.ugc.aweme-sWxsoc19sPwX3CppMH73Qg==/lib/arm64/libkeva.so using ns clns-7 from class loader (caller=/data/app/~~na7dq0QJPM3TlOgWfFFaKg==/com.ss.android.ugc.aweme-sWxsoc19sPwX3CppMH73Qg==/base.apk!classes16.dex): ok
09-01 22:37:33.062 21082 21082 D nativeloader: Load /data/app/~~na7dq0QJPM3TlOgWfFFaKg==/com.ss.android.ugc.aweme-sWxsoc19sPwX3CppMH73Qg==/lib/arm64/libflipped.so using ns clns-7 from class loader (caller=/data/app/~~na7dq0QJPM3TlOgWfFFaKg==/com.ss.android.ugc.aweme-sWxsoc19sPwX3CppMH73Qg==/base.apk!classes16.dex): ok
09-01 22:37:33.069 21082 21082 I System.out: ApplicationExitInfo(timestamp=2026/9/1 22:31 pid=19469 realUid=10281 packageUid=10281 definingUid=10281 user=0 process=com.ss.android.ugc.aweme reason=10 (USER REQUESTED) subreason=21 (FORCE STOP) status=0 importance=100 pss=0.00 rss=0.00 description=stop com.ss.android.ugc.aweme due to from pid 19731 state=empty trace=null timestamp=2026-09-01 22:31:34.033
09-01 22:37:33.072 21082 21082 D nativeloader: Load /data/app/~~na7dq0QJPM3TlOgWfFFaKg==/com.ss.android.ugc.aweme-sWxsoc19sPwX3CppMH73Qg==/lib/arm64/libsonicjson.so using ns clns-7 from class loader (caller=/data/app/~~na7dq0QJPM3TlOgWfFFaKg==/com.ss.android.ugc.aweme-sWxsoc19sPwX3CppMH73Qg==/base.apk!classes16.dex): ok
09-01 22:37:33.085 21082 21256 D nativeloader: Load /data/app/~~na7dq0QJPM3TlOgWfFFaKg==/com.ss.android.ugc.aweme-sWxsoc19sPwX3CppMH73Qg==/lib/arm64/libwatson.so using ns clns-7 from class loader (caller=/data/app/~~na7dq0QJPM3TlOgWfFFaKg==/com.ss.android.ugc.aweme-sWxsoc19sPwX3CppMH73Qg==/base.apk!classes16.dex): ok
09-01 22:37:33.089 21082 21225 D nativeloader: Load /data/app/~~na7dq0QJPM3TlOgWfFFaKg==/com.ss.android.ugc.aweme-sWxsoc19sPwX3CppMH73Qg==/lib/arm64/libbytehook.so using ns clns-7 from class loader (caller=/data/app/~~na7dq0QJPM3TlOgWfFFaKg==/com.ss.android.ugc.aweme-sWxsoc19sPwX3CppMH73Qg==/base.apk!classes16.dex): ok
09-01 22:37:33.131 21082 21215 D nativeloader: Load /data/app/~~na7dq0QJPM3TlOgWfFFaKg==/com.ss.android.ugc.aweme-sWxsoc19sPwX3CppMH73Qg==/lib/arm64/libmonitorcollector-lib.so using ns clns-7 from class loader (caller=/data/app/~~na7dq0QJPM3TlOgWfFFaKg==/com.ss.android.ugc.aweme-sWxsoc19sPwX3CppMH73Qg==/base.apk!classes16.dex): ok
09-01 22:37:33.135 21082 21222 D ActivityThread: Loading provider com.ss.android.ugc.aweme.push.SHARE_PROVIDER_AUTHORITY: com.ss.android.pushmanager.setting.PushMultiProcessSharedProvider
09-01 22:37:33.151 21082 21224 D nativeloader: Load /data/app/~~na7dq0QJPM3TlOgWfFFaKg==/com.ss.android.ugc.aweme-sWxsoc19sPwX3CppMH73Qg==/lib/arm64/libsoloader.so using ns clns-7 from class loader (caller=/data/app/~~na7dq0QJPM3TlOgWfFFaKg==/com.ss.android.ugc.aweme-sWxsoc19sPwX3CppMH73Qg==/base.apk!classes16.dex): ok
09-01 22:37:33.210 21082 21288 D nativeloader: Load /data/app/~~na7dq0QJPM3TlOgWfFFaKg==/com.ss.android.ugc.aweme-sWxsoc19sPwX3CppMH73Qg==/lib/arm64/libalog.so using ns clns-7 from class loader (caller=/data/app/~~na7dq0QJPM3TlOgWfFFaKg==/com.ss.android.ugc.aweme-sWxsoc19sPwX3CppMH73Qg==/base.apk!classes16.dex): ok
09-01 22:37:33.211 21082 21215 D nativeloader: Load /data/app/~~na7dq0QJPM3TlOgWfFFaKg==/com.ss.android.ugc.aweme-sWxsoc19sPwX3CppMH73Qg==/lib/arm64/libsysoptimizer.so using ns clns-7 from class loader (caller=/data/app/~~na7dq0QJPM3TlOgWfFFaKg==/com.ss.android.ugc.aweme-sWxsoc19sPwX3CppMH73Qg==/base.apk!classes16.dex): ok
09-01 22:37:33.222 21082 21233 D nativeloader: Load /data/app/~~na7dq0QJPM3TlOgWfFFaKg==/com.ss.android.ugc.aweme-sWxsoc19sPwX3CppMH73Qg==/lib/arm64/libsscronet.so using ns clns-7 from class loader (caller=/data/app/~~na7dq0QJPM3TlOgWfFFaKg==/com.ss.android.ugc.aweme-sWxsoc19sPwX3CppMH73Qg==/base.apk!classes16.dex): ok
09-01 22:37:33.232 21082 21082 W droid.ugc.aweme: type=1400 audit(0.0:10563): avc:  denied  { write } for  dev="tmpfs" ino=1032 scontext=u:r:untrusted_app:s0:c25,c257,c512,c768 tcontext=u:object_r:zygote_tmpfs:s0 tclass=file permissive=0 app=com.ss.android.ugc.aweme
09-01 22:37:33.244 21082 21233 D nativeloader: Load /data/app/~~na7dq0QJPM3TlOgWfFFaKg==/com.ss.android.ugc.aweme-sWxsoc19sPwX3CppMH73Qg==/lib/arm64/libmetasec_ml.so using ns clns-7 from class loader (caller=/data/app/~~na7dq0QJPM3TlOgWfFFaKg==/com.ss.android.ugc.aweme-sWxsoc19sPwX3CppMH73Qg==/base.apk!classes16.dex): ok
09-01 22:37:33.309 21082 21217 D nativeloader: Load /data/app/~~na7dq0QJPM3TlOgWfFFaKg==/com.ss.android.ugc.aweme-sWxsoc19sPwX3CppMH73Qg==/lib/arm64/libbdzstd.so using ns clns-7 from class loader (caller=/data/app/~~na7dq0QJPM3TlOgWfFFaKg==/com.ss.android.ugc.aweme-sWxsoc19sPwX3CppMH73Qg==/base.apk!classes16.dex): ok
09-01 22:37:33.316  1735  4377 D ConnectivityService: requestNetwork for uid/pid:10281/21082 activeRequest: null callbackRequest: 1257 [NetworkRequest [ REQUEST id=1258, [ Capabilities: INTERNET&NOT_RESTRICTED&TRUSTED&NOT_VCN_MANAGED&NOT_BANDWIDTH_CONSTRAINED Uid: 10281 RequestorUid: 10281 RequestorPkg: com.ss.android.ugc.aweme UnderlyingNetworks: Null] ]] callback flags: 0 order: 2147483647 isUidTracked: false declaredMethods: AVAIL|LOST|NC|LP
09-01 22:37:33.319  1735  1952 D OemPaidWifiNetworkFactory: got request NetworkRequest [ REQUEST id=1258, [ Capabilities: INTERNET&NOT_RESTRICTED&TRUSTED&NOT_VCN_MANAGED&NOT_BANDWIDTH_CONSTRAINED Uid: 10281 RequestorUid: 10281 RequestorPkg: com.ss.android.ugc.aweme UnderlyingNetworks: Null] ]
09-01 22:37:33.319  1735  1952 D MultiInternetWifiNetworkFactory: got request NetworkRequest [ REQUEST id=1258, [ Capabilities: INTERNET&NOT_RESTRICTED&TRUSTED&NOT_VCN_MANAGED&NOT_BANDWIDTH_CONSTRAINED Uid: 10281 RequestorUid: 10281 RequestorPkg: com.ss.android.ugc.aweme UnderlyingNetworks: Null] ]
09-01 22:37:33.320  1735  1952 D WifiNetworkFactory: got request NetworkRequest [ REQUEST id=1258, [ Capabilities: INTERNET&NOT_RESTRICTED&TRUSTED&NOT_VCN_MANAGED&NOT_BANDWIDTH_CONSTRAINED Uid: 10281 RequestorUid: 10281 RequestorPkg: com.ss.android.ugc.aweme UnderlyingNetworks: Null] ]
09-01 22:37:33.320  1735  1952 D UntrustedWifiNetworkFactory: got request NetworkRequest [ REQUEST id=1258, [ Capabilities: INTERNET&NOT_RESTRICTED&TRUSTED&NOT_VCN_MANAGED&NOT_BANDWIDTH_CONSTRAINED Uid: 10281 RequestorUid: 10281 RequestorPkg: com.ss.android.ugc.aweme UnderlyingNetworks: Null] ]
09-01 22:37:33.359 21082 21239 D nativeloader: Load /data/app/~~na7dq0QJPM3TlOgWfFFaKg==/com.ss.android.ugc.aweme-sWxsoc19sPwX3CppMH73Qg==/lib/arm64/libnative_log.so using ns clns-7 from class loader (caller=/data/app/~~na7dq0QJPM3TlOgWfFFaKg==/com.ss.android.ugc.aweme-sWxsoc19sPwX3CppMH73Qg==/base.apk!classes16.dex): ok
09-01 22:37:33.360 21082 21239 D nativeloader: Load /data/app/~~na7dq0QJPM3TlOgWfFFaKg==/com.ss.android.ugc.aweme-sWxsoc19sPwX3CppMH73Qg==/lib/arm64/libbdsword.so using ns clns-7 from class loader (caller=/data/app/~~na7dq0QJPM3TlOgWfFFaKg==/com.ss.android.ugc.aweme-sWxsoc19sPwX3CppMH73Qg==/base.apk!classes16.dex): ok
09-01 22:37:33.352 21082 21082 W -IOThreadPool-1: type=1400 audit(0.0:10564): avc:  denied  { read } for  name="u:object_r:userdebug_or_eng_prop:s0" dev="tmpfs" ino=396 scontext=u:r:untrusted_app:s0:c25,c257,c512,c768 tcontext=u:object_r:userdebug_or_eng_prop:s0 tclass=file permissive=0 bug=b/305600845 app=com.ss.android.ugc.aweme
09-01 22:37:33.373 21082 21221 D nativeloader: Configuring clns-10 for other apk . target_sdk_version=34, uses_libraries=ALL, library_path=/data/user/0/com.ss.android.ugc.aweme/files/plugins/com.ss.android.ugc.aweme.videocache_v2/version-35109037/lib, permitted_path=/data:/mnt/expand
09-01 22:37:33.374 21082 21247 D nativeloader: Load /data/app/~~na7dq0QJPM3TlOgWfFFaKg==/com.ss.android.ugc.aweme-sWxsoc19sPwX3CppMH73Qg==/lib/arm64/libnpth.so using ns clns-7 from class loader (caller=/data/app/~~na7dq0QJPM3TlOgWfFFaKg==/com.ss.android.ugc.aweme-sWxsoc19sPwX3CppMH73Qg==/base.apk!classes16.dex): ok
09-01 22:37:33.391 21082 21247 D nativeloader: Load /data/app/~~na7dq0QJPM3TlOgWfFFaKg==/com.ss.android.ugc.aweme-sWxsoc19sPwX3CppMH73Qg==/lib/arm64/libttcrypto.so using ns clns-7 from class loader (caller=/data/app/~~na7dq0QJPM3TlOgWfFFaKg==/com.ss.android.ugc.aweme-sWxsoc19sPwX3CppMH73Qg==/base.apk!classes16.dex): ok
09-01 22:37:33.396 21082 21247 D nativeloader: Load /data/app/~~na7dq0QJPM3TlOgWfFFaKg==/com.ss.android.ugc.aweme-sWxsoc19sPwX3CppMH73Qg==/lib/arm64/libttboringssl.so using ns clns-7 from class loader (caller=/data/app/~~na7dq0QJPM3TlOgWfFFaKg==/com.ss.android.ugc.aweme-sWxsoc19sPwX3CppMH73Qg==/base.apk!classes16.dex): ok
09-01 22:37:33.401 21082 21247 D nativeloader: Load /data/app/~~na7dq0QJPM3TlOgWfFFaKg==/com.ss.android.ugc.aweme-sWxsoc19sPwX3CppMH73Qg==/lib/arm64/libwcdb2.so using ns clns-7 from class loader (caller=/data/app/~~na7dq0QJPM3TlOgWfFFaKg==/com.ss.android.ugc.aweme-sWxsoc19sPwX3CppMH73Qg==/base.apk!classes16.dex): ok
09-01 22:37:33.411 21082 21349 D nativeloader: Load /data/app/~~na7dq0QJPM3TlOgWfFFaKg==/com.ss.android.ugc.aweme-sWxsoc19sPwX3CppMH73Qg==/lib/arm64/libvcbasekit.so using ns clns-7 from class loader (caller=/data/app/~~na7dq0QJPM3TlOgWfFFaKg==/com.ss.android.ugc.aweme-sWxsoc19sPwX3CppMH73Qg==/base.apk!classes16.dex): ok
09-01 22:37:33.415 21082 21349 D nativeloader: Load /data/app/~~na7dq0QJPM3TlOgWfFFaKg==/com.ss.android.ugc.aweme-sWxsoc19sPwX3CppMH73Qg==/lib/arm64/libvcn.so using ns clns-7 from class loader (caller=/data/app/~~na7dq0QJPM3TlOgWfFFaKg==/com.ss.android.ugc.aweme-sWxsoc19sPwX3CppMH73Qg==/base.apk!classes16.dex): ok
09-01 22:37:33.415 21082 21349 D nativeloader: Load /data/app/~~na7dq0QJPM3TlOgWfFFaKg==/com.ss.android.ugc.aweme-sWxsoc19sPwX3CppMH73Qg==/lib/arm64/libvcnverify.so using ns clns-7 from class loader (caller=/data/app/~~na7dq0QJPM3TlOgWfFFaKg==/com.ss.android.ugc.aweme-sWxsoc19sPwX3CppMH73Qg==/base.apk!classes16.dex): ok
09-01 22:37:33.419 21082 21349 D nativeloader: Load /data/app/~~na7dq0QJPM3TlOgWfFFaKg==/com.ss.android.ugc.aweme-sWxsoc19sPwX3CppMH73Qg==/lib/arm64/libavmdlbase.so using ns clns-7 from class loader (caller=/data/app/~~na7dq0QJPM3TlOgWfFFaKg==/com.ss.android.ugc.aweme-sWxsoc19sPwX3CppMH73Qg==/base.apk!classes16.dex): ok
09-01 22:37:33.423 21082 21349 D nativeloader: Load /data/app/~~na7dq0QJPM3TlOgWfFFaKg==/com.ss.android.ugc.aweme-sWxsoc19sPwX3CppMH73Qg==/lib/arm64/libavmdlv2.so using ns clns-7 from class loader (caller=/data/app/~~na7dq0QJPM3TlOgWfFFaKg==/com.ss.android.ugc.aweme-sWxsoc19sPwX3CppMH73Qg==/base.apk!classes16.dex): ok
09-01 22:37:33.425 21082 21287 D vulkan  : searching for layers in '/data/app/~~na7dq0QJPM3TlOgWfFFaKg==/com.ss.android.ugc.aweme-sWxsoc19sPwX3CppMH73Qg==/lib/arm64'
09-01 22:37:33.428 21082 21082 W PlayerCommon: type=1400 audit(0.0:10565): avc:  granted  { execute } for  path="/data/data/com.ss.android.ugc.aweme/files/plugins/com.ss.android.ugc.aweme.videocache_v2/version-35109037/lib/libmdlttquicheloader.so" dev="dm-56" ino=60430 scontext=u:r:untrusted_app:s0:c25,c257,c512,c768 tcontext=u:object_r:app_data_file:s0:c25,c257,c512,c768 tclass=file app=com.ss.android.ugc.aweme
09-01 22:37:33.431 21082 21349 D nativeloader: Load /data/user/0/com.ss.android.ugc.aweme/files/plugins/com.ss.android.ugc.aweme.videocache_v2/version-35109037/lib/libmdlttquicheloader.so using ns clns-10 from class loader (caller=<unknown>): ok
09-01 22:37:33.440 21082 21287 D vulkan  : searching for layers in '/data/app/~~na7dq0QJPM3TlOgWfFFaKg==/com.ss.android.ugc.aweme-sWxsoc19sPwX3CppMH73Qg==/base.apk!/lib/arm64-v8a'
09-01 22:37:33.447 21082 21349 D nativeloader: Load /data/app/~~na7dq0QJPM3TlOgWfFFaKg==/com.ss.android.ugc.aweme-sWxsoc19sPwX3CppMH73Qg==/lib/arm64/libpreload.so using ns clns-7 from class loader (caller=/data/app/~~na7dq0QJPM3TlOgWfFFaKg==/com.ss.android.ugc.aweme-sWxsoc19sPwX3CppMH73Qg==/base.apk!classes16.dex): ok
09-01 22:37:33.458 21082 21349 D nativeloader: Load /data/app/~~na7dq0QJPM3TlOgWfFFaKg==/com.ss.android.ugc.aweme-sWxsoc19sPwX3CppMH73Qg==/lib/arm64/libByteVC1_dec.so using ns clns-7 from class loader (caller=/data/app/~~na7dq0QJPM3TlOgWfFFaKg==/com.ss.android.ugc.aweme-sWxsoc19sPwX3CppMH73Qg==/base.apk!classes16.dex): ok
09-01 22:37:33.458 21082 21349 D nativeloader: Load /data/app/~~na7dq0QJPM3TlOgWfFFaKg==/com.ss.android.ugc.aweme-sWxsoc19sPwX3CppMH73Qg==/lib/arm64/libbyteVC2dec.so using ns clns-7 from class loader (caller=/data/app/~~na7dq0QJPM3TlOgWfFFaKg==/com.ss.android.ugc.aweme-sWxsoc19sPwX3CppMH73Qg==/base.apk!classes16.dex): ok
09-01 22:37:33.462 21082 21349 D nativeloader: Load /data/app/~~na7dq0QJPM3TlOgWfFFaKg==/com.ss.android.ugc.aweme-sWxsoc19sPwX3CppMH73Qg==/lib/arm64/libttffmpeg.so using ns clns-7 from class loader (caller=/data/app/~~na7dq0QJPM3TlOgWfFFaKg==/com.ss.android.ugc.aweme-sWxsoc19sPwX3CppMH73Qg==/base.apk!classes16.dex): ok
09-01 22:37:33.467 21082 21349 D nativeloader: Load /data/app/~~na7dq0QJPM3TlOgWfFFaKg==/com.ss.android.ugc.aweme-sWxsoc19sPwX3CppMH73Qg==/lib/arm64/libttmplayer.so using ns clns-7 from class loader (caller=/data/app/~~na7dq0QJPM3TlOgWfFFaKg==/com.ss.android.ugc.aweme-sWxsoc19sPwX3CppMH73Qg==/base.apk!classes16.dex): ok
09-01 22:37:33.479 21082 21349 D nativeloader: Load /data/app/~~na7dq0QJPM3TlOgWfFFaKg==/com.ss.android.ugc.aweme-sWxsoc19sPwX3CppMH73Qg==/lib/arm64/libttmpaflns.so using ns clns-7 from class loader (caller=/data/app/~~na7dq0QJPM3TlOgWfFFaKg==/com.ss.android.ugc.aweme-sWxsoc19sPwX3CppMH73Qg==/base.apk!classes16.dex): ok
09-01 22:37:33.492 21082 21349 D nativeloader: Load libttmpaflna.so using ns clns-7 from class loader (caller=/data/app/~~na7dq0QJPM3TlOgWfFFaKg==/com.ss.android.ugc.aweme-sWxsoc19sPwX3CppMH73Qg==/base.apk!classes16.dex): dlopen failed: library "libttmpaflna.so" not found
09-01 22:37:33.494 21082 21349 D nativeloader: Load /data/app/~~na7dq0QJPM3TlOgWfFFaKg==/com.ss.android.ugc.aweme-sWxsoc19sPwX3CppMH73Qg==/lib/arm64/libttmaudioprocess.so using ns clns-7 from class loader (caller=/data/app/~~na7dq0QJPM3TlOgWfFFaKg==/com.ss.android.ugc.aweme-sWxsoc19sPwX3CppMH73Qg==/base.apk!classes16.dex): ok
09-01 22:37:33.498  1735  3011 D ConnectivityService: requestNetwork for uid/pid:10281/21082 activeRequest: null callbackRequest: 1260 [NetworkRequest [ REQUEST id=1260, [ Transports: CELLULAR Capabilities: INTERNET&NOT_RESTRICTED&TRUSTED&NOT_VPN&NOT_VCN_MANAGED&NOT_BANDWIDTH_CONSTRAINED Forbidden: LOCAL_NETWORK Uid: 10281 RequestorUid: 10281 RequestorPkg: com.ss.android.ugc.aweme UnderlyingNetworks: Null] ]] callback flags: 0 order: 2147483647 isUidTracked: false declaredMethods: AVAIL
09-01 22:37:33.537  1735  2320 D CoreBackPreview: Window{3ce21bc u0 com.ss.android.ugc.aweme/com.ss.android.ugc.aweme.splash.SplashActivity}: Setting back callback OnBackInvokedCallbackInfo{mCallback=android.window.IOnBackInvokedCallback$Stub$Proxy@c399da8, mPriority=0, mIsAnimationCallback=false, mOverrideBehavior=0}
09-01 22:37:33.584 21082 21082 W #tp-default-266: type=1400 audit(0.0:10566): avc:  denied  { read } for  name="u:object_r:qemu_hw_prop:s0" dev="tmpfs" ino=323 scontext=u:r:untrusted_app:s0:c25,c257,c512,c768 tcontext=u:object_r:qemu_hw_prop:s0 tclass=file permissive=0 app=com.ss.android.ugc.aweme
09-01 22:37:33.627 21082 21403 D nativeloader: Load /data/app/~~na7dq0QJPM3TlOgWfFFaKg==/com.ss.android.ugc.aweme-sWxsoc19sPwX3CppMH73Qg==/lib/arm64/libzaid.so using ns clns-7 from class loader (caller=/data/app/~~na7dq0QJPM3TlOgWfFFaKg==/com.ss.android.ugc.aweme-sWxsoc19sPwX3CppMH73Qg==/base.apk!classes16.dex): ok
09-01 22:37:33.671  1735  1791 I ActivityTaskManager: Displayed com.ss.android.ugc.aweme/.splash.SplashActivity for user 0: +4s214ms
09-01 22:37:33.706  4015  4015 I GoogleInputMethodService: GoogleInputMethodService.onStartInput():1911 onStartInput(EditorInfo{EditorInfo{packageName=com.ss.android.ugc.aweme, inputType=0, inputTypeString=NULL, enableLearning=false, autoCorrection=false, autoComplete=false, imeOptions=0, privateImeOptions=null, actionName=UNSPECIFIED, actionLabel=null, initialSelStart=-1, initialSelEnd=-1, initialCapsMode=0, label=null, fieldId=0, fieldName=null, extras=null, hintText=null, hintLocales=[]}}, false)
09-01 22:37:33.708  1735  3691 W PackageConfigPersister: App-specific configuration not found for packageName: com.ss.android.ugc.aweme and userId: 0
09-01 22:37:34.020  1735  1872 D CoreBackPreview: Window{1410eec u0 Splash Screen com.ss.android.ugc.aweme EXITING}: Setting back callback null
09-01 22:37:38.371 21082 21469 D nativeloader: Load /data/app/~~na7dq0QJPM3TlOgWfFFaKg==/com.ss.android.ugc.aweme-sWxsoc19sPwX3CppMH73Qg==/lib/arm64/libnetecho.so using ns clns-7 from class loader (caller=/data/app/~~na7dq0QJPM3TlOgWfFFaKg==/com.ss.android.ugc.aweme-sWxsoc19sPwX3CppMH73Qg==/base.apk!classes16.dex): ok
09-01 22:37:38.460 21082 21082 W #tp-io-343: type=1400 audit(0.0:10567): avc:  granted  { execute } for  path="/data/data/com.ss.android.ugc.aweme/files/plugins/com.ss.android.ugc.aweme.videocache_v2/version-35109037/lib/libavmdlp2pv2.so" dev="dm-56" ino=60406 scontext=u:r:untrusted_app:s0:c25,c257,c512,c768 tcontext=u:object_r:app_data_file:s0:c25,c257,c512,c768 tclass=file app=com.ss.android.ugc.aweme
09-01 22:37:38.481 21082 21481 D nativeloader: Load /data/user/0/com.ss.android.ugc.aweme/files/plugins/com.ss.android.ugc.aweme.videocache_v2/version-35109037/lib/libavmdlp2pv2.so using ns clns-10 from class loader (caller=<unknown>): ok
09-01 22:37:48.092 21082 21256 D nativeloader: Load /data/app/~~na7dq0QJPM3TlOgWfFFaKg==/com.ss.android.ugc.aweme-sWxsoc19sPwX3CppMH73Qg==/lib/arm64/libjarvis-experience-metric.so using ns clns-7 from class loader (caller=/data/app/~~na7dq0QJPM3TlOgWfFFaKg==/com.ss.android.ugc.aweme-sWxsoc19sPwX3CppMH73Qg==/base.apk!classes16.dex): ok
09-01 22:37:54.072  1735  1915 W InputDispatcher: Window 3ce21bc com.ss.android.ugc.aweme/com.ss.android.ugc.aweme.splash.SplashActivity is unresponsive: 3ce21bc com.ss.android.ugc.aweme/com.ss.android.ugc.aweme.splash.SplashActivity is not responding. Waited 5003ms for MotionEvent
09-01 22:37:54.072  1735  1915 W InputDispatcher: Canceling events for 3ce21bc com.ss.android.ugc.aweme/com.ss.android.ugc.aweme.splash.SplashActivity because it is unresponsive
09-01 22:37:54.076  1735  1915 I WindowManager: ANR in Window{3ce21bc u0 com.ss.android.ugc.aweme/com.ss.android.ugc.aweme.splash.SplashActivity}. Reason:Input dispatching timed out (3ce21bc com.ss.android.ugc.aweme/com.ss.android.ugc.aweme.splash.SplashActivity is not responding. Waited 5003ms for MotionEvent).
09-01 22:37:54.080  1735 21548 D ActivityManager: created ANR temporary file:/data/anr/temp_anr_2332105774408588488.txt
09-01 22:37:54.095   639   639 I tombstoned: registered intercept for pid 21082 and type kDebuggerdJavaBacktrace
09-01 22:37:54.470  1735  3691 W ActivityManager: Missing app error report, app = com.ss.android.ugc.aweme crashing = false notResponding = true
09-01 22:37:54.971  1735  3691 W ActivityManager: Missing app error report, app = com.ss.android.ugc.aweme crashing = false notResponding = true
09-01 22:37:55.092 21563 21563 W libnpth_logcat.: type=1400 audit(0.0:10569): avc:  denied  { search } for  name="tests" dev="dm-56" ino=115 scontext=u:r:untrusted_app:s0:c25,c257,c512,c768 tcontext=u:object_r:shell_test_data_file:s0 tclass=dir permissive=0 bug=b/305600845 app=com.ss.android.ugc.aweme
09-01 22:37:55.092 21563 21563 W libnpth_logcat.: type=1400 audit(0.0:10570): avc:  denied  { search } for  name="tests" dev="dm-56" ino=115 scontext=u:r:untrusted_app:s0:c25,c257,c512,c768 tcontext=u:object_r:shell_test_data_file:s0 tclass=dir permissive=0 bug=b/305600845 app=com.ss.android.ugc.aweme
09-01 22:37:55.092 21563 21563 W libnpth_logcat.: type=1400 audit(0.0:10571): avc:  denied  { search } for  name="tests" dev="dm-56" ino=115 scontext=u:r:untrusted_app:s0:c25,c257,c512,c768 tcontext=u:object_r:shell_test_data_file:s0 tclass=dir permissive=0 bug=b/305600845 app=com.ss.android.ugc.aweme
09-01 22:37:55.092 21563 21563 W libnpth_logcat.: type=1400 audit(0.0:10572): avc:  denied  { search } for  name="tests" dev="dm-56" ino=115 scontext=u:r:untrusted_app:s0:c25,c257,c512,c768 tcontext=u:object_r:shell_test_data_file:s0 tclass=dir permissive=0 bug=b/305600845 app=com.ss.android.ugc.aweme
09-01 22:37:55.332 21082 21082 W npth_profiler: type=1400 audit(0.0:10573): avc:  denied  { getattr } for  path="/sys/kernel/tracing/trace_marker" dev="tracefs" ino=11502 scontext=u:r:untrusted_app:s0:c25,c257,c512,c768 tcontext=u:object_r:debugfs_trace_marker:s0 tclass=file permissive=0 app=com.ss.android.ugc.aweme
09-01 22:37:55.332 21082 21082 W npth_profiler: type=1400 audit(0.0:10574): avc:  denied  { getattr } for  path="/sys/kernel/tracing/trace_marker" dev="tracefs" ino=11502 scontext=u:r:untrusted_app:s0:c25,c257,c512,c768 tcontext=u:object_r:debugfs_trace_marker:s0 tclass=file permissive=0 app=com.ss.android.ugc.aweme
09-01 22:37:55.472  1735  3691 W ActivityManager: Missing app error report, app = com.ss.android.ugc.aweme crashing = false notResponding = true
09-01 22:37:55.972  1735  2320 W ActivityManager: Missing app error report, app = com.ss.android.ugc.aweme crashing = false notResponding = true
09-01 22:37:56.473  1735  2320 W ActivityManager: Missing app error report, app = com.ss.android.ugc.aweme crashing = false notResponding = true
09-01 22:37:56.756   639   639 I tombstoned: received crash request for pid 21082
09-01 22:37:56.756   639   639 I tombstoned: found intercept fd 512 for pid 21082 and type kDebuggerdJavaBacktrace
09-01 22:37:56.756 21082 21110 I droid.ugc.aweme: Wrote stack traces to tombstoned
09-01 22:37:56.756   639   639 W tombstoned: skipping tombstone file creation due to intercept
09-01 22:37:56.784   639   639 I tombstoned: registered intercept for pid 1735 and type kDebuggerdJavaBacktrace
09-01 22:37:56.974  1735  1872 W ActivityManager: Missing app error report, app = com.ss.android.ugc.aweme crashing = false notResponding = true
09-01 22:37:57.474  1735  4604 W ActivityManager: Missing app error report, app = com.ss.android.ugc.aweme crashing = false notResponding = true
09-01 22:37:57.976  1735  4604 W ActivityManager: Missing app error report, app = com.ss.android.ugc.aweme crashing = false notResponding = true
09-01 22:37:58.308   639   639 I tombstoned: received crash request for pid 1735
09-01 22:37:58.308   639   639 I tombstoned: found intercept fd 512 for pid 1735 and type kDebuggerdJavaBacktrace
09-01 22:37:58.309   639   639 W tombstoned: skipping tombstone file creation due to intercept
09-01 22:37:58.309  1735  1776 I system_server: Wrote stack traces to tombstoned
09-01 22:37:58.316   639   639 I tombstoned: registered intercept for pid 2935 and type kDebuggerdJavaBacktrace
09-01 22:37:58.395   639   639 I tombstoned: received crash request for pid 2935
09-01 22:37:58.395   639   639 I tombstoned: found intercept fd 512 for pid 2935 and type kDebuggerdJavaBacktrace
09-01 22:37:58.395  2935  2958 I malpowermanager: Wrote stack traces to tombstoned
09-01 22:37:58.395   639   639 W tombstoned: skipping tombstone file creation due to intercept
09-01 22:37:58.406   639   639 I tombstoned: registered intercept for pid 2932 and type kDebuggerdJavaBacktrace
09-01 22:37:58.474   639   639 I tombstoned: received crash request for pid 2932
09-01 22:37:58.474   639   639 I tombstoned: found intercept fd 512 for pid 2932 and type kDebuggerdJavaBacktrace
09-01 22:37:58.474  2932  2936 I RestartDetector: Wrote stack traces to tombstoned
09-01 22:37:58.474   639   639 W tombstoned: skipping tombstone file creation due to intercept
09-01 22:37:58.477  1735  4604 W ActivityManager: Missing app error report, app = com.ss.android.ugc.aweme crashing = false notResponding = true
09-01 22:37:58.487   639   639 I tombstoned: registered intercept for pid 2914 and type kDebuggerdJavaBacktrace
09-01 22:37:58.582   639   639 I tombstoned: received crash request for pid 2914
09-01 22:37:58.582   639   639 I tombstoned: found intercept fd 512 for pid 2914 and type kDebuggerdJavaBacktrace
09-01 22:37:58.582  2914  2922 I libnfc_nci: Wrote stack traces to tombstoned
09-01 22:37:58.582   639   639 W tombstoned: skipping tombstone file creation due to intercept
09-01 22:37:58.597   639   639 I tombstoned: registered intercept for pid 2370 and type kDebuggerdJavaBacktrace
09-01 22:37:58.820   639   639 I tombstoned: received crash request for pid 2370
09-01 22:37:58.820   639   639 I tombstoned: found intercept fd 512 for pid 2370 and type kDebuggerdJavaBacktrace
09-01 22:37:58.820   639   639 W tombstoned: skipping tombstone file creation due to intercept
09-01 22:37:58.820  2370  2378 I m.android.phone: Wrote stack traces to tombstoned
09-01 22:37:58.830   639   639 I tombstoned: registered intercept for pid 2356 and type kDebuggerdJavaBacktrace
09-01 22:37:58.896   639   639 I tombstoned: received crash request for pid 2356
09-01 22:37:58.896   639   639 I tombstoned: found intercept fd 512 for pid 2356 and type kDebuggerdJavaBacktrace
09-01 22:37:58.896  2356  2372 I elephony.oemril: Wrote stack traces to tombstoned
09-01 22:37:58.896   639   639 W tombstoned: skipping tombstone file creation due to intercept
09-01 22:37:58.910   639   639 I tombstoned: registered intercept for pid 2330 and type kDebuggerdJavaBacktrace
09-01 22:37:58.960   639   639 I tombstoned: received crash request for pid 2330
09-01 22:37:58.961   639   639 I tombstoned: found intercept fd 512 for pid 2330 and type kDebuggerdJavaBacktrace
09-01 22:37:58.961  2330  2360 I snetworkmonitor: Wrote stack traces to tombstoned
09-01 22:37:58.961   639   639 W tombstoned: skipping tombstone file creation due to intercept
09-01 22:37:58.975   639   639 I tombstoned: registered intercept for pid 2324 and type kDebuggerdJavaBacktrace
09-01 22:37:58.978  1735  4604 W ActivityManager: Missing app error report, app = com.ss.android.ugc.aweme crashing = false notResponding = true
09-01 22:37:59.133   639   639 I tombstoned: received crash request for pid 2324
09-01 22:37:59.133   639   639 I tombstoned: found intercept fd 512 for pid 2324 and type kDebuggerdJavaBacktrace
09-01 22:37:59.134  2324  2329 I nnon.imsservice: Wrote stack traces to tombstoned
09-01 22:37:59.134   639   639 W tombstoned: skipping tombstone file creation due to intercept
09-01 22:37:59.147   639   639 I tombstoned: registered intercept for pid 2319 and type kDebuggerdJavaBacktrace
09-01 22:37:59.269   639   639 I tombstoned: received crash request for pid 2319
09-01 22:37:59.269   639   639 I tombstoned: found intercept fd 512 for pid 2319 and type kDebuggerdJavaBacktrace
09-01 22:37:59.269  2319  2326 I nnon.rcsservice: Wrote stack traces to tombstoned
09-01 22:37:59.269   639   639 W tombstoned: skipping tombstone file creation due to intercept
09-01 22:37:59.276   639   639 I tombstoned: registered intercept for pid 2284 and type kDebuggerdJavaBacktrace
09-01 22:37:59.334   639   639 I tombstoned: received crash request for pid 2284
09-01 22:37:59.334   639   639 I tombstoned: found intercept fd 512 for pid 2284 and type kDebuggerdJavaBacktrace
09-01 22:37:59.334  2284  2299 I mrilhookservice: Wrote stack traces to tombstoned
09-01 22:37:59.334   639   639 W tombstoned: skipping tombstone file creation due to intercept
09-01 22:37:59.346   639   639 I tombstoned: registered intercept for pid 2272 and type kDebuggerdJavaBacktrace
09-01 22:37:59.440   639   639 I tombstoned: received crash request for pid 2272
09-01 22:37:59.440   639   639 I tombstoned: found intercept fd 512 for pid 2272 and type kDebuggerdJavaBacktrace
09-01 22:37:59.441  2272  2286 I oid.grilservice: Wrote stack traces to tombstoned
09-01 22:37:59.441   639   639 W tombstoned: skipping tombstone file creation due to intercept
09-01 22:37:59.446   639   639 I tombstoned: registered intercept for pid 2293 and type kDebuggerdJavaBacktrace
09-01 22:37:59.478  1735  4604 W ActivityManager: Missing app error report, app = com.ss.android.ugc.aweme crashing = false notResponding = true
09-01 22:37:59.562   639   639 I tombstoned: received crash request for pid 2293
09-01 22:37:59.562   639   639 I tombstoned: found intercept fd 512 for pid 2293 and type kDebuggerdJavaBacktrace
09-01 22:37:59.562  2293  2297 I com.android.se: Wrote stack traces to tombstoned
09-01 22:37:59.562   639   639 W tombstoned: skipping tombstone file creation due to intercept
09-01 22:37:59.568   639   639 I tombstoned: registered intercept for pid 2259 and type kDebuggerdJavaBacktrace
09-01 22:37:59.640   639   639 I tombstoned: received crash request for pid 2259
09-01 22:37:59.640   639   639 I tombstoned: found intercept fd 512 for pid 2259 and type kDebuggerdJavaBacktrace
09-01 22:37:59.641  2259  2268 I camera.services: Wrote stack traces to tombstoned
09-01 22:37:59.641   639   639 W tombstoned: skipping tombstone file creation due to intercept
09-01 22:37:59.653   639   639 I tombstoned: registered intercept for pid 2243 and type kDebuggerdJavaBacktrace
09-01 22:37:59.741   639   639 I tombstoned: received crash request for pid 2243
09-01 22:37:59.741   639   639 I tombstoned: found intercept fd 512 for pid 2243 and type kDebuggerdJavaBacktrace
09-01 22:37:59.742  2243  2255 I id.hbmsvmanager: Wrote stack traces to tombstoned
09-01 22:37:59.742   639   639 W tombstoned: skipping tombstone file creation due to intercept
09-01 22:37:59.751   639   639 I tombstoned: registered intercept for pid 2237 and type kDebuggerdJavaBacktrace
09-01 22:37:59.841   639   639 I tombstoned: received crash request for pid 2237
09-01 22:37:59.842   639   639 I tombstoned: found intercept fd 512 for pid 2237 and type kDebuggerdJavaBacktrace
09-01 22:37:59.842  2237  2245 I elsystemservice: Wrote stack traces to tombstoned
09-01 22:37:59.842   639   639 W tombstoned: skipping tombstone file creation due to intercept
09-01 22:37:59.855   639   639 I tombstoned: registered intercept for pid 2192 and type kDebuggerdJavaBacktrace
09-01 22:37:59.979  1735  4604 W ActivityManager: Missing app error report, app = com.ss.android.ugc.aweme crashing = false notResponding = true
09-01 22:38:00.003   639   639 I tombstoned: received crash request for pid 2192
09-01 22:38:00.003   639   639 I tombstoned: found intercept fd 512 for pid 2192 and type kDebuggerdJavaBacktrace
09-01 22:38:00.003  2192  2194 I networksservice: Wrote stack traces to tombstoned
09-01 22:38:00.003   639   639 W tombstoned: skipping tombstone file creation due to intercept
09-01 22:38:00.016   639   639 I tombstoned: registered intercept for pid 2165 and type kDebuggerdJavaBacktrace
09-01 22:38:00.178   639   639 I tombstoned: received crash request for pid 2165
09-01 22:38:00.178   639   639 I tombstoned: found intercept fd 512 for pid 2165 and type kDebuggerdJavaBacktrace
09-01 22:38:00.178  2165  2167 I rkstack.process: Wrote stack traces to tombstoned
09-01 22:38:00.178   639   639 W tombstoned: skipping tombstone file creation due to intercept
09-01 22:38:00.185   639   639 I tombstoned: registered intercept for pid 2069 and type kDebuggerdJavaBacktrace
09-01 22:38:00.481  1735  4604 W ActivityManager: Missing app error report, app = com.ss.android.ugc.aweme crashing = false notResponding = true
09-01 22:38:00.691   639   639 I tombstoned: received crash request for pid 2069
09-01 22:38:00.691   639   639 I tombstoned: found intercept fd 512 for pid 2069 and type kDebuggerdJavaBacktrace
09-01 22:38:00.691  2069  2070 I ndroid.systemui: Wrote stack traces to tombstoned
09-01 22:38:00.691   639   639 W tombstoned: skipping tombstone file creation due to intercept
09-01 22:38:00.982  1735  4381 W ActivityManager: Missing app error report, app = com.ss.android.ugc.aweme crashing = false notResponding = true
09-01 22:38:01.483  1735  4381 W ActivityManager: Missing app error report, app = com.ss.android.ugc.aweme crashing = false notResponding = true
09-01 22:38:01.985  1735  4381 W ActivityManager: Missing app error report, app = com.ss.android.ugc.aweme crashing = false notResponding = true
09-01 22:38:02.486  1735  4381 W ActivityManager: Missing app error report, app = com.ss.android.ugc.aweme crashing = false notResponding = true
09-01 22:38:02.987  1735  4381 W ActivityManager: Missing app error report, app = com.ss.android.ugc.aweme crashing = false notResponding = true
09-01 22:38:03.488  1735  4604 W ActivityManager: Missing app error report, app = com.ss.android.ugc.aweme crashing = false notResponding = true
09-01 22:38:03.990  1735  4381 W ActivityManager: Missing app error report, app = com.ss.android.ugc.aweme crashing = false notResponding = true
09-01 22:38:04.490  1735  4381 W ActivityManager: Missing app error report, app = com.ss.android.ugc.aweme crashing = false notResponding = true
09-01 22:38:04.992  1735  4381 W ActivityManager: Missing app error report, app = com.ss.android.ugc.aweme crashing = false notResponding = true
09-01 22:38:05.493  1735  4381 W ActivityManager: Missing app error report, app = com.ss.android.ugc.aweme crashing = false notResponding = true
09-01 22:38:05.994  1735  4381 W ActivityManager: Missing app error report, app = com.ss.android.ugc.aweme crashing = false notResponding = true
09-01 22:38:06.138  1735  4381 I InputDispatcher:     displayId=0, name='ActivityRecord{203549012 u0 com.ss.android.ugc.aweme/.splash.SplashActivity t364}', dispatchingTimeout=5000ms
09-01 22:38:06.138  1735  4381 I InputDispatcher:     displayId=0, name='3ce21bc com.ss.android.ugc.aweme/com.ss.android.ugc.aweme.splash.SplashActivity'
09-01 22:38:06.138  1735  4381 I InputDispatcher:     displayId=0, name='3ce21bc com.ss.android.ugc.aweme/com.ss.android.ugc.aweme.splash.SplashActivity' result='OK'
09-01 22:38:06.138  1735  4381 I InputDispatcher:         0 : name='3ce21bc com.ss.android.ugc.aweme/com.ss.android.ugc.aweme.splash.SplashActivity', targetFlags=FOREGROUND | SPLIT, mDeviceStates=-1:[touchingPointers=[Pointer(id=0, FINGER)], downTimeInTarget=8006952000000, hoveringPointers=[], pilferingPointerIds=<none>]
09-01 22:38:06.138  1735  4381 I InputDispatcher:       6: name=3ce21bc com.ss.android.ugc.aweme/com.ss.android.ugc.aweme.splash.SplashActivity, id=3030, displayId=0, inputConfig=0x0, alpha=1, frame=[0,0][1080,2400], globalScale=1, applicationInfo.name=ActivityRecord{203549012 u0 com.ss.android.ugc.aweme/.splash.SplashActivity t364}, applicationInfo.token=0xb4000079cf0913d0, touchableRegion=[0,0][1080,2400], ownerPid=21082, ownerUid=10281, dispatchingTimeout=5000ms, token=0xb40000796ef1ab90, touchOcclusionMode=BLOCK_UNTRUSTED, canOccludePresentation
09-01 22:38:06.138  1735  4381 I InputDispatcher:       7: name=cbcd0a7 ActivityRecordInputSink com.ss.android.ugc.aweme/.main.MainActivity, id=3028, displayId=0, inputConfig=NO_INPUT_CHANNEL | NOT_FOCUSABLE, alpha=1, frame=[0,0][0,0], globalScale=0, applicationInfo.name=, applicationInfo.token=<null>, touchableRegion=[-10800,-24000][10800,24000], ownerPid=1735, ownerUid=1000, dispatchingTimeout=0ms, token=0x0, touchOcclusionMode=BLOCK_UNTRUSTED
09-01 22:38:06.139  1735  4381 I InputDispatcher:     665: channelName='3ce21bc com.ss.android.ugc.aweme/com.ss.android.ugc.aweme.splash.SplashActivity', status=NORMAL, monitor=false, responsive=false
09-01 22:38:06.146  1735  1915 W InputDispatcher: channel 3ce21bc com.ss.android.ugc.aweme/com.ss.android.ugc.aweme.splash.SplashActivity~ dropping inconsistent event: DispatchEntry{resolvedFlags=0, targetFlags=FOREGROUND | SPLIT, transform=transform (ROT_0) (IDENTITY)
09-01 22:38:06.154  1735  1915 W InputDispatcher: channel 3ce21bc com.ss.android.ugc.aweme/com.ss.android.ugc.aweme.splash.SplashActivity~ dropping inconsistent event: DispatchEntry{resolvedFlags=0, targetFlags=FOREGROUND | SPLIT, transform=transform (ROT_0) (IDENTITY)
09-01 22:38:06.163  1735  1915 W InputDispatcher: channel 3ce21bc com.ss.android.ugc.aweme/com.ss.android.ugc.aweme.splash.SplashActivity~ dropping inconsistent event: DispatchEntry{resolvedFlags=0, targetFlags=FOREGROUND | SPLIT, transform=transform (ROT_0) (IDENTITY)
09-01 22:38:06.171  1735  1915 W InputDispatcher: channel 3ce21bc com.ss.android.ugc.aweme/com.ss.android.ugc.aweme.splash.SplashActivity~ dropping inconsistent event: DispatchEntry{resolvedFlags=0, targetFlags=FOREGROUND | SPLIT, transform=transform (ROT_0) (IDENTITY)
09-01 22:38:06.179  1735  1915 W InputDispatcher: channel 3ce21bc com.ss.android.ugc.aweme/com.ss.android.ugc.aweme.splash.SplashActivity~ dropping inconsistent event: DispatchEntry{resolvedFlags=0, targetFlags=FOREGROUND | SPLIT, transform=transform (ROT_0) (IDENTITY)
09-01 22:38:06.188  1735  1915 W InputDispatcher: channel 3ce21bc com.ss.android.ugc.aweme/com.ss.android.ugc.aweme.splash.SplashActivity~ dropping inconsistent event: DispatchEntry{resolvedFlags=0, targetFlags=FOREGROUND | SPLIT, transform=transform (ROT_0) (IDENTITY)
09-01 22:38:06.196  1735  1915 W InputDispatcher: channel 3ce21bc com.ss.android.ugc.aweme/com.ss.android.ugc.aweme.splash.SplashActivity~ dropping inconsistent event: DispatchEntry{resolvedFlags=0, targetFlags=FOREGROUND | SPLIT, transform=transform (ROT_0) (IDENTITY)
09-01 22:38:06.205  1735  1915 W InputDispatcher: channel 3ce21bc com.ss.android.ugc.aweme/com.ss.android.ugc.aweme.splash.SplashActivity~ dropping inconsistent event: DispatchEntry{resolvedFlags=0, targetFlags=FOREGROUND | SPLIT, transform=transform (ROT_0) (IDENTITY)
09-01 22:38:06.213  1735  1915 W InputDispatcher: channel 3ce21bc com.ss.android.ugc.aweme/com.ss.android.ugc.aweme.splash.SplashActivity~ dropping inconsistent event: DispatchEntry{resolvedFlags=0, targetFlags=FOREGROUND | SPLIT, transform=transform (ROT_0) (IDENTITY)
09-01 22:38:06.221  1735  1915 W InputDispatcher: channel 3ce21bc com.ss.android.ugc.aweme/com.ss.android.ugc.aweme.splash.SplashActivity~ dropping inconsistent event: DispatchEntry{resolvedFlags=0, targetFlags=FOREGROUND | SPLIT, transform=transform (ROT_0) (IDENTITY)
09-01 22:38:06.229  1735  1915 W InputDispatcher: channel 3ce21bc com.ss.android.ugc.aweme/com.ss.android.ugc.aweme.splash.SplashActivity~ dropping inconsistent event: DispatchEntry{resolvedFlags=0, targetFlags=FOREGROUND | SPLIT, transform=transform (ROT_0) (IDENTITY)
09-01 22:38:06.239  1735  1915 W InputDispatcher: channel 3ce21bc com.ss.android.ugc.aweme/com.ss.android.ugc.aweme.splash.SplashActivity~ dropping inconsistent event: DispatchEntry{resolvedFlags=0, targetFlags=FOREGROUND | SPLIT, transform=transform (ROT_0) (IDENTITY)
09-01 22:38:06.246  1735  1915 W InputDispatcher: channel 3ce21bc com.ss.android.ugc.aweme/com.ss.android.ugc.aweme.splash.SplashActivity~ dropping inconsistent event: DispatchEntry{resolvedFlags=0, targetFlags=FOREGROUND | SPLIT, transform=transform (ROT_0) (IDENTITY)
09-01 22:38:06.254  1735  1915 W InputDispatcher: channel 3ce21bc com.ss.android.ugc.aweme/com.ss.android.ugc.aweme.splash.SplashActivity~ dropping inconsistent event: DispatchEntry{resolvedFlags=0, targetFlags=FOREGROUND | SPLIT, transform=transform (ROT_0) (IDENTITY)
09-01 22:38:06.262  1735  1915 W InputDispatcher: channel 3ce21bc com.ss.android.ugc.aweme/com.ss.android.ugc.aweme.splash.SplashActivity~ dropping inconsistent event: DispatchEntry{resolvedFlags=0, targetFlags=FOREGROUND | SPLIT, transform=transform (ROT_0) (IDENTITY)
09-01 22:38:06.271  1735  1915 W InputDispatcher: channel 3ce21bc com.ss.android.ugc.aweme/com.ss.android.ugc.aweme.splash.SplashActivity~ dropping inconsistent event: DispatchEntry{resolvedFlags=0, targetFlags=FOREGROUND | SPLIT, transform=transform (ROT_0) (IDENTITY)
09-01 22:38:06.279  1735  1915 W InputDispatcher: channel 3ce21bc com.ss.android.ugc.aweme/com.ss.android.ugc.aweme.splash.SplashActivity~ dropping inconsistent event: DispatchEntry{resolvedFlags=0, targetFlags=FOREGROUND | SPLIT, transform=transform (ROT_0) (IDENTITY)
09-01 22:38:06.288  1735  1915 W InputDispatcher: channel 3ce21bc com.ss.android.ugc.aweme/com.ss.android.ugc.aweme.splash.SplashActivity~ dropping inconsistent event: DispatchEntry{resolvedFlags=0, targetFlags=FOREGROUND | SPLIT, transform=transform (ROT_0) (IDENTITY)
09-01 22:38:06.296  1735  1915 W InputDispatcher: channel 3ce21bc com.ss.android.ugc.aweme/com.ss.android.ugc.aweme.splash.SplashActivity~ dropping inconsistent event: DispatchEntry{resolvedFlags=0, targetFlags=FOREGROUND | SPLIT, transform=transform (ROT_0) (IDENTITY)
09-01 22:38:06.305  1735  1915 W InputDispatcher: channel 3ce21bc com.ss.android.ugc.aweme/com.ss.android.ugc.aweme.splash.SplashActivity~ dropping inconsistent event: DispatchEntry{resolvedFlags=0, targetFlags=FOREGROUND | SPLIT, transform=transform (ROT_0) (IDENTITY)
09-01 22:38:06.313  1735  1915 W InputDispatcher: channel 3ce21bc com.ss.android.ugc.aweme/com.ss.android.ugc.aweme.splash.SplashActivity~ dropping inconsistent event: DispatchEntry{resolvedFlags=0, targetFlags=FOREGROUND | SPLIT, transform=transform (ROT_0) (IDENTITY)
09-01 22:38:06.321  1735  1915 W InputDispatcher: channel 3ce21bc com.ss.android.ugc.aweme/com.ss.android.ugc.aweme.splash.SplashActivity~ dropping inconsistent event: DispatchEntry{resolvedFlags=0, targetFlags=FOREGROUND | SPLIT, transform=transform (ROT_0) (IDENTITY)
09-01 22:38:06.329  1735  1915 W InputDispatcher: channel 3ce21bc com.ss.android.ugc.aweme/com.ss.android.ugc.aweme.splash.SplashActivity~ dropping inconsistent event: DispatchEntry{resolvedFlags=0, targetFlags=FOREGROUND | SPLIT, transform=transform (ROT_0) (IDENTITY)
09-01 22:38:06.339  1735  1915 W InputDispatcher: channel 3ce21bc com.ss.android.ugc.aweme/com.ss.android.ugc.aweme.splash.SplashActivity~ dropping inconsistent event: DispatchEntry{resolvedFlags=0, targetFlags=FOREGROUND | SPLIT, transform=transform (ROT_0) (IDENTITY)
09-01 22:38:06.346  1735  1915 W InputDispatcher: channel 3ce21bc com.ss.android.ugc.aweme/com.ss.android.ugc.aweme.splash.SplashActivity~ dropping inconsistent event: DispatchEntry{resolvedFlags=0, targetFlags=FOREGROUND | SPLIT, transform=transform (ROT_0) (IDENTITY)
09-01 22:38:06.354  1735  1915 W InputDispatcher: channel 3ce21bc com.ss.android.ugc.aweme/com.ss.android.ugc.aweme.splash.SplashActivity~ dropping inconsistent event: DispatchEntry{resolvedFlags=0, targetFlags=FOREGROUND | SPLIT, transform=transform (ROT_0) (IDENTITY)
09-01 22:38:06.363  1735  1915 W InputDispatcher: channel 3ce21bc com.ss.android.ugc.aweme/com.ss.android.ugc.aweme.splash.SplashActivity~ dropping inconsistent event: DispatchEntry{resolvedFlags=0, targetFlags=FOREGROUND | SPLIT, transform=transform (ROT_0) (IDENTITY)
09-01 22:38:06.371  1735  1915 W InputDispatcher: channel 3ce21bc com.ss.android.ugc.aweme/com.ss.android.ugc.aweme.splash.SplashActivity~ dropping inconsistent event: DispatchEntry{resolvedFlags=0, targetFlags=FOREGROUND | SPLIT, transform=transform (ROT_0) (IDENTITY)
09-01 22:38:06.379  1735  1915 W InputDispatcher: channel 3ce21bc com.ss.android.ugc.aweme/com.ss.android.ugc.aweme.splash.SplashActivity~ dropping inconsistent event: DispatchEntry{resolvedFlags=0, targetFlags=FOREGROUND | SPLIT, transform=transform (ROT_0) (IDENTITY)
09-01 22:38:06.388  1735  1915 W InputDispatcher: channel 3ce21bc com.ss.android.ugc.aweme/com.ss.android.ugc.aweme.splash.SplashActivity~ dropping inconsistent event: DispatchEntry{resolvedFlags=0, targetFlags=FOREGROUND | SPLIT, transform=transform (ROT_0) (IDENTITY)
09-01 22:38:06.396  1735  1915 W InputDispatcher: channel 3ce21bc com.ss.android.ugc.aweme/com.ss.android.ugc.aweme.splash.SplashActivity~ dropping inconsistent event: DispatchEntry{resolvedFlags=0, targetFlags=FOREGROUND | SPLIT, transform=transform (ROT_0) (IDENTITY)
09-01 22:38:06.404  1735  1915 W InputDispatcher: channel 3ce21bc com.ss.android.ugc.aweme/com.ss.android.ugc.aweme.splash.SplashActivity~ dropping inconsistent event: DispatchEntry{resolvedFlags=0, targetFlags=FOREGROUND | SPLIT, transform=transform (ROT_0) (IDENTITY)
09-01 22:38:06.413  1735  1915 W InputDispatcher: channel 3ce21bc com.ss.android.ugc.aweme/com.ss.android.ugc.aweme.splash.SplashActivity~ dropping inconsistent event: DispatchEntry{resolvedFlags=0, targetFlags=FOREGROUND | SPLIT, transform=transform (ROT_0) (IDENTITY)
09-01 22:38:06.421  1735  1915 W InputDispatcher: channel 3ce21bc com.ss.android.ugc.aweme/com.ss.android.ugc.aweme.splash.SplashActivity~ dropping inconsistent event: DispatchEntry{resolvedFlags=0, targetFlags=FOREGROUND | SPLIT, transform=transform (ROT_0) (IDENTITY)
09-01 22:38:06.429  1735  1915 W InputDispatcher: channel 3ce21bc com.ss.android.ugc.aweme/com.ss.android.ugc.aweme.splash.SplashActivity~ dropping inconsistent event: DispatchEntry{resolvedFlags=0, targetFlags=FOREGROUND | SPLIT, transform=transform (ROT_0) (IDENTITY)
09-01 22:38:06.439  1735  1915 W InputDispatcher: channel 3ce21bc com.ss.android.ugc.aweme/com.ss.android.ugc.aweme.splash.SplashActivity~ dropping inconsistent event: DispatchEntry{resolvedFlags=0, targetFlags=FOREGROUND | SPLIT, transform=transform (ROT_0) (IDENTITY)
09-01 22:38:06.446  1735  1915 W InputDispatcher: channel 3ce21bc com.ss.android.ugc.aweme/com.ss.android.ugc.aweme.splash.SplashActivity~ dropping inconsistent event: DispatchEntry{resolvedFlags=0, targetFlags=FOREGROUND | SPLIT, transform=transform (ROT_0) (IDENTITY)
09-01 22:38:06.454  1735  1915 W InputDispatcher: channel 3ce21bc com.ss.android.ugc.aweme/com.ss.android.ugc.aweme.splash.SplashActivity~ dropping inconsistent event: DispatchEntry{resolvedFlags=0, targetFlags=FOREGROUND | SPLIT, transform=transform (ROT_0) (IDENTITY)
09-01 22:38:06.463  1735  1915 W InputDispatcher: channel 3ce21bc com.ss.android.ugc.aweme/com.ss.android.ugc.aweme.splash.SplashActivity~ dropping inconsistent event: DispatchEntry{resolvedFlags=0, targetFlags=FOREGROUND | SPLIT, transform=transform (ROT_0) (IDENTITY)
09-01 22:38:06.471  1735  1915 W InputDispatcher: channel 3ce21bc com.ss.android.ugc.aweme/com.ss.android.ugc.aweme.splash.SplashActivity~ dropping inconsistent event: DispatchEntry{resolvedFlags=0, targetFlags=FOREGROUND | SPLIT, transform=transform (ROT_0) (IDENTITY)
09-01 22:38:06.479  1735  1915 W InputDispatcher: channel 3ce21bc com.ss.android.ugc.aweme/com.ss.android.ugc.aweme.splash.SplashActivity~ dropping inconsistent event: DispatchEntry{resolvedFlags=0, targetFlags=FOREGROUND | SPLIT, transform=transform (ROT_0) (IDENTITY)
09-01 22:38:06.488  1735  1915 W InputDispatcher: channel 3ce21bc com.ss.android.ugc.aweme/com.ss.android.ugc.aweme.splash.SplashActivity~ dropping inconsistent event: DispatchEntry{resolvedFlags=0, targetFlags=FOREGROUND | SPLIT, transform=transform (ROT_0) (IDENTITY)
09-01 22:38:06.495  1735  4604 W ActivityManager: Missing app error report, app = com.ss.android.ugc.aweme crashing = false notResponding = true
09-01 22:38:06.496  1735  1915 W InputDispatcher: channel 3ce21bc com.ss.android.ugc.aweme/com.ss.android.ugc.aweme.splash.SplashActivity~ dropping inconsistent event: DispatchEntry{resolvedFlags=0, targetFlags=FOREGROUND | SPLIT, transform=transform (ROT_0) (IDENTITY)
09-01 22:38:06.505  1735  1915 W InputDispatcher: channel 3ce21bc com.ss.android.ugc.aweme/com.ss.android.ugc.aweme.splash.SplashActivity~ dropping inconsistent event: DispatchEntry{resolvedFlags=0, targetFlags=FOREGROUND | SPLIT, transform=transform (ROT_0) (IDENTITY)
09-01 22:38:06.513  1735  1915 W InputDispatcher: channel 3ce21bc com.ss.android.ugc.aweme/com.ss.android.ugc.aweme.splash.SplashActivity~ dropping inconsistent event: DispatchEntry{resolvedFlags=0, targetFlags=FOREGROUND | SPLIT, transform=transform (ROT_0) (IDENTITY)
09-01 22:38:06.521  1735  1915 W InputDispatcher: channel 3ce21bc com.ss.android.ugc.aweme/com.ss.android.ugc.aweme.splash.SplashActivity~ dropping inconsistent event: DispatchEntry{resolvedFlags=0, targetFlags=FOREGROUND | SPLIT, transform=transform (ROT_0) (IDENTITY)
09-01 22:38:06.529  1735  1915 W InputDispatcher: channel 3ce21bc com.ss.android.ugc.aweme/com.ss.android.ugc.aweme.splash.SplashActivity~ dropping inconsistent event: DispatchEntry{resolvedFlags=0, targetFlags=FOREGROUND | SPLIT, transform=transform (ROT_0) (IDENTITY)
09-01 22:38:06.538  1735  1915 W InputDispatcher: channel 3ce21bc com.ss.android.ugc.aweme/com.ss.android.ugc.aweme.splash.SplashActivity~ dropping inconsistent event: DispatchEntry{resolvedFlags=0, targetFlags=FOREGROUND | SPLIT, transform=transform (ROT_0) (IDENTITY)
09-01 22:38:06.546  1735  1915 W InputDispatcher: channel 3ce21bc com.ss.android.ugc.aweme/com.ss.android.ugc.aweme.splash.SplashActivity~ dropping inconsistent event: DispatchEntry{resolvedFlags=0, targetFlags=FOREGROUND | SPLIT, transform=transform (ROT_0) (IDENTITY)
09-01 22:38:06.554  1735  1915 W InputDispatcher: channel 3ce21bc com.ss.android.ugc.aweme/com.ss.android.ugc.aweme.splash.SplashActivity~ dropping inconsistent event: DispatchEntry{resolvedFlags=0, targetFlags=FOREGROUND | SPLIT, transform=transform (ROT_0) (IDENTITY)
09-01 22:38:06.562  1735  1915 W InputDispatcher: channel 3ce21bc com.ss.android.ugc.aweme/com.ss.android.ugc.aweme.splash.SplashActivity~ dropping inconsistent event: DispatchEntry{resolvedFlags=0, targetFlags=FOREGROUND | SPLIT, transform=transform (ROT_0) (IDENTITY)
09-01 22:38:06.571  1735  1915 W InputDispatcher: channel 3ce21bc com.ss.android.ugc.aweme/com.ss.android.ugc.aweme.splash.SplashActivity~ dropping inconsistent event: DispatchEntry{resolvedFlags=0, targetFlags=FOREGROUND | SPLIT, transform=transform (ROT_0) (IDENTITY)
09-01 22:38:06.580  1735  1915 W InputDispatcher: channel 3ce21bc com.ss.android.ugc.aweme/com.ss.android.ugc.aweme.splash.SplashActivity~ dropping inconsistent event: DispatchEntry{resolvedFlags=0, targetFlags=FOREGROUND | SPLIT, transform=transform (ROT_0) (IDENTITY)
09-01 22:38:06.587  1735  1915 W InputDispatcher: channel 3ce21bc com.ss.android.ugc.aweme/com.ss.android.ugc.aweme.splash.SplashActivity~ dropping inconsistent event: DispatchEntry{resolvedFlags=0, targetFlags=FOREGROUND | SPLIT, transform=transform (ROT_0) (IDENTITY)
09-01 22:38:06.588  1735  1915 W InputDispatcher: channel 3ce21bc com.ss.android.ugc.aweme/com.ss.android.ugc.aweme.splash.SplashActivity~ dropping inconsistent event: DispatchEntry{resolvedFlags=0, targetFlags=FOREGROUND | SPLIT, transform=transform (ROT_0) (IDENTITY)
09-01 22:38:06.995  1735  4604 W ActivityManager: Missing app error report, app = com.ss.android.ugc.aweme crashing = false notResponding = true
09-01 22:38:07.496  1735  4604 W ActivityManager: Missing app error report, app = com.ss.android.ugc.aweme crashing = false notResponding = true
09-01 22:38:07.997  1735  4604 W ActivityManager: Missing app error report, app = com.ss.android.ugc.aweme crashing = false notResponding = true
09-01 22:38:08.498  1735  4604 W ActivityManager: Missing app error report, app = com.ss.android.ugc.aweme crashing = false notResponding = true
09-01 22:38:08.999  1735  4604 W ActivityManager: Missing app error report, app = com.ss.android.ugc.aweme crashing = false notResponding = true
09-01 22:38:09.200 21628 21628 W libnpth_dumper.: type=1400 audit(0.0:10594): avc:  denied  { search } for  name="tests" dev="dm-56" ino=115 scontext=u:r:untrusted_app:s0:c25,c257,c512,c768 tcontext=u:object_r:shell_test_data_file:s0 tclass=dir permissive=0 bug=b/305600845 app=com.ss.android.ugc.aweme
09-01 22:38:09.200 21628 21628 W libnpth_dumper.: type=1400 audit(0.0:10595): avc:  denied  { search } for  name="tests" dev="dm-56" ino=115 scontext=u:r:untrusted_app:s0:c25,c257,c512,c768 tcontext=u:object_r:shell_test_data_file:s0 tclass=dir permissive=0 bug=b/305600845 app=com.ss.android.ugc.aweme
09-01 22:38:09.200 21628 21628 W libnpth_dumper.: type=1400 audit(0.0:10596): avc:  denied  { search } for  name="tests" dev="dm-56" ino=115 scontext=u:r:untrusted_app:s0:c25,c257,c512,c768 tcontext=u:object_r:shell_test_data_file:s0 tclass=dir permissive=0 bug=b/305600845 app=com.ss.android.ugc.aweme
09-01 22:38:09.200 21628 21628 W libnpth_dumper.: type=1400 audit(0.0:10597): avc:  denied  { search } for  name="tests" dev="dm-56" ino=115 scontext=u:r:untrusted_app:s0:c25,c257,c512,c768 tcontext=u:object_r:shell_test_data_file:s0 tclass=dir permissive=0 bug=b/305600845 app=com.ss.android.ugc.aweme
09-01 22:38:09.800 21082 21082 W npth-dumper-thr: type=1400 audit(0.0:10598): avc:  denied  { getattr } for  path="/sys/kernel/tracing/trace_marker" dev="tracefs" ino=11502 scontext=u:r:untrusted_app:s0:c25,c257,c512,c768 tcontext=u:object_r:debugfs_trace_marker:s0 tclass=file permissive=0 app=com.ss.android.ugc.aweme
09-01 22:38:09.800 21082 21082 W npth-dumper-thr: type=1400 audit(0.0:10599): avc:  denied  { getattr } for  path="/sys/kernel/tracing/trace_marker" dev="tracefs" ino=11502 scontext=u:r:untrusted_app:s0:c25,c257,c512,c768 tcontext=u:object_r:debugfs_trace_marker:s0 tclass=file permissive=0 app=com.ss.android.ugc.aweme
09-01 22:38:09.800 21082 21082 W npth-dumper-thr: type=1400 audit(0.0:10600): avc:  denied  { getattr } for  path="anon_inode:[userfaultfd]" dev="anon_inodefs" ino=1092889 scontext=u:r:untrusted_app:s0:c25,c257,c512,c768 tcontext=u:object_r:untrusted_app_userfaultfd:s0:c25,c257,c512,c768 tclass=anon_inode permissive=0 app=com.ss.android.ugc.aweme
09-01 22:38:09.872  1735  1915 W InputDispatcher: channel '3ce21bc com.ss.android.ugc.aweme/com.ss.android.ugc.aweme.splash.SplashActivity' ~ Consumer closed input channel or an error occurred.  events=0xd
09-01 22:38:09.872  1735  1915 E InputDispatcher: channel '3ce21bc com.ss.android.ugc.aweme/com.ss.android.ugc.aweme.splash.SplashActivity' ~ Channel is unrecoverably broken and will be disposed!
09-01 22:38:09.874  1735  1915 I WindowManager: WINDOW DIED Window{3ce21bc u0 com.ss.android.ugc.aweme/com.ss.android.ugc.aweme.splash.SplashActivity}
09-01 22:38:09.874  1735  2500 I InputDispatcher:     displayId=0, name='ActivityRecord{203549012 u0 com.ss.android.ugc.aweme/.splash.SplashActivity t364}', dispatchingTimeout=5000ms
09-01 22:38:09.874  1735  2500 I InputDispatcher:     displayId=0, name='3ce21bc com.ss.android.ugc.aweme/com.ss.android.ugc.aweme.splash.SplashActivity'
09-01 22:38:09.874  1735  2500 I InputDispatcher:     displayId=0, name='3ce21bc com.ss.android.ugc.aweme/com.ss.android.ugc.aweme.splash.SplashActivity' result='OK'
09-01 22:38:09.875  1735  2500 I InputDispatcher:       6: name=3ce21bc com.ss.android.ugc.aweme/com.ss.android.ugc.aweme.splash.SplashActivity, id=3030, displayId=0, inputConfig=0x0, alpha=1, frame=[0,0][1080,2400], globalScale=1, applicationInfo.name=ActivityRecord{203549012 u0 com.ss.android.ugc.aweme/.splash.SplashActivity t364}, applicationInfo.token=0xb4000079cf0913d0, touchableRegion=[0,0][1080,2400], ownerPid=21082, ownerUid=10281, dispatchingTimeout=5000ms, token=0xb40000796ef1ab90, touchOcclusionMode=BLOCK_UNTRUSTED, canOccludePresentation
09-01 22:38:09.875  1735  2500 I InputDispatcher:       7: name=cbcd0a7 ActivityRecordInputSink com.ss.android.ugc.aweme/.main.MainActivity, id=3028, displayId=0, inputConfig=NO_INPUT_CHANNEL | NOT_FOCUSABLE, alpha=1, frame=[0,0][0,0], globalScale=0, applicationInfo.name=, applicationInfo.token=<null>, touchableRegion=[-10800,-24000][10800,24000], ownerPid=1735, ownerUid=1000, dispatchingTimeout=0ms, token=0x0, touchOcclusionMode=BLOCK_UNTRUSTED
09-01 22:38:09.892  1735  4381 I ActivityManager: Process com.ss.android.ugc.aweme (pid 21082) has died: fg  TOP 
09-01 22:38:09.893  1735  4380 I ImeTracker: com.ss.android.ugc.aweme:be413b26: onRequestHide at ORIGIN_SERVER reason HIDE_REMOVE_CLIENT fromUser false
09-01 22:38:09.893  1735  1966 D ConnectivityService: releasing NetworkRequest [ REQUEST id=1258, [ Capabilities: INTERNET&NOT_RESTRICTED&TRUSTED&NOT_VCN_MANAGED&NOT_BANDWIDTH_CONSTRAINED Uid: 10281 RequestorUid: 10281 RequestorPkg: com.ss.android.ugc.aweme UnderlyingNetworks: Null] ] (release request)
09-01 22:38:09.893  1735  4380 I ImeTracker: com.ss.android.ugc.aweme:be413b26: onCancelled at PHASE_SERVER_SHOULD_HIDE
09-01 22:38:09.895  1735  4381 W ActivityTaskManager: Force removing ActivityRecord{203549012 u0 com.ss.android.ugc.aweme/.splash.SplashActivity t364}: app died, no saved state
09-01 22:38:09.896  1735  1966 D ConnectivityService: releasing NetworkRequest [ REQUEST id=1260, [ Transports: CELLULAR Capabilities: INTERNET&NOT_RESTRICTED&TRUSTED&NOT_VPN&NOT_VCN_MANAGED&NOT_BANDWIDTH_CONSTRAINED Forbidden: LOCAL_NETWORK Uid: 10281 RequestorUid: 10281 RequestorPkg: com.ss.android.ugc.aweme UnderlyingNetworks: Null] ] (release request)
09-01 22:38:09.899  2069  2093 V WindowManagerShell: Transition requested (#206): android.os.BinderProxy@e5f96b1 TransitionRequestInfo { type = CLOSE, triggerTask = TaskInfo{userId=0 taskId=364 effectiveUid=10281 displayId=0 isRunning=true baseIntent=Intent { flg=0x10000000 cmp=com.ss.android.ugc.aweme/.splash.SplashActivity } baseActivity=ComponentInfo{com.ss.android.ugc.aweme/com.ss.android.ugc.aweme.main.MainActivity} topActivity=ComponentInfo{com.ss.android.ugc.aweme/com.ss.android.ugc.aweme.main.MainActivity} origActivity=ComponentInfo{com.ss.android.ugc.aweme/com.ss.android.ugc.aweme.splash.SplashActivity} realActivity=ComponentInfo{com.ss.android.ugc.aweme/com.ss.android.ugc.aweme.main.MainActivity} numActivities=1 lastActiveTime=7991273 supportsMultiWindow=true resizeMode=2 isResizeable=true minWidth=-1 minHeight=-1 defaultMinSize=220 token=WCT{android.window.IWindowContainerToken$Stub$Proxy@c834796} topActivityType=1 pictureInPictureParams=null shouldDockBigOverlays=false launchIntoPipHostTaskId=-1 lastParentTaskIdBeforePip=-1 displayCutoutSafeInsets=Rect(0, 128 - 0, 0) topActivityInfo=ActivityInfo{7b95f17 com.ss.android.ugc.aweme.splash.SplashActivity} launchCookies=[] positionInParent=Point(0, 0) parentTaskId=-1 isFocused=true isVisible=true isVisibleRequested=true isTopActivityNoDisplay=false isSleeping=false locusId=null displayAreaFeatureId=1 isTopActivityTransparent=false isActivityStackTransparent=false lastNonFullscreenBounds=Rect(276, 692 - 804, 1772) capturedLink=null capturedLinkTimestamp=0 requestedVisibleTypes=-9 topActivityRequestOpenInBrowserEducationTimestamp=0 appCompatTaskInfo=AppCompatTaskInfo { topActivityInSizeCompat=false eligibleForLetterboxEducation= false isLetterboxEducationEnabled= false isLetterboxDoubleTapEnabled= false eligibleForUserAspectRatioButton= false topActivityBoundsLetterboxed= false isFromLetterboxDoubleTap= false topActivityLetterboxVerticalPosition= -1 topActivityLetterboxHorizontalPosition= -1 topActivityLetterboxWidth=-1 topActivityLetterboxHeight=-1 topActivityLetterboxAppWidth=-1 topActivityLetterboxAppHeight=-1 isUserFullscreenOverrideEnabled=false isSystemFullscreenOverrideEnabled=false hasMinAspectRatioOverride=false topActivityLetterboxBounds=null cameraCompatTaskInfo=CameraCompatTaskInfo { freeformCameraCompatMode=inactive}} topActivityMainWindowFrame=null}, pipChange = null, remoteTransition = null, displayChange = null, flags = 0, debugId = 206 }
09-01 22:38:09.921  1735  1791 V WindowManager: Sent Transition (#206) createdAt=09-01 22:38:09.895 via request=TransitionRequestInfo { type = CLOSE, triggerTask = TaskInfo{userId=0 taskId=364 effectiveUid=10281 displayId=0 isRunning=true baseIntent=Intent { flg=0x10000000 cmp=com.ss.android.ugc.aweme/.splash.SplashActivity } baseActivity=ComponentInfo{com.ss.android.ugc.aweme/com.ss.android.ugc.aweme.main.MainActivity} topActivity=ComponentInfo{com.ss.android.ugc.aweme/com.ss.android.ugc.aweme.main.MainActivity} origActivity=ComponentInfo{com.ss.android.ugc.aweme/com.ss.android.ugc.aweme.splash.SplashActivity} realActivity=ComponentInfo{com.ss.android.ugc.aweme/com.ss.android.ugc.aweme.main.MainActivity} numActivities=1 lastActiveTime=7991273 supportsMultiWindow=true resizeMode=2 isResizeable=true minWidth=-1 minHeight=-1 defaultMinSize=220 token=WCT{RemoteToken{2ac92ab Task{a8020fd #364 type=standard A=10281:com.ss.android.ugc.aweme}}} topActivityType=1 pictureInPictureParams=null shouldDockBigOverlays=false launchIntoPipHostTaskId=-1 lastParentTaskIdBeforePip=-1 displayCutoutSafeInsets=Rect(0, 128 - 0, 0) topActivityInfo=ActivityInfo{36cbd08 com.ss.android.ugc.aweme.splash.SplashActivity} launchCookies=[] positionInParent=Point(0, 0) parentTaskId=-1 isFocused=true isVisible=true isVisibleRequested=true isTopActivityNoDisplay=false isSleeping=false locusId=null displayAreaFeatureId=1 isTopActivityTransparent=false isActivityStackTransparent=false lastNonFullscreenBounds=Rect(276, 692 - 804, 1772) capturedLink=null capturedLinkTimestamp=0 requestedVisibleTypes=-9 topActivityRequestOpenInBrowserEducationTimestamp=0 appCompatTaskInfo=AppCompatTaskInfo { topActivityInSizeCompat=false eligibleForLetterboxEducation= false isLetterboxEducationEnabled= false isLetterboxDoubleTapEnabled= false eligibleForUserAspectRatioButton= false topActivityBoundsLetterboxed= false isFromLetterboxDoubleTap= false topActivityLetterboxVerticalPosition= -1 topActivityLetterboxHorizontalPosition= -1 topActivityLetterboxWidth=-1 topActivityLetterboxHeight=-1 topActivityLetterboxAppWidth=-1 topActivityLetterboxAppHeight=-1 isUserFullscreenOverrideEnabled=false isSystemFullscreenOverrideEnabled=false hasMinAspectRatioOverride=false topActivityLetterboxBounds=null cameraCompatTaskInfo=CameraCompatTaskInfo { freeformCameraCompatMode=inactive}} topActivityMainWindowFrame=null}, pipChange = null, remoteTransition = null, displayChange = null, flags = 0, debugId = 206 }
