
 ╔══════════════════════════════════════╗
 ║        rustFrida v0.1.0             ║
 ║    ARM64 Dynamic Instrumentation    ║
 ╚══════════════════════════════════════╝

[*] Spawn 模式: 准备注入 com.ss.android.ugc.aweme
[*] 正在修补 SELinux 策略...
[→] 当前 SELinux domain: shell
[→] 策略大小: 999270 bytes
[→] SELinux 策略版本: 30, MLS: true
[→] 解析 5 个 commons
[→] 解析 107 个 classes
[→] 解析 2782 个 types
[→] avtab: 54217 条目, offset 0x27030
[→] avtab 范围: 0x27030..0xCCC22 (678898 bytes)
[→] 规则变更: 新增 0, 修改 0
[→] 所有规则已存在，无需修补
[→] Zymbiote socket 名称: rustfrida-zymbiote-c89b04cbd25031a090c6d2ad0cd90c5f
[→] 跳过 32 位进程 zygote (pid=864)
[*] 找到 1 个新 zygote 进程
[→] 正在注入 zymbiote 到 zygote64 (pid=863)...
[→] Payload 写入位置: 0x754dfee000 (backing: /system/lib64/libstagefright.so +0x1ea000)
[→] libc.so 基址: 0x7540282000, 路径: /apex/com.android.runtime/lib64/bionic/libc.so
[→] libc 函数地址已解析
[→] setArgV0 地址: 0x75410bdc00
[→] selinux_android_setcontext 地址: 0x7547aa3a40
[→] ZymbioteContext: ctx_base=0xef8, payload_len=0xfe0
[→] build_payload: prop_remap=0 (PROP_PROFILE_DIR=None)
[→] Payload 构建完成: 4064 bytes
[→] 搜索 4 个 boot heap 区域查找 setArgV0 指针
[→] setArgV0 指针位置: 0x71e950d8 (原始值 0x75410bdc00)
[→] payload 写入范围: [0x754dfee000,0x754dfeefe0) len=4064 vma=[0x754de97000,0x754dfef000) perms=r-xp page_size=0x1000
[→] Payload 写入完成
[→] setArgV0 指针已替换: 0x75410bdc00 → 0x754dfee0e8
[→] setcontext GOT 已替换: 0x75411a25f8
[✓] Zymbiote 注入成功: zygote64 (pid=863)
[→] 主进程解析: com.ss.android.ugc.aweme 使用默认包进程
[*] 正在启动应用 com.ss.android.ugc.aweme...
[→] 正在停止应用 com.ss.android.ugc.aweme...
[→] Launch activity: com.ss.android.ugc.aweme/.splash.SplashActivity
[*] 等待进程 com.ss.android.ugc.aweme 启动... (最长 20s)
[→] Zymbiote hello: pid=9640, ppid=863, package=com.ss.android.ugc.aweme
[✓] 收到 spawn hello: pid=9640, ppid=863, package=com.ss.android.ugc.aweme
[*] 正在向子进程 9640 注入 agent...
[*] 正在附加到进程 PID: 9640 (Frida-style bootstrapper)
[→] 注入线程候选: tid=9647 comm=FinalizerWatchd wchan=futex_wait_queue
[→] 选择工作线程执行注入: tid=9647
[✓] 成功附加到进程 9647，等待 SIGSTOP...
[✓] 进程已停止，可以操作寄存器
[→] stop-the-world: 已暂停 7 个其他线程
[→] code-swap 区域: 0x75647c4000 (8797 bytes)
[→] bootstrapper Phase 1: mmap 分配...
[→] bootstrapper 分配 RWX 区域: 0x756302d000 (32768 bytes)
[→] code-swap 区域已恢复
[→] bootstrapper 写入完成 (8797 bytes)
[→] 调用 bootstrapper Phase 2...
[✓] bootstrapper 完成: libc API 已解析
[→] rtld_flavor: 5
[→] platform bases: libc=0x7540282000, linker=0x756477d000
[→] ctrlfds: [82, 83]
[→] agent linker: 自解析 ELF/重定位/外部符号，不调用 dlopen/dlsym
[→] loader thread: raw clone，不调用 libc pthread
[→] pidfd_getfd: pid=9640 target_fd=82 → host_fd=9
[→] 已提取 ctrl fd: target 82 → host 9
[→] StringTable 写入: 0x75630312d0
[→] loader 写入完成 (14275 bytes)
[→] 调用 loader...
[→] 分离前寄存器: PC=0x754030795c SP=0x726b1b0e90 LR=0x72a5474224 FP(x29)=0x726b1b0ea0 x19=0x73972a63f0
[✓] 已分离目标进程
[→] Loader worker tid: 9649
[→] memfd SELinux label → u:object_r:tmpfs:s0:c24,c257,c512,c768
[→] agent SO fd 已发送 (4022584 bytes, padded 4210688)
[→] REPL socketpair fd 已发送
[→] Loader: link: start
[→] Loader: link: elf mapped
[→] Loader: link: load segments mapped
[→] Loader: link: dynamic parsed
[→] Loader: link: resolver built
[→] Loader: link: rela applied
[→] Loader: link: plt rela applied
[→] Loader: link: relro protected
[→] Loader: link: init done
[→] Loader: worker: agent linked
[→] Loader: worker: exports resolved
[→] Loader: worker: repl fd received
[✓] Loader: agent 加载成功
[*] 等待 agent 连接... (最长 10s)
[✓] Agent 已连接
[*] 子进程暂停中，准备加载脚本
[*] 加载脚本: /data/local/tmp/gumtrace_getHttpHeadVerify_350_entrydump.js
[*] 脚本发送到 raw clone TLS JS worker 执行
[agent] [JS] [module] file read failed for /memfd:jit-zygote-cache, trying memory at 0x54000000
[agent] [JS] [module] file read failed for /memfd:jit-cache, trying memory at 0x58000000
[agent] [JS] [gumtrace-getHttpHeadVerify-350] waiting for libmetasec_ml.so
[agent] [JS] [hook_engine] hook_mmap_near_range: OK at 0x7559a38000 for target 0x7559a49100 (range=±134217728, gap#0 step=1)
=> undefined
[→] 正在恢复子进程 9640...
[→] 等待子进程 9640 关闭 socket...
[→] 等待子进程 9640 SIGSTOP...
[→] 子进程 9640 已停止
[→] 还原子进程 9640 payload at 0x754dfee000 (4064 bytes)
[→] 还原子进程 9640 setArgV0 指针 at 0x71e950d8
[→] 还原子进程 9640 setcontext GOT at 0x75411a25f8
[✓] 子进程 9640 已恢复运行
[*] spawn 已恢复，启动 Java worker 作为后续 Java 操作执行线程
[agent] [java worker] starting
[agent] [JS] [java executor] installing Java-thread executor hooks without JNIEnv (symbol/self-parse)
[agent] [JS] [java executor] MessageQueue JNI table: nativePollOnce=0x75410a9e30, nativeWake=0x75410a9ea0
[agent] [JS] [hook_engine] hook_mmap_near_range: OK at 0x75411a9000 for target 0x75410a9e30 (range=±134217728, gap#0 step=1)
[agent] [JS] [java executor] MessageQueue loop hook installed: poll=0x75410a9e30, hook=0x75410a9e30, wake=0x75410a9ea0
[agent] [JS] [java executor] main epoll wake fd observed: epoll=86, eventfd=85
[agent] [JS] [java executor] skip invalid MessageQueue ptr at poll: 0x74a72b6270
[agent] [JS] [module] libart.so range: 0x72a524a000-0x72a5e4d000, path: Some("/apex/com.android.art/lib64/libart.so")
[agent] [JS] [java worker] generated dex class=rustfrida.JavaWorker1 size=616
[agent] [JS] [java worker] helper class loaded
[agent] [JS] [java worker] nativeLoop registered
[agent] [JS] [java worker] thread object created
[agent] [JS] [java worker] calling Thread.start
[agent] [JS] [java worker] started ART-managed worker class=rustfrida.JavaWorker1
[agent] [JS] [java executor] MessageQueue drained 1 raw-clone task(s)
[agent] [JS] [java executor] skip invalid MessageQueue ptr at poll: 0x74a72b6270
[agent] [JS] [java executor] skip invalid MessageQueue ptr at poll: 0x74a72b6270
[agent] [java worker] ready
[agent] [JS] [java executor] skip invalid MessageQueue ptr at poll: 0x74a7308ed0
[agent] [JS] [gumtrace-getHttpHeadVerify-350] dlopen loaded: /data/app/~~GJKKQPtkpHqhegsADfD9mQ==/com.ss.android.ugc.aweme-vsHSySl5UaKL1lfqkWR0ag==/lib/arm64/libmetasec_ml.so
[agent] [JS] [gumtrace-getHttpHeadVerify-350] module base=0x7100ca8000 target=0x7100df1ca8 offset=0x149ca8
[agent] [JS] [hook_engine] hook_mmap_near_range: OK at 0x7100f71000 for target 0x7100df1ca8 (range=±134217728, gap#0 step=1)
[agent] [JS] [gumtrace-getHttpHeadVerify-350] installed GumTrace gate hook
[agent] [JS] [gumtrace-getHttpHeadVerify-350] hit target; x0(cookie_http)=0x7327278af0 x1(json_list)=0x711c4d26a0 x2(url)=0x711c4d2690 x3(x_ss_stub)=0x711c4d2680 x4/type=0x171 x5(tree_map)=0x711c4d2670 x8(sig_tree)=0x711c4d27b8 lr=0x7100df304c
[agent] [JS] [gumtrace-getHttpHeadVerify-350] [entry-dump] ---- 0x149ca8 args begin ----
[agent] [JS] [gumtrace-getHttpHeadVerify-350] [entry-dump] x0=0x7327278af0 range=0x732725a000-0x73272da000 rw- [anon:scudo:primary]
[agent] [JS] [gumtrace-getHttpHeadVerify-350] [entry-dump] x0 qwords +0x0=0x7100f18c50 +0x8=0x73473b8210 +0x10=0x74472aabd0 +0x18=0x72f73341b0 +0x20=0x74472ab2f0 +0x28=0x73473b4e90 +0x30=0x73472f1290 +0x38=0x74472ac5b0
[agent] [JS] [gumtrace-getHttpHeadVerify-350] [entry-dump] x0 bytes len=0x100 fnv1a=a6e549c7 hex=50 8c f1 00 71 00 00 00 10 82 3b 47 73 00 00 00 d0 ab 2a 47 74 00 00 00 b0 41 33 f7 72 00 00 00 f0 b2 2a 47 74 00 00 00 90 4e 3b 47 73 00 00 00 90 12 2f 47 73 00 00 00 b0 c5 2a 47 74 00 00 00 d0 f6 28 47 74 00 00 00 10 ea 28 47 74 00 00 00 00 91 f0 00 71 00 00 00 00 00 00 00 00 00 00 00 00 00 00 00 00 00 00 00 00 00 00 00 00 00 00 00 00 00 00 00 00 00 00 00 00 00 00 00 00 00 00 00 00 00 00 00 00 00 00 00 00 00 00 00 00 00 00 00 00 00 00 00 00 00 00 00 01 00 00 00 00 00 00 00 08 01 09 00 00 00 15 a0 00 00 00 00 00 00 00 00 2f 64 61 74 61 2f 75 73 65 72 2f 30 2f 63 6f 6d 2e 73 73 2e 61 6e 64 72 6f 69 64 2e 75 67 63 2e 61 77 65 6d 65 2f 66 69 6c 65 73 2f 6b 65 76 61 2f 72 65 70 6f 2f 64 38 62 36 37 34 35 34 33 66 63 30 62 30 32 33 62 36 39 66 36 61 33 66 35 61
[agent] [JS] [gumtrace-getHttpHeadVerify-350] [entry-dump] x0 ascii="P...q.....;Gs.....*Gt....A3.r.....*Gt....N;Gs...../Gs.....*Gt.....(Gt.....(Gt.......q.............................................................................\t............./data/user/0/com.ss.android.ugc.aweme/files/keva/repo/d8b674543fc0b023b69f6a3f5a"
[agent] [JS] [gumtrace-getHttpHeadVerify-350] [entry-dump] x0 cstr len=3 complete=true fnv1a=4513b658 preview="P.."
[agent] [JS] [gumtrace-getHttpHeadVerify-350] [entry-dump] x0.q0 -> 0x7100f18c50 range=0x7100f08000-0x7100f25000 r-- /data/app/~~GJKKQPtkpHqhegsADfD9mQ==/com.ss.android.ugc.aweme-vsHSySl5UaKL1lfqkWR0ag==/lib/arm64/libmetasec_ml.so bytes len=0x40 fnv1a=93db17bd hex=98 13 df 00 71 00 00 00 04 14 df 00 71 00 00 00 e4 e0 dc 00 71 00 00 00 64 e0 dc 00 71 00 00 00 78 49 df 00 71 00 00 00 e0 de dc 00 71 00 00 00 70 49 df 00 71 00 00 00 80 48 df 00 71 00 00 00 ascii="....q.......q.......q...d...q...xI..q.......q...pI..q....H..q..."
[agent] [JS] [gumtrace-getHttpHeadVerify-350] [entry-dump] x0.q0 cstr len=3 complete=true fnv1a=5217cc79 preview="..."
[agent] [JS] [gumtrace-getHttpHeadVerify-350] [entry-dump] x0.q1 -> 0x73473b8210 range=0x73472e9000-0x7347429000 rw- [anon:scudo:primary] bytes len=0x40 fnv1a=e62f74be hex=50 71 f1 00 71 00 00 00 98 18 cf 00 71 00 00 00 c4 18 cf 00 71 00 00 00 c8 18 cf 00 71 00 00 00 50 51 3b 47 73 00 00 00 90 3d 3b 47 73 00 00 00 03 11 02 00 00 00 27 b9 00 00 00 00 00 00 00 00 ascii="Pq..q.......q.......q.......q...PQ;Gs....=;Gs.........'........."
[agent] [JS] [gumtrace-getHttpHeadVerify-350] [entry-dump] x0.q1 cstr len=3 complete=true fnv1a=4b8159b1 preview="Pq."
[agent] [JS] [gumtrace-getHttpHeadVerify-350] [entry-dump] x0.q2 -> 0x74472aabd0 range=0x744729f000-0x74472df000 rw- [anon:scudo:primary] bytes len=0x40 fnv1a=0dcb64ca hex=18 00 00 00 00 00 00 00 00 00 00 00 00 00 00 00 01 81 00 00 00 00 8d 70 00 00 00 00 00 00 00 00 00 00 00 00 00 00 00 00 00 00 00 00 00 00 00 00 01 41 00 00 00 00 f7 33 00 00 00 00 00 00 00 00 ascii=".......................p.........................A.....3........"
[agent] [JS] [gumtrace-getHttpHeadVerify-350] [entry-dump] x0.q2 cstr len=1 complete=true fnv1a=1d0c82e7 preview="."
[agent] [JS] [gumtrace-getHttpHeadVerify-350] [entry-dump] x0.q3 -> 0x72f73341b0 range=0x72f72a7000-0x72f7367000 rw- [anon:scudo:primary] bytes len=0x40 fnv1a=7323ebd7 hex=78 70 f1 00 71 00 00 00 10 b1 41 97 73 00 00 00 d0 a0 2a 47 74 00 00 00 10 38 3b 47 73 00 00 00 b0 a8 2a 47 74 00 00 00 30 be 41 97 73 00 00 00 90 a7 2a 47 74 00 00 00 60 8e 44 97 73 00 00 00 ascii="xp..q.....A.s.....*Gt....8;Gs.....*Gt...0.A.s.....*Gt...`.D.s..."
[agent] [JS] [gumtrace-getHttpHeadVerify-350] [entry-dump] x0.q3 cstr len=3 complete=true fnv1a=438fd4ac preview="xp."
[agent] [JS] [gumtrace-getHttpHeadVerify-350] [entry-dump] x0.q4 -> 0x74472ab2f0 range=0x744729f000-0x74472df000 rw- [anon:scudo:primary] bytes len=0x40 fnv1a=674768bc hex=18 00 00 00 6b 00 00 00 00 00 00 00 00 00 00 00 01 81 00 00 00 00 fa c0 00 00 00 00 00 00 00 00 20 ef 34 37 73 00 00 00 00 00 00 00 00 00 00 00 01 81 00 00 00 00 c8 bd 00 00 00 00 00 00 00 00 ascii="....k........................... .47s..........................."
[agent] [JS] [gumtrace-getHttpHeadVerify-350] [entry-dump] x0.q4 cstr len=1 complete=true fnv1a=1d0c82e7 preview="."
[agent] [JS] [gumtrace-getHttpHeadVerify-350] [entry-dump] x0.q5 -> 0x73473b4e90 range=0x73472e9000-0x7347429000 rw- [anon:scudo:primary] bytes len=0x40 fnv1a=9d6bc52b hex=78 85 f0 00 71 00 00 00 00 00 00 00 00 00 00 00 00 00 00 00 00 00 00 00 00 00 00 00 00 00 00 00 00 00 00 00 00 00 00 00 00 00 00 00 00 00 00 00 03 81 02 00 00 00 8d 71 00 00 00 00 00 00 00 00 ascii="x...q..................................................q........"
[agent] [JS] [gumtrace-getHttpHeadVerify-350] [entry-dump] x0.q5 cstr len=3 complete=true fnv1a=4432d9e2 preview="x.."
[agent] [JS] [gumtrace-getHttpHeadVerify-350] [entry-dump] x0.q6 -> 0x73472f1290 range=0x73472e9000-0x7347429000 rw- [anon:scudo:primary] bytes len=0x40 fnv1a=55745174 hex=58 8d f1 00 71 00 00 00 00 d0 28 a7 74 00 00 00 90 28 2e 47 73 00 00 00 50 ec 28 47 74 00 00 00 50 ca 28 47 74 00 00 00 3e 04 00 00 00 00 00 00 03 81 02 00 00 00 fc 0f 00 00 00 00 00 00 00 00 ascii="X...q.....(.t....(.Gs...P.(Gt...P.(Gt...>......................."
[agent] [JS] [gumtrace-getHttpHeadVerify-350] [entry-dump] x0.q6 cstr len=3 complete=true fnv1a=bae94dbd preview="X.."
[agent] [JS] [gumtrace-getHttpHeadVerify-350] [entry-dump] x0.q7 -> 0x74472ac5b0 range=0x744729f000-0x74472df000 rw- [anon:scudo:primary] bytes len=0x40 fnv1a=88f338bc hex=01 00 00 00 7f a7 b3 20 8e 53 03 1b 9c 9f 3e a9 01 41 00 00 00 00 32 9a 00 00 00 00 00 00 00 00 00 00 00 00 08 00 00 00 09 06 80 5e 75 00 00 00 01 81 00 00 00 00 57 61 00 00 00 00 00 00 00 00 ascii="....... .S....>..A....2.................\t..^u.........Wa........"
[agent] [JS] [gumtrace-getHttpHeadVerify-350] [entry-dump] x0.q7 cstr len=1 complete=true fnv1a=040c5b8c preview="."
[agent] [JS] [gumtrace-getHttpHeadVerify-350] [entry-dump] x1=0x711c4d26a0 range=0x711c3dd000-0x711c4d8000 rw- [anon:stack_and_tls:9782]
[agent] [JS] [gumtrace-getHttpHeadVerify-350] [entry-dump] x1 qwords +0x0=0x72f73341b0 +0x8=0x74472ab2f0 +0x10=0x0 +0x18=0x0 +0x20=0x711c4d2bc0 +0x28=0xe6196172c0d09c03 +0x30=0x0 +0x38=0x0
[agent] [JS] [gumtrace-getHttpHeadVerify-350] [entry-dump] x1 bytes len=0x100 fnv1a=19bf6ea8 hex=b0 41 33 f7 72 00 00 00 f0 b2 2a 47 74 00 00 00 00 00 00 00 00 00 00 00 00 00 00 00 00 00 00 00 c0 2b 4d 1c 71 00 00 00 03 9c d0 c0 72 61 19 e6 00 00 00 00 00 00 00 00 00 00 00 00 00 00 00 00 60 54 48 97 73 00 00 00 b0 1f 2c 47 74 00 00 00 d0 ad 3f 47 73 00 00 00 90 10 2c 47 74 00 00 00 c0 84 48 97 73 00 00 00 d0 eb 2b 47 74 00 00 00 f0 aa f0 00 71 00 00 00 00 00 00 00 23 ff ff ff 00 00 00 00 00 00 00 00 80 5f f2 00 71 00 00 00 90 df 3e 47 73 00 00 00 d0 ad 3f 47 73 00 00 00 90 10 2c 47 74 00 00 00 80 5f f2 00 71 00 00 00 90 df 3e 47 73 00 00 00 b0 41 33 f7 72 00 00 00 f0 b2 2a 47 74 00 00 00 b0 41 33 f7 72 00 00 00 f0 b2 2a 47 74 00 00 00 d0 64 2f 47 73 00 00 00 d0 e1 28 47 74 00 00 00 50 a6 3f 47 73 00 00 00 30 0c 2c 47 74 00 00 00 d0 a1 3f 47 73 00 00 00
[agent] [JS] [gumtrace-getHttpHeadVerify-350] [entry-dump] x1 ascii=".A3.r.....*Gt....................+M.q.......ra..................`TH.s.....,Gt.....?Gs.....,Gt.....H.s.....+Gt.......q.......#............_..q.....>Gs.....?Gs.....,Gt...._..q.....>Gs....A3.r.....*Gt....A3.r.....*Gt....d/Gs.....(Gt...P.?Gs...0.,Gt.....?Gs..."
[agent] [JS] [gumtrace-getHttpHeadVerify-350] [entry-dump] x1 cstr len=5 complete=true fnv1a=8424a582 preview=".A3.r"
[agent] [JS] [gumtrace-getHttpHeadVerify-350] [entry-dump] x1.q0 -> 0x72f73341b0 range=0x72f72a7000-0x72f7367000 rw- [anon:scudo:primary] bytes len=0x40 fnv1a=7323ebd7 hex=78 70 f1 00 71 00 00 00 10 b1 41 97 73 00 00 00 d0 a0 2a 47 74 00 00 00 10 38 3b 47 73 00 00 00 b0 a8 2a 47 74 00 00 00 30 be 41 97 73 00 00 00 90 a7 2a 47 74 00 00 00 60 8e 44 97 73 00 00 00 ascii="xp..q.....A.s.....*Gt....8;Gs.....*Gt...0.A.s.....*Gt...`.D.s..."
[agent] [JS] [gumtrace-getHttpHeadVerify-350] [entry-dump] x1.q0 cstr len=3 complete=true fnv1a=438fd4ac preview="xp."
[agent] [JS] [gumtrace-getHttpHeadVerify-350] [entry-dump] x1.q1 -> 0x74472ab2f0 range=0x744729f000-0x74472df000 rw- [anon:scudo:primary] bytes len=0x40 fnv1a=674768bc hex=18 00 00 00 6b 00 00 00 00 00 00 00 00 00 00 00 01 81 00 00 00 00 fa c0 00 00 00 00 00 00 00 00 20 ef 34 37 73 00 00 00 00 00 00 00 00 00 00 00 01 81 00 00 00 00 c8 bd 00 00 00 00 00 00 00 00 ascii="....k........................... .47s..........................."
[agent] [JS] [gumtrace-getHttpHeadVerify-350] [entry-dump] x1.q1 cstr len=1 complete=true fnv1a=1d0c82e7 preview="."
[agent] [JS] [gumtrace-getHttpHeadVerify-350] [entry-dump] x1.q4 -> 0x711c4d2bc0 range=0x711c3dd000-0x711c4d8000 rw- [anon:stack_and_tls:9782] bytes len=0x40 fnv1a=f79bca2a hex=03 9c d0 c0 72 61 19 e6 f4 5b df 00 71 00 00 00 70 2c 4d 1c 71 00 00 00 f4 5c df 00 71 00 00 00 b6 43 7b 3d 00 00 00 00 6b 71 75 ef 00 00 00 00 6a 41 c3 a7 00 00 00 00 30 16 f3 b6 00 00 00 00 ascii="....ra...[..q...p,M.q....\..q....C{=....kqu.....jA......0......."
[agent] [JS] [gumtrace-getHttpHeadVerify-350] [entry-dump] x1.q4 cstr len=11 complete=true fnv1a=04f586de preview="....ra...[."
[agent] [JS] [gumtrace-getHttpHeadVerify-350] [entry-dump] x2=0x711c4d2690 range=0x711c3dd000-0x711c4d8000 rw- [anon:stack_and_tls:9782]
[agent] [JS] [gumtrace-getHttpHeadVerify-350] [entry-dump] x2 qwords +0x0=0x73974884c0 +0x8=0x74472bebd0 +0x10=0x72f73341b0 +0x18=0x74472ab2f0 +0x20=0x0 +0x28=0x0 +0x30=0x711c4d2bc0 +0x38=0xe6196172c0d09c03
[agent] [JS] [gumtrace-getHttpHeadVerify-350] [entry-dump] x2 bytes len=0x100 fnv1a=8dc11ee6 hex=c0 84 48 97 73 00 00 00 d0 eb 2b 47 74 00 00 00 b0 41 33 f7 72 00 00 00 f0 b2 2a 47 74 00 00 00 00 00 00 00 00 00 00 00 00 00 00 00 00 00 00 00 c0 2b 4d 1c 71 00 00 00 03 9c d0 c0 72 61 19 e6 00 00 00 00 00 00 00 00 00 00 00 00 00 00 00 00 60 54 48 97 73 00 00 00 b0 1f 2c 47 74 00 00 00 d0 ad 3f 47 73 00 00 00 90 10 2c 47 74 00 00 00 c0 84 48 97 73 00 00 00 d0 eb 2b 47 74 00 00 00 f0 aa f0 00 71 00 00 00 00 00 00 00 23 ff ff ff 00 00 00 00 00 00 00 00 80 5f f2 00 71 00 00 00 90 df 3e 47 73 00 00 00 d0 ad 3f 47 73 00 00 00 90 10 2c 47 74 00 00 00 80 5f f2 00 71 00 00 00 90 df 3e 47 73 00 00 00 b0 41 33 f7 72 00 00 00 f0 b2 2a 47 74 00 00 00 b0 41 33 f7 72 00 00 00 f0 b2 2a 47 74 00 00 00 d0 64 2f 47 73 00 00 00 d0 e1 28 47 74 00 00 00 50 a6 3f 47 73 00 00 00
[agent] [JS] [gumtrace-getHttpHeadVerify-350] [entry-dump] x2 ascii="..H.s.....+Gt....A3.r.....*Gt....................+M.q.......ra..................`TH.s.....,Gt.....?Gs.....,Gt.....H.s.....+Gt.......q.......#............_..q.....>Gs.....?Gs.....,Gt...._..q.....>Gs....A3.r.....*Gt....A3.r.....*Gt....d/Gs.....(Gt...P.?Gs..."
[agent] [JS] [gumtrace-getHttpHeadVerify-350] [entry-dump] x2 cstr len=5 complete=true fnv1a=15b9ea85 preview="..H.s"
[agent] [JS] [gumtrace-getHttpHeadVerify-350] [entry-dump] x2.q0 -> 0x73974884c0 range=0x73972a9000-0x73974a9000 rw- [anon:scudo:primary] bytes len=0x40 fnv1a=8a880969 hex=f0 aa f0 00 71 00 00 00 43 03 00 00 42 03 00 00 20 d6 41 67 73 00 00 00 70 61 67 65 00 33 00 00 02 01 02 00 00 00 0c fb 00 00 00 00 00 00 00 00 48 6c 7f 09 72 00 00 00 01 00 00 00 40 00 00 00 ascii="....q...C...B... .Ags...page.3..................Hl.\tr.......@..."
[agent] [JS] [gumtrace-getHttpHeadVerify-350] [entry-dump] x2.q0 cstr len=3 complete=true fnv1a=7dc2843d preview="..."
[agent] [JS] [gumtrace-getHttpHeadVerify-350] [entry-dump] x2.q1 -> 0x74472bebd0 range=0x744729f000-0x74472df000 rw- [anon:scudo:primary] bytes len=0x40 fnv1a=51da4f31 hex=04 00 00 00 74 00 00 00 e0 63 37 a7 74 00 00 00 01 81 00 00 00 00 12 08 00 00 00 00 00 00 00 00 40 00 00 00 80 00 00 00 00 00 00 00 00 00 00 00 01 61 00 00 00 00 8e f5 00 00 00 00 00 00 00 00 ascii="....t....c7.t...................@................a.............."
[agent] [JS] [gumtrace-getHttpHeadVerify-350] [entry-dump] x2.q1 cstr len=1 complete=true fnv1a=010c56d3 preview="."
[agent] [JS] [gumtrace-getHttpHeadVerify-350] [entry-dump] x2.q2 -> 0x72f73341b0 range=0x72f72a7000-0x72f7367000 rw- [anon:scudo:primary] bytes len=0x40 fnv1a=7323ebd7 hex=78 70 f1 00 71 00 00 00 10 b1 41 97 73 00 00 00 d0 a0 2a 47 74 00 00 00 10 38 3b 47 73 00 00 00 b0 a8 2a 47 74 00 00 00 30 be 41 97 73 00 00 00 90 a7 2a 47 74 00 00 00 60 8e 44 97 73 00 00 00 ascii="xp..q.....A.s.....*Gt....8;Gs.....*Gt...0.A.s.....*Gt...`.D.s..."
[agent] [JS] [gumtrace-getHttpHeadVerify-350] [entry-dump] x2.q2 cstr len=3 complete=true fnv1a=438fd4ac preview="xp."
[agent] [JS] [gumtrace-getHttpHeadVerify-350] [entry-dump] x2.q3 -> 0x74472ab2f0 range=0x744729f000-0x74472df000 rw- [anon:scudo:primary] bytes len=0x40 fnv1a=674768bc hex=18 00 00 00 6b 00 00 00 00 00 00 00 00 00 00 00 01 81 00 00 00 00 fa c0 00 00 00 00 00 00 00 00 20 ef 34 37 73 00 00 00 00 00 00 00 00 00 00 00 01 81 00 00 00 00 c8 bd 00 00 00 00 00 00 00 00 ascii="....k........................... .47s..........................."
[agent] [JS] [gumtrace-getHttpHeadVerify-350] [entry-dump] x2.q3 cstr len=1 complete=true fnv1a=1d0c82e7 preview="."
[agent] [JS] [gumtrace-getHttpHeadVerify-350] [entry-dump] x2.q6 -> 0x711c4d2bc0 range=0x711c3dd000-0x711c4d8000 rw- [anon:stack_and_tls:9782] bytes len=0x40 fnv1a=f79bca2a hex=03 9c d0 c0 72 61 19 e6 f4 5b df 00 71 00 00 00 70 2c 4d 1c 71 00 00 00 f4 5c df 00 71 00 00 00 b6 43 7b 3d 00 00 00 00 6b 71 75 ef 00 00 00 00 6a 41 c3 a7 00 00 00 00 30 16 f3 b6 00 00 00 00 ascii="....ra...[..q...p,M.q....\..q....C{=....kqu.....jA......0......."
[agent] [JS] [gumtrace-getHttpHeadVerify-350] [entry-dump] x2.q6 cstr len=11 complete=true fnv1a=04f586de preview="....ra...[."
[agent] [JS] [gumtrace-getHttpHeadVerify-350] [entry-dump] x3=0x711c4d2680 range=0x711c3dd000-0x711c4d8000 rw- [anon:stack_and_tls:9782]
[agent] [JS] [gumtrace-getHttpHeadVerify-350] [entry-dump] x3 qwords +0x0=0x7397485460 +0x8=0x74472c1fb0 +0x10=0x73974884c0 +0x18=0x74472bebd0 +0x20=0x72f73341b0 +0x28=0x74472ab2f0 +0x30=0x0 +0x38=0x0
[agent] [JS] [gumtrace-getHttpHeadVerify-350] [entry-dump] x3 bytes len=0x100 fnv1a=e1ca8e75 hex=60 54 48 97 73 00 00 00 b0 1f 2c 47 74 00 00 00 c0 84 48 97 73 00 00 00 d0 eb 2b 47 74 00 00 00 b0 41 33 f7 72 00 00 00 f0 b2 2a 47 74 00 00 00 00 00 00 00 00 00 00 00 00 00 00 00 00 00 00 00 c0 2b 4d 1c 71 00 00 00 03 9c d0 c0 72 61 19 e6 00 00 00 00 00 00 00 00 00 00 00 00 00 00 00 00 60 54 48 97 73 00 00 00 b0 1f 2c 47 74 00 00 00 d0 ad 3f 47 73 00 00 00 90 10 2c 47 74 00 00 00 c0 84 48 97 73 00 00 00 d0 eb 2b 47 74 00 00 00 f0 aa f0 00 71 00 00 00 00 00 00 00 23 ff ff ff 00 00 00 00 00 00 00 00 80 5f f2 00 71 00 00 00 90 df 3e 47 73 00 00 00 d0 ad 3f 47 73 00 00 00 90 10 2c 47 74 00 00 00 80 5f f2 00 71 00 00 00 90 df 3e 47 73 00 00 00 b0 41 33 f7 72 00 00 00 f0 b2 2a 47 74 00 00 00 b0 41 33 f7 72 00 00 00 f0 b2 2a 47 74 00 00 00 d0 64 2f 47 73 00 00 00
[agent] [JS] [gumtrace-getHttpHeadVerify-350] [entry-dump] x3 ascii="`TH.s.....,Gt.....H.s.....+Gt....A3.r.....*Gt....................+M.q.......ra..................`TH.s.....,Gt.....?Gs.....,Gt.....H.s.....+Gt.......q.......#............_..q.....>Gs.....?Gs.....,Gt...._..q.....>Gs....A3.r.....*Gt....A3.r.....*Gt....d/Gs..."
[agent] [JS] [gumtrace-getHttpHeadVerify-350] [entry-dump] x3 cstr len=5 complete=true fnv1a=fc636a15 preview="`TH.s"
[agent] [JS] [gumtrace-getHttpHeadVerify-350] [entry-dump] x3.q0 -> 0x7397485460 range=0x73972a9000-0x73974a9000 rw- [anon:scudo:primary] bytes len=0x40 fnv1a=bd7f369f hex=f0 aa f0 00 71 00 00 00 20 00 00 00 10 00 00 00 10 59 48 97 73 00 00 00 4e 00 00 00 00 00 00 00 02 d1 01 00 00 00 58 18 00 00 00 00 00 00 00 00 01 00 00 00 6f 69 64 2e 05 00 00 00 00 00 00 00 ascii="....q... ........YH.s...N.............X.............oid........."
[agent] [JS] [gumtrace-getHttpHeadVerify-350] [entry-dump] x3.q0 cstr len=3 complete=true fnv1a=7dc2843d preview="..."
[agent] [JS] [gumtrace-getHttpHeadVerify-350] [entry-dump] x3.q1 -> 0x74472c1fb0 range=0x744729f000-0x74472df000 rw- [anon:scudo:primary] bytes len=0x40 fnv1a=90627da4 hex=02 00 00 00 65 5f 68 6f 6d 65 5f 70 61 67 65 00 01 01 01 00 00 00 c5 18 00 00 00 00 00 00 00 00 10 74 48 97 73 00 00 00 c0 6c 48 97 73 00 00 00 01 81 00 00 00 00 44 1a 00 00 00 00 00 00 00 00 ascii="....e_home_page..................tH.s....lH.s.........D........."
[agent] [JS] [gumtrace-getHttpHeadVerify-350] [entry-dump] x3.q1 cstr len=1 complete=true fnv1a=070c6045 preview="."
[agent] [JS] [gumtrace-getHttpHeadVerify-350] [entry-dump] x3.q2 -> 0x73974884c0 range=0x73972a9000-0x73974a9000 rw- [anon:scudo:primary] bytes len=0x40 fnv1a=8a880969 hex=f0 aa f0 00 71 00 00 00 43 03 00 00 42 03 00 00 20 d6 41 67 73 00 00 00 70 61 67 65 00 33 00 00 02 01 02 00 00 00 0c fb 00 00 00 00 00 00 00 00 48 6c 7f 09 72 00 00 00 01 00 00 00 40 00 00 00 ascii="....q...C...B... .Ags...page.3..................Hl.\tr.......@..."
[agent] [JS] [gumtrace-getHttpHeadVerify-350] [entry-dump] x3.q2 cstr len=3 complete=true fnv1a=7dc2843d preview="..."
[agent] [JS] [gumtrace-getHttpHeadVerify-350] [entry-dump] x3.q3 -> 0x74472bebd0 range=0x744729f000-0x74472df000 rw- [anon:scudo:primary] bytes len=0x40 fnv1a=51da4f31 hex=04 00 00 00 74 00 00 00 e0 63 37 a7 74 00 00 00 01 81 00 00 00 00 12 08 00 00 00 00 00 00 00 00 40 00 00 00 80 00 00 00 00 00 00 00 00 00 00 00 01 61 00 00 00 00 8e f5 00 00 00 00 00 00 00 00 ascii="....t....c7.t...................@................a.............."
[agent] [JS] [gumtrace-getHttpHeadVerify-350] [entry-dump] x3.q3 cstr len=1 complete=true fnv1a=010c56d3 preview="."
[agent] [JS] [gumtrace-getHttpHeadVerify-350] [entry-dump] x3.q4 -> 0x72f73341b0 range=0x72f72a7000-0x72f7367000 rw- [anon:scudo:primary] bytes len=0x40 fnv1a=7323ebd7 hex=78 70 f1 00 71 00 00 00 10 b1 41 97 73 00 00 00 d0 a0 2a 47 74 00 00 00 10 38 3b 47 73 00 00 00 b0 a8 2a 47 74 00 00 00 30 be 41 97 73 00 00 00 90 a7 2a 47 74 00 00 00 60 8e 44 97 73 00 00 00 ascii="xp..q.....A.s.....*Gt....8;Gs.....*Gt...0.A.s.....*Gt...`.D.s..."
[agent] [JS] [gumtrace-getHttpHeadVerify-350] [entry-dump] x3.q4 cstr len=3 complete=true fnv1a=438fd4ac preview="xp."
[agent] [JS] [gumtrace-getHttpHeadVerify-350] [entry-dump] x3.q5 -> 0x74472ab2f0 range=0x744729f000-0x74472df000 rw- [anon:scudo:primary] bytes len=0x40 fnv1a=674768bc hex=18 00 00 00 6b 00 00 00 00 00 00 00 00 00 00 00 01 81 00 00 00 00 fa c0 00 00 00 00 00 00 00 00 20 ef 34 37 73 00 00 00 00 00 00 00 00 00 00 00 01 81 00 00 00 00 c8 bd 00 00 00 00 00 00 00 00 ascii="....k........................... .47s..........................."
[agent] [JS] [gumtrace-getHttpHeadVerify-350] [entry-dump] x3.q5 cstr len=1 complete=true fnv1a=1d0c82e7 preview="."
[agent] [JS] [gumtrace-getHttpHeadVerify-350] [entry-dump] x4=0x171 range=unmapped
[agent] [JS] [gumtrace-getHttpHeadVerify-350] [entry-dump] x4 qwords +0x0=<err:RangeError: Invalid memory address>
[agent] [JS] [gumtrace-getHttpHeadVerify-350] [entry-dump] x4 bytes <read failed>
[agent] [JS] [gumtrace-getHttpHeadVerify-350] [entry-dump] x5=0x711c4d2670 range=0x711c3dd000-0x711c4d8000 rw- [anon:stack_and_tls:9782]
[agent] [JS] [gumtrace-getHttpHeadVerify-350] [entry-dump] x5 qwords +0x0=0x73473fadd0 +0x8=0x74472c1090 +0x10=0x7397485460 +0x18=0x74472c1fb0 +0x20=0x73974884c0 +0x28=0x74472bebd0 +0x30=0x72f73341b0 +0x38=0x74472ab2f0
[agent] [JS] [gumtrace-getHttpHeadVerify-350] [entry-dump] x5 bytes len=0x100 fnv1a=e7c2affe hex=d0 ad 3f 47 73 00 00 00 90 10 2c 47 74 00 00 00 60 54 48 97 73 00 00 00 b0 1f 2c 47 74 00 00 00 c0 84 48 97 73 00 00 00 d0 eb 2b 47 74 00 00 00 b0 41 33 f7 72 00 00 00 f0 b2 2a 47 74 00 00 00 00 00 00 00 00 00 00 00 00 00 00 00 00 00 00 00 c0 2b 4d 1c 71 00 00 00 03 9c d0 c0 72 61 19 e6 00 00 00 00 00 00 00 00 00 00 00 00 00 00 00 00 60 54 48 97 73 00 00 00 b0 1f 2c 47 74 00 00 00 d0 ad 3f 47 73 00 00 00 90 10 2c 47 74 00 00 00 c0 84 48 97 73 00 00 00 d0 eb 2b 47 74 00 00 00 f0 aa f0 00 71 00 00 00 00 00 00 00 23 ff ff ff 00 00 00 00 00 00 00 00 80 5f f2 00 71 00 00 00 90 df 3e 47 73 00 00 00 d0 ad 3f 47 73 00 00 00 90 10 2c 47 74 00 00 00 80 5f f2 00 71 00 00 00 90 df 3e 47 73 00 00 00 b0 41 33 f7 72 00 00 00 f0 b2 2a 47 74 00 00 00 b0 41 33 f7 72 00 00 00
[agent] [JS] [gumtrace-getHttpHeadVerify-350] [entry-dump] x5 ascii="..?Gs.....,Gt...`TH.s.....,Gt.....H.s.....+Gt....A3.r.....*Gt....................+M.q.......ra..................`TH.s.....,Gt.....?Gs.....,Gt.....H.s.....+Gt.......q.......#............_..q.....>Gs.....?Gs.....,Gt...._..q.....>Gs....A3.r.....*Gt....A3.r..."
[agent] [JS] [gumtrace-getHttpHeadVerify-350] [entry-dump] x5 cstr len=5 complete=true fnv1a=ca0e9b45 preview="..?Gs"
[agent] [JS] [gumtrace-getHttpHeadVerify-350] [entry-dump] x5.q0 -> 0x73473fadd0 range=0x73472e9000-0x7347429000 rw- [anon:scudo:primary] bytes len=0x40 fnv1a=b647f911 hex=50 71 f1 00 71 00 00 00 f4 f9 cf 00 71 00 00 00 f4 f9 cf 00 71 00 00 00 5c fa cf 00 71 00 00 00 90 8e 3f 47 73 00 00 00 00 00 00 00 00 00 00 00 03 c1 02 00 00 00 ea 88 00 00 00 00 00 00 00 00 ascii="Pq..q.......q.......q...\...q.....?Gs..........................."
[agent] [JS] [gumtrace-getHttpHeadVerify-350] [entry-dump] x5.q0 cstr len=3 complete=true fnv1a=4b8159b1 preview="Pq."
[agent] [JS] [gumtrace-getHttpHeadVerify-350] [entry-dump] x5.q1 -> 0x74472c1090 range=0x744729f000-0x74472df000 rw- [anon:scudo:primary] bytes len=0x40 fnv1a=17318b8d hex=03 00 00 00 73 00 00 00 67 00 74 69 6f 6e 00 00 01 41 00 00 00 00 9d 91 00 00 00 00 00 00 00 00 02 00 00 00 38 00 00 00 22 00 00 00 00 00 00 00 01 91 00 00 00 00 61 f6 00 00 00 00 00 00 00 00 ascii="....s...g.tion...A..................8...".............a........."
[agent] [JS] [gumtrace-getHttpHeadVerify-350] [entry-dump] x5.q1 cstr len=1 complete=true fnv1a=060c5eb2 preview="."
[agent] [JS] [gumtrace-getHttpHeadVerify-350] [entry-dump] x5.q2 -> 0x7397485460 range=0x73972a9000-0x73974a9000 rw- [anon:scudo:primary] bytes len=0x40 fnv1a=bd7f369f hex=f0 aa f0 00 71 00 00 00 20 00 00 00 10 00 00 00 10 59 48 97 73 00 00 00 4e 00 00 00 00 00 00 00 02 d1 01 00 00 00 58 18 00 00 00 00 00 00 00 00 01 00 00 00 6f 69 64 2e 05 00 00 00 00 00 00 00 ascii="....q... ........YH.s...N.............X.............oid........."
[agent] [JS] [gumtrace-getHttpHeadVerify-350] [entry-dump] x5.q2 cstr len=3 complete=true fnv1a=7dc2843d preview="..."
[agent] [JS] [gumtrace-getHttpHeadVerify-350] [entry-dump] x5.q3 -> 0x74472c1fb0 range=0x744729f000-0x74472df000 rw- [anon:scudo:primary] bytes len=0x40 fnv1a=90627da4 hex=02 00 00 00 65 5f 68 6f 6d 65 5f 70 61 67 65 00 01 01 01 00 00 00 c5 18 00 00 00 00 00 00 00 00 10 74 48 97 73 00 00 00 c0 6c 48 97 73 00 00 00 01 81 00 00 00 00 44 1a 00 00 00 00 00 00 00 00 ascii="....e_home_page..................tH.s....lH.s.........D........."
[agent] [JS] [gumtrace-getHttpHeadVerify-350] [entry-dump] x5.q3 cstr len=1 complete=true fnv1a=070c6045 preview="."
[agent] [JS] [gumtrace-getHttpHeadVerify-350] [entry-dump] x5.q4 -> 0x73974884c0 range=0x73972a9000-0x73974a9000 rw- [anon:scudo:primary] bytes len=0x40 fnv1a=8a880969 hex=f0 aa f0 00 71 00 00 00 43 03 00 00 42 03 00 00 20 d6 41 67 73 00 00 00 70 61 67 65 00 33 00 00 02 01 02 00 00 00 0c fb 00 00 00 00 00 00 00 00 48 6c 7f 09 72 00 00 00 01 00 00 00 40 00 00 00 ascii="....q...C...B... .Ags...page.3..................Hl.\tr.......@..."
[agent] [JS] [gumtrace-getHttpHeadVerify-350] [entry-dump] x5.q4 cstr len=3 complete=true fnv1a=7dc2843d preview="..."
[agent] [JS] [gumtrace-getHttpHeadVerify-350] [entry-dump] x5.q5 -> 0x74472bebd0 range=0x744729f000-0x74472df000 rw- [anon:scudo:primary] bytes len=0x40 fnv1a=51da4f31 hex=04 00 00 00 74 00 00 00 e0 63 37 a7 74 00 00 00 01 81 00 00 00 00 12 08 00 00 00 00 00 00 00 00 40 00 00 00 80 00 00 00 00 00 00 00 00 00 00 00 01 61 00 00 00 00 8e f5 00 00 00 00 00 00 00 00 ascii="....t....c7.t...................@................a.............."
[agent] [JS] [gumtrace-getHttpHeadVerify-350] [entry-dump] x5.q5 cstr len=1 complete=true fnv1a=010c56d3 preview="."
[agent] [JS] [gumtrace-getHttpHeadVerify-350] [entry-dump] x5.q6 -> 0x72f73341b0 range=0x72f72a7000-0x72f7367000 rw- [anon:scudo:primary] bytes len=0x40 fnv1a=7323ebd7 hex=78 70 f1 00 71 00 00 00 10 b1 41 97 73 00 00 00 d0 a0 2a 47 74 00 00 00 10 38 3b 47 73 00 00 00 b0 a8 2a 47 74 00 00 00 30 be 41 97 73 00 00 00 90 a7 2a 47 74 00 00 00 60 8e 44 97 73 00 00 00 ascii="xp..q.....A.s.....*Gt....8;Gs.....*Gt...0.A.s.....*Gt...`.D.s..."
[agent] [JS] [gumtrace-getHttpHeadVerify-350] [entry-dump] x5.q6 cstr len=3 complete=true fnv1a=438fd4ac preview="xp."
[agent] [JS] [gumtrace-getHttpHeadVerify-350] [entry-dump] x5.q7 -> 0x74472ab2f0 range=0x744729f000-0x74472df000 rw- [anon:scudo:primary] bytes len=0x40 fnv1a=674768bc hex=18 00 00 00 6b 00 00 00 00 00 00 00 00 00 00 00 01 81 00 00 00 00 fa c0 00 00 00 00 00 00 00 00 20 ef 34 37 73 00 00 00 00 00 00 00 00 00 00 00 01 81 00 00 00 00 c8 bd 00 00 00 00 00 00 00 00 ascii="....k........................... .47s..........................."
[agent] [JS] [gumtrace-getHttpHeadVerify-350] [entry-dump] x5.q7 cstr len=1 complete=true fnv1a=1d0c82e7 preview="."
[agent] [JS] [gumtrace-getHttpHeadVerify-350] [entry-dump] x8=0x711c4d27b8 range=0x711c3dd000-0x711c4d8000 rw- [anon:stack_and_tls:9782]
[agent] [JS] [gumtrace-getHttpHeadVerify-350] [entry-dump] x8 qwords +0x0=0x7100f0aaf0 +0x8=0xffffff2300000000 +0x10=0x0 +0x18=0x73473b8210 +0x20=0x74472aabd0 +0x28=0x74472c1af0 +0x30=0x74472c1db0 +0x38=0x7100f0aaf0
[agent] [JS] [gumtrace-getHttpHeadVerify-350] [entry-dump] x8 bytes len=0x100 fnv1a=2a0ec50c hex=f0 aa f0 00 71 00 00 00 00 00 00 00 23 ff ff ff 00 00 00 00 00 00 00 00 10 82 3b 47 73 00 00 00 d0 ab 2a 47 74 00 00 00 f0 1a 2c 47 74 00 00 00 b0 1d 2c 47 74 00 00 00 f0 aa f0 00 71 00 00 00 00 00 00 00 23 ff ff ff 00 00 00 00 00 00 00 00 f8 71 f1 00 71 00 00 00 01 00 00 00 00 00 00 00 f0 aa f0 00 71 00 00 00 14 00 00 00 13 00 00 00 f0 69 48 97 73 00 00 00 f0 1a 2c 47 74 00 00 00 b0 1d 2c 47 74 00 00 00 26 d3 99 52 a0 01 00 00 00 28 4d 1c 0a 00 00 00 00 28 4d 1c 71 00 00 00 b0 78 2c 40 7b 7d 00 00 41 70 69 41 6e 64 50 61 72 61 6d 73 00 61 19 e6 48 74 74 70 52 65 71 75 65 73 74 43 61 6c 6c 62 61 63 6b 00 71 00 00 00 03 9c d0 c0 72 61 19 e6 cb fa 98 bb 00 00 00 00 40 4a 4d 1c 71 00 00 00 b0 2a 4d 1c 71 00 00 00 b8 62 df 00 71 00 00 00 94 77 f2 00 71 00 00 00
[agent] [JS] [gumtrace-getHttpHeadVerify-350] [entry-dump] x8 ascii="....q.......#.............;Gs.....*Gt.....,Gt.....,Gt.......q.......#............q..q...............q............iH.s.....,Gt.....,Gt...&..R.....(M.\n....(M.q....x,@{}..ApiAndParams.a..HttpRequestCallback.q.......ra..........@JM.q....*M.q....b..q....w..q..."
[agent] [JS] [gumtrace-getHttpHeadVerify-350] [entry-dump] x8 cstr len=3 complete=true fnv1a=7dc2843d preview="..."
[agent] [JS] [gumtrace-getHttpHeadVerify-350] [entry-dump] x8.q0 -> 0x7100f0aaf0 range=0x7100f08000-0x7100f25000 r-- /data/app/~~GJKKQPtkpHqhegsADfD9mQ==/com.ss.android.ugc.aweme-vsHSySl5UaKL1lfqkWR0ag==/lib/arm64/libmetasec_ml.so bytes len=0x40 fnv1a=fa973435 hex=64 37 db 00 71 00 00 00 a8 37 db 00 71 00 00 00 48 ab f0 00 71 00 00 00 00 00 00 00 00 00 00 00 00 00 00 00 00 00 00 00 00 00 00 00 00 00 00 00 00 00 00 00 00 00 00 00 00 00 00 00 00 00 00 00 ascii="d7..q....7..q...H...q..........................................."
[agent] [JS] [gumtrace-getHttpHeadVerify-350] [entry-dump] x8.q0 cstr len=3 complete=true fnv1a=42cc8775 preview="d7."
[agent] [JS] [gumtrace-getHttpHeadVerify-350] [entry-dump] x8.q3 -> 0x73473b8210 range=0x73472e9000-0x7347429000 rw- [anon:scudo:primary] bytes len=0x40 fnv1a=e62f74be hex=50 71 f1 00 71 00 00 00 98 18 cf 00 71 00 00 00 c4 18 cf 00 71 00 00 00 c8 18 cf 00 71 00 00 00 50 51 3b 47 73 00 00 00 90 3d 3b 47 73 00 00 00 03 11 02 00 00 00 27 b9 00 00 00 00 00 00 00 00 ascii="Pq..q.......q.......q.......q...PQ;Gs....=;Gs.........'........."
[agent] [JS] [gumtrace-getHttpHeadVerify-350] [entry-dump] x8.q3 cstr len=3 complete=true fnv1a=4b8159b1 preview="Pq."
[agent] [JS] [gumtrace-getHttpHeadVerify-350] [entry-dump] x8.q4 -> 0x74472aabd0 range=0x744729f000-0x74472df000 rw- [anon:scudo:primary] bytes len=0x40 fnv1a=0dcb64ca hex=18 00 00 00 00 00 00 00 00 00 00 00 00 00 00 00 01 81 00 00 00 00 8d 70 00 00 00 00 00 00 00 00 00 00 00 00 00 00 00 00 00 00 00 00 00 00 00 00 01 41 00 00 00 00 f7 33 00 00 00 00 00 00 00 00 ascii=".......................p.........................A.....3........"
[agent] [JS] [gumtrace-getHttpHeadVerify-350] [entry-dump] x8.q4 cstr len=1 complete=true fnv1a=1d0c82e7 preview="."
[agent] [JS] [gumtrace-getHttpHeadVerify-350] [entry-dump] x8.q5 -> 0x74472c1af0 range=0x744729f000-0x74472df000 rw- [anon:scudo:primary] bytes len=0x40 fnv1a=2a678910 hex=88 72 f1 00 71 00 00 00 b0 61 37 a7 74 00 00 00 01 01 01 00 00 00 4a 0f 00 00 00 00 00 00 00 00 08 00 00 00 00 00 00 00 4d 41 54 43 48 00 00 00 01 01 01 00 00 00 78 72 00 00 00 00 00 00 00 00 ascii=".r..q....a7.t.........J.................MATCH.........xr........"
[agent] [JS] [gumtrace-getHttpHeadVerify-350] [entry-dump] x8.q5 cstr len=3 complete=true fnv1a=b1af512a preview=".r."
[agent] [JS] [gumtrace-getHttpHeadVerify-350] [entry-dump] x8.q6 -> 0x74472c1db0 range=0x744729f000-0x74472df000 rw- [anon:scudo:primary] bytes len=0x40 fnv1a=485dd917 hex=02 00 00 00 6f 64 00 00 64 00 00 00 00 00 00 00 01 01 01 00 00 00 da 2d 00 00 00 00 00 00 00 00 00 00 00 00 00 00 00 00 10 4a 42 87 73 00 00 00 01 01 01 00 00 00 e8 50 00 00 00 00 00 00 00 00 ascii="....od..d..............-.................JB.s..........P........"
[agent] [JS] [gumtrace-getHttpHeadVerify-350] [entry-dump] x8.q6 cstr len=1 complete=true fnv1a=070c6045 preview="."
[agent] [JS] [gumtrace-getHttpHeadVerify-350] [entry-dump] x8.q7 -> 0x7100f0aaf0 range=0x7100f08000-0x7100f25000 r-- /data/app/~~GJKKQPtkpHqhegsADfD9mQ==/com.ss.android.ugc.aweme-vsHSySl5UaKL1lfqkWR0ag==/lib/arm64/libmetasec_ml.so bytes len=0x40 fnv1a=fa973435 hex=64 37 db 00 71 00 00 00 a8 37 db 00 71 00 00 00 48 ab f0 00 71 00 00 00 00 00 00 00 00 00 00 00 00 00 00 00 00 00 00 00 00 00 00 00 00 00 00 00 00 00 00 00 00 00 00 00 00 00 00 00 00 00 00 00 ascii="d7..q....7..q...H...q..........................................."
[agent] [JS] [gumtrace-getHttpHeadVerify-350] [entry-dump] x8.q7 cstr len=3 complete=true fnv1a=42cc8775 preview="d7."
[agent] [JS] [gumtrace-getHttpHeadVerify-350] [entry-dump] lr=0x7100df304c sp=0x711c4d25c0
[agent] [JS] [gumtrace-getHttpHeadVerify-350] [entry-dump] ---- 0x149ca8 args end ----
[agent] [JS] [gumtrace-getHttpHeadVerify-350] entry dump only; GumTrace disabled
[agent] [JS] [gumtrace-getHttpHeadVerify-350] leave target ret=0x0
[agent] [JS] [gumtrace-getHttpHeadVerify-350] detached target hook
[→] Zymbiote hello: pid=10033, ppid=863, package=com.ss.android.ugc.aweme:smp
[→] 未找到 com.ss.android.ugc.aweme:smp 的 spawn 请求，放行 pid=10033
[→] 还原子进程 10033 payload at 0x754dfee000 (4064 bytes)
[→] 还原子进程 10033 setArgV0 指针 at 0x71e950d8
[→] 还原子进程 10033 setcontext GOT at 0x75411a25f8
[→] Zymbiote hello: pid=10178, ppid=863, package=com.google.android.apps.docs
[→] 未找到 com.google.android.apps.docs 的 spawn 请求，放行 pid=10178
[→] 还原子进程 10178 payload at 0x754dfee000 (4064 bytes)
[→] 还原子进程 10178 setArgV0 指针 at 0x71e950d8
[→] 还原子进程 10178 setcontext GOT at 0x75411a25f8
[→] Zymbiote hello: pid=10253, ppid=863, package=com.google.android.apps.maps
[→] 未找到 com.google.android.apps.maps 的 spawn 请求，放行 pid=10253
[→] 还原子进程 10253 payload at 0x754dfee000 (4064 bytes)
[→] 还原子进程 10253 setArgV0 指针 at 0x71e950d8
[→] 还原子进程 10253 setcontext GOT at 0x75411a25f8
[→] Zymbiote hello: pid=10367, ppid=863, package=com.google.android.apps.safetyhub
[→] 未找到 com.google.android.apps.safetyhub 的 spawn 请求，放行 pid=10367
[→] 还原子进程 10367 payload at 0x754dfee000 (4064 bytes)
[→] 还原子进程 10367 setArgV0 指针 at 0x71e950d8
[→] 还原子进程 10367 setcontext GOT at 0x75411a25f8
[→] Zymbiote hello: pid=10419, ppid=863, package=com.google.android.gm
[→] 未找到 com.google.android.gm 的 spawn 请求，放行 pid=10419
[→] 还原子进程 10419 payload at 0x754dfee000 (4064 bytes)
[→] 还原子进程 10419 setArgV0 指针 at 0x71e950d8
[→] 还原子进程 10419 setcontext GOT at 0x75411a25f8
[→] Zymbiote hello: pid=10606, ppid=863, package=com.google.android.apps.weather
[→] 未找到 com.google.android.apps.weather 的 spawn 请求，放行 pid=10606
[→] 还原子进程 10606 payload at 0x754dfee000 (4064 bytes)
[→] 还原子进程 10606 setArgV0 指针 at 0x71e950d8
[→] 还原子进程 10606 setcontext GOT at 0x75411a25f8
[*] 退出交互模式
[*] 已发送 shutdown，等待 agent 主动断开连接...
[agent] [agent] 收到 shutdown，开始退出清理
[agent] [JS] [java executor] MessageQueue loop hook removed: 0x75410a9e30
[agent] [agent] [quickjs] cleanup start (managed-safe unload) (+0ms, total 0ms)
[agent] [agent] [quickjs] phase0 stop_java_worker (+5ms, total 5ms)
[agent] [agent] [quickjs] phase1 cut_java_hooks (+0ms, total 5ms)
[agent] [agent] [quickjs] phase1 cut_native_hooks (+59ms, total 64ms)
[agent] [agent] [quickjs] phase1 cut_art_controller_routing (+0ms, total 65ms)
[agent] [JS] [drain] start, callback_in_flight=0, exec_in_flight=0
[agent] [JS] [drain] done, callback_in_flight=0, exec_in_flight=0 after 0ms (1 rounds)
[agent] [agent] [quickjs] phase2 drain_thunk_in_flight (+0ms, total 65ms)
[agent] [agent] [quickjs] phase3 cut_art_controller_walkstack_guards (+0ms, total 65ms)
[agent] [agent] [recompiler] release_all: snapshot 0 recomp range(s) for caller-side munmap (release_ok=0 fail=0)
[agent] [agent] [quickjs] phase3 release_all_recomp (+0ms, total 65ms)
[agent] [agent] [quickjs] phase3 free_art_controller_state (+0ms, total 65ms)
[agent] [agent] [quickjs] phase3 free_java_hooks (+0ms, total 65ms)
[agent] [agent] [quickjs] phase3 free_native_hooks (+0ms, total 66ms)
[agent] [agent] [quickjs] phase3 shutdown_qbdi_helper (+0ms, total 66ms)
[agent] [agent] [quickjs] phase3 detach_jni_thread (+0ms, total 66ms)
[agent] [agent] [quickjs] phase3 cleanup_engine (+0ms, total 66ms)
[agent] [agent] [quickjs] cleanup done (managed-safe unload, executable pools retained, walkstack guards removed, total 66ms)
[agent] [agent] 退出清理完成，准备关闭 socket
[→] 注入线程候选: tid=9647 comm=FinalizerWatchd wchan=futex_wait_queue
[✓] 成功附加到进程 9647，等待 SIGSTOP...
[✓] 进程已停止，可以操作寄存器
[→] 已清理 loader stack: 0x726afac000+0x100000
[→] 已清理 loader mapping: 0x756302d000+0x8000
[*] 正在还原 zygote 863 的 patch...
[✓] Zygote 863 patch 已还原
