09-02 00:00:18.719  1735  3693 V ActivityManager: Got obituary of 13095:com.ss.android.ugc.aweme:smp
09-02 00:00:18.785  1735  3693 V ActivityManager: Got obituary of 12641:com.ss.android.ugc.aweme
09-02 00:00:18.786  1735  3691 I WindowManager: WIN DEATH: Window{bbe0a3d u0 com.ss.android.ugc.aweme/com.ss.android.ugc.aweme.splash.SplashActivity}
09-02 00:00:19.026  1735  1871 I ActivityTaskManager: Add Task{61743f0 #388 type=standard A=10281:com.ss.android.ugc.aweme} to hidden list because adding Task{486e141 #389 type=standard A=10281:com.ss.android.ugc.aweme}
09-02 00:00:19.027  1735  1871 I ActivityTaskManager: START u0 {act=android.intent.action.MAIN cat=[android.intent.category.LAUNCHER] flg=0x10200000 cmp=com.ss.android.ugc.aweme/.splash.SplashActivity} with LAUNCH_SINGLE_TOP from uid 2000 (BAL_ALLOW_PERMISSION) result code=0
09-02 00:00:19.028  2069  2093 V WindowManagerShell: Transition requested (#256): android.os.BinderProxy@4ecf72b TransitionRequestInfo { type = OPEN, triggerTask = TaskInfo{userId=0 taskId=389 effectiveUid=10281 displayId=0 isRunning=true baseIntent=Intent { act=android.intent.action.MAIN cat=[android.intent.category.LAUNCHER] flg=0x10200000 cmp=com.ss.android.ugc.aweme/.splash.SplashActivity } baseActivity=ComponentInfo{com.ss.android.ugc.aweme/com.ss.android.ugc.aweme.main.MainActivity} topActivity=ComponentInfo{com.ss.android.ugc.aweme/com.ss.android.ugc.aweme.main.MainActivity} origActivity=ComponentInfo{com.ss.android.ugc.aweme/com.ss.android.ugc.aweme.splash.SplashActivity} realActivity=ComponentInfo{com.ss.android.ugc.aweme/com.ss.android.ugc.aweme.main.MainActivity} numActivities=1 lastActiveTime=12956925 supportsMultiWindow=true resizeMode=2 isResizeable=true minWidth=-1 minHeight=-1 defaultMinSize=220 token=WCT{android.window.IWindowContainerToken$Stub$Proxy@2768788} topActivityType=1 pictureInPictureParams=null shouldDockBigOverlays=false launchIntoPipHostTaskId=-1 lastParentTaskIdBeforePip=-1 displayCutoutSafeInsets=Rect(0, 128 - 0, 0) topActivityInfo=ActivityInfo{4f35521 com.ss.android.ugc.aweme.splash.SplashActivity} launchCookies=[] positionInParent=Point(0, 0) parentTaskId=-1 isFocused=false isVisible=false isVisibleRequested=false isTopActivityNoDisplay=false isSleeping=false locusId=null displayAreaFeatureId=1 isTopActivityTransparent=false isActivityStackTransparent=false lastNonFullscreenBounds=Rect(276, 692 - 804, 1772) capturedLink=null capturedLinkTimestamp=0 requestedVisibleTypes=-9 topActivityRequestOpenInBrowserEducationTimestamp=0 appCompatTaskInfo=AppCompatTaskInfo { topActivityInSizeCompat=false eligibleForLetterboxEducation= false isLetterboxEducationEnabled= false isLetterboxDoubleTapEnabled= false eligibleForUserAspectRatioButton= false topActivityBoundsLetterboxed= false isFromLetterboxDoubleTap= false topActivityLetterboxVerticalPosition= -1 topActivityLetterboxHorizontalPosition= -1 topActivityLetterboxWidth=-1 topActivityLetterboxHeight=-1 topActivityLetterboxAppWidth=-1 topActivityLetterboxAppHeight=-1 isUserFullscreenOverrideEnabled=false isSystemFullscreenOverrideEnabled=false hasMinAspectRatioOverride=false topActivityLetterboxBounds=null cameraCompatTaskInfo=CameraCompatTaskInfo { freeformCameraCompatMode=inactive}} topActivityMainWindowFrame=null}, pipChange = null, remoteTransition = null, displayChange = null, flags = 0, debugId = 256 }
09-02 00:00:19.030  1735  1787 I AppsFilter: interaction: PackageSetting{63c5ba2 com.google.android.microdroid.empty_payload/10259} -> PackageSetting{48a26d4 com.ss.android.ugc.aweme/10281} BLOCKED
09-02 00:00:19.038  1735  4380 D CoreBackPreview: Window{dccdc40 u0 Splash Screen com.ss.android.ugc.aweme}: Setting back callback OnBackInvokedCallbackInfo{mCallback=android.window.IOnBackInvokedCallback$Stub$Proxy@43b16ca, mPriority=0, mIsAnimationCallback=false, mOverrideBehavior=0}
09-02 00:00:19.047  1735  1803 I ActivityManager: Start proc 14085:com.ss.android.ugc.aweme/u0a281 for next-top-activity {com.ss.android.ugc.aweme/com.ss.android.ugc.aweme.splash.SplashActivity}
09-02 00:00:19.055  1735  1791 V WindowManager: Sent Transition (#256) createdAt=09-02 00:00:19.023 via request=TransitionRequestInfo { type = OPEN, triggerTask = TaskInfo{userId=0 taskId=389 effectiveUid=10281 displayId=0 isRunning=true baseIntent=Intent { act=android.intent.action.MAIN cat=[android.intent.category.LAUNCHER] flg=0x10200000 cmp=com.ss.android.ugc.aweme/.splash.SplashActivity } baseActivity=ComponentInfo{com.ss.android.ugc.aweme/com.ss.android.ugc.aweme.main.MainActivity} topActivity=ComponentInfo{com.ss.android.ugc.aweme/com.ss.android.ugc.aweme.main.MainActivity} origActivity=ComponentInfo{com.ss.android.ugc.aweme/com.ss.android.ugc.aweme.splash.SplashActivity} realActivity=ComponentInfo{com.ss.android.ugc.aweme/com.ss.android.ugc.aweme.main.MainActivity} numActivities=1 lastActiveTime=12956925 supportsMultiWindow=true resizeMode=2 isResizeable=true minWidth=-1 minHeight=-1 defaultMinSize=220 token=WCT{RemoteToken{bd4d89c Task{486e141 #389 type=standard A=10281:com.ss.android.ugc.aweme}}} topActivityType=1 pictureInPictureParams=null shouldDockBigOverlays=false launchIntoPipHostTaskId=-1 lastParentTaskIdBeforePip=-1 displayCutoutSafeInsets=Rect(0, 128 - 0, 0) topActivityInfo=ActivityInfo{847f2a5 com.ss.android.ugc.aweme.splash.SplashActivity} launchCookies=[] positionInParent=Point(0, 0) parentTaskId=-1 isFocused=false isVisible=false isVisibleRequested=false isTopActivityNoDisplay=false isSleeping=false locusId=null displayAreaFeatureId=1 isTopActivityTransparent=false isActivityStackTransparent=false lastNonFullscreenBounds=Rect(276, 692 - 804, 1772) capturedLink=null capturedLinkTimestamp=0 requestedVisibleTypes=-9 topActivityRequestOpenInBrowserEducationTimestamp=0 appCompatTaskInfo=AppCompatTaskInfo { topActivityInSizeCompat=false eligibleForLetterboxEducation= false isLetterboxEducationEnabled= false isLetterboxDoubleTapEnabled= false eligibleForUserAspectRatioButton= false topActivityBoundsLetterboxed= false isFromLetterboxDoubleTap= false topActivityLetterboxVerticalPosition= -1 topActivityLetterboxHorizontalPosition= -1 topActivityLetterboxWidth=-1 topActivityLetterboxHeight=-1 topActivityLetterboxAppWidth=-1 topActivityLetterboxAppHeight=-1 isUserFullscreenOverrideEnabled=false isSystemFullscreenOverrideEnabled=false hasMinAspectRatioOverride=false topActivityLetterboxBounds=null cameraCompatTaskInfo=CameraCompatTaskInfo { freeformCameraCompatMode=inactive}} topActivityMainWindowFrame=null}, pipChange = null, remoteTransition = null, displayChange = null, flags = 0, debugId = 256 }
09-02 00:00:19.055  1735  1791 V WindowManager:         {WCT{RemoteToken{bd4d89c Task{486e141 #389 type=standard A=10281:com.ss.android.ugc.aweme}}} m=OPEN f=NONE leash=Surface(name=Task=389)/@0xaefd570 sb=Rect(0, 0 - 1080, 2400) eb=Rect(0, 0 - 1080, 2400) epz=Point(1080, 2400) d=0 taskParent=-1},
09-02 00:00:19.057  1735  1787 W WindowManager: Exception thrown during dispatchAppVisibility Window{bbe0a3d u0 com.ss.android.ugc.aweme/com.ss.android.ugc.aweme.splash.SplashActivity EXITING}
09-02 00:00:19.596  1735  4380 D CoreBackPreview: Window{4f5b78f u0 com.ss.android.ugc.aweme/com.ss.android.ugc.aweme.splash.SplashActivity}: Setting back callback OnBackInvokedCallbackInfo{mCallback=android.window.IOnBackInvokedCallback$Stub$Proxy@298d420, mPriority=0, mIsAnimationCallback=false, mOverrideBehavior=0}
09-02 00:00:19.785  1735  2224 W PackageConfigPersister: App-specific configuration not found for packageName: com.ss.android.ugc.aweme and userId: 0
09-02 00:00:20.052  1735  4380 D CoreBackPreview: Window{dccdc40 u0 Splash Screen com.ss.android.ugc.aweme EXITING}: Setting back callback null
09-02 00:00:25.276  1735  1871 D CoreBackPreview: Window{27152cd u0 com.ss.android.ugc.aweme/com.ss.android.ugc.aweme.splash.SplashActivity}: Setting back callback OnBackInvokedCallbackInfo{mCallback=android.window.IOnBackInvokedCallback$Stub$Proxy@bd817e8, mPriority=0, mIsAnimationCallback=false, mOverrideBehavior=0}
09-02 00:00:25.362  1735  1787 W PackageConfigPersister: App-specific configuration not found for packageName: com.ss.android.ugc.aweme and userId: 0
09-02 00:00:30.814  1735  4380 D CoreBackPreview: Window{27152cd u0 com.ss.android.ugc.aweme/com.ss.android.ugc.aweme.splash.SplashActivity}: Setting back callback null
09-02 00:00:30.854  1735  3690 W PackageConfigPersister: App-specific configuration not found for packageName: com.ss.android.ugc.aweme and userId: 0
09-02 00:00:35.419  1735  1803 I ActivityManager: Start proc 14567:com.ss.android.ugc.aweme:smp/u0a281 for service {com.ss.android.ugc.aweme/com.bytedance.sdk.account.sync.AuthenticatorService}
09-02 00:00:35.609  1735 14578 D ActivityManager: created ANR temporary file:/data/anr/temp_anr_3474903456392748616.txt
09-02 00:00:38.099  1735 14579 E ActivityManager: ANR in com.google.android.calendar
09-02 00:00:38.099  1735 14579 E ActivityManager:   253% 14085/com.ss.android.ugc.aweme: 213% user + 40% kernel / faults: 170644 minor 58 major
09-02 00:00:38.114  1735 14579 D ActivityManager: Completed ANR of com.google.android.calendar in 2505ms, latency 3ms
09-02 00:01:24.857  1735  1803 I ActivityManager: Start proc 15386:com.google.android.webview:sandboxed_process0:org.chromium.content.app.SandboxedProcessService0:0/u0i14 for  {com.ss.android.ugc.aweme/org.chromium.content.app.SandboxedProcessService0:0}
09-02 00:01:42.459 14085 14085 W Resources: Drawable com.ss.android.ugc.aweme:drawable/_ has unresolved theme attributes! Consider using Resources.getDrawable(int, Theme) or Context.getDrawable(int).
09-02 00:01:42.459 14085 14085 W Resources: 	at com.GlobalProxyLancet.com_ss_android_ugc_aweme_lancet_ViewInflateLancet_inflate(SourceFile:67502135)
09-02 00:01:52.491 14085 14088 I droid.ugc.aweme: Compiler allocated 6187KB to compile void X.0wnZ.LJIIZILJ(com.ss.android.ugc.aweme.feed.panel.IBaseListFragmentPanel, com.ss.android.ugc.aweme.feed.model.Aweme, java.lang.String, java.lang.String, java.lang.String, long, X.0wnt, java.lang.String, java.lang.String, java.lang.String, long, long, double, java.lang.String, java.lang.String, java.lang.String, java.lang.String, android.app.Activity, com.ss.android.ugc.aweme.feed.adapter.IFeedViewHolder, com.ss.android.ugc.aweme.search.mob.ItemMobParam, java.lang.String)
09-02 00:01:54.500 14085 14085 W TRThread_0: type=1400 audit(0.0:25932): avc:  denied  { getattr } for  name="/" dev="dmabuf" ino=1 scontext=u:r:untrusted_app:s0:c25,c257,c512,c768 tcontext=u:object_r:unlabeled:s0 tclass=filesystem permissive=0 app=com.ss.android.ugc.aweme
09-02 00:01:54.500 14085 14085 W TRThread_0: type=1400 audit(0.0:25933): avc:  denied  { getattr } for  name="/" dev="dmabuf" ino=1 scontext=u:r:untrusted_app:s0:c25,c257,c512,c768 tcontext=u:object_r:unlabeled:s0 tclass=filesystem permissive=0 app=com.ss.android.ugc.aweme
09-02 00:01:58.204 14085 14085 W Thread-13: type=1400 audit(0.0:25934): avc:  denied  { read } for  name="u:object_r:userdebug_or_eng_prop:s0" dev="tmpfs" ino=396 scontext=u:r:untrusted_app:s0:c25,c257,c512,c768 tcontext=u:object_r:userdebug_or_eng_prop:s0 tclass=file permissive=0 bug=b/305600845 app=com.ss.android.ugc.aweme
09-02 00:01:58.212 14085 14085 W Thread-13: type=1400 audit(0.0:25935): avc:  denied  { read } for  name="version" dev="proc" ino=4026532005 scontext=u:r:untrusted_app:s0:c25,c257,c512,c768 tcontext=u:object_r:proc_version:s0 tclass=file permissive=0 app=com.ss.android.ugc.aweme
09-02 00:01:58.212 14085 14085 W Thread-13: type=1400 audit(0.0:25936): avc:  denied  { read } for  name="misc" dev="proc" ino=4026531980 scontext=u:r:untrusted_app:s0:c25,c257,c512,c768 tcontext=u:object_r:proc_misc:s0 tclass=file permissive=0 app=com.ss.android.ugc.aweme
09-02 00:01:58.216 14085 14085 W Thread-13: type=1400 audit(0.0:25937): avc:  denied  { read } for  name="arp" dev="proc" ino=4026532015 scontext=u:r:untrusted_app:s0:c25,c257,c512,c768 tcontext=u:object_r:proc_net:s0 tclass=file permissive=0 app=com.ss.android.ugc.aweme
09-02 00:01:58.228 14085 14085 W Thread-13: type=1400 audit(0.0:25938): avc:  denied  { read } for  name="u:object_r:build_bootimage_prop:s0" dev="tmpfs" ino=115 scontext=u:r:untrusted_app:s0:c25,c257,c512,c768 tcontext=u:object_r:build_bootimage_prop:s0 tclass=file permissive=0 app=com.ss.android.ugc.aweme
09-02 00:01:58.280 14085 14085 W Thread-13: type=1400 audit(0.0:25939): avc:  denied  { search } for  name="battery" dev="sysfs" ino=60832 scontext=u:r:untrusted_app:s0:c25,c257,c512,c768 tcontext=u:object_r:sysfs_batteryinfo:s0 tclass=dir permissive=0 app=com.ss.android.ugc.aweme
09-02 00:01:58.280 14085 14085 W Thread-13: type=1400 audit(0.0:25940): avc:  denied  { search } for  name="battery" dev="sysfs" ino=60832 scontext=u:r:untrusted_app:s0:c25,c257,c512,c768 tcontext=u:object_r:sysfs_batteryinfo:s0 tclass=dir permissive=0 app=com.ss.android.ugc.aweme
09-02 00:01:58.932 14085 14085 W Thread-13: type=1400 audit(0.0:25941): avc:  denied  { read } for  name="arp" dev="proc" ino=4026532015 scontext=u:r:untrusted_app:s0:c25,c257,c512,c768 tcontext=u:object_r:proc_net:s0 tclass=file permissive=0 app=com.ss.android.ugc.aweme
09-02 00:01:59.980 15853 15853 W ip      : type=1400 audit(0.0:25949): avc:  denied  { bind } for  scontext=u:r:untrusted_app:s0:c25,c257,c512,c768 tcontext=u:r:untrusted_app:s0:c25,c257,c512,c768 tclass=netlink_route_socket permissive=0 bug=b/155595000 app=com.ss.android.ugc.aweme
09-02 00:02:00.024 14085 14085 W Thread-13: type=1400 audit(0.0:25950): avc:  denied  { read } for  name="cache" dev="dm-10" ino=18 scontext=u:r:untrusted_app:s0:c25,c257,c512,c768 tcontext=u:object_r:cache_file:s0 tclass=lnk_file permissive=0 app=com.ss.android.ugc.aweme
09-02 00:02:00.024 14085 14085 W Thread-13: type=1400 audit(0.0:25951): avc:  denied  { read } for  name="cache" dev="dm-10" ino=18 scontext=u:r:untrusted_app:s0:c25,c257,c512,c768 tcontext=u:object_r:cache_file:s0 tclass=lnk_file permissive=0 app=com.ss.android.ugc.aweme
09-02 00:02:00.024 14085 14085 W Thread-13: type=1400 audit(0.0:25952): avc:  denied  { read } for  name="cache" dev="dm-10" ino=18 scontext=u:r:untrusted_app:s0:c25,c257,c512,c768 tcontext=u:object_r:cache_file:s0 tclass=lnk_file permissive=0 app=com.ss.android.ugc.aweme
09-02 00:02:02.132 14085 14085 W TRThread_0: type=1400 audit(0.0:26325): avc:  denied  { getattr } for  name="/" dev="dmabuf" ino=1 scontext=u:r:untrusted_app:s0:c25,c257,c512,c768 tcontext=u:object_r:unlabeled:s0 tclass=filesystem permissive=0 app=com.ss.android.ugc.aweme
09-02 00:02:02.132 14085 14085 W TRThread_0: type=1400 audit(0.0:26326): avc:  denied  { getattr } for  name="/" dev="dmabuf" ino=1 scontext=u:r:untrusted_app:s0:c25,c257,c512,c768 tcontext=u:object_r:unlabeled:s0 tclass=filesystem permissive=0 app=com.ss.android.ugc.aweme
09-02 00:02:02.164 14085 14085 W TRThread_0: type=1400 audit(0.0:26327): avc:  denied  { getattr } for  name="/" dev="dmabuf" ino=1 scontext=u:r:untrusted_app:s0:c25,c257,c512,c768 tcontext=u:object_r:unlabeled:s0 tclass=filesystem permissive=0 app=com.ss.android.ugc.aweme
09-02 00:02:02.164 14085 14085 W TRThread_0: type=1400 audit(0.0:26328): avc:  denied  { getattr } for  name="/" dev="dmabuf" ino=1 scontext=u:r:untrusted_app:s0:c25,c257,c512,c768 tcontext=u:object_r:unlabeled:s0 tclass=filesystem permissive=0 app=com.ss.android.ugc.aweme
09-02 00:02:02.208 14085 14085 W TRThread_0: type=1400 audit(0.0:26329): avc:  denied  { getattr } for  name="/" dev="dmabuf" ino=1 scontext=u:r:untrusted_app:s0:c25,c257,c512,c768 tcontext=u:object_r:unlabeled:s0 tclass=filesystem permissive=0 app=com.ss.android.ugc.aweme
09-02 00:02:02.893  1735  1915 I InputDispatcher: Canceling pointers for device 4 in 4f5b78f com.ss.android.ugc.aweme/com.ss.android.ugc.aweme.splash.SplashActivity with event MotionEvent
09-02 00:02:02.914  1735  1915 W InputDispatcher: channel 4f5b78f com.ss.android.ugc.aweme/com.ss.android.ugc.aweme.splash.SplashActivity~ dropping inconsistent event: DispatchEntry{resolvedFlags=0, targetFlags=FOREGROUND | SPLIT, transform=transform (ROT_0) (IDENTITY)
09-02 00:02:03.168 14085 14085 W TRThread_0: type=1400 audit(0.0:26353): avc:  denied  { getattr } for  name="/" dev="dmabuf" ino=1 scontext=u:r:untrusted_app:s0:c25,c257,c512,c768 tcontext=u:object_r:unlabeled:s0 tclass=filesystem permissive=0 app=com.ss.android.ugc.aweme
09-02 00:02:03.168 14085 14085 W TRThread_0: type=1400 audit(0.0:26354): avc:  denied  { getattr } for  name="/" dev="dmabuf" ino=1 scontext=u:r:untrusted_app:s0:c25,c257,c512,c768 tcontext=u:object_r:unlabeled:s0 tclass=filesystem permissive=0 app=com.ss.android.ugc.aweme
09-02 00:02:03.528 14085 14085 W TRThread_0: type=1400 audit(0.0:26355): avc:  denied  { getattr } for  name="/" dev="dmabuf" ino=1 scontext=u:r:untrusted_app:s0:c25,c257,c512,c768 tcontext=u:object_r:unlabeled:s0 tclass=filesystem permissive=0 app=com.ss.android.ugc.aweme
09-02 00:02:03.528 14085 14085 W TRThread_0: type=1400 audit(0.0:26356): avc:  denied  { getattr } for  name="/" dev="dmabuf" ino=1 scontext=u:r:untrusted_app:s0:c25,c257,c512,c768 tcontext=u:object_r:unlabeled:s0 tclass=filesystem permissive=0 app=com.ss.android.ugc.aweme
09-02 00:02:04.164 14085 14085 W TRThread_0: type=1400 audit(0.0:26357): avc:  denied  { getattr } for  name="/" dev="dmabuf" ino=1 scontext=u:r:untrusted_app:s0:c25,c257,c512,c768 tcontext=u:object_r:unlabeled:s0 tclass=filesystem permissive=0 app=com.ss.android.ugc.aweme
09-02 00:02:07.392 14085 14085 W #pty-setup: type=1400 audit(0.0:26359): avc:  granted  { execute } for  path="/data/data/com.ss.android.ugc.aweme/files/plugins/com.bytedance.aweme.smart_client_plugin/version-35109020/lib/libBDMicroPythonVM.so" dev="dm-56" ino=60366 scontext=u:r:untrusted_app:s0:c25,c257,c512,c768 tcontext=u:object_r:app_data_file:s0:c25,c257,c512,c768 tclass=file app=com.ss.android.ugc.aweme
09-02 00:02:07.398 14085 14475 D nativeloader: Load /data/user/0/com.ss.android.ugc.aweme/files/plugins/com.bytedance.aweme.smart_client_plugin/version-35109020/lib/libBDMicroPythonVM.so using ns clns-11 from class loader (caller=<unknown>): ok
09-02 00:02:07.496 14085 14085 W #pty-setup: type=1400 audit(0.0:26360): avc:  granted  { execute } for  path="/data/data/com.ss.android.ugc.aweme/files/plugins/com.bytedance.aweme.smart_client_plugin/version-35109020/lib/libBDMicroPythonOpExecutor.so" dev="dm-56" ino=60422 scontext=u:r:untrusted_app:s0:c25,c257,c512,c768 tcontext=u:object_r:app_data_file:s0:c25,c257,c512,c768 tclass=file app=com.ss.android.ugc.aweme
09-02 00:02:07.508 14085 14475 D nativeloader: Load /data/user/0/com.ss.android.ugc.aweme/files/plugins/com.bytedance.aweme.smart_client_plugin/version-35109020/lib/libBDMicroPythonOpExecutor.so using ns clns-11 from class loader (caller=<unknown>): ok
09-02 00:02:07.624 14085 14085 W #pty-setup: type=1400 audit(0.0:26361): avc:  granted  { execute } for  path="/data/data/com.ss.android.ugc.aweme/files/plugins/com.bytedance.aweme.smart_client_plugin/version-35109020/lib/libPitayaDebug.so" dev="dm-56" ino=60370 scontext=u:r:untrusted_app:s0:c25,c257,c512,c768 tcontext=u:object_r:app_data_file:s0:c25,c257,c512,c768 tclass=file app=com.ss.android.ugc.aweme
09-02 00:02:07.632 14085 14475 D nativeloader: Load /data/user/0/com.ss.android.ugc.aweme/files/plugins/com.bytedance.aweme.smart_client_plugin/version-35109020/lib/libPitayaDebug.so using ns clns-11 from class loader (caller=<unknown>): ok
09-02 00:02:07.820 14085 14085 W #pty-setup: type=1400 audit(0.0:26362): avc:  granted  { execute } for  path="/data/data/com.ss.android.ugc.aweme/files/plugins/com.bytedance.aweme.smart_client_plugin/version-35109020/lib/libNativeML.so" dev="dm-56" ino=60429 scontext=u:r:untrusted_app:s0:c25,c257,c512,c768 tcontext=u:object_r:app_data_file:s0:c25,c257,c512,c768 tclass=file app=com.ss.android.ugc.aweme
09-02 00:02:07.833 14085 14475 D nativeloader: Load /data/user/0/com.ss.android.ugc.aweme/files/plugins/com.bytedance.aweme.smart_client_plugin/version-35109020/lib/libNativeML.so using ns clns-11 from class loader (caller=<unknown>): ok
09-02 00:02:08.312 14085 14085 W #pty-setup: type=1400 audit(0.0:26363): avc:  denied  { search } for  name="thermal" dev="sysfs" ino=17161 scontext=u:r:untrusted_app:s0:c25,c257,c512,c768 tcontext=u:object_r:sysfs_thermal:s0 tclass=dir permissive=0 app=com.ss.android.ugc.aweme
09-02 00:02:08.660 14085 14085 W #pty-dqp-0-t: type=1400 audit(0.0:26369): avc:  denied  { read } for  name="/" dev="dm-10" ino=2 scontext=u:r:untrusted_app:s0:c25,c257,c512,c768 tcontext=u:object_r:rootfs:s0 tclass=dir permissive=0 app=com.ss.android.ugc.aweme
09-02 00:02:08.700 14085 14085 W #pty-dqp-0-t: type=1400 audit(0.0:26370): avc:  denied  { read } for  name="/" dev="dm-10" ino=2 scontext=u:r:untrusted_app:s0:c25,c257,c512,c768 tcontext=u:object_r:rootfs:s0 tclass=dir permissive=0 app=com.ss.android.ugc.aweme
09-02 00:02:08.716 14085 14085 W TRThread_0: type=1400 audit(0.0:26371): avc:  denied  { getattr } for  name="/" dev="dmabuf" ino=1 scontext=u:r:untrusted_app:s0:c25,c257,c512,c768 tcontext=u:object_r:unlabeled:s0 tclass=filesystem permissive=0 app=com.ss.android.ugc.aweme
09-02 00:02:08.720 14085 14085 W TRThread_0: type=1400 audit(0.0:26372): avc:  denied  { getattr } for  name="/" dev="dmabuf" ino=1 scontext=u:r:untrusted_app:s0:c25,c257,c512,c768 tcontext=u:object_r:unlabeled:s0 tclass=filesystem permissive=0 app=com.ss.android.ugc.aweme
09-02 00:02:08.824 14085 14085 W TRThread_0: type=1400 audit(0.0:26373): avc:  denied  { getattr } for  name="/" dev="dmabuf" ino=1 scontext=u:r:untrusted_app:s0:c25,c257,c512,c768 tcontext=u:object_r:unlabeled:s0 tclass=filesystem permissive=0 app=com.ss.android.ugc.aweme
09-02 00:02:09.792 14085 14085 W TRThread_0: type=1400 audit(0.0:26401): avc:  denied  { getattr } for  name="/" dev="dmabuf" ino=1 scontext=u:r:untrusted_app:s0:c25,c257,c512,c768 tcontext=u:object_r:unlabeled:s0 tclass=filesystem permissive=0 app=com.ss.android.ugc.aweme
09-02 00:02:09.792 14085 14085 W TRThread_0: type=1400 audit(0.0:26402): avc:  denied  { getattr } for  name="/" dev="dmabuf" ino=1 scontext=u:r:untrusted_app:s0:c25,c257,c512,c768 tcontext=u:object_r:unlabeled:s0 tclass=filesystem permissive=0 app=com.ss.android.ugc.aweme
09-02 00:02:09.860 14085 14085 W TRThread_0: type=1400 audit(0.0:26403): avc:  denied  { getattr } for  name="/" dev="dmabuf" ino=1 scontext=u:r:untrusted_app:s0:c25,c257,c512,c768 tcontext=u:object_r:unlabeled:s0 tclass=filesystem permissive=0 app=com.ss.android.ugc.aweme
09-02 00:02:09.860 14085 14085 W TRThread_0: type=1400 audit(0.0:26404): avc:  denied  { getattr } for  name="/" dev="dmabuf" ino=1 scontext=u:r:untrusted_app:s0:c25,c257,c512,c768 tcontext=u:object_r:unlabeled:s0 tclass=filesystem permissive=0 app=com.ss.android.ugc.aweme
09-02 00:02:10.116 14085 14472 D nativeloader: Load /data/app/~~na7dq0QJPM3TlOgWfFFaKg==/com.ss.android.ugc.aweme-sWxsoc19sPwX3CppMH73Qg==/lib/arm64/libnetecho.so using ns clns-7 from class loader (caller=/data/app/~~na7dq0QJPM3TlOgWfFFaKg==/com.ss.android.ugc.aweme-sWxsoc19sPwX3CppMH73Qg==/base.apk!classes16.dex): ok
09-02 00:02:10.224 14085 14085 W TRThread_0: type=1400 audit(0.0:26405): avc:  denied  { getattr } for  name="/" dev="dmabuf" ino=1 scontext=u:r:untrusted_app:s0:c25,c257,c512,c768 tcontext=u:object_r:unlabeled:s0 tclass=filesystem permissive=0 app=com.ss.android.ugc.aweme
09-02 00:02:10.860 14085 14085 W TRThread_0: type=1400 audit(0.0:26407): avc:  denied  { getattr } for  name="/" dev="dmabuf" ino=1 scontext=u:r:untrusted_app:s0:c25,c257,c512,c768 tcontext=u:object_r:unlabeled:s0 tclass=filesystem permissive=0 app=com.ss.android.ugc.aweme
09-02 00:02:10.860 14085 14085 W TRThread_0: type=1400 audit(0.0:26408): avc:  denied  { getattr } for  name="/" dev="dmabuf" ino=1 scontext=u:r:untrusted_app:s0:c25,c257,c512,c768 tcontext=u:object_r:unlabeled:s0 tclass=filesystem permissive=0 app=com.ss.android.ugc.aweme
09-02 00:02:11.949  1735 15901 D ActivityManager: created ANR temporary file:/data/anr/temp_anr_5860158044286764131.txt
09-02 00:02:11.970   639   639 I tombstoned: registered intercept for pid 15114 and type kDebuggerdJavaBacktrace
09-02 00:02:12.306 14085 14088 I droid.ugc.aweme: JIT allocated 119KB for compiled code of com.ss.android.ugc.aweme.feed.model.Aweme com.ss.android.ugc.aweme.feed.model.ProtobufAwemeStructV2Adapter.decode(com.squareup.wire.ProtoReader)
09-02 00:02:12.307 14085 14088 I droid.ugc.aweme: Compiler allocated 5326KB to compile com.ss.android.ugc.aweme.feed.model.Aweme com.ss.android.ugc.aweme.feed.model.ProtobufAwemeStructV2Adapter.decode(com.squareup.wire.ProtoReader)
09-02 00:02:13.237   639   639 I tombstoned: received crash request for pid 15114
09-02 00:02:13.237   639   639 I tombstoned: found intercept fd 512 for pid 15114 and type kDebuggerdJavaBacktrace
09-02 00:02:13.238 15114 15116 I ndroid.calendar: Wrote stack traces to tombstoned
09-02 00:02:13.238   639   639 W tombstoned: skipping tombstone file creation due to intercept
09-02 00:02:13.808 14085 14085 W TRThread_0: type=1400 audit(0.0:26410): avc:  denied  { getattr } for  name="/" dev="dmabuf" ino=1 scontext=u:r:untrusted_app:s0:c25,c257,c512,c768 tcontext=u:object_r:unlabeled:s0 tclass=filesystem permissive=0 app=com.ss.android.ugc.aweme
09-02 00:02:13.808 14085 14085 W TRThread_0: type=1400 audit(0.0:26411): avc:  denied  { getattr } for  name="/" dev="dmabuf" ino=1 scontext=u:r:untrusted_app:s0:c25,c257,c512,c768 tcontext=u:object_r:unlabeled:s0 tclass=filesystem permissive=0 app=com.ss.android.ugc.aweme
09-02 00:02:14.004 14085 14085 W TRThread_0: type=1400 audit(0.0:26412): avc:  denied  { getattr } for  name="/" dev="dmabuf" ino=1 scontext=u:r:untrusted_app:s0:c25,c257,c512,c768 tcontext=u:object_r:unlabeled:s0 tclass=filesystem permissive=0 app=com.ss.android.ugc.aweme
09-02 00:02:14.004 14085 14085 W TRThread_0: type=1400 audit(0.0:26413): avc:  denied  { getattr } for  name="/" dev="dmabuf" ino=1 scontext=u:r:untrusted_app:s0:c25,c257,c512,c768 tcontext=u:object_r:unlabeled:s0 tclass=filesystem permissive=0 app=com.ss.android.ugc.aweme
09-02 00:02:14.036 14085 14085 W TRThread_0: type=1400 audit(0.0:26414): avc:  denied  { getattr } for  name="/" dev="dmabuf" ino=1 scontext=u:r:untrusted_app:s0:c25,c257,c512,c768 tcontext=u:object_r:unlabeled:s0 tclass=filesystem permissive=0 app=com.ss.android.ugc.aweme
09-02 00:02:14.036 14085 14085 W TRThread_0: type=1400 audit(0.0:26415): avc:  denied  { getattr } for  name="/" dev="dmabuf" ino=1 scontext=u:r:untrusted_app:s0:c25,c257,c512,c768 tcontext=u:object_r:unlabeled:s0 tclass=filesystem permissive=0 app=com.ss.android.ugc.aweme
09-02 00:02:14.076 14085 14085 W TRThread_0: type=1400 audit(0.0:26416): avc:  denied  { getattr } for  name="/" dev="dmabuf" ino=1 scontext=u:r:untrusted_app:s0:c25,c257,c512,c768 tcontext=u:object_r:unlabeled:s0 tclass=filesystem permissive=0 app=com.ss.android.ugc.aweme
09-02 00:02:15.400 14085 14085 W TRThread_0: type=1400 audit(0.0:26426): avc:  denied  { getattr } for  name="/" dev="dmabuf" ino=1 scontext=u:r:untrusted_app:s0:c25,c257,c512,c768 tcontext=u:object_r:unlabeled:s0 tclass=filesystem permissive=0 app=com.ss.android.ugc.aweme
09-02 00:02:15.400 14085 14085 W TRThread_0: type=1400 audit(0.0:26427): avc:  denied  { getattr } for  name="/" dev="dmabuf" ino=1 scontext=u:r:untrusted_app:s0:c25,c257,c512,c768 tcontext=u:object_r:unlabeled:s0 tclass=filesystem permissive=0 app=com.ss.android.ugc.aweme
09-02 00:02:15.512  1735 15902 E ActivityManager: ANR in com.google.android.calendar
09-02 00:02:15.512  1735 15902 E ActivityManager:   576% 14085/com.ss.android.ugc.aweme: 436% user + 140% kernel / faults: 755164 minor 82 major
09-02 00:02:15.525  1735 15902 D ActivityManager: Completed ANR of com.google.android.calendar in 3577ms, latency 4ms
09-02 00:02:16.032 14085 14085 W TRThread_0: type=1400 audit(0.0:26428): avc:  denied  { getattr } for  name="/" dev="dmabuf" ino=1 scontext=u:r:untrusted_app:s0:c25,c257,c512,c768 tcontext=u:object_r:unlabeled:s0 tclass=filesystem permissive=0 app=com.ss.android.ugc.aweme
09-02 00:02:16.032 14085 14085 W TRThread_0: type=1400 audit(0.0:26429): avc:  denied  { getattr } for  name="/" dev="dmabuf" ino=1 scontext=u:r:untrusted_app:s0:c25,c257,c512,c768 tcontext=u:object_r:unlabeled:s0 tclass=filesystem permissive=0 app=com.ss.android.ugc.aweme
09-02 00:02:18.984 14085 14085 W TRThread_0: type=1400 audit(0.0:26430): avc:  denied  { getattr } for  name="/" dev="dmabuf" ino=1 scontext=u:r:untrusted_app:s0:c25,c257,c512,c768 tcontext=u:object_r:unlabeled:s0 tclass=filesystem permissive=0 app=com.ss.android.ugc.aweme
09-02 00:02:18.984 14085 14085 W TRThread_0: type=1400 audit(0.0:26431): avc:  denied  { getattr } for  name="/" dev="dmabuf" ino=1 scontext=u:r:untrusted_app:s0:c25,c257,c512,c768 tcontext=u:object_r:unlabeled:s0 tclass=filesystem permissive=0 app=com.ss.android.ugc.aweme
09-02 00:02:19.176 14085 14085 W TRThread_0: type=1400 audit(0.0:26432): avc:  denied  { getattr } for  name="/" dev="dmabuf" ino=1 scontext=u:r:untrusted_app:s0:c25,c257,c512,c768 tcontext=u:object_r:unlabeled:s0 tclass=filesystem permissive=0 app=com.ss.android.ugc.aweme
09-02 00:02:19.176 14085 14085 W TRThread_0: type=1400 audit(0.0:26433): avc:  denied  { getattr } for  name="/" dev="dmabuf" ino=1 scontext=u:r:untrusted_app:s0:c25,c257,c512,c768 tcontext=u:object_r:unlabeled:s0 tclass=filesystem permissive=0 app=com.ss.android.ugc.aweme
09-02 00:02:19.212 14085 14085 W TRThread_0: type=1400 audit(0.0:26434): avc:  denied  { getattr } for  name="/" dev="dmabuf" ino=1 scontext=u:r:untrusted_app:s0:c25,c257,c512,c768 tcontext=u:object_r:unlabeled:s0 tclass=filesystem permissive=0 app=com.ss.android.ugc.aweme
09-02 00:02:19.212 14085 14085 W TRThread_0: type=1400 audit(0.0:26435): avc:  denied  { getattr } for  name="/" dev="dmabuf" ino=1 scontext=u:r:untrusted_app:s0:c25,c257,c512,c768 tcontext=u:object_r:unlabeled:s0 tclass=filesystem permissive=0 app=com.ss.android.ugc.aweme
09-02 00:02:20.144 14085 14085 W TRThread_0: type=1400 audit(0.0:26444): avc:  denied  { getattr } for  name="/" dev="dmabuf" ino=1 scontext=u:r:untrusted_app:s0:c25,c257,c512,c768 tcontext=u:object_r:unlabeled:s0 tclass=filesystem permissive=0 app=com.ss.android.ugc.aweme
09-02 00:02:20.144 14085 14085 W TRThread_0: type=1400 audit(0.0:26445): avc:  denied  { getattr } for  name="/" dev="dmabuf" ino=1 scontext=u:r:untrusted_app:s0:c25,c257,c512,c768 tcontext=u:object_r:unlabeled:s0 tclass=filesystem permissive=0 app=com.ss.android.ugc.aweme
09-02 00:02:20.576 14085 14085 W TRThread_0: type=1400 audit(0.0:26446): avc:  denied  { getattr } for  name="/" dev="dmabuf" ino=1 scontext=u:r:untrusted_app:s0:c25,c257,c512,c768 tcontext=u:object_r:unlabeled:s0 tclass=filesystem permissive=0 app=com.ss.android.ugc.aweme
09-02 00:02:20.576 14085 14085 W TRThread_0: type=1400 audit(0.0:26447): avc:  denied  { getattr } for  name="/" dev="dmabuf" ino=1 scontext=u:r:untrusted_app:s0:c25,c257,c512,c768 tcontext=u:object_r:unlabeled:s0 tclass=filesystem permissive=0 app=com.ss.android.ugc.aweme
09-02 00:02:21.212 14085 14085 W TRThread_0: type=1400 audit(0.0:26448): avc:  denied  { getattr } for  name="/" dev="dmabuf" ino=1 scontext=u:r:untrusted_app:s0:c25,c257,c512,c768 tcontext=u:object_r:unlabeled:s0 tclass=filesystem permissive=0 app=com.ss.android.ugc.aweme
09-02 00:02:21.212 14085 14085 W TRThread_0: type=1400 audit(0.0:26449): avc:  denied  { getattr } for  name="/" dev="dmabuf" ino=1 scontext=u:r:untrusted_app:s0:c25,c257,c512,c768 tcontext=u:object_r:unlabeled:s0 tclass=filesystem permissive=0 app=com.ss.android.ugc.aweme
09-02 00:02:23.456 14085 14160 D nativeloader: Load /data/app/~~na7dq0QJPM3TlOgWfFFaKg==/com.ss.android.ugc.aweme-sWxsoc19sPwX3CppMH73Qg==/lib/arm64/libbytevc0.so using ns clns-7 from class loader (caller=/data/app/~~na7dq0QJPM3TlOgWfFFaKg==/com.ss.android.ugc.aweme-sWxsoc19sPwX3CppMH73Qg==/base.apk!classes16.dex): ok
09-02 00:02:23.472 14085 14160 D nativeloader: Load /data/app/~~na7dq0QJPM3TlOgWfFFaKg==/com.ss.android.ugc.aweme-sWxsoc19sPwX3CppMH73Qg==/lib/arm64/libbvcparser.so using ns clns-7 from class loader (caller=/data/app/~~na7dq0QJPM3TlOgWfFFaKg==/com.ss.android.ugc.aweme-sWxsoc19sPwX3CppMH73Qg==/base.apk!classes16.dex): ok
09-02 00:02:23.492 14085 14160 D nativeloader: Load /data/app/~~na7dq0QJPM3TlOgWfFFaKg==/com.ss.android.ugc.aweme-sWxsoc19sPwX3CppMH73Qg==/lib/arm64/libbtch_collection.so using ns clns-7 from class loader (caller=/data/app/~~na7dq0QJPM3TlOgWfFFaKg==/com.ss.android.ugc.aweme-sWxsoc19sPwX3CppMH73Qg==/base.apk!classes16.dex): ok
09-02 00:02:24.156 14085 14085 W TRThread_0: type=1400 audit(0.0:26450): avc:  denied  { getattr } for  name="/" dev="dmabuf" ino=1 scontext=u:r:untrusted_app:s0:c25,c257,c512,c768 tcontext=u:object_r:unlabeled:s0 tclass=filesystem permissive=0 app=com.ss.android.ugc.aweme
09-02 00:02:24.156 14085 14085 W TRThread_0: type=1400 audit(0.0:26451): avc:  denied  { getattr } for  name="/" dev="dmabuf" ino=1 scontext=u:r:untrusted_app:s0:c25,c257,c512,c768 tcontext=u:object_r:unlabeled:s0 tclass=filesystem permissive=0 app=com.ss.android.ugc.aweme
09-02 00:02:24.340 14085 14085 W TRThread_0: type=1400 audit(0.0:26452): avc:  denied  { getattr } for  name="/" dev="dmabuf" ino=1 scontext=u:r:untrusted_app:s0:c25,c257,c512,c768 tcontext=u:object_r:unlabeled:s0 tclass=filesystem permissive=0 app=com.ss.android.ugc.aweme
09-02 00:02:24.340 14085 14085 W TRThread_0: type=1400 audit(0.0:26453): avc:  denied  { getattr } for  name="/" dev="dmabuf" ino=1 scontext=u:r:untrusted_app:s0:c25,c257,c512,c768 tcontext=u:object_r:unlabeled:s0 tclass=filesystem permissive=0 app=com.ss.android.ugc.aweme
09-02 00:02:24.372 14085 14085 W TRThread_0: type=1400 audit(0.0:26454): avc:  denied  { getattr } for  name="/" dev="dmabuf" ino=1 scontext=u:r:untrusted_app:s0:c25,c257,c512,c768 tcontext=u:object_r:unlabeled:s0 tclass=filesystem permissive=0 app=com.ss.android.ugc.aweme
09-02 00:02:24.372 14085 14085 W TRThread_0: type=1400 audit(0.0:26455): avc:  denied  { getattr } for  name="/" dev="dmabuf" ino=1 scontext=u:r:untrusted_app:s0:c25,c257,c512,c768 tcontext=u:object_r:unlabeled:s0 tclass=filesystem permissive=0 app=com.ss.android.ugc.aweme
09-02 00:02:24.440 14085 14085 W TRThread_0: type=1400 audit(0.0:26456): avc:  denied  { getattr } for  name="/" dev="dmabuf" ino=1 scontext=u:r:untrusted_app:s0:c25,c257,c512,c768 tcontext=u:object_r:unlabeled:s0 tclass=filesystem permissive=0 app=com.ss.android.ugc.aweme
09-02 00:02:24.440 14085 14085 W TRThread_0: type=1400 audit(0.0:26457): avc:  denied  { getattr } for  name="/" dev="dmabuf" ino=1 scontext=u:r:untrusted_app:s0:c25,c257,c512,c768 tcontext=u:object_r:unlabeled:s0 tclass=filesystem permissive=0 app=com.ss.android.ugc.aweme
09-02 00:02:24.572 14085 14085 W TRThread_0: type=1400 audit(0.0:26458): avc:  denied  { getattr } for  name="/" dev="dmabuf" ino=1 scontext=u:r:untrusted_app:s0:c25,c257,c512,c768 tcontext=u:object_r:unlabeled:s0 tclass=filesystem permissive=0 app=com.ss.android.ugc.aweme
09-02 00:02:27.774 14085 14129 W JobInfo : Job 'com.ss.android.ugc.aweme/.tools.policysecurity.OriginalSoundUploadService#3008' has a deadline with no functional constraints. The deadline won't improve job execution latency. Consider removing the deadline.
09-02 00:02:27.780  1735  1872 W JobInfo : Job 'com.ss.android.ugc.aweme/.tools.policysecurity.OriginalSoundUploadService#3008' has a deadline with no functional constraints. The deadline won't improve job execution latency. Consider removing the deadline.
09-02 00:02:29.932 16227 16227 W linker64: type=1400 audit(0.0:26465): avc:  denied  { search } for  name="tests" dev="dm-56" ino=115 scontext=u:r:untrusted_app:s0:c25,c257,c512,c768 tcontext=u:object_r:shell_test_data_file:s0 tclass=dir permissive=0 bug=b/305600845 app=com.ss.android.ugc.aweme
09-02 00:02:29.932 16227 16227 W linker64: type=1400 audit(0.0:26466): avc:  denied  { search } for  name="tests" dev="dm-56" ino=115 scontext=u:r:untrusted_app:s0:c25,c257,c512,c768 tcontext=u:object_r:shell_test_data_file:s0 tclass=dir permissive=0 bug=b/305600845 app=com.ss.android.ugc.aweme
09-02 00:02:29.932 16227 16227 W linker64: type=1400 audit(0.0:26467): avc:  denied  { search } for  name="tests" dev="dm-56" ino=115 scontext=u:r:untrusted_app:s0:c25,c257,c512,c768 tcontext=u:object_r:shell_test_data_file:s0 tclass=dir permissive=0 bug=b/305600845 app=com.ss.android.ugc.aweme
09-02 00:02:29.932 16227 16227 W linker64: type=1400 audit(0.0:26468): avc:  denied  { search } for  name="tests" dev="dm-56" ino=115 scontext=u:r:untrusted_app:s0:c25,c257,c512,c768 tcontext=u:object_r:shell_test_data_file:s0 tclass=dir permissive=0 bug=b/305600845 app=com.ss.android.ugc.aweme
09-02 00:02:30.148 16227 16227 W linker64: type=1400 audit(0.0:26469): avc:  denied  { read } for  name="u:object_r:userdebug_or_eng_prop:s0" dev="tmpfs" ino=396 scontext=u:r:untrusted_app:s0:c25,c257,c512,c768 tcontext=u:object_r:userdebug_or_eng_prop:s0 tclass=file permissive=0 bug=b/305600845 app=com.ss.android.ugc.aweme
09-02 00:02:30.148 16227 16227 W linker64: type=1400 audit(0.0:26470): avc:  denied  { read } for  name="u:object_r:userdebug_or_eng_prop:s0" dev="tmpfs" ino=396 scontext=u:r:untrusted_app:s0:c25,c257,c512,c768 tcontext=u:object_r:userdebug_or_eng_prop:s0 tclass=file permissive=0 bug=b/305600845 app=com.ss.android.ugc.aweme
09-02 00:02:30.148 16227 16227 W linker64: type=1400 audit(0.0:26471): avc:  denied  { read } for  name="u:object_r:userdebug_or_eng_prop:s0" dev="tmpfs" ino=396 scontext=u:r:untrusted_app:s0:c25,c257,c512,c768 tcontext=u:object_r:userdebug_or_eng_prop:s0 tclass=file permissive=0 bug=b/305600845 app=com.ss.android.ugc.aweme
09-02 00:02:30.315  1735  1915 W InputDispatcher: channel '4f5b78f com.ss.android.ugc.aweme/com.ss.android.ugc.aweme.splash.SplashActivity' ~ Consumer closed input channel or an error occurred.  events=0x9
09-02 00:02:30.315  1735  1915 E InputDispatcher: channel '4f5b78f com.ss.android.ugc.aweme/com.ss.android.ugc.aweme.splash.SplashActivity' ~ Channel is unrecoverably broken and will be disposed!
09-02 00:02:30.315  1735  1915 I WindowManager: WINDOW DIED Window{4f5b78f u0 com.ss.android.ugc.aweme/com.ss.android.ugc.aweme.splash.SplashActivity}
09-02 00:02:30.387  1735  4380 I ActivityManager: Process com.ss.android.ugc.aweme (pid 14085) has died: fg  TOP 
09-02 00:02:30.388  1735  1872 I ImeTracker: com.ss.android.ugc.aweme:8bc5bd52: onRequestHide at ORIGIN_SERVER reason HIDE_REMOVE_CLIENT fromUser false
09-02 00:02:30.389  1735  1872 I ImeTracker: com.ss.android.ugc.aweme:8bc5bd52: onCancelled at PHASE_SERVER_SHOULD_HIDE
09-02 00:02:30.390  1735  1966 D ConnectivityService: releasing NetworkRequest [ REQUEST id=2525, [ Capabilities: INTERNET&NOT_RESTRICTED&TRUSTED&NOT_VCN_MANAGED&NOT_BANDWIDTH_CONSTRAINED Uid: 10281 RequestorUid: 10281 RequestorPkg: com.ss.android.ugc.aweme UnderlyingNetworks: Null] ] (release request)
09-02 00:02:30.390  1735  1966 D ConnectivityService: releasing NetworkRequest [ REQUEST id=2507, [ Capabilities: INTERNET&NOT_RESTRICTED&TRUSTED&NOT_VCN_MANAGED&NOT_BANDWIDTH_CONSTRAINED Uid: 10281 RequestorUid: 10281 RequestorPkg: com.ss.android.ugc.aweme UnderlyingNetworks: Null] ] (release request)
09-02 00:02:30.392  1735  4380 W ActivityManager: Scheduling restart of crashed service com.ss.android.ugc.aweme/com.bytedance.common.process.service.CrossProcessServiceForMain in 1000ms for connection
09-02 00:02:30.395  1735  1966 D ConnectivityService: releasing NetworkRequest [ REQUEST id=2510, [ Transports: CELLULAR Capabilities: INTERNET&NOT_RESTRICTED&TRUSTED&NOT_VPN&NOT_VCN_MANAGED&NOT_BANDWIDTH_CONSTRAINED Forbidden: LOCAL_NETWORK Uid: 10281 RequestorUid: 10281 RequestorPkg: com.ss.android.ugc.aweme UnderlyingNetworks: Null] ] (release request)
09-02 00:02:30.396  1735  1966 D ConnectivityService: releasing NetworkRequest [ REQUEST id=2521, [ Transports: WIFI Capabilities: INTERNET&NOT_RESTRICTED&TRUSTED&NOT_VPN&NOT_VCN_MANAGED&NOT_BANDWIDTH_CONSTRAINED Forbidden: LOCAL_NETWORK Uid: 10281 RequestorUid: 10281 RequestorPkg: com.ss.android.ugc.aweme UnderlyingNetworks: Null] ] (release request)
09-02 00:02:30.397  1735  1966 D ConnectivityService: releasing NetworkRequest [ REQUEST id=2520, [ Transports: CELLULAR Capabilities: INTERNET&NOT_RESTRICTED&TRUSTED&NOT_VPN&NOT_VCN_MANAGED&NOT_BANDWIDTH_CONSTRAINED Forbidden: LOCAL_NETWORK Uid: 10281 RequestorUid: 10281 RequestorPkg: com.ss.android.ugc.aweme UnderlyingNetworks: Null] ] (release request)
09-02 00:02:30.405  1735  4380 W ActivityTaskManager: Force removing ActivityRecord{208547880 u0 com.ss.android.ugc.aweme/.splash.SplashActivity t389}: app died, no saved state
09-02 00:02:30.407  2069  2093 V WindowManagerShell: Transition requested (#257): android.os.BinderProxy@f75d4a7 TransitionRequestInfo { type = CLOSE, triggerTask = TaskInfo{userId=0 taskId=389 effectiveUid=10281 displayId=0 isRunning=true baseIntent=Intent { act=android.intent.action.MAIN cat=[android.intent.category.LAUNCHER] flg=0x10200000 cmp=com.ss.android.ugc.aweme/.splash.SplashActivity } baseActivity=ComponentInfo{com.ss.android.ugc.aweme/com.ss.android.ugc.aweme.main.MainActivity} topActivity=ComponentInfo{com.ss.android.ugc.aweme/com.ss.android.ugc.aweme.main.MainActivity} origActivity=ComponentInfo{com.ss.android.ugc.aweme/com.ss.android.ugc.aweme.splash.SplashActivity} realActivity=ComponentInfo{com.ss.android.ugc.aweme/com.ss.android.ugc.aweme.main.MainActivity} numActivities=1 lastActiveTime=12957288 supportsMultiWindow=true resizeMode=2 isResizeable=true minWidth=-1 minHeight=-1 defaultMinSize=220 token=WCT{android.window.IWindowContainerToken$Stub$Proxy@c209d54} topActivityType=1 pictureInPictureParams=null shouldDockBigOverlays=false launchIntoPipHostTaskId=-1 lastParentTaskIdBeforePip=-1 displayCutoutSafeInsets=Rect(0, 128 - 0, 0) topActivityInfo=ActivityInfo{ccac4fd com.ss.android.ugc.aweme.splash.SplashActivity} launchCookies=[] positionInParent=Point(0, 0) parentTaskId=-1 isFocused=true isVisible=true isVisibleRequested=true isTopActivityNoDisplay=false isSleeping=false locusId=null displayAreaFeatureId=1 isTopActivityTransparent=false isActivityStackTransparent=false lastNonFullscreenBounds=Rect(276, 692 - 804, 1772) capturedLink=null capturedLinkTimestamp=0 requestedVisibleTypes=-9 topActivityRequestOpenInBrowserEducationTimestamp=0 appCompatTaskInfo=AppCompatTaskInfo { topActivityInSizeCompat=false eligibleForLetterboxEducation= false isLetterboxEducationEnabled= false isLetterboxDoubleTapEnabled= false eligibleForUserAspectRatioButton= false topActivityBoundsLetterboxed= false isFromLetterboxDoubleTap= false topActivityLetterboxVerticalPosition= -1 topActivityLetterboxHorizontalPosition= -1 topActivityLetterboxWidth=-1 topActivityLetterboxHeight=-1 topActivityLetterboxAppWidth=-1 topActivityLetterboxAppHeight=-1 isUserFullscreenOverrideEnabled=false isSystemFullscreenOverrideEnabled=false hasMinAspectRatioOverride=false topActivityLetterboxBounds=null cameraCompatTaskInfo=CameraCompatTaskInfo { freeformCameraCompatMode=inactive}} topActivityMainWindowFrame=null}, pipChange = null, remoteTransition = null, displayChange = null, flags = 0, debugId = 257 }
09-02 00:02:30.459  1735  1791 V WindowManager: Sent Transition (#257) createdAt=09-02 00:02:30.405 via request=TransitionRequestInfo { type = CLOSE, triggerTask = TaskInfo{userId=0 taskId=389 effectiveUid=10281 displayId=0 isRunning=true baseIntent=Intent { act=android.intent.action.MAIN cat=[android.intent.category.LAUNCHER] flg=0x10200000 cmp=com.ss.android.ugc.aweme/.splash.SplashActivity } baseActivity=ComponentInfo{com.ss.android.ugc.aweme/com.ss.android.ugc.aweme.main.MainActivity} topActivity=ComponentInfo{com.ss.android.ugc.aweme/com.ss.android.ugc.aweme.main.MainActivity} origActivity=ComponentInfo{com.ss.android.ugc.aweme/com.ss.android.ugc.aweme.splash.SplashActivity} realActivity=ComponentInfo{com.ss.android.ugc.aweme/com.ss.android.ugc.aweme.main.MainActivity} numActivities=1 lastActiveTime=12957288 supportsMultiWindow=true resizeMode=2 isResizeable=true minWidth=-1 minHeight=-1 defaultMinSize=220 token=WCT{RemoteToken{bd4d89c Task{486e141 #389 type=standard A=10281:com.ss.android.ugc.aweme}}} topActivityType=1 pictureInPictureParams=null shouldDockBigOverlays=false launchIntoPipHostTaskId=-1 lastParentTaskIdBeforePip=-1 displayCutoutSafeInsets=Rect(0, 128 - 0, 0) topActivityInfo=ActivityInfo{847f2a5 com.ss.android.ugc.aweme.splash.SplashActivity} launchCookies=[] positionInParent=Point(0, 0) parentTaskId=-1 isFocused=true isVisible=true isVisibleRequested=true isTopActivityNoDisplay=false isSleeping=false locusId=null displayAreaFeatureId=1 isTopActivityTransparent=false isActivityStackTransparent=false lastNonFullscreenBounds=Rect(276, 692 - 804, 1772) capturedLink=null capturedLinkTimestamp=0 requestedVisibleTypes=-9 topActivityRequestOpenInBrowserEducationTimestamp=0 appCompatTaskInfo=AppCompatTaskInfo { topActivityInSizeCompat=false eligibleForLetterboxEducation= false isLetterboxEducationEnabled= false isLetterboxDoubleTapEnabled= false eligibleForUserAspectRatioButton= false topActivityBoundsLetterboxed= false isFromLetterboxDoubleTap= false topActivityLetterboxVerticalPosition= -1 topActivityLetterboxHorizontalPosition= -1 topActivityLetterboxWidth=-1 topActivityLetterboxHeight=-1 topActivityLetterboxAppWidth=-1 topActivityLetterboxAppHeight=-1 isUserFullscreenOverrideEnabled=false isSystemFullscreenOverrideEnabled=false hasMinAspectRatioOverride=false topActivityLetterboxBounds=null cameraCompatTaskInfo=CameraCompatTaskInfo { freeformCameraCompatMode=inactive}} topActivityMainWindowFrame=null}, pipChange = null, remoteTransition = null, displayChange = null, flags = 0, debugId = 257 }
09-02 00:02:31.457  1735  1803 I ActivityManager: Start proc 16246:com.ss.android.ugc.aweme/u0a281 for service {com.ss.android.ugc.aweme/com.bytedance.common.process.service.CrossProcessServiceForMain}
09-02 00:02:31.680 16246 16246 D nativeloader: Configuring clns-7 for other apk /data/app/~~na7dq0QJPM3TlOgWfFFaKg==/com.ss.android.ugc.aweme-sWxsoc19sPwX3CppMH73Qg==/base.apk. target_sdk_version=34, uses_libraries=libOpenCL.so:libOpenCL-pixel.so, library_path=/data/app/~~na7dq0QJPM3TlOgWfFFaKg==/com.ss.android.ugc.aweme-sWxsoc19sPwX3CppMH73Qg==/lib/arm64:/data/app/~~na7dq0QJPM3TlOgWfFFaKg==/com.ss.android.ugc.aweme-sWxsoc19sPwX3CppMH73Qg==/base.apk!/lib/arm64-v8a, permitted_path=/data:/mnt/expand:/data/user/0/com.ss.android.ugc.aweme
09-02 00:02:31.700 16246 16246 V GraphicsEnvironment: com.ss.android.ugc.aweme is not listed in per-application setting
09-02 00:02:31.716 16246 16246 D nativeloader: Load /data/app/~~na7dq0QJPM3TlOgWfFFaKg==/com.ss.android.ugc.aweme-sWxsoc19sPwX3CppMH73Qg==/lib/arm64/libjato.so using ns clns-7 from class loader (caller=/data/app/~~na7dq0QJPM3TlOgWfFFaKg==/com.ss.android.ugc.aweme-sWxsoc19sPwX3CppMH73Qg==/base.apk!classes4.dex): ok
09-02 00:02:31.739 16246 16246 D nativeloader: Load /data/app/~~na7dq0QJPM3TlOgWfFFaKg==/com.ss.android.ugc.aweme-sWxsoc19sPwX3CppMH73Qg==/lib/arm64/libc++_shared.so using ns clns-7 from class loader (caller=/data/app/~~na7dq0QJPM3TlOgWfFFaKg==/com.ss.android.ugc.aweme-sWxsoc19sPwX3CppMH73Qg==/base.apk!classes16.dex): ok
09-02 00:02:31.741 16246 16246 D nativeloader: Load /data/app/~~na7dq0QJPM3TlOgWfFFaKg==/com.ss.android.ugc.aweme-sWxsoc19sPwX3CppMH73Qg==/lib/arm64/libkeva.so using ns clns-7 from class loader (caller=/data/app/~~na7dq0QJPM3TlOgWfFFaKg==/com.ss.android.ugc.aweme-sWxsoc19sPwX3CppMH73Qg==/base.apk!classes16.dex): ok
09-02 00:02:31.787 16246 16246 D nativeloader: Load /data/app/~~na7dq0QJPM3TlOgWfFFaKg==/com.ss.android.ugc.aweme-sWxsoc19sPwX3CppMH73Qg==/lib/arm64/libflipped.so using ns clns-7 from class loader (caller=/data/app/~~na7dq0QJPM3TlOgWfFFaKg==/com.ss.android.ugc.aweme-sWxsoc19sPwX3CppMH73Qg==/base.apk!classes16.dex): ok
09-02 00:02:31.805 16246 16246 D nativeloader: Load /data/app/~~na7dq0QJPM3TlOgWfFFaKg==/com.ss.android.ugc.aweme-sWxsoc19sPwX3CppMH73Qg==/lib/arm64/libsonicjson.so using ns clns-7 from class loader (caller=/data/app/~~na7dq0QJPM3TlOgWfFFaKg==/com.ss.android.ugc.aweme-sWxsoc19sPwX3CppMH73Qg==/base.apk!classes16.dex): ok
09-02 00:02:31.826 16246 16328 D nativeloader: Load /data/app/~~na7dq0QJPM3TlOgWfFFaKg==/com.ss.android.ugc.aweme-sWxsoc19sPwX3CppMH73Qg==/lib/arm64/libwatson.so using ns clns-7 from class loader (caller=/data/app/~~na7dq0QJPM3TlOgWfFFaKg==/com.ss.android.ugc.aweme-sWxsoc19sPwX3CppMH73Qg==/base.apk!classes16.dex): ok
09-02 00:02:31.838 16246 16295 D nativeloader: Load /data/app/~~na7dq0QJPM3TlOgWfFFaKg==/com.ss.android.ugc.aweme-sWxsoc19sPwX3CppMH73Qg==/lib/arm64/libbytehook.so using ns clns-7 from class loader (caller=/data/app/~~na7dq0QJPM3TlOgWfFFaKg==/com.ss.android.ugc.aweme-sWxsoc19sPwX3CppMH73Qg==/base.apk!classes16.dex): ok
09-02 00:02:31.935 16246 16287 D nativeloader: Load /data/app/~~na7dq0QJPM3TlOgWfFFaKg==/com.ss.android.ugc.aweme-sWxsoc19sPwX3CppMH73Qg==/lib/arm64/libmonitorcollector-lib.so using ns clns-7 from class loader (caller=/data/app/~~na7dq0QJPM3TlOgWfFFaKg==/com.ss.android.ugc.aweme-sWxsoc19sPwX3CppMH73Qg==/base.apk!classes16.dex): ok
09-02 00:02:31.946 16246 16287 D nativeloader: Load /data/app/~~na7dq0QJPM3TlOgWfFFaKg==/com.ss.android.ugc.aweme-sWxsoc19sPwX3CppMH73Qg==/lib/arm64/libsysoptimizer.so using ns clns-7 from class loader (caller=/data/app/~~na7dq0QJPM3TlOgWfFFaKg==/com.ss.android.ugc.aweme-sWxsoc19sPwX3CppMH73Qg==/base.apk!classes16.dex): ok
09-02 00:02:31.959 16246 16318 D nativeloader: Load /data/app/~~na7dq0QJPM3TlOgWfFFaKg==/com.ss.android.ugc.aweme-sWxsoc19sPwX3CppMH73Qg==/lib/arm64/libsscronet.so using ns clns-7 from class loader (caller=/data/app/~~na7dq0QJPM3TlOgWfFFaKg==/com.ss.android.ugc.aweme-sWxsoc19sPwX3CppMH73Qg==/base.apk!classes16.dex): ok
09-02 00:02:32.036 16246 16318 D nativeloader: Load /data/app/~~na7dq0QJPM3TlOgWfFFaKg==/com.ss.android.ugc.aweme-sWxsoc19sPwX3CppMH73Qg==/lib/arm64/libmetasec_ml.so using ns clns-7 from class loader (caller=/data/app/~~na7dq0QJPM3TlOgWfFFaKg==/com.ss.android.ugc.aweme-sWxsoc19sPwX3CppMH73Qg==/base.apk!classes16.dex): ok
09-02 00:02:32.051 16246 16294 D nativeloader: Load /data/app/~~na7dq0QJPM3TlOgWfFFaKg==/com.ss.android.ugc.aweme-sWxsoc19sPwX3CppMH73Qg==/lib/arm64/libsoloader.so using ns clns-7 from class loader (caller=/data/app/~~na7dq0QJPM3TlOgWfFFaKg==/com.ss.android.ugc.aweme-sWxsoc19sPwX3CppMH73Qg==/base.apk!classes16.dex): ok
09-02 00:02:32.122  1735  3011 D ConnectivityService: requestNetwork for uid/pid:10281/16246 activeRequest: null callbackRequest: 2542 [NetworkRequest [ REQUEST id=2543, [ Capabilities: INTERNET&NOT_RESTRICTED&TRUSTED&NOT_VCN_MANAGED&NOT_BANDWIDTH_CONSTRAINED Uid: 10281 RequestorUid: 10281 RequestorPkg: com.ss.android.ugc.aweme UnderlyingNetworks: Null] ]] callback flags: 0 order: 2147483647 isUidTracked: false declaredMethods: AVAIL|LOST|NC|LP
09-02 00:02:32.127  1735  1952 D OemPaidWifiNetworkFactory: got request NetworkRequest [ REQUEST id=2543, [ Capabilities: INTERNET&NOT_RESTRICTED&TRUSTED&NOT_VCN_MANAGED&NOT_BANDWIDTH_CONSTRAINED Uid: 10281 RequestorUid: 10281 RequestorPkg: com.ss.android.ugc.aweme UnderlyingNetworks: Null] ]
09-02 00:02:32.127  1735  1952 D MultiInternetWifiNetworkFactory: got request NetworkRequest [ REQUEST id=2543, [ Capabilities: INTERNET&NOT_RESTRICTED&TRUSTED&NOT_VCN_MANAGED&NOT_BANDWIDTH_CONSTRAINED Uid: 10281 RequestorUid: 10281 RequestorPkg: com.ss.android.ugc.aweme UnderlyingNetworks: Null] ]
09-02 00:02:32.128  1735  1952 D WifiNetworkFactory: got request NetworkRequest [ REQUEST id=2543, [ Capabilities: INTERNET&NOT_RESTRICTED&TRUSTED&NOT_VCN_MANAGED&NOT_BANDWIDTH_CONSTRAINED Uid: 10281 RequestorUid: 10281 RequestorPkg: com.ss.android.ugc.aweme UnderlyingNetworks: Null] ]
09-02 00:02:32.128  1735  1952 D UntrustedWifiNetworkFactory: got request NetworkRequest [ REQUEST id=2543, [ Capabilities: INTERNET&NOT_RESTRICTED&TRUSTED&NOT_VCN_MANAGED&NOT_BANDWIDTH_CONSTRAINED Uid: 10281 RequestorUid: 10281 RequestorPkg: com.ss.android.ugc.aweme UnderlyingNetworks: Null] ]
09-02 00:02:32.181 16246 16302 D nativeloader: Load /data/app/~~na7dq0QJPM3TlOgWfFFaKg==/com.ss.android.ugc.aweme-sWxsoc19sPwX3CppMH73Qg==/lib/arm64/libbdzstd.so using ns clns-7 from class loader (caller=/data/app/~~na7dq0QJPM3TlOgWfFFaKg==/com.ss.android.ugc.aweme-sWxsoc19sPwX3CppMH73Qg==/base.apk!classes16.dex): ok
09-02 00:02:32.185 16246 16382 D nativeloader: Load /data/app/~~na7dq0QJPM3TlOgWfFFaKg==/com.ss.android.ugc.aweme-sWxsoc19sPwX3CppMH73Qg==/lib/arm64/libhelios_bm.so using ns clns-7 from class loader (caller=/data/app/~~na7dq0QJPM3TlOgWfFFaKg==/com.ss.android.ugc.aweme-sWxsoc19sPwX3CppMH73Qg==/base.apk!classes16.dex): ok
09-02 00:02:32.186 16246 16309 D nativeloader: Load /data/app/~~na7dq0QJPM3TlOgWfFFaKg==/com.ss.android.ugc.aweme-sWxsoc19sPwX3CppMH73Qg==/lib/arm64/libalog.so using ns clns-7 from class loader (caller=/data/app/~~na7dq0QJPM3TlOgWfFFaKg==/com.ss.android.ugc.aweme-sWxsoc19sPwX3CppMH73Qg==/base.apk!classes16.dex): ok
09-02 00:02:32.280 16246 16282 D nativeloader: Load /data/app/~~na7dq0QJPM3TlOgWfFFaKg==/com.ss.android.ugc.aweme-sWxsoc19sPwX3CppMH73Qg==/lib/arm64/libnative_log.so using ns clns-7 from class loader (caller=/data/app/~~na7dq0QJPM3TlOgWfFFaKg==/com.ss.android.ugc.aweme-sWxsoc19sPwX3CppMH73Qg==/base.apk!classes16.dex): ok
09-02 00:02:32.290 16246 16282 D nativeloader: Load /data/app/~~na7dq0QJPM3TlOgWfFFaKg==/com.ss.android.ugc.aweme-sWxsoc19sPwX3CppMH73Qg==/lib/arm64/libbdsword.so using ns clns-7 from class loader (caller=/data/app/~~na7dq0QJPM3TlOgWfFFaKg==/com.ss.android.ugc.aweme-sWxsoc19sPwX3CppMH73Qg==/base.apk!classes16.dex): ok
09-02 00:02:32.302 16246 16299 D nativeloader: Load /data/app/~~na7dq0QJPM3TlOgWfFFaKg==/com.ss.android.ugc.aweme-sWxsoc19sPwX3CppMH73Qg==/lib/arm64/libshadowhook.so using ns clns-7 from class loader (caller=/data/app/~~na7dq0QJPM3TlOgWfFFaKg==/com.ss.android.ugc.aweme-sWxsoc19sPwX3CppMH73Qg==/base.apk!classes16.dex): ok
09-02 00:02:32.401 16246 16292 D nativeloader: Load /data/app/~~na7dq0QJPM3TlOgWfFFaKg==/com.ss.android.ugc.aweme-sWxsoc19sPwX3CppMH73Qg==/lib/arm64/libnpth.so using ns clns-7 from class loader (caller=/data/app/~~na7dq0QJPM3TlOgWfFFaKg==/com.ss.android.ugc.aweme-sWxsoc19sPwX3CppMH73Qg==/base.apk!classes16.dex): ok
09-02 00:02:32.406 16246 16292 D nativeloader: Load /data/app/~~na7dq0QJPM3TlOgWfFFaKg==/com.ss.android.ugc.aweme-sWxsoc19sPwX3CppMH73Qg==/lib/arm64/libttcrypto.so using ns clns-7 from class loader (caller=/data/app/~~na7dq0QJPM3TlOgWfFFaKg==/com.ss.android.ugc.aweme-sWxsoc19sPwX3CppMH73Qg==/base.apk!classes16.dex): ok
09-02 00:02:32.408 16246 16292 D nativeloader: Load /data/app/~~na7dq0QJPM3TlOgWfFFaKg==/com.ss.android.ugc.aweme-sWxsoc19sPwX3CppMH73Qg==/lib/arm64/libttboringssl.so using ns clns-7 from class loader (caller=/data/app/~~na7dq0QJPM3TlOgWfFFaKg==/com.ss.android.ugc.aweme-sWxsoc19sPwX3CppMH73Qg==/base.apk!classes16.dex): ok
09-02 00:02:32.594 16246 16292 D nativeloader: Load /data/app/~~na7dq0QJPM3TlOgWfFFaKg==/com.ss.android.ugc.aweme-sWxsoc19sPwX3CppMH73Qg==/lib/arm64/libwcdb2.so using ns clns-7 from class loader (caller=/data/app/~~na7dq0QJPM3TlOgWfFFaKg==/com.ss.android.ugc.aweme-sWxsoc19sPwX3CppMH73Qg==/base.apk!classes16.dex): ok
09-02 00:02:32.676 16246 16246 W -IOThreadPool-1: type=1400 audit(0.0:26472): avc:  denied  { read } for  name="u:object_r:userdebug_or_eng_prop:s0" dev="tmpfs" ino=396 scontext=u:r:untrusted_app:s0:c25,c257,c512,c768 tcontext=u:object_r:userdebug_or_eng_prop:s0 tclass=file permissive=0 bug=b/305600845 app=com.ss.android.ugc.aweme
09-02 00:02:32.976 16246 16246 W #TransmitThread: type=1400 audit(0.0:26473): avc:  denied  { getattr } for  path="/data/media" dev="dm-56" ino=137 scontext=u:r:untrusted_app:s0:c25,c257,c512,c768 tcontext=u:object_r:media_userdir_file:s0 tclass=dir permissive=0 app=com.ss.android.ugc.aweme
09-02 00:02:33.154 16246 16296 D nativeloader: Configuring clns-10 for other apk . target_sdk_version=34, uses_libraries=ALL, library_path=/data/user/0/com.ss.android.ugc.aweme/files/plugins/com.ss.android.ugc.aweme.videocache_v2/version-35109037/lib, permitted_path=/data:/mnt/expand
