
 [1m[36m╔══════════════════════════════════════╗[0m
 [1m[36m║[0m  [1m      rustFrida v0.1.0             [0m[1m[36m║[0m
 [1m[36m║[0m  [2m  ARM64 Dynamic Instrumentation    [0m[1m[36m║[0m
 [1m[36m╚══════════════════════════════════════╝[0m

[1m[34m [*][0m Spawn 模式: 准备注入 com.ss.android.ugc.aweme
[1m[34m [*][0m 找到 1 个新 zygote 进程
[1m[36m [→][0m 正在注入 zymbiote 到 zygote64 (pid=882)...
[1m[33m [!][0m boot heap 中未命中 setArgV0 指针，回退扫描 67 个 ART 相关 RW private 区域
[1m[33m [!][0m ART 相关 RW private 区域未命中 setArgV0 指针，继续扫描 24 个 ART 相关可读区域
[1m[33m [!][0m 未在 boot heap、ART 相关 RW private 或 ART 相关可读区域中找到 setArgV0 指针 (0x70f49e2c00)，切换降级模式
[1m[33m [!][0m 降级为 setcontext-only 阻塞（Android 版本兼容路径）
[1m[32m [✓][0m Zymbiote 注入成功: zygote64 (pid=882)
[1m[34m [*][0m 正在启动应用 com.ss.android.ugc.aweme...
[1m[34m [*][0m 等待进程 com.ss.android.ugc.aweme 启动... (最长 20s)
[1m[32m [✓][0m 收到 spawn hello: pid=1328, ppid=882, package=com.ss.android.ugc.aweme
[1m[34m [*][0m 正在向子进程 1328 注入 agent...
[1m[34m [*][0m 正在附加到进程 PID: 1328 (Frida-style bootstrapper)
[1m[32m [✓][0m 成功附加到进程 1328，等待 SIGSTOP...
[1m[32m [✓][0m 进程已停止，可以操作寄存器
[1m[32m [✓][0m bootstrapper 完成: libc API 已解析
[1m[32m [✓][0m 已分离目标进程
[1m[32m [✓][0m Loader: agent 加载成功
[1m[34m [*][0m 等待 agent 连接... (最长 60s)
[1m[32m [✓][0m Agent 已连接
[1m[34m [*][0m 子进程暂停中，准备加载脚本
[1m[34m [*][0m 加载脚本: /data/local/tmp/metasec_probe_350101_packet-capture_tailfix_capture_171248_bootstrap.js
[1m[34m [*][0m 脚本声明 Java.setStealth(1)，预配置到 artinit/jsinit 之前
[1m[34m [*][0m 检测到 pre-resume Java 脚本，先发送到 raw clone TLS JS worker 执行
[1m[35m [agent][0m [JS] [packet350-bootstrap] declared java stealth=wxshadow; capture runtime waits for host loadjs after resume
[32m=> undefined[0m
[1m[36m [→][0m 正在恢复子进程 1328...
[1m[32m [✓][0m 子进程 1328 已恢复运行
[1m[33m [!][0m RF_POST_RESUME_JAVA_WORKER_MODE=skip，跳过 spawn 恢复后的 Java worker 启动
  [2m输入 help 查看命令，exit 退出[0m
rustfrida> [1m[34m [*][0m 重载脚本: /data/local/tmp/metasec_probe_350101_packet-capture_tailfix_capture_171248.js
[1m[35m [agent][0m [agent] [quickjs-soft] soft cleanup start (+0ms, total 0ms)
[1m[35m [agent][0m [agent] [quickjs-soft] phase0 pause_art_controller_reload (+0ms, total 0ms)
[1m[35m [agent][0m [agent] [quickjs-soft] phase1 cut_java_hooks (+0ms, total 1ms)
[1m[35m [agent][0m [agent] [quickjs-soft] phase1 cut_native_hooks (+0ms, total 1ms)
[1m[35m [agent][0m [JS] [drain] start, callback_in_flight=0, exec_in_flight=0
[1m[35m [agent][0m [JS] [drain] done, callback_in_flight=0, exec_in_flight=0 after 0ms (1 rounds)
[1m[35m [agent][0m [agent] [quickjs-soft] phase2 drain_thunk_in_flight (+0ms, total 2ms)
[1m[35m [agent][0m [agent] [quickjs-soft] phase3 free_java_hooks (+0ms, total 2ms)
[1m[35m [agent][0m [agent] [quickjs-soft] phase3 free_native_hooks (+0ms, total 3ms)
[1m[35m [agent][0m [agent] [quickjs-soft] phase3 resume_art_controller_reload (+0ms, total 3ms)
[1m[35m [agent][0m [agent] [quickjs-soft] phase3 detach_jni_thread (+0ms, total 3ms)
[1m[35m [agent][0m [agent] [quickjs-soft] phase3 cleanup_engine (+1ms, total 5ms)
[1m[35m [agent][0m [agent] [quickjs-soft] soft cleanup done (total 5ms) — art_controller + pool + recomp 保留
[1m[34m [*][0m 脚本声明 Java.setStealth(1)，预配置到 artinit/jsinit 之前
[1m[34m [*][0m 检测到 Java 脚本，发送到 Java worker 执行
[1m[35m [agent][0m [java worker] starting
[1m[35m [agent][0m [JS] [module] libart.so range: 0x6e5a0d8000-0x6e5acdb000, path: Some("/apex/com.android.art/lib64/libart.so")
[1m[35m [agent][0m [JS] [java worker] generated dex class=rustfrida.JavaWorker1 size=648
[1m[35m [agent][0m [JS] [java worker] helper class loaded
[1m[35m [agent][0m [JS] [java worker] nativeLoop registered
[1m[35m [agent][0m [JS] [java worker] thread object created
[1m[35m [agent][0m [JS] [java worker] calling Thread.start
[1m[35m [agent][0m [JS] [java worker] started ART-managed worker class=rustfrida.JavaWorker1
[1m[35m [agent][0m [java worker] ready
[1m[35m [agent][0m [JS] [packet350] java stealth=wxshadow before=1 after=1
[1m[35m [agent][0m [JS] [packet350] hooked libmetasec_ml.so+0x14dbf4 @0x6cb3212bf4
[1m[35m [agent][0m [JS] [packet350] java ready uploadUrl=http://127.0.0.1:8891/up/dy/packets device_id=ad75af8e4e9fbe0b process=com.ss.android.ugc.aweme
[1m[35m [agent][0m [JS] [packet350] hooked J.N request adapter/method/header
[1m[35m [agent][0m [JS] [fast] ART callee-save suspend method via setCalleeSaveMethod+runtimeInitSequence: method=0x6f86a4e0, runtime_off=0x28, set_base=0x0, init_seq=0x28
[1m[35m [agent][0m [JS] [hook_engine] [hook] WARNING: both X16 and X17 written by relocated code, X17 may be clobbered
[1m[35m [agent][0m [JS] [packet350] hooked CronetFixedModeOutputStream.write
[1m[35m [agent][0m [JS] [packet350] hooked CronetInputStream.read
[1m[35m [agent][0m [JS] [packet350] hooked CronetHttpURLConnection.setRequestMethod
[1m[35m [agent][0m [JS] [packet350] hooked CronetHttpURLConnection.addRequestProperty
[1m[35m [agent][0m [JS] [packet350] hooked CronetHttpURLConnection.setRequestProperty
[1m[35m [agent][0m [JS] [packet350] hooked CronetHttpURLConnection.getOutputStream
[1m[35m [agent][0m [JS] [packet350] hooked CronetHttpURLConnection.getInputStream
[1m[35m [agent][0m [JS] [packet350] hooked CronetHttpURLConnection.disconnect
[32m=> undefined[0m
rustfrida> [1m[35m [agent][0m [JS] [packet350] track ptr=480445473408 url=https://aweme.snssdk.com/aweme/v2/feed/?type=0&max_cursor=0&min_cursor=-1&count=6&volume=0.0&pull_type=2&need_relieve_aweme=0&filter_warn=0&req_from&is_cold_start=0&address_book_access=2&gps_access=2&splash_cid&splash_type=-1&cached_item_num=4&last_ad_show_interval=-1&download_sdk_info=%7B%22su%22%3A99850%2C%22su_pct%22%3A0.8844109831709478%2C%22pure_mode_enable%22%3A4%2C%22pure_mode%22%3A4%2C%22pure_enhanced_mode_enable%22%3A4%2C%22pure_enhanced_mode%22%3A4%7D&action_mask=-1&action_mask_detail=%7B%227667462130149826789%22%3A2049%2C%227679820642002577851%22%3A2048%7D&action_mask_info=%7B%227679820642002577851%22%3A%7B%22s_ts%22%3A1788253993397%2C%22p_t%22%3A4%7D%2C%227676887974253186289%22%3A%7B%22s_ts%22%3A1788253994102%2C%22p_t%22%3A11%7D%2C%227679467570810499663%22%3A%7B%22s_ts%22%3A1788253996553%2C%22p_t%22%3A605%7D%2C%227672245122268862641%22%3A%7B%22s_ts%22%3A1788253997188%2C%22p_t%22%3A21%7D%2C%227670414223545469105%22%3A%7B%22s_ts%22%3A1788253997845%2C%22p_t%22%3A5%7D%2C%227673517951894471930%22%3A%7B%22s_ts%22%3A1788253998424%2C%22p_t%22%3A23%7D%7D&ad_extra&teen_protector_vote_aweme_count=0&last_teen_protector_vote_aweme_interval=0&sp=5889&is_order_flow=0&user_avatar_shrink=96_96&screen_type=1&pitaya_type=0&location_permission=false&enable_url_compress=1&recent_gids=7667462130149826789%2C7668878348215412721%2C7678698052055918262%2C7673896100981864867%2C7679078561786323569%2C7680128546711580389%2C7679798864777582949%2C7677887333023230016%2C7679025409410006629%2C7680011402165192393%2C7651114685127786171%2C7666969056477853306%2C7680123562561611850%2C7664549141867233627%2C7669656303401005681%2C7679820642002577851%2C7676887974253186289%2C7679467570810499663%2C7672245122268862641%2C7670414223545469105%2C7673517951894471930%2C7679826480419320805&recent_gids_first_time=1788253973&launch_times=35&feed_recommend_req_index=3&audio_value=0&font_category=2&recent_items=%5B%5D&play_style=0&filter_live_cell=false&addiction_info=%7B%0A%22previous_display_aweme%22%3A+%22%22%2C%0A%22previous_display_time%22%3A+0%2C%0A%22previous_display_passback%22%3A+%22%22%2C%0A%22today_usage%22%3A+2842%2C%0A%22today_fatigue%22%3A+7.700000228360295%2C%0A%22current_session_usage%22%3A+10%2C%0A%22current_session_start_time%22%3A+1788253973%2C%0A%22is_avoid%22%3A+1%0A%7D&client_extra&from_push=0&show_unread_entrance=0&show_jump_tab_list&danmaku_switch_status=0&elder_mode=0&need_hotlist_card=false&mock_info&life_card_accept=1023&life_card_unexposed_cards&nearby_extra_data=%7B%22nearby_tab_name%22%3A%22%E5%90%8C%E5%9F%8E%22%2C%22groupon_tab_name%22%3A%22%E5%9B%A2%E8%B4%AD%22%2C%22has_groupon_tab%22%3Atrue%2C%22groupon_tab_index%22%3A5%7D&tab_guide&klink_egdi=AAI9kg947iGp_vQNVUl8tzxSidnBpkiAAtE-xSjPRvT7Fcgo9CC7Ggge&iid=3313280560987770&device_id=4087336283154583&ac=wifi&channel=vivo_1128_64&aid=1128&app_name=aweme&version_code=350100&version_name=35.1.0&device_platform=android&os=android&ssmix=a&device_type=Pixel+6&device_brand=google&language=zh&os_api=35&os_version=15&manifest_version_code=350101&resolution=1080*2209&dpi=420&update_version_code=35109900&_rticket=1788253999338&package=com.ss.android.ugc.aweme&mcc_mnc=46000&first_launch_timestamp=1788216241&last_deeplink_update_version_code=0&cpu_support64=true&host_abi=arm64-v8a&is_guest_mode=0&app_type=normal&minor_status=0&appTheme=light&is_preinstall=0&need_personal_recommend=1&is_android_pad=0&is_android_fold=0&ts=1788253998&cdid=529081aa-54ad-4c5e-9acb-fd39a1666e18&client_status=%7B%22powerMode%22%3A%220%22%2C%22thermalStatus%22%3A%220%22%7D&error_monitor_info=%5B%7B%22createTime%22%3A1788253974503%2C%22errorCodeList%22%3A%5B1%5D%2C%22imprId%22%3A%2220260901171253A1C53219487C8C338762%22%2C%22provider%22%3A%22sati%22%7D%2C%7B%22createTime%22%3A1788253991955%2C%22errorCodeList%22%3A%5B1%5D%2C%22imprId%22%3A%2220260901171309284C0CA347AD2BDAFF8E%22%2C%22provider%22%3A%22sati%22%7D%5D&ug_ab_params=%7B%7D&ug_custom_key=%7B%22widget_install_status%22%3A%220%22%7D
[1m[34m [*][0m 退出交互模式
[1m[34m [*][0m 已发送 shutdown，等待 agent 主动断开连接...
[1m[35m [agent][0m [agent] 收到 shutdown，开始退出清理
[1m[35m [agent][0m [agent] [quickjs] cleanup start (managed-safe unload) (+0ms, total 0ms)
[1m[35m [agent][0m [agent] [quickjs] phase1 cut_java_hooks (+1ms, total 1ms)
[1m[35m [agent][0m [agent] [quickjs] phase1 cut_native_hooks (+89ms, total 90ms)
[1m[35m [agent][0m [agent] [quickjs] phase1 cut_art_controller_routing (+1ms, total 92ms)
[1m[35m [agent][0m [JS] [drain] start, callback_in_flight=52, exec_in_flight=0
[1m[33m [!][0m agent 清理等待超过 1s，已返回交互；目标内资源保留，跳过 loader 残留清理
[1m[34m [*][0m 正在还原 zygote 882 的 patch...
[1m[32m [✓][0m Zygote 882 patch 已还原
