
 ╔══════════════════════════════════════╗
 ║        rustFrida v0.1.0             ║
 ║    ARM64 Dynamic Instrumentation    ║
 ╚══════════════════════════════════════╝

[*] Spawn 模式: 准备注入 com.ss.android.ugc.aweme
[*] 找到 1 个新 zygote 进程
[→] 正在注入 zymbiote 到 zygote64 (pid=882)...
[!] boot heap 中未命中 setArgV0 指针，回退扫描 67 个 ART 相关 RW private 区域
[!] ART 相关 RW private 区域未命中 setArgV0 指针，继续扫描 24 个 ART 相关可读区域
[!] 未在 boot heap、ART 相关 RW private 或 ART 相关可读区域中找到 setArgV0 指针 (0x70f49e2c00)，切换降级模式
[!] 降级为 setcontext-only 阻塞（Android 版本兼容路径）
[✓] Zymbiote 注入成功: zygote64 (pid=882)
[*] 正在启动应用 com.ss.android.ugc.aweme...
[*] 等待进程 com.ss.android.ugc.aweme 启动... (最长 20s)
[✓] 收到 spawn hello: pid=32464, ppid=882, package=com.ss.android.ugc.aweme
[*] 正在向子进程 32464 注入 agent...
[*] 正在附加到进程 PID: 32464 (Frida-style bootstrapper)
[✓] 成功附加到进程 32464，等待 SIGSTOP...
[✓] 进程已停止，可以操作寄存器
[✓] bootstrapper 完成: libc API 已解析
[✓] 已分离目标进程
[✓] Loader: agent 加载成功
[*] 等待 agent 连接... (最长 60s)
[✓] Agent 已连接
[*] 子进程暂停中，准备加载脚本
[*] 加载脚本: /data/local/tmp/runtime_ssl_single_350101.js
[*] 检测到 pre-resume Java 脚本，先发送到 raw clone TLS JS worker 执行
[agent] [JS] [metasec-probe350] loaded version=350101 selected="ssl"
[agent] [JS] [metasec-probe350] install mode=ssl source=metasec_probe_350101.js#ssl
[agent] [JS] [metassl] watch loader android_dlopen_ext @0x7112ffa100
[agent] [JS] [metassl] watch loader dlopen @0x7112ffa020
[→] 正在恢复子进程 32464...
[✓] 子进程 32464 已恢复运行
[*] RF_RESTORE_ZYGOTE_AFTER_CHILD_RESUME=1，spawn 子进程恢复后立即还原 zygote patch
[*] 正在还原 zygote 882 的 patch...
[✓] Zygote 882 patch 已还原
[*] spawn 已恢复，检测到 Java 操作，启动 Java worker
[agent] [java worker] starting
[agent] [JS] [module] libart.so range: 0x6e5a0d8000-0x6e5acdb000, path: Some("/apex/com.android.art/lib64/libart.so")
[agent] [JS] [java worker] generated dex class=rustfrida.JavaWorker1 size=648
[agent] [JS] [java worker] helper class loaded
[agent] [JS] [java worker] nativeLoop registered
[agent] [JS] [java worker] thread object created
[agent] [JS] [java worker] calling Thread.start
[agent] [JS] [java worker] started ART-managed worker class=rustfrida.JavaWorker1
[agent] [java worker] ready
[agent] [JS] [metassl] android_dlopen_ext loaded /data/app/~~na7dq0QJPM3TlOgWfFFaKg==/com.ss.android.ugc.aweme-sWxsoc19sPwX3CppMH73Qg==/lib/arm64/libsscronet.so
[agent] [JS] [metassl] replace libttboringssl.so!SSL_CTX_set_custom_verify @0x6ca3e87fb0 path=rf-js-replace
[agent] [JS] [metassl] replace libttboringssl.so!SSL_set_custom_verify @0x6ca3e87fbc path=rf-js-replace
[agent] [JS] [metassl] android_dlopen_ext loaded /data/app/~~na7dq0QJPM3TlOgWfFFaKg==/com.ss.android.ugc.aweme-sWxsoc19sPwX3CppMH73Qg==/lib/arm64/libttcrypto.so
[agent] [JS] [metassl] android_dlopen_ext loaded /data/app/~~na7dq0QJPM3TlOgWfFFaKg==/com.ss.android.ugc.aweme-sWxsoc19sPwX3CppMH73Qg==/lib/arm64/libttboringssl.so
[agent] [JS] [metassl] SSL_CTX_set_custom_verify ctx/ssl=0x6facaa2d18 mode=0x1 cb=0x6ca031c888 path=rf-js-replace hit=1
[agent] [JS] [metassl] custom verify callback hooked 0x6ca031c888 source=libttboringssl.so!SSL_CTX_set_custom_verify path=rf-js-replace
[agent] [JS] [metassl] SSL_CTX_set_custom_verify ctx/ssl=0x6facaa42f8 mode=0x1 cb=0x6ca01d1cfc path=rf-js-replace hit=2
[agent] [JS] [metassl] custom verify callback hooked 0x6ca01d1cfc source=libttboringssl.so!SSL_CTX_set_custom_verify path=rf-js-replace
[agent] [JS] [metassl] custom_verify_cb 0x6ca01d1cfc source=libttboringssl.so!SSL_CTX_set_custom_verify original=2 -> force 0
[agent] [JS] [metassl] custom_verify_cb 0x6ca01d1cfc source=libttboringssl.so!SSL_CTX_set_custom_verify original=0 -> force 0
[agent] [JS] [metassl] custom_verify_cb 0x6ca01d1cfc source=libttboringssl.so!SSL_CTX_set_custom_verify original=0 -> force 0
[agent] [JS] [metassl] custom_verify_cb 0x6ca01d1cfc source=libttboringssl.so!SSL_CTX_set_custom_verify original=0 -> force 0
[agent] [JS] [metassl] custom_verify_cb 0x6ca01d1cfc source=libttboringssl.so!SSL_CTX_set_custom_verify original=0 -> force 0
[agent] [JS] [metassl] custom_verify_cb 0x6ca01d1cfc source=libttboringssl.so!SSL_CTX_set_custom_verify original=0 -> force 0
[agent] [JS] [metassl] custom_verify_cb 0x6ca01d1cfc source=libttboringssl.so!SSL_CTX_set_custom_verify original=0 -> force 0
[agent] [JS] [metassl] custom_verify_cb 0x6ca01d1cfc source=libttboringssl.so!SSL_CTX_set_custom_verify original=0 -> force 0
[agent] [JS] [metassl] custom_verify_cb 0x6ca01d1cfc source=libttboringssl.so!SSL_CTX_set_custom_verify original=0 -> force 0
[agent] [JS] [metassl] custom_verify_cb 0x6ca01d1cfc source=libttboringssl.so!SSL_CTX_set_custom_verify original=0 -> force 0
[agent] [JS] [metassl] custom_verify_cb 0x6ca01d1cfc source=libttboringssl.so!SSL_CTX_set_custom_verify original=0 -> force 0
[agent] [JS] [metassl] custom_verify_cb 0x6ca01d1cfc source=libttboringssl.so!SSL_CTX_set_custom_verify original=0 -> force 0
[agent] [JS] [metassl] custom_verify_cb 0x6ca01d1cfc source=libttboringssl.so!SSL_CTX_set_custom_verify original=0 -> force 0
[agent] [JS] [metassl] custom_verify_cb 0x6ca01d1cfc source=libttboringssl.so!SSL_CTX_set_custom_verify original=0 -> force 0
[agent] [JS] [metassl] custom_verify_cb 0x6ca01d1cfc source=libttboringssl.so!SSL_CTX_set_custom_verify original=0 -> force 0
[agent] [JS] [metassl] custom_verify_cb 0x6ca01d1cfc source=libttboringssl.so!SSL_CTX_set_custom_verify original=0 -> force 0
[agent] [JS] [metassl] custom_verify_cb 0x6ca01d1cfc source=libttboringssl.so!SSL_CTX_set_custom_verify original=0 -> force 0
[agent] [JS] [metassl] custom_verify_cb 0x6ca01d1cfc source=libttboringssl.so!SSL_CTX_set_custom_verify original=0 -> force 0
[agent] [JS] [metassl] custom_verify_cb 0x6ca01d1cfc source=libttboringssl.so!SSL_CTX_set_custom_verify original=0 -> force 0
[agent] [JS] [metassl] custom_verify_cb 0x6ca01d1cfc source=libttboringssl.so!SSL_CTX_set_custom_verify original=0 -> force 0
[agent] [JS] [metassl] custom_verify_cb 0x6ca01d1cfc source=libttboringssl.so!SSL_CTX_set_custom_verify original=0 -> force 0
[agent] [JS] [metassl] custom_verify_cb 0x6ca01d1cfc source=libttboringssl.so!SSL_CTX_set_custom_verify original=0 -> force 0
[agent] [JS] [metassl] custom_verify_cb 0x6ca01d1cfc source=libttboringssl.so!SSL_CTX_set_custom_verify original=0 -> force 0
[agent] [JS] [metassl] custom_verify_cb 0x6ca01d1cfc source=libttboringssl.so!SSL_CTX_set_custom_verify original=0 -> force 0
[agent] [JS] [metassl] custom_verify_cb 0x6ca01d1cfc source=libttboringssl.so!SSL_CTX_set_custom_verify original=0 -> force 0
[agent] [JS] [metassl] custom_verify_cb 0x6ca01d1cfc source=libttboringssl.so!SSL_CTX_set_custom_verify original=0 -> force 0
[agent] [JS] [metassl] custom_verify_cb 0x6ca01d1cfc source=libttboringssl.so!SSL_CTX_set_custom_verify original=0 -> force 0
[agent] [JS] [metassl] custom_verify_cb 0x6ca01d1cfc source=libttboringssl.so!SSL_CTX_set_custom_verify original=0 -> force 0
[agent] [JS] [metassl] custom_verify_cb 0x6ca01d1cfc source=libttboringssl.so!SSL_CTX_set_custom_verify original=2 -> force 0
[agent] [JS] [metassl] custom_verify_cb 0x6ca031c888 source=libttboringssl.so!SSL_CTX_set_custom_verify original=0 -> force 0
[agent] [JS] [metassl] custom_verify_cb 0x6ca01d1cfc source=libttboringssl.so!SSL_CTX_set_custom_verify original=0 -> force 0
[agent] [JS] [metassl] custom_verify_cb 0x6ca01d1cfc source=libttboringssl.so!SSL_CTX_set_custom_verify original=0 -> force 0
[*] 退出交互模式
[*] 已发送 shutdown，等待 agent 主动断开连接...
[agent] [agent] 收到 shutdown，开始退出清理
[agent] [agent] [quickjs] cleanup start (managed-safe unload) (+0ms, total 0ms)
[agent] [agent] [quickjs] phase1 cut_java_hooks (+0ms, total 0ms)
