
 ╔══════════════════════════════════════╗
 ║        rustFrida v0.1.0             ║
 ║    ARM64 Dynamic Instrumentation    ║
 ╚══════════════════════════════════════╝

[*] Spawn 模式: 准备注入 com.ss.android.ugc.aweme
[*] 正在修补 SELinux 策略...
[→] 当前 SELinux domain: shell
[→] 策略大小: 999270 bytes
[→] SELinux 策略版本: 30, MLS: true
[→] 解析 5 个 commons
[→] 解析 107 个 classes
[→] 解析 2782 个 types
[→] avtab: 54217 条目, offset 0x27030
[→] avtab 范围: 0x27030..0xCCC22 (678898 bytes)
[→] 规则变更: 新增 0, 修改 0
[→] 所有规则已存在，无需修补
[→] Zymbiote socket 名称: rustfrida-zymbiote-ebd1c03f4ba70a7f67d9e35b879278ab
[→] 跳过 32 位进程 zygote (pid=864)
[*] 找到 1 个新 zygote 进程
[→] 正在注入 zymbiote 到 zygote64 (pid=863)...
[→] Payload 写入位置: 0x754dfee000 (backing: /system/lib64/libstagefright.so +0x1ea000)
[→] libc.so 基址: 0x7540282000, 路径: /apex/com.android.runtime/lib64/bionic/libc.so
[→] libc 函数地址已解析
[→] setArgV0 地址: 0x75410bdc00
[→] selinux_android_setcontext 地址: 0x7547aa3a40
[→] ZymbioteContext: ctx_base=0xef8, payload_len=0xfe0
[→] build_payload: prop_remap=0 (PROP_PROFILE_DIR=None)
[→] Payload 构建完成: 4064 bytes
[→] 搜索 4 个 boot heap 区域查找 setArgV0 指针
[→] setArgV0 指针位置: 0x71e950d8 (原始值 0x75410bdc00)
[→] payload 写入范围: [0x754dfee000,0x754dfeefe0) len=4064 vma=[0x754de97000,0x754dfef000) perms=r-xp page_size=0x1000
[→] Payload 写入完成
[→] setArgV0 指针已替换: 0x75410bdc00 → 0x754dfee0e8
[→] setcontext GOT 已替换: 0x75411a25f8
[✓] Zymbiote 注入成功: zygote64 (pid=863)
[→] 主进程解析: com.ss.android.ugc.aweme 使用默认包进程
[*] 正在启动应用 com.ss.android.ugc.aweme...
[→] 正在停止应用 com.ss.android.ugc.aweme...
[→] Launch activity: com.ss.android.ugc.aweme/.splash.SplashActivity
[*] 等待进程 com.ss.android.ugc.aweme 启动... (最长 20s)
[→] Zymbiote hello: pid=11888, ppid=863, package=com.ss.android.ugc.aweme
[✓] 收到 spawn hello: pid=11888, ppid=863, package=com.ss.android.ugc.aweme
[*] 正在向子进程 11888 注入 agent...
[*] 正在附加到进程 PID: 11888 (Frida-style bootstrapper)
[→] 注入线程候选: tid=11895 comm=FinalizerWatchd wchan=futex_wait_queue
[→] 选择工作线程执行注入: tid=11895
[✓] 成功附加到进程 11895，等待 SIGSTOP...
[✓] 进程已停止，可以操作寄存器
[→] stop-the-world: 已暂停 7 个其他线程
[→] code-swap 区域: 0x75647c4000 (8797 bytes)
[→] bootstrapper Phase 1: mmap 分配...
[→] bootstrapper 分配 RWX 区域: 0x756302d000 (32768 bytes)
[→] code-swap 区域已恢复
[→] bootstrapper 写入完成 (8797 bytes)
[→] 调用 bootstrapper Phase 2...
[✓] bootstrapper 完成: libc API 已解析
[→] rtld_flavor: 5
[→] platform bases: libc=0x7540282000, linker=0x756477d000
[→] ctrlfds: [82, 83]
[→] agent linker: 自解析 ELF/重定位/外部符号，不调用 dlopen/dlsym
[→] loader thread: raw clone，不调用 libc pthread
[→] pidfd_getfd: pid=11888 target_fd=82 → host_fd=9
[→] 已提取 ctrl fd: target 82 → host 9
[→] StringTable 写入: 0x75630312d0
[→] loader 写入完成 (14275 bytes)
[→] 调用 loader...
[→] 分离前寄存器: PC=0x754030795c SP=0x726b1b0ce0 LR=0x72a579fa88 FP(x29)=0x726b1b0d50 x19=0x7387282820
[✓] 已分离目标进程
[→] Loader worker tid: 11897
[→] memfd SELinux label → u:object_r:tmpfs:s0:c24,c257,c512,c768
[→] agent SO fd 已发送 (4022584 bytes, padded 4210688)
[→] REPL socketpair fd 已发送
[→] Loader: link: start
[→] Loader: link: elf mapped
[→] Loader: link: load segments mapped
[→] Loader: link: dynamic parsed
[→] Loader: link: resolver built
[→] Loader: link: rela applied
[→] Loader: link: plt rela applied
[→] Loader: link: relro protected
[→] Loader: link: init done
[→] Loader: worker: agent linked
[→] Loader: worker: exports resolved
[→] Loader: worker: repl fd received
[✓] Loader: agent 加载成功
[*] 等待 agent 连接... (最长 10s)
[✓] Agent 已连接
[*] 子进程暂停中，准备加载脚本
[*] 加载脚本: /data/local/tmp/gumtrace_getHttpHeadVerify_350_entrydump.js
[*] 脚本发送到 raw clone TLS JS worker 执行
[agent] [JS] [module] file read failed for /memfd:jit-zygote-cache, trying memory at 0x54000000
[agent] [JS] [module] file read failed for /memfd:jit-cache, trying memory at 0x58000000
[agent] [JS] [gumtrace-getHttpHeadVerify-350] waiting for libmetasec_ml.so
[agent] [JS] [hook_engine] hook_mmap_near_range: OK at 0x7559a38000 for target 0x7559a49100 (range=±134217728, gap#0 step=1)
=> undefined
[→] 正在恢复子进程 11888...
[→] 等待子进程 11888 关闭 socket...
[→] 等待子进程 11888 SIGSTOP...
[→] 子进程 11888 已停止
[→] 还原子进程 11888 payload at 0x754dfee000 (4064 bytes)
[→] 还原子进程 11888 setArgV0 指针 at 0x71e950d8
[→] 还原子进程 11888 setcontext GOT at 0x75411a25f8
[✓] 子进程 11888 已恢复运行
[*] spawn 已恢复，启动 Java worker 作为后续 Java 操作执行线程
[agent] [java worker] starting
[agent] [JS] [java executor] installing Java-thread executor hooks without JNIEnv (symbol/self-parse)
[agent] [JS] [java executor] MessageQueue JNI table: nativePollOnce=0x75410a9e30, nativeWake=0x75410a9ea0
[agent] [JS] [hook_engine] hook_mmap_near_range: OK at 0x75411a9000 for target 0x75410a9e30 (range=±134217728, gap#0 step=1)
[agent] [JS] [java executor] MessageQueue loop hook installed: poll=0x75410a9e30, hook=0x75410a9e30, wake=0x75410a9ea0
[agent] [JS] [java executor] main epoll wake fd observed: epoll=86, eventfd=85
[agent] [JS] [java executor] skip invalid MessageQueue ptr at poll: 0x74a72b4420
[agent] [JS] [module] libart.so range: 0x72a524a000-0x72a5e4d000, path: Some("/apex/com.android.art/lib64/libart.so")
[agent] [JS] [java executor] skip invalid MessageQueue ptr at poll: 0x74a7309740
[agent] [JS] [java worker] generated dex class=rustfrida.JavaWorker1 size=616
[agent] [JS] [java worker] helper class loaded
[agent] [JS] [java worker] nativeLoop registered
[agent] [JS] [java worker] thread object created
[agent] [JS] [java worker] calling Thread.start
[agent] [JS] [java worker] started ART-managed worker class=rustfrida.JavaWorker1
[agent] [JS] [java executor] MessageQueue drained 1 raw-clone task(s)
[agent] [JS] [java executor] skip invalid MessageQueue ptr at poll: 0x74a72b4420
[agent] [JS] [java executor] skip invalid MessageQueue ptr at poll: 0x74a72b4420
[agent] [JS] [gumtrace-getHttpHeadVerify-350] dlopen loaded: /data/app/~~GJKKQPtkpHqhegsADfD9mQ==/com.ss.android.ugc.aweme-vsHSySl5UaKL1lfqkWR0ag==/lib/arm64/libmetasec_ml.so
[agent] [JS] [gumtrace-getHttpHeadVerify-350] wrapper target=0x70f406abf4 offset=0x14dbf4
[agent] [JS] [hook_engine] hook_mmap_near_range: OK at 0x70f41e6000 for target 0x70f406abf4 (range=±134217728, gap#0 step=1)
[agent] [JS] [gumtrace-getHttpHeadVerify-350] installed wrapper hook
[agent] [JS] [gumtrace-getHttpHeadVerify-350] module base=0x70f3f1d000 target=0x70f4066ca8 offset=0x149ca8
[agent] [JS] [gumtrace-getHttpHeadVerify-350] installed GumTrace gate hook
[agent] [JS] [gumtrace-getHttpHeadVerify-350] hit wrapper; x0/s1=0x7477315410 x1/s2=0x74072de6c0 x2=0x18 x3=0x2d766cea6c5 x4=0xffffffffffffff x5=0x2f5ed78 x8=0x1d983a2900 lr=0x70f9887560
[agent] [JS] [gumtrace-getHttpHeadVerify-350] [wrapper-dump] ---- 0x14dbf4 args begin ----
[agent] [JS] [gumtrace-getHttpHeadVerify-350] [entry-dump] wrap.x0=0x7477315410 range=0x74772e1000-0x7477321000 rw- [anon:scudo:primary]
[agent] [JS] [gumtrace-getHttpHeadVerify-350] [entry-dump] wrap.x0 qwords +0x0=0x2f2f3a7370747468 +0x8=0x7a2e666c2d736376 +0x10=0x2e69706165696a69 +0x18=0x732f63762f6d6f63 +0x20=0x613f676e69747465 +0x28=0x3d656d616e5f7070 +0x30=0x657626656d657761 +0x38=0x616e5f6e6f697372
[agent] [JS] [gumtrace-getHttpHeadVerify-350] [entry-dump] wrap.x0 bytes len=0x100 fnv1a=d254573c hex=68 74 74 70 73 3a 2f 2f 76 63 73 2d 6c 66 2e 7a 69 6a 69 65 61 70 69 2e 63 6f 6d 2f 76 63 2f 73 65 74 74 69 6e 67 3f 61 70 70 5f 6e 61 6d 65 3d 61 77 65 6d 65 26 76 65 72 73 69 6f 6e 5f 6e 61 6d 65 3d 33 35 2e 31 2e 30 26 61 70 70 5f 76 65 72 73 69 6f 6e 3d 33 35 2e 31 2e 30 26 63 68 61 6e 6e 65 6c 3d 76 69 76 6f 5f 31 31 32 38 5f 36 34 26 73 64 6b 5f 76 65 72 73 69 6f 6e 3d 34 2e 30 2e 31 2e 63 6e 26 76 65 72 73 69 6f 6e 5f 63 6f 64 65 3d 33 35 30 31 30 31 26 64 65 76 69 63 65 5f 70 6c 61 74 66 6f 72 6d 3d 61 6e 64 72 6f 69 64 26 6c 61 6e 67 3d 7a 68 26 61 69 64 3d 31 31 32 38 00 00 00 00 00 00 00 00 00 00 00 00 00 0a 00 0d 00 00 00 95 43 00 00 00 00 00 00 00 00 00 00 00 00 00 00 00 00 00 00 00 00 00 00 00 00 b0 56 31 77 74 00 00 00 01 73 20 30 30 30 30 30
[agent] [JS] [gumtrace-getHttpHeadVerify-350] [entry-dump] wrap.x0 ascii="https://vcs-lf.zijieapi.com/vc/setting?app_name=aweme&version_name=35.1.0&app_version=35.1.0&channel=vivo_1128_64&sdk_version=4.0.1.cn&version_code=350101&device_platform=android&lang=zh&aid=1128.............\n.\r....C.........................V1wt....s 00000"
[agent] [JS] [gumtrace-getHttpHeadVerify-350] [entry-dump] wrap.x0 cstr len=195 complete=true fnv1a=eef5d6d3 preview="https://vcs-lf.zijieapi.com/vc/setting?app_name=aweme&version_name=35.1.0&app_version=35.1.0&channel=vivo_1128_64&sdk_version=4.0.1.cn&version_code=350101&device_platform=android&lang=zh&aid=1128"
[agent] [JS] [gumtrace-getHttpHeadVerify-350] [entry-dump] wrap.x1=0x74072de6c0 range=0x740729f000-0x740731f000 rw- [anon:scudo:primary]
[agent] [JS] [gumtrace-getHttpHeadVerify-350] [entry-dump] wrap.x1 qwords +0x0=0xa0d65696b6f6f63 +0x8=0x74726f7073736170 +0x10=0x6f745f667273635f +0x18=0x666234663d6e656b +0x20=0x3662336233326163 +0x28=0x3066383530323733 +0x30=0x3765333834653364 +0x38=0x6170203b66326235
[agent] [JS] [gumtrace-getHttpHeadVerify-350] [entry-dump] wrap.x1 bytes len=0x100 fnv1a=e6c6592f hex=63 6f 6f 6b 69 65 0d 0a 70 61 73 73 70 6f 72 74 5f 63 73 72 66 5f 74 6f 6b 65 6e 3d 66 34 62 66 63 61 32 33 62 33 62 36 33 37 32 30 35 38 66 30 64 33 65 34 38 33 65 37 35 62 32 66 3b 20 70 61 73 73 70 6f 72 74 5f 63 73 72 66 5f 74 6f 6b 65 6e 5f 64 65 66 61 75 6c 74 3d 66 34 62 66 63 61 32 33 62 33 62 36 33 37 32 30 35 38 66 30 64 33 65 34 38 33 65 37 35 62 32 66 3b 20 73 74 6f 72 65 2d 72 65 67 69 6f 6e 3d 63 6e 2d 67 64 3b 20 73 74 6f 72 65 2d 72 65 67 69 6f 6e 2d 73 72 63 3d 64 69 64 3b 20 69 6e 73 74 61 6c 6c 5f 69 64 3d 33 33 31 33 32 38 30 35 36 30 39 38 37 37 37 30 3b 20 74 74 72 65 71 3d 31 24 63 38 31 34 36 31 66 61 66 35 37 61 36 31 61 63 62 38 61 31 30 65 64 34 32 34 31 62 33 66 64 61 37 34 39 32 32 33 32 30 3b 20 6f 64 69 6e 5f 74 74 3d 62 32 30
[agent] [JS] [gumtrace-getHttpHeadVerify-350] [entry-dump] wrap.x1 ascii="cookie\r\npassport_csrf_token=f4bfca23b3b6372058f0d3e483e75b2f; passport_csrf_token_default=f4bfca23b3b6372058f0d3e483e75b2f; store-region=cn-gd; store-region-src=did; install_id=3313280560987770; ttreq=1$c81461faf57a61acb8a10ed4241b3fda74922320; odin_tt=b20"
[agent] [JS] [gumtrace-getHttpHeadVerify-350] [entry-dump] wrap.x1 cstr len=902 complete=true fnv1a=4e8404db preview="cookie\r\npassport_csrf_token=f4bfca23b3b6372058f0d3e483e75b2f; passport_csrf_token_default=f4bfca23b3b6372058f0d3e483e75b2f; store-region=cn-gd; store-region-src=did; install_id=3313280560987770; ttreq=1$c81461faf57a61acb8a10ed4241b3fda74922320; odin_tt=b2089fd7de963d689e50496e324c9570e5245fbb4147a9529403e4ad3868191b304dc1ec9da07869f2ad5664dabc8a24ac5f029fb7c782ac994492c9d6bee3a4f4075a095109355fced591b55f1019c0\r\nx-tt-request-tag\r\nn=0;t=0;s=0;p=0\r\nx-vc-bdturing-sdk-version\r\n4.0.1.cn\r\ncontent-type\r\napplication"
[agent] [JS] [gumtrace-getHttpHeadVerify-350] [entry-dump] wrap.x2=0x18 range=unmapped
[agent] [JS] [gumtrace-getHttpHeadVerify-350] [entry-dump] wrap.x2 qwords +0x0=<err:RangeError: Invalid memory address>
[agent] [JS] [gumtrace-getHttpHeadVerify-350] [entry-dump] wrap.x2 bytes <read failed>
[agent] [JS] [gumtrace-getHttpHeadVerify-350] [entry-dump] wrap.x3=0x2d766cea6c5 range=unmapped
[agent] [JS] [gumtrace-getHttpHeadVerify-350] [entry-dump] wrap.x3 qwords +0x0=<err:RangeError: Invalid memory address>
[agent] [JS] [gumtrace-getHttpHeadVerify-350] [entry-dump] wrap.x3 bytes <read failed>
[agent] [JS] [gumtrace-getHttpHeadVerify-350] [entry-dump] wrap.x4=0xffffffffffffff range=unmapped
[agent] [JS] [gumtrace-getHttpHeadVerify-350] [entry-dump] wrap.x4 qwords +0x0=<err:RangeError: Invalid memory address>
[agent] [JS] [gumtrace-getHttpHeadVerify-350] [entry-dump] wrap.x4 bytes <read failed>
[agent] [JS] [gumtrace-getHttpHeadVerify-350] [entry-dump] wrap.x5=0x2f5ed78 range=unmapped
[agent] [JS] [gumtrace-getHttpHeadVerify-350] [entry-dump] wrap.x5 qwords +0x0=<err:RangeError: Invalid memory address>
[agent] [JS] [gumtrace-getHttpHeadVerify-350] [entry-dump] wrap.x5 bytes <read failed>
[agent] [JS] [gumtrace-getHttpHeadVerify-350] [entry-dump] wrap.x8=0x1d983a2900 range=unmapped
[agent] [JS] [gumtrace-getHttpHeadVerify-350] [entry-dump] wrap.x8 qwords +0x0=<err:RangeError: Invalid memory address>
[agent] [JS] [gumtrace-getHttpHeadVerify-350] [entry-dump] wrap.x8 bytes <read failed>
[agent] [JS] [gumtrace-getHttpHeadVerify-350] [wrapper-dump] lr=0x70f9887560 sp=0x7108c90cd0
[agent] [JS] [gumtrace-getHttpHeadVerify-350] [wrapper-dump] ---- 0x14dbf4 args end ----
[agent] [JS] [gumtrace-getHttpHeadVerify-350] hit target; x0(cookie_http)=0x7327278780 x1(json_list)=0x7108c90540 x2(url)=0x7108c90530 x3(x_ss_stub)=0x7108c90520 x4/type=0x171 x5(tree_map)=0x7108c90510 x8(sig_tree)=0x7108c90658 lr=0x70f406804c
[agent] [JS] [gumtrace-getHttpHeadVerify-350] [entry-dump] ---- 0x149ca8 args begin ----
[agent] [JS] [gumtrace-getHttpHeadVerify-350] [entry-dump] x0=0x7327278780 range=0x732725a000-0x73272da000 rw- [anon:scudo:primary]
[agent] [JS] [gumtrace-getHttpHeadVerify-350] [entry-dump] x0 qwords +0x0=0x70f418dc50 +0x8=0x7347343f90 +0x10=0x74472b13f0 +0x18=0x72f72bfe10 +0x20=0x74472b1270 +0x28=0x7347345f90 +0x30=0x73472f3f10 +0x38=0x74472b1150
[agent] [JS] [gumtrace-getHttpHeadVerify-350] [entry-dump] x0 bytes len=0x100 fnv1a=8abc51bf hex=50 dc 18 f4 70 00 00 00 90 3f 34 47 73 00 00 00 f0 13 2b 47 74 00 00 00 10 fe 2b f7 72 00 00 00 70 12 2b 47 74 00 00 00 90 5f 34 47 73 00 00 00 10 3f 2f 47 73 00 00 00 50 11 2b 47 74 00 00 00 90 c9 28 47 74 00 00 00 10 df 28 47 74 00 00 00 00 e1 17 f4 70 00 00 00 00 00 00 00 00 00 00 00 00 00 00 00 00 00 00 00 00 00 00 00 00 00 00 00 00 00 00 00 00 00 00 00 00 00 00 00 00 00 00 00 00 00 00 00 00 00 00 00 00 00 00 00 00 00 00 00 00 00 00 00 00 00 00 00 00 00 00 00 00 00 00 00 08 01 09 00 00 00 d5 c5 00 00 00 00 00 00 00 00 e0 e0 17 f4 70 00 00 00 00 e1 17 f4 70 00 00 00 00 00 00 00 00 00 00 00 00 00 00 00 00 00 00 00 00 00 00 00 00 00 00 00 00 00 00 00 00 00 00 00 00 00 00 00 00 00 00 00 00 00 00 00 00 00 00 00 00 00 00 00 00 00 00 00 50 c1 18 f4 70 00 00 00
[agent] [JS] [gumtrace-getHttpHeadVerify-350] [entry-dump] x0 ascii="P...p....?4Gs.....+Gt.....+.r...p.+Gt...._4Gs....?/Gs...P.+Gt.....(Gt.....(Gt.......p.............................................................................\t.................p.......p...........................................................P...p..."
[agent] [JS] [gumtrace-getHttpHeadVerify-350] [entry-dump] x0 cstr len=5 complete=true fnv1a=46cd265f preview="P...p"
[agent] [JS] [gumtrace-getHttpHeadVerify-350] [entry-dump] x0.q0 -> 0x70f418dc50 range=0x70f417d000-0x70f419a000 r-- /data/app/~~GJKKQPtkpHqhegsADfD9mQ==/com.ss.android.ugc.aweme-vsHSySl5UaKL1lfqkWR0ag==/lib/arm64/libmetasec_ml.so bytes len=0x40 fnv1a=0f318ea0 hex=98 63 06 f4 70 00 00 00 04 64 06 f4 70 00 00 00 e4 30 04 f4 70 00 00 00 64 30 04 f4 70 00 00 00 78 99 06 f4 70 00 00 00 e0 2e 04 f4 70 00 00 00 70 99 06 f4 70 00 00 00 80 98 06 f4 70 00 00 00 ascii=".c..p....d..p....0..p...d0..p...x...p.......p...p...p.......p..."
[agent] [JS] [gumtrace-getHttpHeadVerify-350] [entry-dump] x0.q0 cstr len=5 complete=true fnv1a=b74fb4ca preview=".c..p"
[agent] [JS] [gumtrace-getHttpHeadVerify-350] [entry-dump] x0.q1 -> 0x7347343f90 range=0x73472e9000-0x7347429000 rw- [anon:scudo:primary] bytes len=0x40 fnv1a=33082502 hex=50 c1 18 f4 70 00 00 00 98 68 f6 f3 70 00 00 00 c4 68 f6 f3 70 00 00 00 c8 68 f6 f3 70 00 00 00 d0 48 34 47 73 00 00 00 10 70 34 47 73 00 00 00 03 01 03 00 00 00 55 f3 00 00 00 00 00 00 00 00 ascii="P...p....h..p....h..p....h..p....H4Gs....p4Gs.........U........."
[agent] [JS] [gumtrace-getHttpHeadVerify-350] [entry-dump] x0.q1 cstr len=5 complete=true fnv1a=a62bfc02 preview="P...p"
[agent] [JS] [gumtrace-getHttpHeadVerify-350] [entry-dump] x0.q2 -> 0x74472b13f0 range=0x744729f000-0x74472df000 rw- [anon:scudo:primary] bytes len=0x40 fnv1a=ae4cc1e2 hex=18 00 00 00 00 00 00 00 00 00 00 00 00 00 00 00 01 71 00 00 00 00 84 ac 00 00 00 00 00 00 00 00 2e 6d 73 66 33 5f 00 00 00 00 00 00 00 00 00 00 01 71 00 00 00 00 b6 d1 00 00 00 00 00 00 00 00 ascii=".................q...............msf3_...........q.............."
[agent] [JS] [gumtrace-getHttpHeadVerify-350] [entry-dump] x0.q2 cstr len=1 complete=true fnv1a=1d0c82e7 preview="."
[agent] [JS] [gumtrace-getHttpHeadVerify-350] [entry-dump] x0.q3 -> 0x72f72bfe10 range=0x72f72a7000-0x72f7367000 rw- [anon:scudo:primary] bytes len=0x40 fnv1a=08f7a965 hex=78 c0 18 f4 70 00 00 00 90 b2 35 97 73 00 00 00 90 09 2b 47 74 00 00 00 90 51 34 47 73 00 00 00 90 11 2b 47 74 00 00 00 40 b7 35 97 73 00 00 00 70 10 2b 47 74 00 00 00 60 cd 35 97 73 00 00 00 ascii="x...p.....5.s....\t+Gt....Q4Gs.....+Gt...@.5.s...p.+Gt...`.5.s..."
[agent] [JS] [gumtrace-getHttpHeadVerify-350] [entry-dump] x0.q3 cstr len=5 complete=true fnv1a=ed59bfdb preview="x...p"
[agent] [JS] [gumtrace-getHttpHeadVerify-350] [entry-dump] x0.q4 -> 0x74472b1270 range=0x744729f000-0x74472df000 rw- [anon:scudo:primary] bytes len=0x40 fnv1a=11362f6a hex=18 00 00 00 6b 00 00 00 00 00 00 00 00 00 00 00 01 11 00 00 00 00 5b b7 00 00 00 00 00 00 00 00 00 00 00 00 00 00 00 00 00 00 00 00 00 00 00 00 01 41 00 00 00 00 59 d1 00 00 00 00 00 00 00 00 ascii="....k.................[..........................A....Y........."
[agent] [JS] [gumtrace-getHttpHeadVerify-350] [entry-dump] x0.q4 cstr len=1 complete=true fnv1a=1d0c82e7 preview="."
[agent] [JS] [gumtrace-getHttpHeadVerify-350] [entry-dump] x0.q5 -> 0x7347345f90 range=0x73472e9000-0x7347429000 rw- [anon:scudo:primary] bytes len=0x40 fnv1a=8222663d hex=78 d5 17 f4 70 00 00 00 00 00 00 00 00 00 00 00 00 00 00 00 00 00 00 00 00 00 00 00 00 00 00 00 00 00 00 00 00 00 00 00 00 00 00 00 00 00 00 00 03 01 03 00 00 00 ea 8f 00 00 00 00 00 00 00 00 ascii="x...p..........................................................."
[agent] [JS] [gumtrace-getHttpHeadVerify-350] [entry-dump] x0.q5 cstr len=5 complete=true fnv1a=c2540fcf preview="x...p"
[agent] [JS] [gumtrace-getHttpHeadVerify-350] [entry-dump] x0.q6 -> 0x73472f3f10 range=0x73472e9000-0x7347429000 rw- [anon:scudo:primary] bytes len=0x40 fnv1a=b163653b hex=58 dd 18 f4 70 00 00 00 50 a3 28 a7 74 00 00 00 10 32 2f 47 73 00 00 00 b0 e7 28 47 74 00 00 00 70 d6 28 47 74 00 00 00 b9 00 00 00 00 00 00 00 03 01 03 00 00 00 12 43 00 00 00 00 00 00 00 00 ascii="X...p...P.(.t....2/Gs.....(Gt...p.(Gt..................C........"
[agent] [JS] [gumtrace-getHttpHeadVerify-350] [entry-dump] x0.q6 cstr len=5 complete=true fnv1a=7d58c2d6 preview="X...p"
[agent] [JS] [gumtrace-getHttpHeadVerify-350] [entry-dump] x0.q7 -> 0x74472b1150 range=0x744729f000-0x74472df000 rw- [anon:scudo:primary] bytes len=0x40 fnv1a=8b7f0370 hex=01 00 00 00 7f a7 b3 20 8e 53 03 1b 9c 9f 3e a9 01 01 01 00 00 00 80 89 00 00 00 00 00 00 00 00 70 13 2b 47 74 00 00 00 f0 0f 2b 47 74 00 00 00 01 41 00 00 00 00 fb 03 00 00 00 00 00 00 00 00 ascii="....... .S....>.................p.+Gt.....+Gt....A.............."
[agent] [JS] [gumtrace-getHttpHeadVerify-350] [entry-dump] x0.q7 cstr len=1 complete=true fnv1a=040c5b8c preview="."
[agent] [JS] [gumtrace-getHttpHeadVerify-350] [entry-dump] x1=0x7108c90540 range=0x7108b9b000-0x7108c96000 rw- [anon:stack_and_tls:12055]
[agent] [JS] [gumtrace-getHttpHeadVerify-350] [entry-dump] x1 qwords +0x0=0x72f72bfe10 +0x8=0x74472b1270 +0x10=0x0 +0x18=0x0 +0x20=0x0 +0x28=0x0 +0x30=0x7397476670 +0x38=0x74472c5fb0
[agent] [JS] [gumtrace-getHttpHeadVerify-350] [entry-dump] x1 bytes len=0x100 fnv1a=91b9d4a8 hex=10 fe 2b f7 72 00 00 00 70 12 2b 47 74 00 00 00 00 00 00 00 00 00 00 00 00 00 00 00 00 00 00 00 00 00 00 00 00 00 00 00 00 00 00 00 00 00 00 00 70 66 47 97 73 00 00 00 b0 5f 2c 47 74 00 00 00 10 66 47 97 73 00 00 00 70 5f 2c 47 74 00 00 00 50 c6 3f 47 73 00 00 00 b0 57 2c 47 74 00 00 00 80 5c 47 97 73 00 00 00 30 45 2c 47 74 00 00 00 f0 fa 17 f4 70 00 00 00 00 00 00 00 23 ff ff ff 00 00 00 00 00 00 00 00 80 af 19 f4 70 00 00 00 90 c3 3f 47 73 00 00 00 50 c6 3f 47 73 00 00 00 b0 57 2c 47 74 00 00 00 80 af 19 f4 70 00 00 00 90 c3 3f 47 73 00 00 00 10 fe 2b f7 72 00 00 00 70 12 2b 47 74 00 00 00 10 fe 2b f7 72 00 00 00 70 12 2b 47 74 00 00 00 50 d7 2e 47 73 00 00 00 b0 d9 28 47 74 00 00 00 d0 bf 3f 47 73 00 00 00 b0 58 2c 47 74 00 00 00 90 b2 3f 47 73 00 00 00
[agent] [JS] [gumtrace-getHttpHeadVerify-350] [entry-dump] x1 ascii="..+.r...p.+Gt...................................pfG.s...._,Gt....fG.s...p_,Gt...P.?Gs....W,Gt....\G.s...0E,Gt.......p.......#...............p.....?Gs...P.?Gs....W,Gt.......p.....?Gs.....+.r...p.+Gt.....+.r...p.+Gt...P..Gs.....(Gt.....?Gs....X,Gt.....?Gs..."
[agent] [JS] [gumtrace-getHttpHeadVerify-350] [entry-dump] x1 cstr len=5 complete=true fnv1a=8935725d preview="..+.r"
[agent] [JS] [gumtrace-getHttpHeadVerify-350] [entry-dump] x1.q0 -> 0x72f72bfe10 range=0x72f72a7000-0x72f7367000 rw- [anon:scudo:primary] bytes len=0x40 fnv1a=08f7a965 hex=78 c0 18 f4 70 00 00 00 90 b2 35 97 73 00 00 00 90 09 2b 47 74 00 00 00 90 51 34 47 73 00 00 00 90 11 2b 47 74 00 00 00 40 b7 35 97 73 00 00 00 70 10 2b 47 74 00 00 00 60 cd 35 97 73 00 00 00 ascii="x...p.....5.s....\t+Gt....Q4Gs.....+Gt...@.5.s...p.+Gt...`.5.s..."
[agent] [JS] [gumtrace-getHttpHeadVerify-350] [entry-dump] x1.q0 cstr len=5 complete=true fnv1a=ed59bfdb preview="x...p"
[agent] [JS] [gumtrace-getHttpHeadVerify-350] [entry-dump] x1.q1 -> 0x74472b1270 range=0x744729f000-0x74472df000 rw- [anon:scudo:primary] bytes len=0x40 fnv1a=11362f6a hex=18 00 00 00 6b 00 00 00 00 00 00 00 00 00 00 00 01 11 00 00 00 00 5b b7 00 00 00 00 00 00 00 00 00 00 00 00 00 00 00 00 00 00 00 00 00 00 00 00 01 41 00 00 00 00 59 d1 00 00 00 00 00 00 00 00 ascii="....k.................[..........................A....Y........."
[agent] [JS] [gumtrace-getHttpHeadVerify-350] [entry-dump] x1.q1 cstr len=1 complete=true fnv1a=1d0c82e7 preview="."
[agent] [JS] [gumtrace-getHttpHeadVerify-350] [entry-dump] x1.q6 -> 0x7397476670 range=0x73972a9000-0x73974e9000 rw- [anon:scudo:primary] bytes len=0x40 fnv1a=56037a2c hex=83 23 2c a5 72 00 00 00 90 c5 3f 47 73 00 00 00 00 00 00 00 00 00 00 00 30 30 30 30 30 30 30 20 02 01 02 00 00 00 1a 6f 00 00 00 00 00 00 00 00 f0 29 9e 59 75 00 00 00 07 00 00 00 10 00 00 00 ascii=".#,.r.....?Gs...........0000000 .......o.........).Yu..........."
[agent] [JS] [gumtrace-getHttpHeadVerify-350] [entry-dump] x1.q6 cstr len=5 complete=true fnv1a=f3e8534e preview=".#,.r"
[agent] [JS] [gumtrace-getHttpHeadVerify-350] [entry-dump] x1.q7 -> 0x74472c5fb0 range=0x744729f000-0x74472df000 rw- [anon:scudo:primary] bytes len=0x40 fnv1a=c4283bfd hex=40 05 c9 08 71 00 00 00 00 00 00 00 00 00 00 00 01 01 01 00 00 00 1b 61 00 00 00 00 00 00 00 00 61 63 63 65 70 74 2d 65 6e 63 6f 64 69 6e 67 00 01 01 01 00 00 00 29 1c 00 00 00 00 00 00 00 00 ascii="@...q..................a........accept-encoding.......)........."
[agent] [JS] [gumtrace-getHttpHeadVerify-350] [entry-dump] x1.q7 cstr len=5 complete=true fnv1a=64797052 preview="@...q"
[agent] [JS] [gumtrace-getHttpHeadVerify-350] [entry-dump] x2=0x7108c90530 range=0x7108b9b000-0x7108c96000 rw- [anon:stack_and_tls:12055]
[agent] [JS] [gumtrace-getHttpHeadVerify-350] [entry-dump] x2 qwords +0x0=0x7397475c80 +0x8=0x74472c4530 +0x10=0x72f72bfe10 +0x18=0x74472b1270 +0x20=0x0 +0x28=0x0 +0x30=0x0 +0x38=0x0
[agent] [JS] [gumtrace-getHttpHeadVerify-350] [entry-dump] x2 bytes len=0x100 fnv1a=d759f1e9 hex=80 5c 47 97 73 00 00 00 30 45 2c 47 74 00 00 00 10 fe 2b f7 72 00 00 00 70 12 2b 47 74 00 00 00 00 00 00 00 00 00 00 00 00 00 00 00 00 00 00 00 00 00 00 00 00 00 00 00 00 00 00 00 00 00 00 00 70 66 47 97 73 00 00 00 b0 5f 2c 47 74 00 00 00 10 66 47 97 73 00 00 00 70 5f 2c 47 74 00 00 00 50 c6 3f 47 73 00 00 00 b0 57 2c 47 74 00 00 00 80 5c 47 97 73 00 00 00 30 45 2c 47 74 00 00 00 f0 fa 17 f4 70 00 00 00 00 00 00 00 23 ff ff ff 00 00 00 00 00 00 00 00 80 af 19 f4 70 00 00 00 90 c3 3f 47 73 00 00 00 50 c6 3f 47 73 00 00 00 b0 57 2c 47 74 00 00 00 80 af 19 f4 70 00 00 00 90 c3 3f 47 73 00 00 00 10 fe 2b f7 72 00 00 00 70 12 2b 47 74 00 00 00 10 fe 2b f7 72 00 00 00 70 12 2b 47 74 00 00 00 50 d7 2e 47 73 00 00 00 b0 d9 28 47 74 00 00 00 d0 bf 3f 47 73 00 00 00
[agent] [JS] [gumtrace-getHttpHeadVerify-350] [entry-dump] x2 ascii=".\G.s...0E,Gt.....+.r...p.+Gt...................................pfG.s...._,Gt....fG.s...p_,Gt...P.?Gs....W,Gt....\G.s...0E,Gt.......p.......#...............p.....?Gs...P.?Gs....W,Gt.......p.....?Gs.....+.r...p.+Gt.....+.r...p.+Gt...P..Gs.....(Gt.....?Gs..."
[agent] [JS] [gumtrace-getHttpHeadVerify-350] [entry-dump] x2 cstr len=5 complete=true fnv1a=2596c2cc preview=".\G.s"
[agent] [JS] [gumtrace-getHttpHeadVerify-350] [entry-dump] x2.q0 -> 0x7397475c80 range=0x73972a9000-0x73974e9000 rw- [anon:scudo:primary] bytes len=0x40 fnv1a=fd614c18 hex=f0 fa 17 f4 70 00 00 00 c4 00 00 00 c3 00 00 00 10 85 31 77 74 00 00 00 30 30 30 30 30 30 30 20 02 01 02 00 00 00 15 a2 00 00 00 00 00 00 00 00 48 4c 9f 05 72 00 00 00 01 00 00 00 3f 00 00 00 ascii="....p.............1wt...0000000 ................HL..r.......?..."
[agent] [JS] [gumtrace-getHttpHeadVerify-350] [entry-dump] x2.q0 cstr len=5 complete=true fnv1a=39c4e3cc preview="....p"
[agent] [JS] [gumtrace-getHttpHeadVerify-350] [entry-dump] x2.q1 -> 0x74472c4530 range=0x744729f000-0x74472df000 rw- [anon:scudo:primary] bytes len=0x40 fnv1a=65e96bf5 hex=04 00 00 00 30 38 63 39 30 63 64 30 5f 34 00 00 01 81 00 00 00 00 96 1c 00 00 00 00 00 00 00 00 00 00 00 00 00 00 00 00 6d 65 5f 70 61 67 65 00 01 01 01 00 00 00 17 1e 00 00 00 00 00 00 00 00 ascii="....08c90cd0_4..........................me_page................."
[agent] [JS] [gumtrace-getHttpHeadVerify-350] [entry-dump] x2.q1 cstr len=1 complete=true fnv1a=010c56d3 preview="."
[agent] [JS] [gumtrace-getHttpHeadVerify-350] [entry-dump] x2.q2 -> 0x72f72bfe10 range=0x72f72a7000-0x72f7367000 rw- [anon:scudo:primary] bytes len=0x40 fnv1a=08f7a965 hex=78 c0 18 f4 70 00 00 00 90 b2 35 97 73 00 00 00 90 09 2b 47 74 00 00 00 90 51 34 47 73 00 00 00 90 11 2b 47 74 00 00 00 40 b7 35 97 73 00 00 00 70 10 2b 47 74 00 00 00 60 cd 35 97 73 00 00 00 ascii="x...p.....5.s....\t+Gt....Q4Gs.....+Gt...@.5.s...p.+Gt...`.5.s..."
[agent] [JS] [gumtrace-getHttpHeadVerify-350] [entry-dump] x2.q2 cstr len=5 complete=true fnv1a=ed59bfdb preview="x...p"
[agent] [JS] [gumtrace-getHttpHeadVerify-350] [entry-dump] x2.q3 -> 0x74472b1270 range=0x744729f000-0x74472df000 rw- [anon:scudo:primary] bytes len=0x40 fnv1a=11362f6a hex=18 00 00 00 6b 00 00 00 00 00 00 00 00 00 00 00 01 11 00 00 00 00 5b b7 00 00 00 00 00 00 00 00 00 00 00 00 00 00 00 00 00 00 00 00 00 00 00 00 01 41 00 00 00 00 59 d1 00 00 00 00 00 00 00 00 ascii="....k.................[..........................A....Y........."
[agent] [JS] [gumtrace-getHttpHeadVerify-350] [entry-dump] x2.q3 cstr len=1 complete=true fnv1a=1d0c82e7 preview="."
[agent] [JS] [gumtrace-getHttpHeadVerify-350] [entry-dump] x3=0x7108c90520 range=0x7108b9b000-0x7108c96000 rw- [anon:stack_and_tls:12055]
[agent] [JS] [gumtrace-getHttpHeadVerify-350] [entry-dump] x3 qwords +0x0=0x7397476610 +0x8=0x74472c5f70 +0x10=0x7397475c80 +0x18=0x74472c4530 +0x20=0x72f72bfe10 +0x28=0x74472b1270 +0x30=0x0 +0x38=0x0
[agent] [JS] [gumtrace-getHttpHeadVerify-350] [entry-dump] x3 bytes len=0x100 fnv1a=708f45d0 hex=10 66 47 97 73 00 00 00 70 5f 2c 47 74 00 00 00 80 5c 47 97 73 00 00 00 30 45 2c 47 74 00 00 00 10 fe 2b f7 72 00 00 00 70 12 2b 47 74 00 00 00 00 00 00 00 00 00 00 00 00 00 00 00 00 00 00 00 00 00 00 00 00 00 00 00 00 00 00 00 00 00 00 00 70 66 47 97 73 00 00 00 b0 5f 2c 47 74 00 00 00 10 66 47 97 73 00 00 00 70 5f 2c 47 74 00 00 00 50 c6 3f 47 73 00 00 00 b0 57 2c 47 74 00 00 00 80 5c 47 97 73 00 00 00 30 45 2c 47 74 00 00 00 f0 fa 17 f4 70 00 00 00 00 00 00 00 23 ff ff ff 00 00 00 00 00 00 00 00 80 af 19 f4 70 00 00 00 90 c3 3f 47 73 00 00 00 50 c6 3f 47 73 00 00 00 b0 57 2c 47 74 00 00 00 80 af 19 f4 70 00 00 00 90 c3 3f 47 73 00 00 00 10 fe 2b f7 72 00 00 00 70 12 2b 47 74 00 00 00 10 fe 2b f7 72 00 00 00 70 12 2b 47 74 00 00 00 50 d7 2e 47 73 00 00 00
[agent] [JS] [gumtrace-getHttpHeadVerify-350] [entry-dump] x3 ascii=".fG.s...p_,Gt....\G.s...0E,Gt.....+.r...p.+Gt...................................pfG.s...._,Gt....fG.s...p_,Gt...P.?Gs....W,Gt....\G.s...0E,Gt.......p.......#...............p.....?Gs...P.?Gs....W,Gt.......p.....?Gs.....+.r...p.+Gt.....+.r...p.+Gt...P..Gs..."
[agent] [JS] [gumtrace-getHttpHeadVerify-350] [entry-dump] x3 cstr len=5 complete=true fnv1a=bae9bece preview=".fG.s"
[agent] [JS] [gumtrace-getHttpHeadVerify-350] [entry-dump] x3.q0 -> 0x7397476610 range=0x73972a9000-0x73974e9000 rw- [anon:scudo:primary] bytes len=0x40 fnv1a=22d06377 hex=f0 fa 17 f4 70 00 00 00 20 00 00 00 10 00 00 00 80 65 47 97 73 00 00 00 00 00 00 00 00 00 00 00 02 a1 01 00 00 00 9f a6 00 00 00 00 00 00 00 00 58 2d 56 43 2d 42 44 54 55 52 49 4e 47 2d 53 44 ascii="....p... ........eG.s...........................X-VC-BDTURING-SD"
[agent] [JS] [gumtrace-getHttpHeadVerify-350] [entry-dump] x3.q0 cstr len=5 complete=true fnv1a=39c4e3cc preview="....p"
[agent] [JS] [gumtrace-getHttpHeadVerify-350] [entry-dump] x3.q1 -> 0x74472c5f70 range=0x744729f000-0x74472df000 rw- [anon:scudo:primary] bytes len=0x40 fnv1a=dab693da hex=02 00 00 00 00 00 00 00 00 00 00 00 00 00 00 00 01 b1 00 00 00 00 d7 3c 00 00 00 00 00 00 00 00 75 73 65 72 2d 61 67 65 6e 74 00 00 00 00 00 00 01 81 00 00 00 00 fe 99 00 00 00 00 00 00 00 00 ascii=".......................<........user-agent......................"
[agent] [JS] [gumtrace-getHttpHeadVerify-350] [entry-dump] x3.q1 cstr len=1 complete=true fnv1a=070c6045 preview="."
[agent] [JS] [gumtrace-getHttpHeadVerify-350] [entry-dump] x3.q2 -> 0x7397475c80 range=0x73972a9000-0x73974e9000 rw- [anon:scudo:primary] bytes len=0x40 fnv1a=fd614c18 hex=f0 fa 17 f4 70 00 00 00 c4 00 00 00 c3 00 00 00 10 85 31 77 74 00 00 00 30 30 30 30 30 30 30 20 02 01 02 00 00 00 15 a2 00 00 00 00 00 00 00 00 48 4c 9f 05 72 00 00 00 01 00 00 00 3f 00 00 00 ascii="....p.............1wt...0000000 ................HL..r.......?..."
[agent] [JS] [gumtrace-getHttpHeadVerify-350] [entry-dump] x3.q2 cstr len=5 complete=true fnv1a=39c4e3cc preview="....p"
[agent] [JS] [gumtrace-getHttpHeadVerify-350] [entry-dump] x3.q3 -> 0x74472c4530 range=0x744729f000-0x74472df000 rw- [anon:scudo:primary] bytes len=0x40 fnv1a=65e96bf5 hex=04 00 00 00 30 38 63 39 30 63 64 30 5f 34 00 00 01 81 00 00 00 00 96 1c 00 00 00 00 00 00 00 00 00 00 00 00 00 00 00 00 6d 65 5f 70 61 67 65 00 01 01 01 00 00 00 17 1e 00 00 00 00 00 00 00 00 ascii="....08c90cd0_4..........................me_page................."
[agent] [JS] [gumtrace-getHttpHeadVerify-350] [entry-dump] x3.q3 cstr len=1 complete=true fnv1a=010c56d3 preview="."
[agent] [JS] [gumtrace-getHttpHeadVerify-350] [entry-dump] x3.q4 -> 0x72f72bfe10 range=0x72f72a7000-0x72f7367000 rw- [anon:scudo:primary] bytes len=0x40 fnv1a=08f7a965 hex=78 c0 18 f4 70 00 00 00 90 b2 35 97 73 00 00 00 90 09 2b 47 74 00 00 00 90 51 34 47 73 00 00 00 90 11 2b 47 74 00 00 00 40 b7 35 97 73 00 00 00 70 10 2b 47 74 00 00 00 60 cd 35 97 73 00 00 00 ascii="x...p.....5.s....\t+Gt....Q4Gs.....+Gt...@.5.s...p.+Gt...`.5.s..."
[agent] [JS] [gumtrace-getHttpHeadVerify-350] [entry-dump] x3.q4 cstr len=5 complete=true fnv1a=ed59bfdb preview="x...p"
[agent] [JS] [gumtrace-getHttpHeadVerify-350] [entry-dump] x3.q5 -> 0x74472b1270 range=0x744729f000-0x74472df000 rw- [anon:scudo:primary] bytes len=0x40 fnv1a=11362f6a hex=18 00 00 00 6b 00 00 00 00 00 00 00 00 00 00 00 01 11 00 00 00 00 5b b7 00 00 00 00 00 00 00 00 00 00 00 00 00 00 00 00 00 00 00 00 00 00 00 00 01 41 00 00 00 00 59 d1 00 00 00 00 00 00 00 00 ascii="....k.................[..........................A....Y........."
[agent] [JS] [gumtrace-getHttpHeadVerify-350] [entry-dump] x3.q5 cstr len=1 complete=true fnv1a=1d0c82e7 preview="."
[agent] [JS] [gumtrace-getHttpHeadVerify-350] [entry-dump] x4=0x171 range=unmapped
[agent] [JS] [gumtrace-getHttpHeadVerify-350] [entry-dump] x4 qwords +0x0=<err:RangeError: Invalid memory address>
[agent] [JS] [gumtrace-getHttpHeadVerify-350] [entry-dump] x4 bytes <read failed>
[agent] [JS] [gumtrace-getHttpHeadVerify-350] [entry-dump] x5=0x7108c90510 range=0x7108b9b000-0x7108c96000 rw- [anon:stack_and_tls:12055]
[agent] [JS] [gumtrace-getHttpHeadVerify-350] [entry-dump] x5 qwords +0x0=0x73473fc650 +0x8=0x74472c57b0 +0x10=0x7397476610 +0x18=0x74472c5f70 +0x20=0x7397475c80 +0x28=0x74472c4530 +0x30=0x72f72bfe10 +0x38=0x74472b1270
[agent] [JS] [gumtrace-getHttpHeadVerify-350] [entry-dump] x5 bytes len=0x100 fnv1a=6ed78c62 hex=50 c6 3f 47 73 00 00 00 b0 57 2c 47 74 00 00 00 10 66 47 97 73 00 00 00 70 5f 2c 47 74 00 00 00 80 5c 47 97 73 00 00 00 30 45 2c 47 74 00 00 00 10 fe 2b f7 72 00 00 00 70 12 2b 47 74 00 00 00 00 00 00 00 00 00 00 00 00 00 00 00 00 00 00 00 00 00 00 00 00 00 00 00 00 00 00 00 00 00 00 00 70 66 47 97 73 00 00 00 b0 5f 2c 47 74 00 00 00 10 66 47 97 73 00 00 00 70 5f 2c 47 74 00 00 00 50 c6 3f 47 73 00 00 00 b0 57 2c 47 74 00 00 00 80 5c 47 97 73 00 00 00 30 45 2c 47 74 00 00 00 f0 fa 17 f4 70 00 00 00 00 00 00 00 23 ff ff ff 00 00 00 00 00 00 00 00 80 af 19 f4 70 00 00 00 90 c3 3f 47 73 00 00 00 50 c6 3f 47 73 00 00 00 b0 57 2c 47 74 00 00 00 80 af 19 f4 70 00 00 00 90 c3 3f 47 73 00 00 00 10 fe 2b f7 72 00 00 00 70 12 2b 47 74 00 00 00 10 fe 2b f7 72 00 00 00
[agent] [JS] [gumtrace-getHttpHeadVerify-350] [entry-dump] x5 ascii="P.?Gs....W,Gt....fG.s...p_,Gt....\G.s...0E,Gt.....+.r...p.+Gt...................................pfG.s...._,Gt....fG.s...p_,Gt...P.?Gs....W,Gt....\G.s...0E,Gt.......p.......#...............p.....?Gs...P.?Gs....W,Gt.......p.....?Gs.....+.r...p.+Gt.....+.r..."
[agent] [JS] [gumtrace-getHttpHeadVerify-350] [entry-dump] x5 cstr len=5 complete=true fnv1a=cb7c6e16 preview="P.?Gs"
[agent] [JS] [gumtrace-getHttpHeadVerify-350] [entry-dump] x5.q0 -> 0x73473fc650 range=0x73472e9000-0x7347429000 rw- [anon:scudo:primary] bytes len=0x40 fnv1a=c7148cac hex=50 c1 18 f4 70 00 00 00 f4 49 f7 f3 70 00 00 00 f4 49 f7 f3 70 00 00 00 5c 4a f7 f3 70 00 00 00 d0 c0 3f 47 73 00 00 00 00 00 00 00 00 00 00 00 03 81 02 00 00 00 09 3c 00 00 00 00 00 00 00 00 ascii="P...p....I..p....I..p...\J..p.....?Gs.................\t<........"
[agent] [JS] [gumtrace-getHttpHeadVerify-350] [entry-dump] x5.q0 cstr len=5 complete=true fnv1a=a62bfc02 preview="P...p"
[agent] [JS] [gumtrace-getHttpHeadVerify-350] [entry-dump] x5.q1 -> 0x74472c57b0 range=0x744729f000-0x74472df000 rw- [anon:scudo:primary] bytes len=0x40 fnv1a=7d7a11d0 hex=03 00 00 00 73 00 00 00 73 3d 30 3b 70 3d 30 00 01 91 00 00 00 00 0d 39 00 00 00 00 00 00 00 00 54 68 72 65 61 64 2d 39 00 66 39 30 00 00 00 00 01 81 00 00 00 00 c2 22 00 00 00 00 00 00 00 00 ascii="....s...s=0;p=0.......\r9........Thread-9.f90..........."........"
[agent] [JS] [gumtrace-getHttpHeadVerify-350] [entry-dump] x5.q1 cstr len=1 complete=true fnv1a=060c5eb2 preview="."
[agent] [JS] [gumtrace-getHttpHeadVerify-350] [entry-dump] x5.q2 -> 0x7397476610 range=0x73972a9000-0x73974e9000 rw- [anon:scudo:primary] bytes len=0x40 fnv1a=22d06377 hex=f0 fa 17 f4 70 00 00 00 20 00 00 00 10 00 00 00 80 65 47 97 73 00 00 00 00 00 00 00 00 00 00 00 02 a1 01 00 00 00 9f a6 00 00 00 00 00 00 00 00 58 2d 56 43 2d 42 44 54 55 52 49 4e 47 2d 53 44 ascii="....p... ........eG.s...........................X-VC-BDTURING-SD"
[agent] [JS] [gumtrace-getHttpHeadVerify-350] [entry-dump] x5.q2 cstr len=5 complete=true fnv1a=39c4e3cc preview="....p"
[agent] [JS] [gumtrace-getHttpHeadVerify-350] [entry-dump] x5.q3 -> 0x74472c5f70 range=0x744729f000-0x74472df000 rw- [anon:scudo:primary] bytes len=0x40 fnv1a=dab693da hex=02 00 00 00 00 00 00 00 00 00 00 00 00 00 00 00 01 b1 00 00 00 00 d7 3c 00 00 00 00 00 00 00 00 75 73 65 72 2d 61 67 65 6e 74 00 00 00 00 00 00 01 81 00 00 00 00 fe 99 00 00 00 00 00 00 00 00 ascii=".......................<........user-agent......................"
[agent] [JS] [gumtrace-getHttpHeadVerify-350] [entry-dump] x5.q3 cstr len=1 complete=true fnv1a=070c6045 preview="."
[agent] [JS] [gumtrace-getHttpHeadVerify-350] [entry-dump] x5.q4 -> 0x7397475c80 range=0x73972a9000-0x73974e9000 rw- [anon:scudo:primary] bytes len=0x40 fnv1a=fd614c18 hex=f0 fa 17 f4 70 00 00 00 c4 00 00 00 c3 00 00 00 10 85 31 77 74 00 00 00 30 30 30 30 30 30 30 20 02 01 02 00 00 00 15 a2 00 00 00 00 00 00 00 00 48 4c 9f 05 72 00 00 00 01 00 00 00 3f 00 00 00 ascii="....p.............1wt...0000000 ................HL..r.......?..."
[agent] [JS] [gumtrace-getHttpHeadVerify-350] [entry-dump] x5.q4 cstr len=5 complete=true fnv1a=39c4e3cc preview="....p"
[agent] [JS] [gumtrace-getHttpHeadVerify-350] [entry-dump] x5.q5 -> 0x74472c4530 range=0x744729f000-0x74472df000 rw- [anon:scudo:primary] bytes len=0x40 fnv1a=65e96bf5 hex=04 00 00 00 30 38 63 39 30 63 64 30 5f 34 00 00 01 81 00 00 00 00 96 1c 00 00 00 00 00 00 00 00 00 00 00 00 00 00 00 00 6d 65 5f 70 61 67 65 00 01 01 01 00 00 00 17 1e 00 00 00 00 00 00 00 00 ascii="....08c90cd0_4..........................me_page................."
[agent] [JS] [gumtrace-getHttpHeadVerify-350] [entry-dump] x5.q5 cstr len=1 complete=true fnv1a=010c56d3 preview="."
[agent] [JS] [gumtrace-getHttpHeadVerify-350] [entry-dump] x5.q6 -> 0x72f72bfe10 range=0x72f72a7000-0x72f7367000 rw- [anon:scudo:primary] bytes len=0x40 fnv1a=08f7a965 hex=78 c0 18 f4 70 00 00 00 90 b2 35 97 73 00 00 00 90 09 2b 47 74 00 00 00 90 51 34 47 73 00 00 00 90 11 2b 47 74 00 00 00 40 b7 35 97 73 00 00 00 70 10 2b 47 74 00 00 00 60 cd 35 97 73 00 00 00 ascii="x...p.....5.s....\t+Gt....Q4Gs.....+Gt...@.5.s...p.+Gt...`.5.s..."
[agent] [JS] [gumtrace-getHttpHeadVerify-350] [entry-dump] x5.q6 cstr len=5 complete=true fnv1a=ed59bfdb preview="x...p"
[agent] [JS] [gumtrace-getHttpHeadVerify-350] [entry-dump] x5.q7 -> 0x74472b1270 range=0x744729f000-0x74472df000 rw- [anon:scudo:primary] bytes len=0x40 fnv1a=11362f6a hex=18 00 00 00 6b 00 00 00 00 00 00 00 00 00 00 00 01 11 00 00 00 00 5b b7 00 00 00 00 00 00 00 00 00 00 00 00 00 00 00 00 00 00 00 00 00 00 00 00 01 41 00 00 00 00 59 d1 00 00 00 00 00 00 00 00 ascii="....k.................[..........................A....Y........."
[agent] [JS] [gumtrace-getHttpHeadVerify-350] [entry-dump] x5.q7 cstr len=1 complete=true fnv1a=1d0c82e7 preview="."
[agent] [JS] [gumtrace-getHttpHeadVerify-350] [entry-dump] x8=0x7108c90658 range=0x7108b9b000-0x7108c96000 rw- [anon:stack_and_tls:12055]
[agent] [JS] [gumtrace-getHttpHeadVerify-350] [entry-dump] x8 qwords +0x0=0x7397476610 +0x8=0x74472c5f70 +0x10=0x0 +0x18=0x7347343f90 +0x20=0x74472b13f0 +0x28=0x74472c5890 +0x30=0x74472c58d0 +0x38=0x70f417faf0
[agent] [JS] [gumtrace-getHttpHeadVerify-350] [entry-dump] x8 bytes len=0x100 fnv1a=ae886c14 hex=10 66 47 97 73 00 00 00 70 5f 2c 47 74 00 00 00 00 00 00 00 00 00 00 00 90 3f 34 47 73 00 00 00 f0 13 2b 47 74 00 00 00 90 58 2c 47 74 00 00 00 d0 58 2c 47 74 00 00 00 f0 fa 17 f4 70 00 00 00 00 00 00 00 23 ff ff ff 00 00 00 00 00 00 00 00 f8 c1 18 f4 70 00 00 00 01 00 00 00 00 00 00 00 f0 fa 17 f4 70 00 00 00 14 00 00 00 13 00 00 00 c0 6a 47 97 73 00 00 00 90 58 2c 47 74 00 00 00 d0 58 2c 47 74 00 00 00 65 33 9c 52 a0 01 00 00 00 07 c9 08 0a 00 00 00 00 07 c9 08 71 00 00 00 b0 78 2c 40 7b 7d 00 00 41 70 69 41 6e 64 50 61 72 61 6d 73 00 20 45 dd 48 74 74 70 52 65 71 75 65 73 74 43 61 6c 6c 62 61 63 6b 00 71 00 00 00 ad b0 00 0f b7 20 45 dd cb fa 98 bb 00 00 00 00 40 2a c9 08 71 00 00 00 50 09 c9 08 71 00 00 00 b8 b2 06 f4 70 00 00 00 94 c7 19 f4 70 00 00 00
[agent] [JS] [gumtrace-getHttpHeadVerify-350] [entry-dump] x8 ascii=".fG.s...p_,Gt............?4Gs.....+Gt....X,Gt....X,Gt.......p.......#...............p...............p............jG.s....X,Gt....X,Gt...e3.R........\n.......q....x,@{}..ApiAndParams. E.HttpRequestCallback.q........ E.........@*..q...P\t..q.......p.......p..."
[agent] [JS] [gumtrace-getHttpHeadVerify-350] [entry-dump] x8 cstr len=5 complete=true fnv1a=bae9bece preview=".fG.s"
[agent] [JS] [gumtrace-getHttpHeadVerify-350] [entry-dump] x8.q0 -> 0x7397476610 range=0x73972a9000-0x73974e9000 rw- [anon:scudo:primary] bytes len=0x40 fnv1a=22d06377 hex=f0 fa 17 f4 70 00 00 00 20 00 00 00 10 00 00 00 80 65 47 97 73 00 00 00 00 00 00 00 00 00 00 00 02 a1 01 00 00 00 9f a6 00 00 00 00 00 00 00 00 58 2d 56 43 2d 42 44 54 55 52 49 4e 47 2d 53 44 ascii="....p... ........eG.s...........................X-VC-BDTURING-SD"
[agent] [JS] [gumtrace-getHttpHeadVerify-350] [entry-dump] x8.q0 cstr len=5 complete=true fnv1a=39c4e3cc preview="....p"
[agent] [JS] [gumtrace-getHttpHeadVerify-350] [entry-dump] x8.q1 -> 0x74472c5f70 range=0x744729f000-0x74472df000 rw- [anon:scudo:primary] bytes len=0x40 fnv1a=dab693da hex=02 00 00 00 00 00 00 00 00 00 00 00 00 00 00 00 01 b1 00 00 00 00 d7 3c 00 00 00 00 00 00 00 00 75 73 65 72 2d 61 67 65 6e 74 00 00 00 00 00 00 01 81 00 00 00 00 fe 99 00 00 00 00 00 00 00 00 ascii=".......................<........user-agent......................"
[agent] [JS] [gumtrace-getHttpHeadVerify-350] [entry-dump] x8.q1 cstr len=1 complete=true fnv1a=070c6045 preview="."
[agent] [JS] [gumtrace-getHttpHeadVerify-350] [entry-dump] x8.q3 -> 0x7347343f90 range=0x73472e9000-0x7347429000 rw- [anon:scudo:primary] bytes len=0x40 fnv1a=33082502 hex=50 c1 18 f4 70 00 00 00 98 68 f6 f3 70 00 00 00 c4 68 f6 f3 70 00 00 00 c8 68 f6 f3 70 00 00 00 d0 48 34 47 73 00 00 00 10 70 34 47 73 00 00 00 03 01 03 00 00 00 55 f3 00 00 00 00 00 00 00 00 ascii="P...p....h..p....h..p....h..p....H4Gs....p4Gs.........U........."
[agent] [JS] [gumtrace-getHttpHeadVerify-350] [entry-dump] x8.q3 cstr len=5 complete=true fnv1a=a62bfc02 preview="P...p"
[agent] [JS] [gumtrace-getHttpHeadVerify-350] [entry-dump] x8.q4 -> 0x74472b13f0 range=0x744729f000-0x74472df000 rw- [anon:scudo:primary] bytes len=0x40 fnv1a=ae4cc1e2 hex=18 00 00 00 00 00 00 00 00 00 00 00 00 00 00 00 01 71 00 00 00 00 84 ac 00 00 00 00 00 00 00 00 2e 6d 73 66 33 5f 00 00 00 00 00 00 00 00 00 00 01 71 00 00 00 00 b6 d1 00 00 00 00 00 00 00 00 ascii=".................q...............msf3_...........q.............."
[agent] [JS] [gumtrace-getHttpHeadVerify-350] [entry-dump] x8.q4 cstr len=1 complete=true fnv1a=1d0c82e7 preview="."
[agent] [JS] [gumtrace-getHttpHeadVerify-350] [entry-dump] x8.q5 -> 0x74472c5890 range=0x744729f000-0x74472df000 rw- [anon:scudo:primary] bytes len=0x40 fnv1a=0c4956d6 hex=88 c2 18 f4 70 00 00 00 20 f1 37 a7 74 00 00 00 01 41 00 00 00 00 1b a9 00 00 00 00 00 00 00 00 01 00 00 00 31 2e 63 6e 00 00 00 00 00 00 00 00 01 41 00 00 00 00 4d 2e 00 00 00 00 00 00 00 00 ascii="....p... .7.t....A..................1.cn.........A....M........."
[agent] [JS] [gumtrace-getHttpHeadVerify-350] [entry-dump] x8.q5 cstr len=5 complete=true fnv1a=c5ad3a79 preview="....p"
[agent] [JS] [gumtrace-getHttpHeadVerify-350] [entry-dump] x8.q6 -> 0x74472c58d0 range=0x744729f000-0x74472df000 rw- [anon:scudo:primary] bytes len=0x40 fnv1a=a90bdbd8 hex=02 00 00 00 2d 61 67 65 6e 74 00 00 00 00 00 00 01 81 00 00 00 00 28 d5 00 00 00 00 00 00 00 00 01 00 00 00 00 00 00 00 00 00 00 00 00 00 00 00 01 41 00 00 00 00 6f ba 00 00 00 00 00 00 00 00 ascii="....-agent............(..........................A....o........."
[agent] [JS] [gumtrace-getHttpHeadVerify-350] [entry-dump] x8.q6 cstr len=1 complete=true fnv1a=070c6045 preview="."
[agent] [JS] [gumtrace-getHttpHeadVerify-350] [entry-dump] x8.q7 -> 0x70f417faf0 range=0x70f417d000-0x70f419a000 r-- /data/app/~~GJKKQPtkpHqhegsADfD9mQ==/com.ss.android.ugc.aweme-vsHSySl5UaKL1lfqkWR0ag==/lib/arm64/libmetasec_ml.so bytes len=0x40 fnv1a=5edd1bc7 hex=64 87 02 f4 70 00 00 00 a8 87 02 f4 70 00 00 00 48 fb 17 f4 70 00 00 00 00 00 00 00 00 00 00 00 00 00 00 00 00 00 00 00 00 00 00 00 00 00 00 00 00 00 00 00 00 00 00 00 00 00 00 00 00 00 00 00 ascii="d...p.......p...H...p..........................................."
[agent] [JS] [gumtrace-getHttpHeadVerify-350] [entry-dump] x8.q7 cstr len=5 complete=true fnv1a=f012924e preview="d...p"
[agent] [JS] [gumtrace-getHttpHeadVerify-350] [entry-dump] lr=0x70f406804c sp=0x7108c90460
[agent] [JS] [gumtrace-getHttpHeadVerify-350] [entry-dump] ---- 0x149ca8 args end ----
[agent] [JS] [gumtrace-getHttpHeadVerify-350] entry dump only; GumTrace disabled
[agent] [JS] [gumtrace-getHttpHeadVerify-350] leave target ret=0x0
[agent] [JS] [gumtrace-getHttpHeadVerify-350] detached target hook
[agent] [JS] [gumtrace-getHttpHeadVerify-350] leave wrapper ret=0x72b7369f10
[agent] [JS] [gumtrace-getHttpHeadVerify-350] detached wrapper hook
[→] Zymbiote hello: pid=12329, ppid=863, package=com.ss.android.ugc.aweme:smp
[→] 未找到 com.ss.android.ugc.aweme:smp 的 spawn 请求，放行 pid=12329
[→] 还原子进程 12329 payload at 0x754dfee000 (4064 bytes)
[→] 还原子进程 12329 setArgV0 指针 at 0x71e950d8
[→] 还原子进程 12329 setcontext GOT at 0x75411a25f8
[→] Zymbiote hello: pid=12487, ppid=863, package=com.google.android.apps.docs
[→] 未找到 com.google.android.apps.docs 的 spawn 请求，放行 pid=12487
[→] 还原子进程 12487 payload at 0x754dfee000 (4064 bytes)
[→] 还原子进程 12487 setArgV0 指针 at 0x71e950d8
[→] 还原子进程 12487 setcontext GOT at 0x75411a25f8
[→] Zymbiote hello: pid=12544, ppid=863, package=com.google.android.apps.maps
[→] 未找到 com.google.android.apps.maps 的 spawn 请求，放行 pid=12544
[→] 还原子进程 12544 payload at 0x754dfee000 (4064 bytes)
[→] 还原子进程 12544 setArgV0 指针 at 0x71e950d8
[→] 还原子进程 12544 setcontext GOT at 0x75411a25f8
[→] Zymbiote hello: pid=12594, ppid=863, package=com.google.android.apps.safetyhub
[→] 未找到 com.google.android.apps.safetyhub 的 spawn 请求，放行 pid=12594
[→] 还原子进程 12594 payload at 0x754dfee000 (4064 bytes)
[→] 还原子进程 12594 setArgV0 指针 at 0x71e950d8
[→] 还原子进程 12594 setcontext GOT at 0x75411a25f8
[→] Zymbiote hello: pid=12675, ppid=863, package=com.google.android.apps.weather
[→] 未找到 com.google.android.apps.weather 的 spawn 请求，放行 pid=12675
[→] 还原子进程 12675 payload at 0x754dfee000 (4064 bytes)
[→] 还原子进程 12675 setArgV0 指针 at 0x71e950d8
[→] 还原子进程 12675 setcontext GOT at 0x75411a25f8
[→] Zymbiote hello: pid=12747, ppid=863, package=com.google.android.calendar
[→] 未找到 com.google.android.calendar 的 spawn 请求，放行 pid=12747
[→] 还原子进程 12747 payload at 0x754dfee000 (4064 bytes)
[→] 还原子进程 12747 setArgV0 指针 at 0x71e950d8
[→] 还原子进程 12747 setcontext GOT at 0x75411a25f8
[*] 退出交互模式
[*] 已发送 shutdown，等待 agent 主动断开连接...
[agent] [agent] 收到 shutdown，开始退出清理
[agent] [JS] [java executor] MessageQueue loop hook removed: 0x75410a9e30
[agent] [agent] [quickjs] cleanup start (managed-safe unload) (+0ms, total 0ms)
[agent] [agent] [quickjs] phase0 stop_java_worker (+6ms, total 6ms)
[agent] [agent] [quickjs] phase1 cut_java_hooks (+0ms, total 6ms)
[agent] [agent] [quickjs] phase1 cut_native_hooks (+57ms, total 64ms)
[agent] [agent] [quickjs] phase1 cut_art_controller_routing (+0ms, total 64ms)
[agent] [JS] [drain] start, callback_in_flight=0, exec_in_flight=0
[agent] [JS] [drain] done, callback_in_flight=0, exec_in_flight=0 after 0ms (1 rounds)
[agent] [agent] [quickjs] phase2 drain_thunk_in_flight (+0ms, total 64ms)
[agent] [agent] [quickjs] phase3 cut_art_controller_walkstack_guards (+0ms, total 64ms)
[agent] [agent] [recompiler] release_all: snapshot 0 recomp range(s) for caller-side munmap (release_ok=0 fail=0)
[agent] [agent] [quickjs] phase3 release_all_recomp (+0ms, total 65ms)
[agent] [agent] [quickjs] phase3 free_art_controller_state (+0ms, total 65ms)
[agent] [agent] [quickjs] phase3 free_java_hooks (+0ms, total 65ms)
[agent] [agent] [quickjs] phase3 free_native_hooks (+0ms, total 65ms)
[agent] [agent] [quickjs] phase3 shutdown_qbdi_helper (+0ms, total 65ms)
[agent] [agent] [quickjs] phase3 detach_jni_thread (+0ms, total 65ms)
[agent] [agent] [quickjs] phase3 cleanup_engine (+0ms, total 66ms)
[agent] [agent] [quickjs] cleanup done (managed-safe unload, executable pools retained, walkstack guards removed, total 66ms)
[agent] [agent] 退出清理完成，准备关闭 socket
[→] 注入线程候选: tid=11895 comm=FinalizerWatchd wchan=futex_wait_queue
[✓] 成功附加到进程 11895，等待 SIGSTOP...
[✓] 进程已停止，可以操作寄存器
[→] 已清理 loader stack: 0x726afac000+0x100000
[→] 已清理 loader mapping: 0x756302d000+0x8000
[*] 正在还原 zygote 863 的 patch...
[✓] Zygote 863 patch 已还原
