[true-env-xmedusa] 1788183912989 script start
[true-env-xmedusa] 1788183913040 script.start env Process.id=13556 Process.tid=13571 getpid=13556 gettid=0 syscall_gettid=13571 getppid=863 uid=10280 euid=10280
[true-env-xmedusa] 1788183913065 script.start clock.REALTIME rc=0 sec=1788183913 nsec=65300255
[true-env-xmedusa] 1788183913086 script.start clock.MONOTONIC rc=0 sec=218658 nsec=699948766
[true-env-xmedusa] 1788183913108 script.start clock.BOOTTIME rc=0 sec=218658 nsec=721172521
[true-env-xmedusa] 1788183913111 script.start proc.status Name: droid.ugc.aweme | Umask: 0077 | State: S (sleeping) | Tgid: 13556 | Pid: 13556 | PPid: 863 | TracerPid: 0 | Uid: 10280 10280 10280 10280 | Gid: 10280 10280 10280 10280 | Threads: 8 | NoNewPrivs: 0 | Seccomp: 2
[true-env-xmedusa] 1788183913462 dlopen probe installed: android_dlopen_ext @0x7559a49100
[true-env-xmedusa] 1788183913485 module not loaded yet; waiting for android_dlopen_ext/dlopen
[true-env-xmedusa] 1788183913902 dlopen loaded /data/app/~~GJKKQPtkpHqhegsADfD9mQ==/com.ss.android.ugc.aweme-vsHSySl5UaKL1lfqkWR0ag==/lib/arm64/libmetasec_ml.so
[true-env-xmedusa] 1788183913936 install module=libmetasec_ml.so base=0x710bc38000 size=0x2bc000 path=/data/app/~~GJKKQPtkpHqhegsADfD9mQ==/com.ss.android.ugc.aweme-vsHSySl5UaKL1lfqkWR0ag==/lib/arm64/libmetasec_ml.so
[true-env-xmedusa] 1788183914040 install env Process.id=13556 Process.tid=13626 getpid=13556 gettid=13626 syscall_gettid=13626 getppid=863 uid=10280 euid=10280
[true-env-xmedusa] 1788183914082 install clock.REALTIME rc=0 sec=1788183914 nsec=82268354
[true-env-xmedusa] 1788183914120 install clock.MONOTONIC rc=0 sec=218659 nsec=733493282
[true-env-xmedusa] 1788183914159 install clock.BOOTTIME rc=0 sec=218659 nsec=772149776
[true-env-xmedusa] 1788183914162 install proc.status Name: droid.ugc.aweme | Umask: 0077 | State: S (sleeping) | Tgid: 13556 | Pid: 13556 | PPid: 863 | TracerPid: 0 | Uid: 10280 10280 10280 10280 | Gid: 10280 10280 10280 10280 | Threads: 106 | NoNewPrivs: 0 | Seccomp: 2
[true-env-xmedusa] 1788183914180 getrandom probe installed
[true-env-xmedusa] 1788183914187 Java.setStealth(WXSHADOW) ok
[true-env-xmedusa] 1788183914204 hook HTTP.entry @0x710bd81ca8
[true-env-xmedusa] 1788183914205 hook F8.enter @0x710bd824e0
[true-env-xmedusa] 1788183914206 hook XMedusa.emit @0x710bd8253c
[true-env-xmedusa] 1788183914230 getrandom ret=16 requested=0x10 first=3d e3 a8 73 7b c4 e1 6e 39 27 10 c6 f0 19 91 17 fnv1a=13014b99
[true-env-xmedusa] 1788183914353 getrandom ret=16 requested=0x10 first=4a 99 86 5d a2 73 c4 de 83 16 d4 b9 7c 1d 50 64 fnv1a=427e6505
[true-env-xmedusa] 1788183914372 getrandom ret=16 requested=0x10 first=44 de 12 4e 8f 37 9f 6a f5 b2 c1 11 71 ba 6b 0c fnv1a=621e8ba9
[true-env-xmedusa] 1788183914379 getrandom ret=16 requested=0x10 first=a0 c5 8b 87 05 ed 5e cc 6e 34 0d bc 3b 5d 30 a6 fnv1a=38995f1d
[true-env-xmedusa] 1788183914384 getrandom ret=16 requested=0x10 first=79 a6 86 ca 20 54 38 90 e0 c6 70 90 74 c9 74 e3 fnv1a=cf5c29c6
[true-env-xmedusa] 1788183914395 getrandom ret=16 requested=0x10 first=23 47 14 5a 0d f2 b7 b7 64 5a df f9 71 31 84 d5 fnv1a=b553cf33
[true-env-xmedusa] 1788183914402 getrandom ret=16 requested=0x10 first=94 34 75 50 52 32 3c 3c 5b 8d 40 48 51 85 72 42 fnv1a=edaa05ce
[true-env-xmedusa] 1788183914410 getrandom ret=16 requested=0x10 first=69 25 dd 6c 58 0a 42 38 9d 70 d7 d0 18 34 87 c1 fnv1a=93c15ecc
[true-env-xmedusa] 1788183914427 getrandom ret=16 requested=0x10 first=2a 71 97 c0 8a e0 a3 ad 16 b5 d3 19 1d c4 cb 4b fnv1a=64ab1cbf
[true-env-xmedusa] 1788183914442 getrandom ret=16 requested=0x10 first=d7 ea 03 e2 c4 8c d6 c4 ea 2c b5 71 82 d6 84 69 fnv1a=32439404
[true-env-xmedusa] 1788183914453 getrandom ret=16 requested=0x10 first=8b 76 61 04 dc 81 cc 40 ca 3b fc 20 2f 3a 77 33 fnv1a=f5adab62
[true-env-xmedusa] 1788183914469 getrandom ret=16 requested=0x10 first=8e 8e 66 12 7c 85 96 7f e1 3d 4b 80 4e 2f 2f 2a fnv1a=e6834566
[true-env-xmedusa] 1788183914475 getrandom ret=16 requested=0x10 first=20 2b ff bf 0d 7e 1f bf 32 91 cc bf 79 e7 29 96 fnv1a=d7d2aa94
[true-env-xmedusa] 1788183914485 getrandom ret=16 requested=0x10 first=38 63 7c 4f 44 f0 e4 c1 c8 f4 ee 00 a0 a1 e1 09 fnv1a=0ddf9e85
[true-env-xmedusa] 1788183914534 getrandom ret=16 requested=0x10 first=a8 ec af 67 6c f4 16 31 8a 36 9f dd 29 d3 83 c4 fnv1a=ae8cec99
[true-env-xmedusa] 1788183914675 getrandom ret=16 requested=0x10 first=89 2e 7b b4 62 86 3b 6a f0 b6 55 a7 aa ed 69 0b fnv1a=f54dc8ff
[true-env-xmedusa] 1788183914677 getrandom ret=16 requested=0x10 first=13 46 d0 b8 53 d5 19 44 09 1f e0 83 3a 4f 43 04 fnv1a=00726594
[true-env-xmedusa] 1788183914723 getrandom ret=16 requested=0x10 first=e5 56 c5 05 a6 b4 b4 97 3c 27 d2 ec 67 b2 93 83 fnv1a=871cc5f7
[true-env-xmedusa] 1788183914738 getrandom ret=16 requested=0x10 first=0f 43 e3 6b 7a 32 40 1f dd 1f 66 7f ac cc 51 75 fnv1a=01cb4ee5
[true-env-xmedusa] 1788183914748 HTTP.entry#1 off=0x149ca8 regs x0=0x732727e920 x1=0x71068556a0 x2=0x7106855690 x3=0x7106855680 x4=0x171 x5=0x7106855670 x8=0x71068557b8 lr=0x710bd8304c sp=0x71068555c0
[true-env-xmedusa] 1788183914748 getrandom ret=16 requested=0x10 first=2a 8a b7 34 61 44 b6 ac 05 4e 79 54 41 17 d6 5d fnv1a=01759d46
[true-env-xmedusa] 1788183914938 HTTP.entry#1 env Process.id=13556 Process.tid=13710 getpid=13556 gettid=13710 syscall_gettid=13710 getppid=863 uid=10280 euid=10280
[true-env-xmedusa] 1788183915004 HTTP.entry#1 clock.REALTIME rc=0 sec=1788183915 nsec=4015344
[true-env-xmedusa] 1788183915068 HTTP.entry#1 clock.MONOTONIC rc=0 sec=218660 nsec=681579301
[true-env-xmedusa] 1788183915126 HTTP.entry#1 clock.BOOTTIME rc=0 sec=218660 nsec=739270748
[true-env-xmedusa] 1788183915129 HTTP.entry#1 proc.status Name: droid.ugc.aweme | Umask: 0077 | State: S (sleeping) | Tgid: 13556 | Pid: 13556 | PPid: 863 | TracerPid: 0 | Uid: 10280 10280 10280 10280 | Gid: 10280 10280 10280 10280 | Threads: 198 | NoNewPrivs: 0 | Seccomp: 2
[true-env-xmedusa] 1788183915185 HTTP.arg.x_ss_stub p=0x7106855680 range=0x7106760000-0x710685b000 rw- [anon:stack_and_tls:13710] mem_len=0x472c3830 src_len=0x74 body=0x7397484b30 bodyRange=0x73972a9000-0x73974a9000 rw- [anon:scudo:primary] sane=true
[true-env-xmedusa] 1788183915185 HTTP.arg.x_ss_stub body len=0x74 dump=0x74 fnv1a=0bbae3fc ascii="....q...}...|.......t...D.............4;............q.............&7t..................6...........................'"
[true-env-xmedusa] 1788183915185 HTTP.arg.x_ss_stub body_hex=f0 aa e9 0b 71 00 00 00 7d 07 00 00 7c 07 00 00 10 a3 2e 07 74 00 00 00 44 00 00 00 00 00 00 00 02 81 01 00 00 00 34 3b 00 00 00 00 00 00 00 00 f0 aa e9 0b 71 00 00 00 ad 00 00 00 ac 00 00 00 d0 fa 26 37 74 00 00 00 00 00 00 00 00 00 00 00 02 00 02 00 00 00 05 36 00 00 00 00 00 00 00 00 00 00 00 00 00 00 00 00 00 00 00 00 00 00 00 00 e0 05 2e 27
[true-env-xmedusa] 1788183915240 HTTP.arg.url p=0x7106855690 range=0x7106760000-0x710685b000 rw- [anon:stack_and_tls:13710] mem_len=0x472c65f0 src_len=0x74 body=0x72f72facd0 bodyRange=0x72f72a7000-0x72f7367000 rw- [anon:scudo:primary] sane=true
[true-env-xmedusa] 1788183915240 HTTP.arg.url body len=0x74 dump=0x74 fnv1a=ad4bc7ba ascii="xp..q.....D.s.....*Gt.....<Gs.....*Gt.....D.s.....*Gt...p.D.s.....*Gt.....D.s...0.*Gt...0.D.s.....*Gt...........0.D."
[true-env-xmedusa] 1788183915240 HTTP.arg.url body_hex=78 70 ea 0b 71 00 00 00 f0 af 44 97 73 00 00 00 b0 b2 2a 47 74 00 00 00 d0 bd 3c 47 73 00 00 00 90 b6 2a 47 74 00 00 00 a0 9f 44 97 73 00 00 00 90 b5 2a 47 74 00 00 00 70 ba 44 97 73 00 00 00 10 d2 2a 47 74 00 00 00 10 a2 44 97 73 00 00 00 30 b7 2a 47 74 00 00 00 30 a3 44 97 73 00 00 00 f0 b6 2a 47 74 00 00 00 00 00 00 00 ff ff ff ff 30 ac 44 97
[true-env-xmedusa] 1788183915241 F8.enter#1 off=0x14a4e0 regs x0=0x71068554a0 x1=0x7397484388 x2=0xa x3=0x10 x4=0x710beb6d0c x5=0x744728621a x8=0x1 lr=0x710bd824bc sp=0x71068552f0
[true-env-xmedusa] 1788183915347 F8.enter#1 env Process.id=13556 Process.tid=13710 getpid=13556 gettid=13710 syscall_gettid=13710 getppid=863 uid=10280 euid=10280
[true-env-xmedusa] 1788183915398 F8.enter#1 clock.REALTIME rc=0 sec=1788183915 nsec=398475386
[true-env-xmedusa] 1788183915446 F8.enter#1 clock.MONOTONIC rc=0 sec=218661 nsec=59672197
[true-env-xmedusa] 1788183915495 F8.enter#1 clock.BOOTTIME rc=0 sec=218661 nsec=108386512
[true-env-xmedusa] 1788183915497 F8.enter#1 proc.status Name: droid.ugc.aweme | Umask: 0077 | State: S (sleeping) | Tgid: 13556 | Pid: 13556 | PPid: 863 | TracerPid: 0 | Uid: 10280 10280 10280 10280 | Gid: 10280 10280 10280 10280 | Threads: 198 | NoNewPrivs: 0 | Seccomp: 2
[true-env-xmedusa] 1788183915514 F8.pack ptr=0x71068554a0 range=0x7106760000-0x710685b000 rw- [anon:stack_and_tls:13710] seed=0x6a95856c type=369 mode=0 final=1 out_key_ptr_ptr=0x71068553c8 out_value_ptr_ptr=0x71068553c0 qwords=[+0x0=0x6a95856c, +0x8=0x72f72facd0, +0x10=0x7397483480, +0x18=0x71068553d0, +0x20=0x73972d6690, +0x28=0x7106855380, +0x30=0x0, +0x38=0x0, +0x40=0x7100000171, +0x48=0x71068553c8, +0x50=0x71068553c0, +0x58=0x100000000, +0x60=0x710be9aaf0]
[true-env-xmedusa] 1788183915514 F8.pack.raw70 fnv1a=8b3ad14c hex=6c 85 95 6a 00 00 00 00 d0 ac 2f f7 72 00 00 00 80 34 48 97 73 00 00 00 d0 53 85 06 71 00 00 00 90 66 2d 97 73 00 00 00 80 53 85 06 71 00 00 00 00 00 00 00 00 00 00 00 00 00 00 00 00 00 00 00 71 01 00 00 71 00 00 00 c8 53 85 06 71 00 00 00 c0 53 85 06 71 00 00 00 00 00 00 00 01 00 00 00 f0 aa e9 0b 71 00 00 00 0a 00 00 00 09 00 00 00
[true-env-xmedusa] 1788183915562 F8.in.x_ss_stub p=0x7397483480 range=0x73972a9000-0x73974a9000 rw- [anon:scudo:primary] mem_len=0x20 src_len=0x10 body=0x7397483c00 bodyRange=0x73972a9000-0x73974a9000 rw- [anon:scudo:primary] sane=true
[true-env-xmedusa] 1788183915562 F8.in.x_ss_stub body len=0x10 dump=0x10 fnv1a=c789c39c ascii="...=....>.g\t.\r.."
[true-env-xmedusa] 1788183915562 F8.in.x_ss_stub body_hex=06 be f9 3d cc 86 86 8d 3e c4 67 09 91 0d 07 8d
[true-env-xmedusa] 1788183915610 F8.in.url_or_path p=0x71068553d0 range=0x7106760000-0x710685b000 rw- [anon:stack_and_tls:13710] mem_len=0x800 src_len=0x74e body=0x74072d2a70 bodyRange=0x740729f000-0x740731f000 rw- [anon:scudo:primary] sane=true
[true-env-xmedusa] 1788183915612 F8.in.url_or_path body len=0x74e dump=0x74e fnv1a=82199be3 ascii="type=0&max_cursor=0&min_cursor=0&count=6&volume=0.0&pull_type=0&need_relieve_aweme=0&filter_warn=0&req_from=enter_auto&is_cold_start=1&address_book_access=2&gps_access=2&cached_item_num=0&last_ad_show_interval=-1&action_mask=-1&action_mask_detail=%7B%7D&action_mask_info=%7B%7D&teen_protector_vote_aweme_count=0&last_teen_protector_vote_aweme_interval=0&sp=-1&is_order_flow=0&user_avatar_shrink=96_96&screen_type=1&pitaya_type=0&location_permission=false&font_category=2&feed_recommend_req_index=1&audio_value=0&launch_times=24&recent_gids_first_time=null&play_style=0&filter_live_cell=false&from_push=0&show_unread_entrance=0&danmaku_switch_status=0&elder_mode=0&need_hotlist_card=false&life_card_accept=0&nearby_extra_data=%7B%22nearby_tab_name%22%3A%22%E5%90%8C%E5%9F%8E%22%2C%22groupon_tab_name%22%3A%22%E5%9B%A2%E8%B4%AD%22%2C%22has_groupon_tab%22%3Atrue%2C%22groupon_tab_index%22%3A5%7D&klink_egdi=AAIquJZZoZ2VNo6Bem7kHF5vqtqxbSgzDrv5k1Y1tWtLGkMr0Dr4-duM&_rticket=1788183914554&mcc_mnc=46000&first_launch_timestamp=1788084050&last_deeplink_update_version_code=0&is_preinstall=0&need_personal_recommend=1&is_android_fold=0&ts=1788183914&error_monitor_info=%5B%5D&splash_cid=-3&splash_type=-1&local_cache=7678878427689022193&download_sdk_info=%7B%7D&ug_ab_params=%7B%7D&ug_custom_key=%7B%22widget_install_status%22%3A%220%22%7D&ac=wifi&aid=1128&appTheme=light&app_name=aweme&app_type=normal&cdid=99f93d80-81b5-4d3e-bff0-19c28ac94e23&channel=vivo_1128_64&cpu_support64=true&device_brand=google&device_id=4087336283154583&device_platform=android&device_type=Pixel+6&dpi=420&host_abi=arm64-v8a&iid=3313280560987770&is_android_pad=0&is_guest_mode=0&language=zh&manifest_version_code=350101&minor_status=0&os=android&os_api=35&os_version=15&package=com.ss.android.ugc.aweme&resolution=1080*2209&ssmix=a&update_version_code=35109900&version_code=350100&version_name=35.1.0"
[true-env-xmedusa] 1788183915613 F8.in.url_or_path body_hex=74 79 70 65 3d 30 26 6d 61 78 5f 63 75 72 73 6f 72 3d 30 26 6d 69 6e 5f 63 75 72 73 6f 72 3d 30 26 63 6f 75 6e 74 3d 36 26 76 6f 6c 75 6d 65 3d 30 2e 30 26 70 75 6c 6c 5f 74 79 70 65 3d 30 26 6e 65 65 64 5f 72 65 6c 69 65 76 65 5f 61 77 65 6d 65 3d 30 26 66 69 6c 74 65 72 5f 77 61 72 6e 3d 30 26 72 65 71 5f 66 72 6f 6d 3d 65 6e 74 65 72 5f 61 75 74 6f 26 69 73 5f 63 6f 6c 64 5f 73 ...<hex truncated>
[true-env-xmedusa] 1788183915662 F8.in.aux_ref_mem p=0x73972d6690 range=0x73972a9000-0x73974a9000 rw- [anon:scudo:primary] mem_len=0x9 src_len=0x8 body=0x74472b7510 bodyRange=0x744729f000-0x74472df000 rw- [anon:scudo:primary] sane=true
[true-env-xmedusa] 1788183915662 F8.in.aux_ref_mem body len=0x8 dump=0x8 fnv1a=9be17165 ascii="........"
[true-env-xmedusa] 1788183915662 F8.in.aux_ref_mem body_hex=00 00 00 00 00 00 00 00
[true-env-xmedusa] 1788183915709 F8.in.token_block p=0x7106855380 range=0x7106760000-0x710685b000 rw- [anon:stack_and_tls:13710] mem_len=0x20 src_len=0x19 body=0x73972d6810 bodyRange=0x73972a9000-0x73974a9000 rw- [anon:scudo:primary] sane=true
[true-env-xmedusa] 1788183915710 F8.in.token_block body len=0x19 dump=0x19 fnv1a=49e75132 ascii="AZ-bfveVPeFr5Ac_8CQdogyUs"
[true-env-xmedusa] 1788183915710 F8.in.token_block body_hex=41 5a 2d 62 66 76 65 56 50 65 46 72 35 41 63 5f 38 43 51 64 6f 67 79 55 73
[true-env-xmedusa] 1788183915710 getrandom ret=16 requested=0x10 first=f4 5c b2 cd 76 36 e1 c9 d1 3e cf 70 55 e6 7e 9c fnv1a=6eca518b
[true-env-xmedusa] 1788183915711 getrandom ret=16 requested=0x10 first=46 8a f9 23 2e 28 1d 46 a5 54 48 29 ae 1e 06 16 fnv1a=6595f8d6
[true-env-xmedusa] 1788183915711 getrandom ret=16 requested=0x10 first=ce 91 dd e8 a7 4d c8 de eb 81 81 7b 3c 3f 00 0e fnv1a=d6a9c954
[true-env-xmedusa] 1788183915711 getrandom ret=16 requested=0x10 first=93 36 a2 24 1b 7c 39 cf 1f 31 ba 88 97 93 14 c1 fnv1a=b98df39e
[true-env-xmedusa] 1788183915712 getrandom ret=16 requested=0x10 first=fb ec f6 76 43 e9 a1 a7 e8 d3 dd 12 37 2c 94 56 fnv1a=7b3732a5
[true-env-xmedusa] 1788183915713 getrandom ret=16 requested=0x10 first=6a db 29 d9 a2 53 b4 96 56 6f 82 5a 19 ea b8 48 fnv1a=09379a4d
[true-env-xmedusa] 1788183915713 XMedusa.emit#1 off=0x14a53c regs x0=0x7347282710 x1=0x73972d6480 x2=0x73972d6210 x3=0x7367383290 x4=0x7367381065 x5=0x73673832e5 x8=0x0 lr=0x710bd82530 sp=0x71068552f0
[true-env-xmedusa] 1788183915826 XMedusa.emit#1 env Process.id=13556 Process.tid=13710 getpid=13556 gettid=13710 syscall_gettid=13710 getppid=863 uid=10280 euid=10280
[true-env-xmedusa] 1788183915887 XMedusa.emit#1 clock.REALTIME rc=0 sec=1788183915 nsec=887609542
[true-env-xmedusa] 1788183915944 XMedusa.emit#1 clock.MONOTONIC rc=0 sec=218661 nsec=557212643
[true-env-xmedusa] 1788183915999 XMedusa.emit#1 clock.BOOTTIME rc=0 sec=218661 nsec=612892249
[true-env-xmedusa] 1788183916002 XMedusa.emit#1 proc.status Name: droid.ugc.aweme | Umask: 0077 | State: S (sleeping) | Tgid: 13556 | Pid: 13556 | PPid: 863 | TracerPid: 0 | Uid: 10280 10280 10280 10280 | Gid: 10280 10280 10280 10280 | Threads: 198 | NoNewPrivs: 0 | Seccomp: 2
[true-env-xmedusa] 1788183916003 XMedusa.lastF8 pack=0x71068554a0 seed=0x6a95856c type=369 mode=0 final=1 out_key_ptr_ptr=0x71068553c8 out_value_ptr_ptr=0x71068553c0
[true-env-xmedusa] 1788183916022 XMedusa.lastF8.out_key ptr_ptr=0x71068553c8 -> 0x74472864d0 range=0x744725f000-0x744729f000 rw- [anon:scudo:primary]
[true-env-xmedusa] 1788183916022 XMedusa.lastF8.out_key cstr ptr=0x74472864d0 len=0x8 complete=true fnv1a=4bf6400f ascii="X-Medusa"
[true-env-xmedusa] 1788183916042 XMedusa.lastF8.out_value ptr_ptr=0x71068553c0 -> 0x7367380c90 range=0x7367362000-0x7367422000 rw- [anon:scudo:primary]
[true-env-xmedusa] 1788183916045 XMedusa.lastF8.out_value cstr ptr=0x7367380c90 len=0x3d4 complete=true fnv1a=e98ba315 ascii="aYWVakHO2qAl8JgpUzA7Rk7oWTxSrwABL3WLIFMRgVYLWJpHsXPIRyG2AQEzp6UV/wDUTazuwQznaTTiWxKG07MLsCbtCKs+3fQATyQWAvIXnbyFz4DuD5Vc6R74y1fpRC8rPvWRApo2Y5+dtaX2nhmn4jU9Puc0nWVJFeH7K5Fx+mC9Tp/ENG91VQd0VXTfJD++5BsWlcs2iO3KJ5UUU2+XaboQj/TlWE3m2Xai2i5tXt11NK0YBEMJZk63mZXiaHwjgCMfz/8LWl7+J0uhzemlDZ6WUwIpQd9zvIaIfrAoKKNCgYk8+yu57V/5XQtLdxgMU5YeG9hlHi604Z7py5Ro4k8lD9wLrqhcU199Uqh0zqRjpMVwC24G9S/8AdVuuZ+DMu2D/dk2EV1n0CMGFiOOfHP3x43C8wK1cpuw8X37rjIdWZ6iYdjAIMCu8pPGgAqOyLNcBWcrJk6uwEs6bW1h3ebqWqmSTyS2TSZ5c2vJL4RF2AeeiR5gl+V4KxOqz6CqFk6b8LC6loq+1KoTk32ASqmM/HxeEfCc6PFmqX9A6h8Sh5axpq8EfwrFkfZ/mtukzXgPQ1sTBQjnn8cfHgrA7kMYM5+6olJ38cDy9SD11l9Unm1LttAAiEAuJKWA0+bMCBnd25LSGPiCH/zYNc27ofEuor1fXa26BNZY6zPvbw14aPVW8cMQQ+s3+P0t40K6e6KBEf0PoO9uqfJktrH8uDhhjV1EEGMhbvqzeP7I36m7eOWOd4H6e4HN9q4j9qA5AV6iU8uL4KC4/HkL6Bn70T4WQcRHRbg/HaBOM01QcMprtmfoJchhCHqxjaxgUJX15xf+1YWOw2OYze+O379dfW/rlCO3O4jCmZKPXKcC7M9dif7oi5NrGgHEUB5aQ1Q0+fWMjSrb1jDQLkjYROWqcCQ1a+KbywWtzAAGyEHvQWIQJv78fsXP1EMDvygWA1VvvGqA//yvgP/8r2oW"
[true-env-xmedusa] 1788183916045 XMedusa.lastF8.out_value.b64_full=aYWVakHO2qAl8JgpUzA7Rk7oWTxSrwABL3WLIFMRgVYLWJpHsXPIRyG2AQEzp6UV/wDUTazuwQznaTTiWxKG07MLsCbtCKs+3fQATyQWAvIXnbyFz4DuD5Vc6R74y1fpRC8rPvWRApo2Y5+dtaX2nhmn4jU9Puc0nWVJFeH7K5Fx+mC9Tp/ENG91VQd0VXTfJD++5BsWlcs2iO3KJ5UUU2+XaboQj/TlWE3m2Xai2i5tXt11NK0YBEMJZk63mZXiaHwjgCMfz/8LWl7+J0uhzemlDZ6WUwIpQd9zvIaIfrAoKKNCgYk8+yu57V/5XQtLdxgMU5YeG9hlHi604Z7py5Ro4k8lD9wLrqhcU199Uqh0zqRjpMVwC24G9S/8AdVuuZ+DMu2D/dk2EV1n0CMGFiOOfHP3x43C8wK1cpuw8X37rjIdWZ6iYdjAIMCu8pPGgAqOyLNcBWcrJk6uwEs6bW1h3ebqWqmSTyS2TSZ5c2vJL4RF2AeeiR5gl+V4KxOqz6CqFk6b8LC6loq+1KoTk32ASqmM/HxeEfCc6PFmqX9A6h8Sh5axpq8EfwrFkfZ/mtukzXgPQ1sTBQjnn8cfHgrA7kMYM5+6olJ38cDy9SD11l9Unm1LttAAiEAuJKWA0+bMCBnd25LSGPiCH/zYNc27ofEuor1fXa26BNZY6zPvbw14aPVW8cMQQ+s3+P0t40K6e6KBEf0PoO9uqfJktrH8uDhhjV1EEGMhbvqzeP7I36m7eOWOd4H6e4HN9q4j9qA5AV6iU8uL4KC4/HkL6Bn70T4WQcRHRbg/HaBOM01QcMprtmfoJchhCHqxjaxgUJX15xf+1YWOw2OYze+O379dfW/rlCO3O4jCmZKPXKcC7M9dif7oi5NrGgHEUB5aQ1Q0+fWMjSrb1jDQLkjYROWqcCQ1a+KbywWtzAAGyEHvQWIQJv78fsXP1EMDvygWA1VvvGqA//yvgP/8r2oW
[true-env-xmedusa] 1788183916047 XMedusa.lastF8.out_value.decoded base64_len=0x3d4 decoded_len=0x2df fnv1a=28135d76 b18=0x2f first64=69 85 95 6a 41 ce da a0 25 f0 98 29 53 30 3b 46 4e e8 59 3c 52 af 00 01 2f 75 8b 20 53 11 81 56 0b 58 9a 47 b1 73 c8 47 21 b6 01 01 33 a7 a5 15 ff 00 d4 4d ac ee c1 0c e7 69 34 e2 5b 12 86 d3
[true-env-xmedusa] 1788183916108 XMedusa.emit.key p=0x73972d6480 range=0x73972a9000-0x73974a9000 rw- [anon:scudo:primary] mem_len=0x9 src_len=0x8 body=0x74472b67d0 bodyRange=0x744729f000-0x74472df000 rw- [anon:scudo:primary] sane=true
[true-env-xmedusa] 1788183916108 XMedusa.emit.key body len=0x8 dump=0x8 fnv1a=4bf6400f ascii="X-Medusa"
[true-env-xmedusa] 1788183916108 XMedusa.emit.key body_hex=58 2d 4d 65 64 75 73 61
[true-env-xmedusa] 1788183916169 XMedusa.emit.value p=0x73972d6210 range=0x73972a9000-0x73974a9000 rw- [anon:scudo:primary] mem_len=0x3d5 src_len=0x3d4 body=0x7367382f10 bodyRange=0x7367362000-0x7367422000 rw- [anon:scudo:primary] sane=true
[true-env-xmedusa] 1788183916170 XMedusa.emit.value body len=0x3d4 dump=0x3d4 fnv1a=e98ba315 ascii="aYWVakHO2qAl8JgpUzA7Rk7oWTxSrwABL3WLIFMRgVYLWJpHsXPIRyG2AQEzp6UV/wDUTazuwQznaTTiWxKG07MLsCbtCKs+3fQATyQWAvIXnbyFz4DuD5Vc6R74y1fpRC8rPvWRApo2Y5+dtaX2nhmn4jU9Puc0nWVJFeH7K5Fx+mC9Tp/ENG91VQd0VXTfJD++5BsWlcs2iO3KJ5UUU2+XaboQj/TlWE3m2Xai2i5tXt11NK0YBEMJZk63mZXiaHwjgCMfz/8LWl7+J0uhzemlDZ6WUwIpQd9zvIaIfrAoKKNCgYk8+yu57V/5XQtLdxgMU5YeG9hlHi604Z7py5Ro4k8lD9wLrqhcU199Uqh0zqRjpMVwC24G9S/8AdVuuZ+DMu2D/dk2EV1n0CMGFiOOfHP3x43C8wK1cpuw8X37rjIdWZ6iYdjAIMCu8pPGgAqOyLNcBWcrJk6uwEs6bW1h3ebqWqmSTyS2TSZ5c2vJL4RF2AeeiR5gl+V4KxOqz6CqFk6b8LC6loq+1KoTk32ASqmM/HxeEfCc6PFmqX9A6h8Sh5axpq8EfwrFkfZ/mtukzXgPQ1sTBQjnn8cfHgrA7kMYM5+6olJ38cDy9SD11l9Unm1LttAAiEAuJKWA0+bMCBnd25LSGPiCH/zYNc27ofEuor1fXa26BNZY6zPvbw14aPVW8cMQQ+s3+P0t40K6e6KBEf0PoO9uqfJktrH8uDhhjV1EEGMhbvqzeP7I36m7eOWOd4H6e4HN9q4j9qA5AV6iU8uL4KC4/HkL6Bn70T4WQcRHRbg/HaBOM01QcMprtmfoJchhCHqxjaxgUJX15xf+1YWOw2OYze+O379dfW/rlCO3O4jCmZKPXKcC7M9dif7oi5NrGgHEUB5aQ1Q0+fWMjSrb1jDQLkjYROWqcCQ1a+KbywWtzAAGyEHvQWIQJv78fsXP1EMDvygWA1VvvGqA//yvgP/8r2oW"
[true-env-xmedusa] 1788183916170 XMedusa.emit.value body_hex=61 59 57 56 61 6b 48 4f 32 71 41 6c 38 4a 67 70 55 7a 41 37 52 6b 37 6f 57 54 78 53 72 77 41 42 4c 33 57 4c 49 46 4d 52 67 56 59 4c 57 4a 70 48 73 58 50 49 52 79 47 32 41 51 45 7a 70 36 55 56 2f 77 44 55 54 61 7a 75 77 51 7a 6e 61 54 54 69 57 78 4b 47 30 37 4d 4c 73 43 62 74 43 4b 73 2b 33 66 51 41 54 79 51 57 41 76 49 58 6e 62 79 46 7a 34 44 75 44 35 56 63 36 52 37 34 79 31 66 70 ...<hex truncated>
[true-env-xmedusa] 1788183916171 XMedusa.emit.value.b64_full=aYWVakHO2qAl8JgpUzA7Rk7oWTxSrwABL3WLIFMRgVYLWJpHsXPIRyG2AQEzp6UV/wDUTazuwQznaTTiWxKG07MLsCbtCKs+3fQATyQWAvIXnbyFz4DuD5Vc6R74y1fpRC8rPvWRApo2Y5+dtaX2nhmn4jU9Puc0nWVJFeH7K5Fx+mC9Tp/ENG91VQd0VXTfJD++5BsWlcs2iO3KJ5UUU2+XaboQj/TlWE3m2Xai2i5tXt11NK0YBEMJZk63mZXiaHwjgCMfz/8LWl7+J0uhzemlDZ6WUwIpQd9zvIaIfrAoKKNCgYk8+yu57V/5XQtLdxgMU5YeG9hlHi604Z7py5Ro4k8lD9wLrqhcU199Uqh0zqRjpMVwC24G9S/8AdVuuZ+DMu2D/dk2EV1n0CMGFiOOfHP3x43C8wK1cpuw8X37rjIdWZ6iYdjAIMCu8pPGgAqOyLNcBWcrJk6uwEs6bW1h3ebqWqmSTyS2TSZ5c2vJL4RF2AeeiR5gl+V4KxOqz6CqFk6b8LC6loq+1KoTk32ASqmM/HxeEfCc6PFmqX9A6h8Sh5axpq8EfwrFkfZ/mtukzXgPQ1sTBQjnn8cfHgrA7kMYM5+6olJ38cDy9SD11l9Unm1LttAAiEAuJKWA0+bMCBnd25LSGPiCH/zYNc27ofEuor1fXa26BNZY6zPvbw14aPVW8cMQQ+s3+P0t40K6e6KBEf0PoO9uqfJktrH8uDhhjV1EEGMhbvqzeP7I36m7eOWOd4H6e4HN9q4j9qA5AV6iU8uL4KC4/HkL6Bn70T4WQcRHRbg/HaBOM01QcMprtmfoJchhCHqxjaxgUJX15xf+1YWOw2OYze+O379dfW/rlCO3O4jCmZKPXKcC7M9dif7oi5NrGgHEUB5aQ1Q0+fWMjSrb1jDQLkjYROWqcCQ1a+KbywWtzAAGyEHvQWIQJv78fsXP1EMDvygWA1VvvGqA//yvgP/8r2oW
[true-env-xmedusa] 1788183916172 XMedusa.emit.value.decoded base64_len=0x3d4 decoded_len=0x2df fnv1a=28135d76 b18=0x2f first64=69 85 95 6a 41 ce da a0 25 f0 98 29 53 30 3b 46 4e e8 59 3c 52 af 00 01 2f 75 8b 20 53 11 81 56 0b 58 9a 47 b1 73 c8 47 21 b6 01 01 33 a7 a5 15 ff 00 d4 4d ac ee c1 0c e7 69 34 e2 5b 12 86 d3
[true-env-xmedusa] 1788183916172 DONE first X-Medusa emit captured
[true-env-xmedusa] 1788183916172 getrandom ret=16 requested=0x10 first=0a d8 ff 06 1c a5 42 b2 94 9a fa 02 eb 51 5b 37 fnv1a=33633ead
[true-env-xmedusa] 1788183916178 HTTP.entry#2 off=0x149ca8 regs x0=0x732727e920 x1=0x71068556a0 x2=0x7106855690 x3=0x7106855680 x4=0x171 x5=0x7106855670 x8=0x71068557b8 lr=0x710bd8304c sp=0x71068555c0
[true-env-xmedusa] 1788183916290 HTTP.entry#2 env Process.id=13556 Process.tid=13710 getpid=13556 gettid=13710 syscall_gettid=13710 getppid=863 uid=10280 euid=10280
[true-env-xmedusa] 1788183916343 HTTP.entry#2 clock.REALTIME rc=0 sec=1788183916 nsec=343304651
[true-env-xmedusa] 1788183916405 HTTP.entry#2 clock.MONOTONIC rc=0 sec=218662 nsec=18800046
[true-env-xmedusa] 1788183916464 HTTP.entry#2 clock.BOOTTIME rc=0 sec=218662 nsec=77971799
[true-env-xmedusa] 1788183916468 HTTP.entry#2 proc.status Name: droid.ugc.aweme | Umask: 0077 | State: S (sleeping) | Tgid: 13556 | Pid: 13556 | PPid: 863 | TracerPid: 0 | Uid: 10280 10280 10280 10280 | Gid: 10280 10280 10280 10280 | Threads: 197 | NoNewPrivs: 0 | Seccomp: 2
[true-env-xmedusa] 1788183916525 HTTP.arg.x_ss_stub p=0x7106855680 range=0x7106760000-0x710685b000 rw- [anon:stack_and_tls:13710] mem_len=0x472c3050 src_len=0x74 body=0x73972d6810 bodyRange=0x73972a9000-0x73974a9000 rw- [anon:scudo:primary] sane=true
[true-env-xmedusa] 1788183916525 HTTP.arg.x_ss_stub body len=0x74 dump=0x74 fnv1a=3c0bde58 ascii="....q...C...B.....4gs....m.......................]..v6...>.pU.~.....e\nUmask:\t007.......P........0K-.s....`&ws....\F."
[true-env-xmedusa] 1788183916525 HTTP.arg.x_ss_stub body_hex=f0 aa e9 0b 71 00 00 00 43 03 00 00 42 03 00 00 10 f3 34 67 73 00 00 00 00 6d 00 00 00 00 00 00 02 81 01 00 00 00 bf 13 00 00 00 00 00 00 00 00 00 5d b2 cd 76 36 e1 c9 d1 3e cf 70 55 e6 7e 9c 01 00 00 00 65 0a 55 6d 61 73 6b 3a 09 30 30 37 02 81 01 00 00 00 14 50 00 00 00 00 00 00 00 00 30 4b 2d 97 73 00 00 00 10 60 26 77 73 00 00 b4 00 5c 46 87
[true-env-xmedusa] 1788183916586 HTTP.arg.url p=0x7106855690 range=0x7106760000-0x710685b000 rw- [anon:stack_and_tls:13710] mem_len=0x472c2d50 src_len=0x74 body=0x72f72facd0 bodyRange=0x72f72a7000-0x72f7367000 rw- [anon:scudo:primary] sane=true
[true-env-xmedusa] 1788183916587 HTTP.arg.url body len=0x74 dump=0x74 fnv1a=ad4bc7ba ascii="xp..q.....D.s.....*Gt.....<Gs.....*Gt.....D.s.....*Gt...p.D.s.....*Gt.....D.s...0.*Gt...0.D.s.....*Gt...........0.D."
[true-env-xmedusa] 1788183916587 HTTP.arg.url body_hex=78 70 ea 0b 71 00 00 00 f0 af 44 97 73 00 00 00 b0 b2 2a 47 74 00 00 00 d0 bd 3c 47 73 00 00 00 90 b6 2a 47 74 00 00 00 a0 9f 44 97 73 00 00 00 90 b5 2a 47 74 00 00 00 70 ba 44 97 73 00 00 00 10 d2 2a 47 74 00 00 00 10 a2 44 97 73 00 00 00 30 b7 2a 47 74 00 00 00 30 a3 44 97 73 00 00 00 f0 b6 2a 47 74 00 00 00 00 00 00 00 ff ff ff ff 30 ac 44 97
[true-env-xmedusa] 1788183916587 F8.enter#2 off=0x14a4e0 regs x0=0x71068554a0 x1=0x73972d53d8 x2=0xa x3=0x10 x4=0x710beb6d0c x5=0x74472c5e3a x8=0x1 lr=0x710bd824bc sp=0x71068552f0
[true-env-xmedusa] 1788183916713 F8.enter#2 env Process.id=13556 Process.tid=13710 getpid=13556 gettid=13710 syscall_gettid=13710 getppid=863 uid=10280 euid=10280
[true-env-xmedusa] 1788183916775 F8.enter#2 clock.REALTIME rc=0 sec=1788183916 nsec=775716923
[true-env-xmedusa] 1788183916832 F8.enter#2 clock.MONOTONIC rc=0 sec=218662 nsec=445170936
[true-env-xmedusa] 1788183916890 F8.enter#2 clock.BOOTTIME rc=0 sec=218662 nsec=503705645
[true-env-xmedusa] 1788183916892 F8.enter#2 proc.status Name: droid.ugc.aweme | Umask: 0077 | State: S (sleeping) | Tgid: 13556 | Pid: 13556 | PPid: 863 | TracerPid: 0 | Uid: 10280 10280 10280 10280 | Gid: 10280 10280 10280 10280 | Threads: 197 | NoNewPrivs: 0 | Seccomp: 2
[true-env-xmedusa] 1788183916912 F8.pack ptr=0x71068554a0 range=0x7106760000-0x710685b000 rw- [anon:stack_and_tls:13710] seed=0x6a95856d type=369 mode=0 final=1 out_key_ptr_ptr=0x71068553c8 out_value_ptr_ptr=0x71068553c0 qwords=[+0x0=0x6a95856d, +0x8=0x72f72facd0, +0x10=0x73972d4dd0, +0x18=0x71068553d0, +0x20=0x73972d45f0, +0x28=0x7106855380, +0x30=0x0, +0x38=0x0, +0x40=0x7100000171, +0x48=0x71068553c8, +0x50=0x71068553c0, +0x58=0x100000000, +0x60=0x710be9aaf0]
[true-env-xmedusa] 1788183916912 F8.pack.raw70 fnv1a=16f26f52 hex=6d 85 95 6a 00 00 00 00 d0 ac 2f f7 72 00 00 00 d0 4d 2d 97 73 00 00 00 d0 53 85 06 71 00 00 00 f0 45 2d 97 73 00 00 00 80 53 85 06 71 00 00 00 00 00 00 00 00 00 00 00 00 00 00 00 00 00 00 00 71 01 00 00 71 00 00 00 c8 53 85 06 71 00 00 00 c0 53 85 06 71 00 00 00 00 00 00 00 01 00 00 00 f0 aa e9 0b 71 00 00 00 0a 00 00 00 09 00 00 00
[true-env-xmedusa] 1788183916972 F8.in.x_ss_stub p=0x73972d4dd0 range=0x73972a9000-0x73974a9000 rw- [anon:scudo:primary] mem_len=0x20 src_len=0x10 body=0x73972d4f80 bodyRange=0x73972a9000-0x73974a9000 rw- [anon:scudo:primary] sane=true
[true-env-xmedusa] 1788183916973 F8.in.x_ss_stub body len=0x10 dump=0x10 fnv1a=69691905 ascii="................"
[true-env-xmedusa] 1788183916973 F8.in.x_ss_stub body_hex=00 00 00 00 00 00 00 00 00 00 00 00 00 00 00 00
[true-env-xmedusa] 1788183917036 F8.in.url_or_path p=0x71068553d0 range=0x7106760000-0x710685b000 rw- [anon:stack_and_tls:13710] mem_len=0x400 src_len=0x313 body=0x7367354500 bodyRange=0x7367262000-0x7367362000 rw- [anon:scudo:primary] sane=true
[true-env-xmedusa] 1788183917036 F8.in.url_or_path body len=0x313 dump=0x313 fnv1a=e054a7ea ascii="klink_egdi=AAIquJZZoZ2VNo6Bem7kHF5vqtqxbSgzDrv5k1Y1tWtLGkMr0Dr4-duM&iid=3313280560987770&device_id=4087336283154583&ac=wifi&channel=vivo_1128_64&aid=1128&app_name=aweme&version_code=350100&version_name=35.1.0&device_platform=android&os=android&ssmix=a&device_type=Pixel+6&device_brand=google&language=zh&os_api=35&os_version=15&manifest_version_code=350101&resolution=1080*2209&dpi=420&update_version_code=35109900&_rticket=1788183914576&package=com.ss.android.ugc.aweme&mcc_mnc=46000&first_launch_timestamp=1788084050&last_deeplink_update_version_code=0&cpu_support64=true&host_abi=arm64-v8a&is_guest_mode=0&app_type=normal&minor_status=0&appTheme=light&is_preinstall=0&need_personal_recommend=1&is_android_pad=0&is_android_fold=0&ts=1788183914&cdid=99f93d80-81b5-4d3e-bff0-19c28ac94e23"
[true-env-xmedusa] 1788183917037 F8.in.url_or_path body_hex=6b 6c 69 6e 6b 5f 65 67 64 69 3d 41 41 49 71 75 4a 5a 5a 6f 5a 32 56 4e 6f 36 42 65 6d 37 6b 48 46 35 76 71 74 71 78 62 53 67 7a 44 72 76 35 6b 31 59 31 74 57 74 4c 47 6b 4d 72 30 44 72 34 2d 64 75 4d 26 69 69 64 3d 33 33 31 33 32 38 30 35 36 30 39 38 37 37 37 30 26 64 65 76 69 63 65 5f 69 64 3d 34 30 38 37 33 33 36 32 38 33 31 35 34 35 38 33 26 61 63 3d 77 69 66 69 26 63 68 61 6e ...<hex truncated>
[true-env-xmedusa] 1788183917098 F8.in.aux_ref_mem p=0x73972d45f0 range=0x73972a9000-0x73974a9000 rw- [anon:scudo:primary] mem_len=0x9 src_len=0x8 body=0x74472c2490 bodyRange=0x744729f000-0x74472df000 rw- [anon:scudo:primary] sane=true
[true-env-xmedusa] 1788183917098 F8.in.aux_ref_mem body len=0x8 dump=0x8 fnv1a=9be17165 ascii="........"
[true-env-xmedusa] 1788183917098 F8.in.aux_ref_mem body_hex=00 00 00 00 00 00 00 00
[true-env-xmedusa] 1788183917158 F8.in.token_block p=0x7106855380 range=0x7106760000-0x710685b000 rw- [anon:stack_and_tls:13710] mem_len=0x20 src_len=0x19 body=0x73972d4b60 bodyRange=0x73972a9000-0x73974a9000 rw- [anon:scudo:primary] sane=true
[true-env-xmedusa] 1788183917159 F8.in.token_block body len=0x19 dump=0x19 fnv1a=49e75132 ascii="AZ-bfveVPeFr5Ac_8CQdogyUs"
[true-env-xmedusa] 1788183917159 F8.in.token_block body_hex=41 5a 2d 62 66 76 65 56 50 65 46 72 35 41 63 5f 38 43 51 64 6f 67 79 55 73
[true-env-xmedusa] 1788183917163 XMedusa.emit#2 off=0x14a53c regs x0=0x73473f7010 x1=0x73972d4050 x2=0x73972d4230 x3=0x73673521b0 x4=0x7367352efd x5=0x736735220d x8=0x0 lr=0x710bd82530 sp=0x71068552f0
[true-env-xmedusa] 1788183917322 XMedusa.emit#2 env Process.id=13556 Process.tid=13710 getpid=13556 gettid=13710 syscall_gettid=13710 getppid=863 uid=10280 euid=10280
[true-env-xmedusa] 1788183917392 XMedusa.emit#2 clock.REALTIME rc=0 sec=1788183917 nsec=392120122
[true-env-xmedusa] 1788183917471 XMedusa.emit#2 clock.MONOTONIC rc=0 sec=218663 nsec=84431557
[true-env-xmedusa] 1788183917544 XMedusa.emit#2 clock.BOOTTIME rc=0 sec=218663 nsec=157807655
[true-env-xmedusa] 1788183917548 XMedusa.emit#2 proc.status Name: droid.ugc.aweme | Umask: 0077 | State: R (running) | Tgid: 13556 | Pid: 13556 | PPid: 863 | TracerPid: 0 | Uid: 10280 10280 10280 10280 | Gid: 10280 10280 10280 10280 | Threads: 209 | NoNewPrivs: 0 | Seccomp: 2
[true-env-xmedusa] 1788183917548 XMedusa.lastF8 pack=0x71068554a0 seed=0x6a95856d type=369 mode=0 final=1 out_key_ptr_ptr=0x71068553c8 out_value_ptr_ptr=0x71068553c0
[true-env-xmedusa] 1788183917573 XMedusa.lastF8.out_key ptr_ptr=0x71068553c8 -> 0x74472869f0 range=0x744725f000-0x744729f000 rw- [anon:scudo:primary]
[true-env-xmedusa] 1788183917574 XMedusa.lastF8.out_key cstr ptr=0x74472869f0 len=0x8 complete=true fnv1a=4bf6400f ascii="X-Medusa"
[true-env-xmedusa] 1788183917599 XMedusa.lastF8.out_value ptr_ptr=0x71068553c0 -> 0x7367352b20 range=0x7367262000-0x7367362000 rw- [anon:scudo:primary]
[true-env-xmedusa] 1788183917605 XMedusa.lastF8.out_value cstr ptr=0x7367352b20 len=0x3dc complete=true fnv1a=dd5a7031 ascii="aIWVakDO2qAk8JgpUjA7Rk/oWTwxPQABgXUb9yNMAUIFGPlNIYdow6iYF9/KsCsPNEGHJdW/Z7hwehK8E7Hkpa3bsOQxQMqTJZDK7mmvx45Ah7cKZlYeslJJGTKJdGQ5qHMl9HVPMzRyupDlJ7t7LgTdvC8d2x5Oy9/pECtcpjrEc8u+M2mo4TkLPtSLRd36ouyuxAHa/lEvkArKJ5DzThkVV2eXvtzgx2UfbHC3RGvtdk/8cO6pfl20cn/5qj1Q6UWUOJ5qOGM8Mt8Tu9pernhFi+e7rZmeVidwWrQT6pV+gOnoyGr1LpkyZlPQy3uWy0590sE1uQpmzY8U/xoAIj/I3Dfk+nVgRaMKnAv6lhYGxobuApX7h/VqnMAAdQV3951e9GzJ65w4QsAiSRC5WnoNJDlnY8h0LzgrExqVdRU+gwcRIt/fg2KDj3gZ72HBxFK/8eXJjAodj143FPKVvkllgFNIxD/XZw4wPh1vzQOKPmI95ix2ON/6s4ZhrNtBXkH2Hux2igdfi1MZjocXRhNDP8NErjZAkbWloFxA0ooIoHXmL4ZGq4TM6+1fMNexlUr+IT/CPWvIX6AN0gFJpmf4e56iFTs13gfNfSjnSrB/NwQ72K40EN45J09jfzMDowjJrs9x23Z7316L+XopU2OD9zzbjg+5lCVa4vc/99UhS3y10ZWCNTUOU+7fiOmVRMNI+uyKX04OkqrFD1YoNz2MsQOjeETvQJ6OaL6fsgKXZ41YWbvClS7lneZmSDUpgdIAqZma8lOo7ZhgbLHXetR6WEmxOVLolhO9yiq/IeSKt5EXB/1wc2k8ivUBeFQ70p84cuVflzKUAp4XUuyfFFZqzPBVaM25ogev9tITCux03yeU2Tx/qvnLogrUqVIJidNKbV+Ok7DT9TO8YuaVY/UP8MRoL1S4QGvabI2dkL0tpmWFbfQwX9fYt753dwL9iVPG3XJo2kwVav/7L2r/+y+aCw=="
[true-env-xmedusa] 1788183917606 XMedusa.lastF8.out_value.b64_full=aIWVakDO2qAk8JgpUjA7Rk/oWTwxPQABgXUb9yNMAUIFGPlNIYdow6iYF9/KsCsPNEGHJdW/Z7hwehK8E7Hkpa3bsOQxQMqTJZDK7mmvx45Ah7cKZlYeslJJGTKJdGQ5qHMl9HVPMzRyupDlJ7t7LgTdvC8d2x5Oy9/pECtcpjrEc8u+M2mo4TkLPtSLRd36ouyuxAHa/lEvkArKJ5DzThkVV2eXvtzgx2UfbHC3RGvtdk/8cO6pfl20cn/5qj1Q6UWUOJ5qOGM8Mt8Tu9pernhFi+e7rZmeVidwWrQT6pV+gOnoyGr1LpkyZlPQy3uWy0590sE1uQpmzY8U/xoAIj/I3Dfk+nVgRaMKnAv6lhYGxobuApX7h/VqnMAAdQV3951e9GzJ65w4QsAiSRC5WnoNJDlnY8h0LzgrExqVdRU+gwcRIt/fg2KDj3gZ72HBxFK/8eXJjAodj143FPKVvkllgFNIxD/XZw4wPh1vzQOKPmI95ix2ON/6s4ZhrNtBXkH2Hux2igdfi1MZjocXRhNDP8NErjZAkbWloFxA0ooIoHXmL4ZGq4TM6+1fMNexlUr+IT/CPWvIX6AN0gFJpmf4e56iFTs13gfNfSjnSrB/NwQ72K40EN45J09jfzMDowjJrs9x23Z7316L+XopU2OD9zzbjg+5lCVa4vc/99UhS3y10ZWCNTUOU+7fiOmVRMNI+uyKX04OkqrFD1YoNz2MsQOjeETvQJ6OaL6fsgKXZ41YWbvClS7lneZmSDUpgdIAqZma8lOo7ZhgbLHXetR6WEmxOVLolhO9yiq/IeSKt5EXB/1wc2k8ivUBeFQ70p84cuVflzKUAp4XUuyfFFZqzPBVaM25ogev9tITCux03yeU2Tx/qvnLogrUqVIJidNKbV+Ok7DT9TO8YuaVY/UP8MRoL1S4QGvabI2dkL0tpmWFbfQwX9fYt753dwL9iVPG3XJo2kwVav/7L2r/+y+aCw==
[true-env-xmedusa] 1788183917607 XMedusa.lastF8.out_value.decoded base64_len=0x3dc decoded_len=0x2e3 fnv1a=2f503ac5 b18=0x81 first64=68 85 95 6a 40 ce da a0 24 f0 98 29 52 30 3b 46 4f e8 59 3c 31 3d 00 01 81 75 1b f7 23 4c 01 42 05 18 f9 4d 21 87 68 c3 a8 98 17 df ca b0 2b 0f 34 41 87 25 d5 bf 67 b8 70 7a 12 bc 13 b1 e4 a5
[true-env-xmedusa] 1788183917695 XMedusa.emit.key p=0x73972d4050 range=0x73972a9000-0x73974a9000 rw- [anon:scudo:primary] mem_len=0x9 src_len=0x8 body=0x74472c60b0 bodyRange=0x744729f000-0x74472df000 rw- [anon:scudo:primary] sane=true
[true-env-xmedusa] 1788183917696 XMedusa.emit.key body len=0x8 dump=0x8 fnv1a=4bf6400f ascii="X-Medusa"
[true-env-xmedusa] 1788183917696 XMedusa.emit.key body_hex=58 2d 4d 65 64 75 73 61
[true-env-xmedusa] 1788183917788 XMedusa.emit.value p=0x73972d4230 range=0x73972a9000-0x73974a9000 rw- [anon:scudo:primary] mem_len=0x3dd src_len=0x3dc body=0x7367351e30 bodyRange=0x7367262000-0x7367362000 rw- [anon:scudo:primary] sane=true
[true-env-xmedusa] 1788183917789 XMedusa.emit.value body len=0x3dc dump=0x3dc fnv1a=dd5a7031 ascii="aIWVakDO2qAk8JgpUjA7Rk/oWTwxPQABgXUb9yNMAUIFGPlNIYdow6iYF9/KsCsPNEGHJdW/Z7hwehK8E7Hkpa3bsOQxQMqTJZDK7mmvx45Ah7cKZlYeslJJGTKJdGQ5qHMl9HVPMzRyupDlJ7t7LgTdvC8d2x5Oy9/pECtcpjrEc8u+M2mo4TkLPtSLRd36ouyuxAHa/lEvkArKJ5DzThkVV2eXvtzgx2UfbHC3RGvtdk/8cO6pfl20cn/5qj1Q6UWUOJ5qOGM8Mt8Tu9pernhFi+e7rZmeVidwWrQT6pV+gOnoyGr1LpkyZlPQy3uWy0590sE1uQpmzY8U/xoAIj/I3Dfk+nVgRaMKnAv6lhYGxobuApX7h/VqnMAAdQV3951e9GzJ65w4QsAiSRC5WnoNJDlnY8h0LzgrExqVdRU+gwcRIt/fg2KDj3gZ72HBxFK/8eXJjAodj143FPKVvkllgFNIxD/XZw4wPh1vzQOKPmI95ix2ON/6s4ZhrNtBXkH2Hux2igdfi1MZjocXRhNDP8NErjZAkbWloFxA0ooIoHXmL4ZGq4TM6+1fMNexlUr+IT/CPWvIX6AN0gFJpmf4e56iFTs13gfNfSjnSrB/NwQ72K40EN45J09jfzMDowjJrs9x23Z7316L+XopU2OD9zzbjg+5lCVa4vc/99UhS3y10ZWCNTUOU+7fiOmVRMNI+uyKX04OkqrFD1YoNz2MsQOjeETvQJ6OaL6fsgKXZ41YWbvClS7lneZmSDUpgdIAqZma8lOo7ZhgbLHXetR6WEmxOVLolhO9yiq/IeSKt5EXB/1wc2k8ivUBeFQ70p84cuVflzKUAp4XUuyfFFZqzPBVaM25ogev9tITCux03yeU2Tx/qvnLogrUqVIJidNKbV+Ok7DT9TO8YuaVY/UP8MRoL1S4QGvabI2dkL0tpmWFbfQwX9fYt753dwL9iVPG3XJo2kwVav/7L2r/+y+aCw=="
[true-env-xmedusa] 1788183917789 XMedusa.emit.value body_hex=61 49 57 56 61 6b 44 4f 32 71 41 6b 38 4a 67 70 55 6a 41 37 52 6b 2f 6f 57 54 77 78 50 51 41 42 67 58 55 62 39 79 4e 4d 41 55 49 46 47 50 6c 4e 49 59 64 6f 77 36 69 59 46 39 2f 4b 73 43 73 50 4e 45 47 48 4a 64 57 2f 5a 37 68 77 65 68 4b 38 45 37 48 6b 70 61 33 62 73 4f 51 78 51 4d 71 54 4a 5a 44 4b 37 6d 6d 76 78 34 35 41 68 37 63 4b 5a 6c 59 65 73 6c 4a 4a 47 54 4b 4a 64 47 51 35 ...<hex truncated>
[true-env-xmedusa] 1788183917790 XMedusa.emit.value.b64_full=aIWVakDO2qAk8JgpUjA7Rk/oWTwxPQABgXUb9yNMAUIFGPlNIYdow6iYF9/KsCsPNEGHJdW/Z7hwehK8E7Hkpa3bsOQxQMqTJZDK7mmvx45Ah7cKZlYeslJJGTKJdGQ5qHMl9HVPMzRyupDlJ7t7LgTdvC8d2x5Oy9/pECtcpjrEc8u+M2mo4TkLPtSLRd36ouyuxAHa/lEvkArKJ5DzThkVV2eXvtzgx2UfbHC3RGvtdk/8cO6pfl20cn/5qj1Q6UWUOJ5qOGM8Mt8Tu9pernhFi+e7rZmeVidwWrQT6pV+gOnoyGr1LpkyZlPQy3uWy0590sE1uQpmzY8U/xoAIj/I3Dfk+nVgRaMKnAv6lhYGxobuApX7h/VqnMAAdQV3951e9GzJ65w4QsAiSRC5WnoNJDlnY8h0LzgrExqVdRU+gwcRIt/fg2KDj3gZ72HBxFK/8eXJjAodj143FPKVvkllgFNIxD/XZw4wPh1vzQOKPmI95ix2ON/6s4ZhrNtBXkH2Hux2igdfi1MZjocXRhNDP8NErjZAkbWloFxA0ooIoHXmL4ZGq4TM6+1fMNexlUr+IT/CPWvIX6AN0gFJpmf4e56iFTs13gfNfSjnSrB/NwQ72K40EN45J09jfzMDowjJrs9x23Z7316L+XopU2OD9zzbjg+5lCVa4vc/99UhS3y10ZWCNTUOU+7fiOmVRMNI+uyKX04OkqrFD1YoNz2MsQOjeETvQJ6OaL6fsgKXZ41YWbvClS7lneZmSDUpgdIAqZma8lOo7ZhgbLHXetR6WEmxOVLolhO9yiq/IeSKt5EXB/1wc2k8ivUBeFQ70p84cuVflzKUAp4XUuyfFFZqzPBVaM25ogev9tITCux03yeU2Tx/qvnLogrUqVIJidNKbV+Ok7DT9TO8YuaVY/UP8MRoL1S4QGvabI2dkL0tpmWFbfQwX9fYt753dwL9iVPG3XJo2kwVav/7L2r/+y+aCw==
[true-env-xmedusa] 1788183917793 XMedusa.emit.value.decoded base64_len=0x3dc decoded_len=0x2e3 fnv1a=2f503ac5 b18=0x81 first64=68 85 95 6a 40 ce da a0 24 f0 98 29 52 30 3b 46 4f e8 59 3c 31 3d 00 01 81 75 1b f7 23 4c 01 42 05 18 f9 4d 21 87 68 c3 a8 98 17 df ca b0 2b 0f 34 41 87 25 d5 bf 67 b8 70 7a 12 bc 13 b1 e4 a5
[true-env-xmedusa] 1788183917793 DONE first X-Medusa emit captured
[true-env-xmedusa] 1788183917793 getrandom ret=16 requested=0x10 first=ea 23 57 8a 7a d3 06 01 f5 01 93 a9 a6 fe dc b7 fnv1a=f298c87e
[true-env-xmedusa] 1788183917794 getrandom ret=16 requested=0x10 first=19 45 00 91 79 95 8c 29 4e aa b9 99 a5 6d 0d 70 fnv1a=3ba8cef4
[true-env-xmedusa] 1788183917796 getrandom ret=16 requested=0x10 first=35 2a d7 5f 52 e3 1c f3 1a 6c 7c c7 c4 a5 37 63 fnv1a=4d62b414
[true-env-xmedusa] 1788183917796 getrandom ret=16 requested=0x10 first=f9 dc bd 42 ec e6 20 ef 8b a5 9d 02 1a b1 fc 64 fnv1a=bafd7086
[true-env-xmedusa] 1788183917798 getrandom ret=16 requested=0x10 first=ad 76 c2 12 6d 43 af 7c e3 79 c0 6a 98 e9 ee 91 fnv1a=fc5699b9
