
 [1m[36m╔══════════════════════════════════════╗[0m
 [1m[36m║[0m  [1m      rustFrida v0.1.0             [0m[1m[36m║[0m
 [1m[36m║[0m  [2m  ARM64 Dynamic Instrumentation    [0m[1m[36m║[0m
 [1m[36m╚══════════════════════════════════════╝[0m

[1m[34m [*][0m Spawn 模式: 准备注入 com.ss.android.ugc.aweme
[1m[34m [*][0m 找到 1 个新 zygote 进程
[1m[36m [→][0m 正在注入 zymbiote 到 zygote64 (pid=887)...
[1m[32m [✓][0m Zymbiote 注入成功: zygote64 (pid=887)
[1m[34m [*][0m 正在启动应用 com.ss.android.ugc.aweme...
[1m[34m [*][0m 等待进程 com.ss.android.ugc.aweme 启动... (最长 20s)
[1m[32m [✓][0m 收到 spawn hello: pid=14655, ppid=887, package=com.ss.android.ugc.aweme
[1m[34m [*][0m 正在向子进程 14655 注入 agent...
[1m[34m [*][0m 正在附加到进程 PID: 14655 (Frida-style bootstrapper)
[1m[32m [✓][0m 成功附加到进程 14662，等待 SIGSTOP...
[1m[32m [✓][0m 进程已停止，可以操作寄存器
[1m[32m [✓][0m bootstrapper 完成: libc API 已解析
[1m[32m [✓][0m 已分离目标进程
[1m[32m [✓][0m Loader: agent 加载成功
[1m[34m [*][0m 等待 agent 连接... (最长 10s)
[1m[32m [✓][0m Agent 已连接
[1m[34m [*][0m 子进程暂停中，准备加载脚本
[1m[34m [*][0m 加载脚本: /data/local/tmp/metasec_probe_350101_packet-capture_capture_wx_kpm_140614_bootstrap.js
[1m[34m [*][0m 脚本声明 Java.setStealth(1)，预配置到 artinit/jsinit 之前
[1m[34m [*][0m 检测到 pre-resume Java 脚本，先发送到 raw clone TLS JS worker 执行
[1m[35m [agent][0m [JS] [packet350-bootstrap] declared java stealth=wxshadow; capture runtime waits for host loadjs after resume
[32m=> undefined[0m
[1m[36m [→][0m 正在恢复子进程 14655...
[1m[32m [✓][0m 子进程 14655 已恢复运行
[1m[33m [!][0m RF_POST_RESUME_JAVA_WORKER_MODE=skip，跳过 spawn 恢复后的 Java worker 启动
  [2m输入 help 查看命令，exit 退出[0m
rustfrida> [1m[34m [*][0m 重载脚本: /data/local/tmp/metasec_probe_350101_packet-capture_capture_wx_kpm_140614.js
[1m[35m [agent][0m [agent] [quickjs-soft] soft cleanup start (+0ms, total 0ms)
[1m[35m [agent][0m [agent] [quickjs-soft] phase0 pause_art_controller_reload (+0ms, total 0ms)
[1m[35m [agent][0m [agent] [quickjs-soft] phase1 cut_java_hooks (+0ms, total 0ms)
[1m[35m [agent][0m [agent] [quickjs-soft] phase1 cut_native_hooks (+0ms, total 0ms)
[1m[35m [agent][0m [JS] [drain] start, callback_in_flight=0, exec_in_flight=0
[1m[35m [agent][0m [JS] [drain] done, callback_in_flight=0, exec_in_flight=0 after 0ms (1 rounds)
[1m[35m [agent][0m [agent] [quickjs-soft] phase2 drain_thunk_in_flight (+0ms, total 0ms)
[1m[35m [agent][0m [agent] [quickjs-soft] phase3 free_java_hooks (+0ms, total 0ms)
[1m[35m [agent][0m [agent] [quickjs-soft] phase3 free_native_hooks (+0ms, total 0ms)
[1m[35m [agent][0m [agent] [quickjs-soft] phase3 resume_art_controller_reload (+0ms, total 0ms)
[1m[35m [agent][0m [agent] [quickjs-soft] phase3 detach_jni_thread (+0ms, total 0ms)
[1m[35m [agent][0m [agent] [quickjs-soft] phase3 cleanup_engine (+1ms, total 1ms)
[1m[35m [agent][0m [agent] [quickjs-soft] soft cleanup done (total 1ms) — art_controller + pool + recomp 保留
[1m[34m [*][0m 脚本声明 Java.setStealth(1)，预配置到 artinit/jsinit 之前
[1m[34m [*][0m 检测到 Java 脚本，发送到 Java worker 执行
[1m[35m [agent][0m [java worker] starting
[1m[35m [agent][0m [JS] [hook_engine] wxshadow PATCH failed (errno=1), trying PMD split + COW for addr=0x744e5f5e30
[1m[35m [agent][0m [JS] [hook_engine] wxshadow PATCH failed after COW: addr=0x744e5f5e30 errno=1
[1m[35m [agent][0m [JS] [hook_engine] [31m[STEALTH] wxshadow 失败 0x744e5f5e30，拒绝降级 mprotect[0m
rustfrida> [1m[31m [✗][0m Java worker 初始化失败: java worker start failed: Java executor loop hook is not installed
[1m[34m [*][0m 退出交互模式
[1m[34m [*][0m 已发送 shutdown，等待 agent 主动断开连接...
[1m[35m [agent][0m [agent] 收到 shutdown，开始退出清理
[1m[35m [agent][0m [agent] 退出清理完成，准备关闭 socket
