09-02 00:28:19.182 11551 11551 W Monkey  : args: [-p, com.ss.android.ugc.aweme, -c, android.intent.category.LAUNCHER, 1]
09-02 00:28:19.189 11551 11551 W Monkey  :  arg: "com.ss.android.ugc.aweme"
09-02 00:28:19.189 11551 11551 W Monkey  : data="com.ss.android.ugc.aweme"
09-02 00:28:19.216  1735  4381 I ActivityTaskManager: START u0 {act=android.intent.action.MAIN cat=[android.intent.category.LAUNCHER] flg=0x10200000 cmp=com.ss.android.ugc.aweme/.splash.SplashActivity} with LAUNCH_SINGLE_TOP from uid 2000 (BAL_ALLOW_PERMISSION) result code=0
09-02 00:28:19.217  2069  2093 V WindowManagerShell: Transition requested (#266): android.os.BinderProxy@391662a TransitionRequestInfo { type = OPEN, triggerTask = TaskInfo{userId=0 taskId=393 effectiveUid=10281 displayId=0 isRunning=true baseIntent=Intent { act=android.intent.action.MAIN cat=[android.intent.category.LAUNCHER] flg=0x10200000 cmp=com.ss.android.ugc.aweme/.splash.SplashActivity } baseActivity=ComponentInfo{com.ss.android.ugc.aweme/com.ss.android.ugc.aweme.main.MainActivity} topActivity=ComponentInfo{com.ss.android.ugc.aweme/com.ss.android.ugc.aweme.main.MainActivity} origActivity=ComponentInfo{com.ss.android.ugc.aweme/com.ss.android.ugc.aweme.splash.SplashActivity} realActivity=ComponentInfo{com.ss.android.ugc.aweme/com.ss.android.ugc.aweme.main.MainActivity} numActivities=1 lastActiveTime=14637114 supportsMultiWindow=true resizeMode=2 isResizeable=true minWidth=-1 minHeight=-1 defaultMinSize=220 token=WCT{android.window.IWindowContainerToken$Stub$Proxy@857c1b} topActivityType=1 pictureInPictureParams=null shouldDockBigOverlays=false launchIntoPipHostTaskId=-1 lastParentTaskIdBeforePip=-1 displayCutoutSafeInsets=Rect(0, 128 - 0, 0) topActivityInfo=ActivityInfo{c8841b8 com.ss.android.ugc.aweme.splash.SplashActivity} launchCookies=[] positionInParent=Point(0, 0) parentTaskId=-1 isFocused=false isVisible=false isVisibleRequested=false isTopActivityNoDisplay=false isSleeping=false locusId=null displayAreaFeatureId=1 isTopActivityTransparent=false isActivityStackTransparent=false lastNonFullscreenBounds=Rect(276, 692 - 804, 1772) capturedLink=null capturedLinkTimestamp=0 requestedVisibleTypes=-9 topActivityRequestOpenInBrowserEducationTimestamp=0 appCompatTaskInfo=AppCompatTaskInfo { topActivityInSizeCompat=false eligibleForLetterboxEducation= false isLetterboxEducationEnabled= false isLetterboxDoubleTapEnabled= false eligibleForUserAspectRatioButton= false topActivityBoundsLetterboxed= false isFromLetterboxDoubleTap= false topActivityLetterboxVerticalPosition= -1 topActivityLetterboxHorizontalPosition= -1 topActivityLetterboxWidth=-1 topActivityLetterboxHeight=-1 topActivityLetterboxAppWidth=-1 topActivityLetterboxAppHeight=-1 isUserFullscreenOverrideEnabled=false isSystemFullscreenOverrideEnabled=false hasMinAspectRatioOverride=false topActivityLetterboxBounds=null cameraCompatTaskInfo=CameraCompatTaskInfo { freeformCameraCompatMode=inactive}} topActivityMainWindowFrame=null}, pipChange = null, remoteTransition = null, displayChange = null, flags = 0, debugId = 266 }
09-02 00:28:19.219  1735  4381 I AppsFilter: interaction: PackageSetting{63c5ba2 com.google.android.microdroid.empty_payload/10259} -> PackageSetting{e7f96fa com.ss.android.ugc.aweme/10281} BLOCKED
09-02 00:28:19.229  1735  4376 D CoreBackPreview: Window{be60b52 u0 Splash Screen com.ss.android.ugc.aweme}: Setting back callback OnBackInvokedCallbackInfo{mCallback=android.window.IOnBackInvokedCallback$Stub$Proxy@80460d9, mPriority=0, mIsAnimationCallback=false, mOverrideBehavior=0}
09-02 00:28:19.239  1735  1803 I ActivityManager: Start proc 11564:com.ss.android.ugc.aweme/u0a281 for next-top-activity {com.ss.android.ugc.aweme/com.ss.android.ugc.aweme.splash.SplashActivity}
09-02 00:28:19.245  1735  1791 V WindowManager: Sent Transition (#266) createdAt=09-02 00:28:19.211 via request=TransitionRequestInfo { type = OPEN, triggerTask = TaskInfo{userId=0 taskId=393 effectiveUid=10281 displayId=0 isRunning=true baseIntent=Intent { act=android.intent.action.MAIN cat=[android.intent.category.LAUNCHER] flg=0x10200000 cmp=com.ss.android.ugc.aweme/.splash.SplashActivity } baseActivity=ComponentInfo{com.ss.android.ugc.aweme/com.ss.android.ugc.aweme.main.MainActivity} topActivity=ComponentInfo{com.ss.android.ugc.aweme/com.ss.android.ugc.aweme.main.MainActivity} origActivity=ComponentInfo{com.ss.android.ugc.aweme/com.ss.android.ugc.aweme.splash.SplashActivity} realActivity=ComponentInfo{com.ss.android.ugc.aweme/com.ss.android.ugc.aweme.main.MainActivity} numActivities=1 lastActiveTime=14637114 supportsMultiWindow=true resizeMode=2 isResizeable=true minWidth=-1 minHeight=-1 defaultMinSize=220 token=WCT{RemoteToken{b63ed02 Task{78cc9ee #393 type=standard A=10281:com.ss.android.ugc.aweme}}} topActivityType=1 pictureInPictureParams=null shouldDockBigOverlays=false launchIntoPipHostTaskId=-1 lastParentTaskIdBeforePip=-1 displayCutoutSafeInsets=Rect(0, 128 - 0, 0) topActivityInfo=ActivityInfo{b23249 com.ss.android.ugc.aweme.splash.SplashActivity} launchCookies=[] positionInParent=Point(0, 0) parentTaskId=-1 isFocused=false isVisible=false isVisibleRequested=false isTopActivityNoDisplay=false isSleeping=false locusId=null displayAreaFeatureId=1 isTopActivityTransparent=false isActivityStackTransparent=false lastNonFullscreenBounds=Rect(276, 692 - 804, 1772) capturedLink=null capturedLinkTimestamp=0 requestedVisibleTypes=-9 topActivityRequestOpenInBrowserEducationTimestamp=0 appCompatTaskInfo=AppCompatTaskInfo { topActivityInSizeCompat=false eligibleForLetterboxEducation= false isLetterboxEducationEnabled= false isLetterboxDoubleTapEnabled= false eligibleForUserAspectRatioButton= false topActivityBoundsLetterboxed= false isFromLetterboxDoubleTap= false topActivityLetterboxVerticalPosition= -1 topActivityLetterboxHorizontalPosition= -1 topActivityLetterboxWidth=-1 topActivityLetterboxHeight=-1 topActivityLetterboxAppWidth=-1 topActivityLetterboxAppHeight=-1 isUserFullscreenOverrideEnabled=false isSystemFullscreenOverrideEnabled=false hasMinAspectRatioOverride=false topActivityLetterboxBounds=null cameraCompatTaskInfo=CameraCompatTaskInfo { freeformCameraCompatMode=inactive}} topActivityMainWindowFrame=null}, pipChange = null, remoteTransition = null, displayChange = null, flags = 0, debugId = 266 }
09-02 00:28:19.246  1735  1791 V WindowManager:         {WCT{RemoteToken{b63ed02 Task{78cc9ee #393 type=standard A=10281:com.ss.android.ugc.aweme}}} m=OPEN f=NONE leash=Surface(name=Task=393)/@0x42a4f76 sb=Rect(0, 0 - 1080, 2400) eb=Rect(0, 0 - 1080, 2400) epz=Point(1080, 2400) d=0 taskParent=-1},
09-02 00:28:19.351 11564 11564 D nativeloader: Configuring clns-7 for other apk /data/app/~~na7dq0QJPM3TlOgWfFFaKg==/com.ss.android.ugc.aweme-sWxsoc19sPwX3CppMH73Qg==/base.apk. target_sdk_version=34, uses_libraries=libOpenCL.so:libOpenCL-pixel.so, library_path=/data/app/~~na7dq0QJPM3TlOgWfFFaKg==/com.ss.android.ugc.aweme-sWxsoc19sPwX3CppMH73Qg==/lib/arm64:/data/app/~~na7dq0QJPM3TlOgWfFFaKg==/com.ss.android.ugc.aweme-sWxsoc19sPwX3CppMH73Qg==/base.apk!/lib/arm64-v8a, permitted_path=/data:/mnt/expand:/data/user/0/com.ss.android.ugc.aweme
09-02 00:28:19.360 11564 11564 V GraphicsEnvironment: com.ss.android.ugc.aweme is not listed in per-application setting
09-02 00:28:19.366 11564 11564 D nativeloader: Load /data/app/~~na7dq0QJPM3TlOgWfFFaKg==/com.ss.android.ugc.aweme-sWxsoc19sPwX3CppMH73Qg==/lib/arm64/libjato.so using ns clns-7 from class loader (caller=/data/app/~~na7dq0QJPM3TlOgWfFFaKg==/com.ss.android.ugc.aweme-sWxsoc19sPwX3CppMH73Qg==/base.apk!classes4.dex): ok
09-02 00:28:19.378 11564 11564 D nativeloader: Load /data/app/~~na7dq0QJPM3TlOgWfFFaKg==/com.ss.android.ugc.aweme-sWxsoc19sPwX3CppMH73Qg==/lib/arm64/libc++_shared.so using ns clns-7 from class loader (caller=/data/app/~~na7dq0QJPM3TlOgWfFFaKg==/com.ss.android.ugc.aweme-sWxsoc19sPwX3CppMH73Qg==/base.apk!classes16.dex): ok
09-02 00:28:19.379 11564 11564 D nativeloader: Load /data/app/~~na7dq0QJPM3TlOgWfFFaKg==/com.ss.android.ugc.aweme-sWxsoc19sPwX3CppMH73Qg==/lib/arm64/libkeva.so using ns clns-7 from class loader (caller=/data/app/~~na7dq0QJPM3TlOgWfFFaKg==/com.ss.android.ugc.aweme-sWxsoc19sPwX3CppMH73Qg==/base.apk!classes16.dex): ok
09-02 00:28:19.395 11564 11564 D nativeloader: Load /data/app/~~na7dq0QJPM3TlOgWfFFaKg==/com.ss.android.ugc.aweme-sWxsoc19sPwX3CppMH73Qg==/lib/arm64/libflipped.so using ns clns-7 from class loader (caller=/data/app/~~na7dq0QJPM3TlOgWfFFaKg==/com.ss.android.ugc.aweme-sWxsoc19sPwX3CppMH73Qg==/base.apk!classes16.dex): ok
09-02 00:28:19.403 11564 11564 D nativeloader: Load /data/app/~~na7dq0QJPM3TlOgWfFFaKg==/com.ss.android.ugc.aweme-sWxsoc19sPwX3CppMH73Qg==/lib/arm64/libsonicjson.so using ns clns-7 from class loader (caller=/data/app/~~na7dq0QJPM3TlOgWfFFaKg==/com.ss.android.ugc.aweme-sWxsoc19sPwX3CppMH73Qg==/base.apk!classes16.dex): ok
09-02 00:28:19.409 11564 11643 D nativeloader: Load /data/app/~~na7dq0QJPM3TlOgWfFFaKg==/com.ss.android.ugc.aweme-sWxsoc19sPwX3CppMH73Qg==/lib/arm64/libwatson.so using ns clns-7 from class loader (caller=/data/app/~~na7dq0QJPM3TlOgWfFFaKg==/com.ss.android.ugc.aweme-sWxsoc19sPwX3CppMH73Qg==/base.apk!classes16.dex): ok
09-02 00:28:19.417 11564 11614 D nativeloader: Load /data/app/~~na7dq0QJPM3TlOgWfFFaKg==/com.ss.android.ugc.aweme-sWxsoc19sPwX3CppMH73Qg==/lib/arm64/libbytehook.so using ns clns-7 from class loader (caller=/data/app/~~na7dq0QJPM3TlOgWfFFaKg==/com.ss.android.ugc.aweme-sWxsoc19sPwX3CppMH73Qg==/base.apk!classes16.dex): ok
09-02 00:28:19.446 11564 11596 D nativeloader: Load /data/app/~~na7dq0QJPM3TlOgWfFFaKg==/com.ss.android.ugc.aweme-sWxsoc19sPwX3CppMH73Qg==/lib/arm64/libmonitorcollector-lib.so using ns clns-7 from class loader (caller=/data/app/~~na7dq0QJPM3TlOgWfFFaKg==/com.ss.android.ugc.aweme-sWxsoc19sPwX3CppMH73Qg==/base.apk!classes16.dex): ok
09-02 00:28:19.450 11564 11615 D nativeloader: Load /data/app/~~na7dq0QJPM3TlOgWfFFaKg==/com.ss.android.ugc.aweme-sWxsoc19sPwX3CppMH73Qg==/lib/arm64/libsoloader.so using ns clns-7 from class loader (caller=/data/app/~~na7dq0QJPM3TlOgWfFFaKg==/com.ss.android.ugc.aweme-sWxsoc19sPwX3CppMH73Qg==/base.apk!classes16.dex): ok
09-02 00:28:19.517 11564 11633 D nativeloader: Load /data/app/~~na7dq0QJPM3TlOgWfFFaKg==/com.ss.android.ugc.aweme-sWxsoc19sPwX3CppMH73Qg==/lib/arm64/libsscronet.so using ns clns-7 from class loader (caller=/data/app/~~na7dq0QJPM3TlOgWfFFaKg==/com.ss.android.ugc.aweme-sWxsoc19sPwX3CppMH73Qg==/base.apk!classes16.dex): ok
09-02 00:28:19.518 11564 11596 D nativeloader: Load /data/app/~~na7dq0QJPM3TlOgWfFFaKg==/com.ss.android.ugc.aweme-sWxsoc19sPwX3CppMH73Qg==/lib/arm64/libsysoptimizer.so using ns clns-7 from class loader (caller=/data/app/~~na7dq0QJPM3TlOgWfFFaKg==/com.ss.android.ugc.aweme-sWxsoc19sPwX3CppMH73Qg==/base.apk!classes16.dex): ok
09-02 00:28:19.520 11564 11661 D nativeloader: Load /data/app/~~na7dq0QJPM3TlOgWfFFaKg==/com.ss.android.ugc.aweme-sWxsoc19sPwX3CppMH73Qg==/lib/arm64/libalog.so using ns clns-7 from class loader (caller=/data/app/~~na7dq0QJPM3TlOgWfFFaKg==/com.ss.android.ugc.aweme-sWxsoc19sPwX3CppMH73Qg==/base.apk!classes16.dex): ok
09-02 00:28:19.539 11564 11633 D nativeloader: Load /data/app/~~na7dq0QJPM3TlOgWfFFaKg==/com.ss.android.ugc.aweme-sWxsoc19sPwX3CppMH73Qg==/lib/arm64/libmetasec_ml.so using ns clns-7 from class loader (caller=/data/app/~~na7dq0QJPM3TlOgWfFFaKg==/com.ss.android.ugc.aweme-sWxsoc19sPwX3CppMH73Qg==/base.apk!classes16.dex): ok
09-02 00:28:19.543 11564 11630 D nativeloader: Load /data/app/~~na7dq0QJPM3TlOgWfFFaKg==/com.ss.android.ugc.aweme-sWxsoc19sPwX3CppMH73Qg==/lib/arm64/libnative_log.so using ns clns-7 from class loader (caller=/data/app/~~na7dq0QJPM3TlOgWfFFaKg==/com.ss.android.ugc.aweme-sWxsoc19sPwX3CppMH73Qg==/base.apk!classes16.dex): ok
09-02 00:28:19.550 11564 11630 D nativeloader: Load /data/app/~~na7dq0QJPM3TlOgWfFFaKg==/com.ss.android.ugc.aweme-sWxsoc19sPwX3CppMH73Qg==/lib/arm64/libbdsword.so using ns clns-7 from class loader (caller=/data/app/~~na7dq0QJPM3TlOgWfFFaKg==/com.ss.android.ugc.aweme-sWxsoc19sPwX3CppMH73Qg==/base.apk!classes16.dex): ok
09-02 00:28:19.569 11564 11605 D nativeloader: Load /data/app/~~na7dq0QJPM3TlOgWfFFaKg==/com.ss.android.ugc.aweme-sWxsoc19sPwX3CppMH73Qg==/lib/arm64/libshadowhook.so using ns clns-7 from class loader (caller=/data/app/~~na7dq0QJPM3TlOgWfFFaKg==/com.ss.android.ugc.aweme-sWxsoc19sPwX3CppMH73Qg==/base.apk!classes16.dex): ok
09-02 00:28:19.585 11564 11683 D nativeloader: Load /data/app/~~na7dq0QJPM3TlOgWfFFaKg==/com.ss.android.ugc.aweme-sWxsoc19sPwX3CppMH73Qg==/lib/arm64/libhelios_bm.so using ns clns-7 from class loader (caller=/data/app/~~na7dq0QJPM3TlOgWfFFaKg==/com.ss.android.ugc.aweme-sWxsoc19sPwX3CppMH73Qg==/base.apk!classes16.dex): ok
09-02 00:28:19.602 11564 11662 D vulkan  : searching for layers in '/data/app/~~na7dq0QJPM3TlOgWfFFaKg==/com.ss.android.ugc.aweme-sWxsoc19sPwX3CppMH73Qg==/lib/arm64'
09-02 00:28:19.616 11564 11662 D vulkan  : searching for layers in '/data/app/~~na7dq0QJPM3TlOgWfFFaKg==/com.ss.android.ugc.aweme-sWxsoc19sPwX3CppMH73Qg==/base.apk!/lib/arm64-v8a'
09-02 00:28:19.621 11564 11601 D nativeloader: Load /data/app/~~na7dq0QJPM3TlOgWfFFaKg==/com.ss.android.ugc.aweme-sWxsoc19sPwX3CppMH73Qg==/lib/arm64/libnpth.so using ns clns-7 from class loader (caller=/data/app/~~na7dq0QJPM3TlOgWfFFaKg==/com.ss.android.ugc.aweme-sWxsoc19sPwX3CppMH73Qg==/base.apk!classes16.dex): ok
09-02 00:28:19.621 11564 11615 D nativeloader: Configuring clns-10 for other apk . target_sdk_version=34, uses_libraries=ALL, library_path=/data/user/0/com.ss.android.ugc.aweme/files/plugins/com.ss.android.ugc.aweme.videocache_v2/version-35109037/lib, permitted_path=/data:/mnt/expand
09-02 00:28:19.630  1735  1872 D ConnectivityService: requestNetwork for uid/pid:10281/11564 activeRequest: null callbackRequest: 2931 [NetworkRequest [ REQUEST id=2932, [ Capabilities: INTERNET&NOT_RESTRICTED&TRUSTED&NOT_VCN_MANAGED&NOT_BANDWIDTH_CONSTRAINED Uid: 10281 RequestorUid: 10281 RequestorPkg: com.ss.android.ugc.aweme UnderlyingNetworks: Null] ]] callback flags: 0 order: 2147483647 isUidTracked: false declaredMethods: AVAIL|LOST|NC|LP
09-02 00:28:19.635  1735  1952 D OemPaidWifiNetworkFactory: got request NetworkRequest [ REQUEST id=2932, [ Capabilities: INTERNET&NOT_RESTRICTED&TRUSTED&NOT_VCN_MANAGED&NOT_BANDWIDTH_CONSTRAINED Uid: 10281 RequestorUid: 10281 RequestorPkg: com.ss.android.ugc.aweme UnderlyingNetworks: Null] ]
09-02 00:28:19.636  1735  1952 D MultiInternetWifiNetworkFactory: got request NetworkRequest [ REQUEST id=2932, [ Capabilities: INTERNET&NOT_RESTRICTED&TRUSTED&NOT_VCN_MANAGED&NOT_BANDWIDTH_CONSTRAINED Uid: 10281 RequestorUid: 10281 RequestorPkg: com.ss.android.ugc.aweme UnderlyingNetworks: Null] ]
09-02 00:28:19.636  1735  1952 D WifiNetworkFactory: got request NetworkRequest [ REQUEST id=2932, [ Capabilities: INTERNET&NOT_RESTRICTED&TRUSTED&NOT_VCN_MANAGED&NOT_BANDWIDTH_CONSTRAINED Uid: 10281 RequestorUid: 10281 RequestorPkg: com.ss.android.ugc.aweme UnderlyingNetworks: Null] ]
09-02 00:28:19.636  1735  1952 D UntrustedWifiNetworkFactory: got request NetworkRequest [ REQUEST id=2932, [ Capabilities: INTERNET&NOT_RESTRICTED&TRUSTED&NOT_VCN_MANAGED&NOT_BANDWIDTH_CONSTRAINED Uid: 10281 RequestorUid: 10281 RequestorPkg: com.ss.android.ugc.aweme UnderlyingNetworks: Null] ]
09-02 00:28:19.640 11564 11601 D nativeloader: Load /data/app/~~na7dq0QJPM3TlOgWfFFaKg==/com.ss.android.ugc.aweme-sWxsoc19sPwX3CppMH73Qg==/lib/arm64/libttcrypto.so using ns clns-7 from class loader (caller=/data/app/~~na7dq0QJPM3TlOgWfFFaKg==/com.ss.android.ugc.aweme-sWxsoc19sPwX3CppMH73Qg==/base.apk!classes16.dex): ok
09-02 00:28:19.641 11564 11601 D nativeloader: Load /data/app/~~na7dq0QJPM3TlOgWfFFaKg==/com.ss.android.ugc.aweme-sWxsoc19sPwX3CppMH73Qg==/lib/arm64/libttboringssl.so using ns clns-7 from class loader (caller=/data/app/~~na7dq0QJPM3TlOgWfFFaKg==/com.ss.android.ugc.aweme-sWxsoc19sPwX3CppMH73Qg==/base.apk!classes16.dex): ok
09-02 00:28:19.642 11564 11621 D nativeloader: Load /data/app/~~na7dq0QJPM3TlOgWfFFaKg==/com.ss.android.ugc.aweme-sWxsoc19sPwX3CppMH73Qg==/lib/arm64/libbdzstd.so using ns clns-7 from class loader (caller=/data/app/~~na7dq0QJPM3TlOgWfFFaKg==/com.ss.android.ugc.aweme-sWxsoc19sPwX3CppMH73Qg==/base.apk!classes16.dex): ok
09-02 00:28:19.662 11564 11601 D nativeloader: Load /data/app/~~na7dq0QJPM3TlOgWfFFaKg==/com.ss.android.ugc.aweme-sWxsoc19sPwX3CppMH73Qg==/lib/arm64/libwcdb2.so using ns clns-7 from class loader (caller=/data/app/~~na7dq0QJPM3TlOgWfFFaKg==/com.ss.android.ugc.aweme-sWxsoc19sPwX3CppMH73Qg==/base.apk!classes16.dex): ok
09-02 00:28:19.624 11564 11564 I #TransmitThread: type=1400 audit(0.0:44331): avc:  denied  { getattr } for  path="/data/media" dev="dm-56" ino=137 scontext=u:r:untrusted_app:s0:c25,c257,c512,c768 tcontext=u:object_r:media_userdir_file:s0 tclass=dir permissive=1 app=com.ss.android.ugc.aweme
09-02 00:28:19.681 11564 11718 D nativeloader: Load /data/app/~~na7dq0QJPM3TlOgWfFFaKg==/com.ss.android.ugc.aweme-sWxsoc19sPwX3CppMH73Qg==/lib/arm64/libvcbasekit.so using ns clns-7 from class loader (caller=/data/app/~~na7dq0QJPM3TlOgWfFFaKg==/com.ss.android.ugc.aweme-sWxsoc19sPwX3CppMH73Qg==/base.apk!classes16.dex): ok
09-02 00:28:19.687 11564 11718 D nativeloader: Load /data/app/~~na7dq0QJPM3TlOgWfFFaKg==/com.ss.android.ugc.aweme-sWxsoc19sPwX3CppMH73Qg==/lib/arm64/libvcn.so using ns clns-7 from class loader (caller=/data/app/~~na7dq0QJPM3TlOgWfFFaKg==/com.ss.android.ugc.aweme-sWxsoc19sPwX3CppMH73Qg==/base.apk!classes16.dex): ok
09-02 00:28:19.688 11564 11718 D nativeloader: Load /data/app/~~na7dq0QJPM3TlOgWfFFaKg==/com.ss.android.ugc.aweme-sWxsoc19sPwX3CppMH73Qg==/lib/arm64/libvcnverify.so using ns clns-7 from class loader (caller=/data/app/~~na7dq0QJPM3TlOgWfFFaKg==/com.ss.android.ugc.aweme-sWxsoc19sPwX3CppMH73Qg==/base.apk!classes16.dex): ok
09-02 00:28:19.696 11564 11718 D nativeloader: Load /data/app/~~na7dq0QJPM3TlOgWfFFaKg==/com.ss.android.ugc.aweme-sWxsoc19sPwX3CppMH73Qg==/lib/arm64/libavmdlbase.so using ns clns-7 from class loader (caller=/data/app/~~na7dq0QJPM3TlOgWfFFaKg==/com.ss.android.ugc.aweme-sWxsoc19sPwX3CppMH73Qg==/base.apk!classes16.dex): ok
09-02 00:28:19.715 11564 11718 D nativeloader: Load /data/app/~~na7dq0QJPM3TlOgWfFFaKg==/com.ss.android.ugc.aweme-sWxsoc19sPwX3CppMH73Qg==/lib/arm64/libavmdlv2.so using ns clns-7 from class loader (caller=/data/app/~~na7dq0QJPM3TlOgWfFFaKg==/com.ss.android.ugc.aweme-sWxsoc19sPwX3CppMH73Qg==/base.apk!classes16.dex): ok
09-02 00:28:19.736 11564 11564 W PlayerCommon: type=1400 audit(0.0:44332): avc:  granted  { execute } for  path="/data/data/com.ss.android.ugc.aweme/files/plugins/com.ss.android.ugc.aweme.videocache_v2/version-35109037/lib/libmdlttquicheloader.so" dev="dm-56" ino=60430 scontext=u:r:untrusted_app:s0:c25,c257,c512,c768 tcontext=u:object_r:app_data_file:s0:c25,c257,c512,c768 tclass=file app=com.ss.android.ugc.aweme
09-02 00:28:19.739 11564 11718 D nativeloader: Load /data/user/0/com.ss.android.ugc.aweme/files/plugins/com.ss.android.ugc.aweme.videocache_v2/version-35109037/lib/libmdlttquicheloader.so using ns clns-10 from class loader (caller=<unknown>): ok
09-02 00:28:19.760 11564 11626 D nativeloader: Load /data/app/~~na7dq0QJPM3TlOgWfFFaKg==/com.ss.android.ugc.aweme-sWxsoc19sPwX3CppMH73Qg==/lib/arm64/libzaid.so using ns clns-7 from class loader (caller=/data/app/~~na7dq0QJPM3TlOgWfFFaKg==/com.ss.android.ugc.aweme-sWxsoc19sPwX3CppMH73Qg==/base.apk!classes16.dex): ok
09-02 00:28:19.761 11564 11615 D nativeloader: Load /data/app/~~na7dq0QJPM3TlOgWfFFaKg==/com.ss.android.ugc.aweme-sWxsoc19sPwX3CppMH73Qg==/lib/arm64/libEncryptor.so using ns clns-7 from class loader (caller=/data/app/~~na7dq0QJPM3TlOgWfFFaKg==/com.ss.android.ugc.aweme-sWxsoc19sPwX3CppMH73Qg==/base.apk!classes16.dex): ok
09-02 00:28:19.774 11564 11718 D nativeloader: Load /data/app/~~na7dq0QJPM3TlOgWfFFaKg==/com.ss.android.ugc.aweme-sWxsoc19sPwX3CppMH73Qg==/lib/arm64/libpreload.so using ns clns-7 from class loader (caller=/data/app/~~na7dq0QJPM3TlOgWfFFaKg==/com.ss.android.ugc.aweme-sWxsoc19sPwX3CppMH73Qg==/base.apk!classes16.dex): ok
09-02 00:28:19.775  1735  3690 D ConnectivityService: requestNetwork for uid/pid:10281/11564 activeRequest: null callbackRequest: 2934 [NetworkRequest [ REQUEST id=2934, [ Transports: CELLULAR Capabilities: INTERNET&NOT_RESTRICTED&TRUSTED&NOT_VPN&NOT_VCN_MANAGED&NOT_BANDWIDTH_CONSTRAINED Forbidden: LOCAL_NETWORK Uid: 10281 RequestorUid: 10281 RequestorPkg: com.ss.android.ugc.aweme UnderlyingNetworks: Null] ]] callback flags: 0 order: 2147483647 isUidTracked: false declaredMethods: AVAIL|LOST
09-02 00:28:19.780  1735  1966 D ConnectivityService: releasing NetworkRequest [ REQUEST id=2934, [ Transports: CELLULAR Capabilities: INTERNET&NOT_RESTRICTED&TRUSTED&NOT_VPN&NOT_VCN_MANAGED&NOT_BANDWIDTH_CONSTRAINED Forbidden: LOCAL_NETWORK Uid: 10281 RequestorUid: 10281 RequestorPkg: com.ss.android.ugc.aweme UnderlyingNetworks: Null] ] (release request)
09-02 00:28:19.789 11564 11718 D nativeloader: Load /data/app/~~na7dq0QJPM3TlOgWfFFaKg==/com.ss.android.ugc.aweme-sWxsoc19sPwX3CppMH73Qg==/lib/arm64/libByteVC1_dec.so using ns clns-7 from class loader (caller=/data/app/~~na7dq0QJPM3TlOgWfFFaKg==/com.ss.android.ugc.aweme-sWxsoc19sPwX3CppMH73Qg==/base.apk!classes16.dex): ok
09-02 00:28:19.794 11564 11718 D nativeloader: Load /data/app/~~na7dq0QJPM3TlOgWfFFaKg==/com.ss.android.ugc.aweme-sWxsoc19sPwX3CppMH73Qg==/lib/arm64/libbyteVC2dec.so using ns clns-7 from class loader (caller=/data/app/~~na7dq0QJPM3TlOgWfFFaKg==/com.ss.android.ugc.aweme-sWxsoc19sPwX3CppMH73Qg==/base.apk!classes16.dex): ok
09-02 00:28:19.798 11564 11718 D nativeloader: Load /data/app/~~na7dq0QJPM3TlOgWfFFaKg==/com.ss.android.ugc.aweme-sWxsoc19sPwX3CppMH73Qg==/lib/arm64/libttffmpeg.so using ns clns-7 from class loader (caller=/data/app/~~na7dq0QJPM3TlOgWfFFaKg==/com.ss.android.ugc.aweme-sWxsoc19sPwX3CppMH73Qg==/base.apk!classes16.dex): ok
09-02 00:28:19.806 11564 11718 D nativeloader: Load /data/app/~~na7dq0QJPM3TlOgWfFFaKg==/com.ss.android.ugc.aweme-sWxsoc19sPwX3CppMH73Qg==/lib/arm64/libttmplayer.so using ns clns-7 from class loader (caller=/data/app/~~na7dq0QJPM3TlOgWfFFaKg==/com.ss.android.ugc.aweme-sWxsoc19sPwX3CppMH73Qg==/base.apk!classes16.dex): ok
09-02 00:28:19.811  1735  1872 D CoreBackPreview: Window{c195d91 u0 com.ss.android.ugc.aweme/com.ss.android.ugc.aweme.splash.SplashActivity}: Setting back callback OnBackInvokedCallbackInfo{mCallback=android.window.IOnBackInvokedCallback$Stub$Proxy@8e541cd, mPriority=0, mIsAnimationCallback=false, mOverrideBehavior=0}
09-02 00:28:19.808 11564 11564 I #tp-default-278: type=1400 audit(0.0:44333): avc:  denied  { read } for  name="u:object_r:qemu_hw_prop:s0" dev="tmpfs" ino=323 scontext=u:r:untrusted_app:s0:c25,c257,c512,c768 tcontext=u:object_r:qemu_hw_prop:s0 tclass=file permissive=1 app=com.ss.android.ugc.aweme
09-02 00:28:19.808 11564 11564 I #tp-default-278: type=1400 audit(0.0:44334): avc:  denied  { open } for  path="/dev/__properties__/u:object_r:qemu_hw_prop:s0" dev="tmpfs" ino=323 scontext=u:r:untrusted_app:s0:c25,c257,c512,c768 tcontext=u:object_r:qemu_hw_prop:s0 tclass=file permissive=1 app=com.ss.android.ugc.aweme
09-02 00:28:19.831 11564 11718 D nativeloader: Load /data/app/~~na7dq0QJPM3TlOgWfFFaKg==/com.ss.android.ugc.aweme-sWxsoc19sPwX3CppMH73Qg==/lib/arm64/libttmpaflns.so using ns clns-7 from class loader (caller=/data/app/~~na7dq0QJPM3TlOgWfFFaKg==/com.ss.android.ugc.aweme-sWxsoc19sPwX3CppMH73Qg==/base.apk!classes16.dex): ok
09-02 00:28:19.832 11564 11778 D nativeloader: Load /data/app/~~na7dq0QJPM3TlOgWfFFaKg==/com.ss.android.ugc.aweme-sWxsoc19sPwX3CppMH73Qg==/lib/arm64/libdelta.so using ns clns-7 from class loader (caller=/data/app/~~na7dq0QJPM3TlOgWfFFaKg==/com.ss.android.ugc.aweme-sWxsoc19sPwX3CppMH73Qg==/base.apk!classes16.dex): ok
09-02 00:28:19.839 11564 11718 D nativeloader: Load libttmpaflna.so using ns clns-7 from class loader (caller=/data/app/~~na7dq0QJPM3TlOgWfFFaKg==/com.ss.android.ugc.aweme-sWxsoc19sPwX3CppMH73Qg==/base.apk!classes16.dex): dlopen failed: library "libttmpaflna.so" not found
09-02 00:28:19.841 11564 11718 D nativeloader: Load /data/app/~~na7dq0QJPM3TlOgWfFFaKg==/com.ss.android.ugc.aweme-sWxsoc19sPwX3CppMH73Qg==/lib/arm64/libttmaudioprocess.so using ns clns-7 from class loader (caller=/data/app/~~na7dq0QJPM3TlOgWfFFaKg==/com.ss.android.ugc.aweme-sWxsoc19sPwX3CppMH73Qg==/base.apk!classes16.dex): ok
09-02 00:28:19.844  1735  3690 D ConnectivityService: requestNetwork for uid/pid:10281/11564 activeRequest: null callbackRequest: 2935 [NetworkRequest [ REQUEST id=2935, [ Transports: CELLULAR Capabilities: INTERNET&NOT_RESTRICTED&TRUSTED&NOT_VPN&NOT_VCN_MANAGED&NOT_BANDWIDTH_CONSTRAINED Forbidden: LOCAL_NETWORK Uid: 10281 RequestorUid: 10281 RequestorPkg: com.ss.android.ugc.aweme UnderlyingNetworks: Null] ]] callback flags: 0 order: 2147483647 isUidTracked: false declaredMethods: AVAIL
09-02 00:28:19.937  1735  1791 I ActivityTaskManager: Displayed com.ss.android.ugc.aweme/.splash.SplashActivity for user 0: +700ms
09-02 00:28:19.964 11564 11564 W Resources: Drawable com.ss.android.ugc.aweme:drawable/_ has unresolved theme attributes! Consider using Resources.getDrawable(int, Theme) or Context.getDrawable(int).
09-02 00:28:19.964 11564 11564 W Resources: 	at com.GlobalProxyLancet.com_ss_android_ugc_aweme_lancet_ViewInflateLancet_inflate(SourceFile:67502135)
09-02 00:28:19.964 11564 11564 W Resources: 	at com.ss.android.ugc.aweme.common.widget.VerticalViewPager.onMeasure(SourceFile:33947892)
09-02 00:28:19.964 11564 11564 W Resources: 	at com.ss.android.ugc.aweme.views.DoubleBallSwipeRefreshLayout.onMeasure(SourceFile:33882165)
09-02 00:28:19.964 11564 11564 W Resources: 	at com.ss.android.ugc.aweme.feed.ui.LayoutCheckRefreshLayout.onMeasure(SourceFile:33619968)
09-02 00:28:19.964 11564 11564 W Resources: 	at com.ss.android.ugc.aweme.feed.ui.LayoutCheckFrameLayout.onMeasure(SourceFile:33619968)
09-02 00:28:19.964 11564 11564 W Resources: 	at com.ss.android.ugc.aweme.feed.ui.CustomViewPager.onMeasure(SourceFile:33947887)
09-02 00:28:19.964 11564 11564 W Resources: 	at com.ss.android.ugc.aweme.base.opensourcemodified.android.support.v4.widget.SwipeRefreshLayout.onMeasure(SourceFile:33882165)
09-02 00:28:19.964 11564 11564 W Resources: 	at com.ss.android.ugc.aweme.viewopt.SurfaceOptimizeFrameLayout.onMeasure(SourceFile:33816626)
09-02 00:28:19.971 11564 11564 W Resources: Drawable com.ss.android.ugc.aweme:drawable/_ has unresolved theme attributes! Consider using Resources.getDrawable(int, Theme) or Context.getDrawable(int).
09-02 00:28:19.971 11564 11564 W Resources: 	at com.GlobalProxyLancet.com_ss_android_ugc_aweme_lancet_ViewInflateLancet_inflate(SourceFile:67502135)
09-02 00:28:19.971 11564 11564 W Resources: 	at com.ss.android.ugc.aweme.common.widget.VerticalViewPager.onMeasure(SourceFile:33947892)
09-02 00:28:19.971 11564 11564 W Resources: 	at com.ss.android.ugc.aweme.views.DoubleBallSwipeRefreshLayout.onMeasure(SourceFile:33882165)
09-02 00:28:19.971 11564 11564 W Resources: 	at com.ss.android.ugc.aweme.feed.ui.LayoutCheckRefreshLayout.onMeasure(SourceFile:33619968)
09-02 00:28:19.971 11564 11564 W Resources: 	at com.ss.android.ugc.aweme.feed.ui.LayoutCheckFrameLayout.onMeasure(SourceFile:33619968)
09-02 00:28:19.971 11564 11564 W Resources: 	at com.ss.android.ugc.aweme.feed.ui.CustomViewPager.onMeasure(SourceFile:33947887)
09-02 00:28:19.971 11564 11564 W Resources: 	at com.ss.android.ugc.aweme.base.opensourcemodified.android.support.v4.widget.SwipeRefreshLayout.onMeasure(SourceFile:33882165)
09-02 00:28:19.971 11564 11564 W Resources: 	at com.ss.android.ugc.aweme.viewopt.SurfaceOptimizeFrameLayout.onMeasure(SourceFile:33816626)
09-02 00:28:19.979 11564 11781 D nativeloader: Load /data/app/~~na7dq0QJPM3TlOgWfFFaKg==/com.ss.android.ugc.aweme-sWxsoc19sPwX3CppMH73Qg==/lib/arm64/libimagepipeline.so using ns clns-7 from class loader (caller=/data/app/~~na7dq0QJPM3TlOgWfFFaKg==/com.ss.android.ugc.aweme-sWxsoc19sPwX3CppMH73Qg==/base.apk!classes16.dex): ok
09-02 00:28:19.982  1735  3690 I MediaFocusControl: requestAudioFocus() from uid/pid 10281/11564 AA=USAGE_MEDIA/CONTENT_TYPE_UNKNOWN clientId=android.media.AudioManager@9b7f875X.1DIL@86a00a callingPack=com.ss.android.ugc.aweme req=1 flags=0x0 sdk=34
09-02 00:28:19.988 11564 11804 D nativeloader: Load /data/app/~~na7dq0QJPM3TlOgWfFFaKg==/com.ss.android.ugc.aweme-sWxsoc19sPwX3CppMH73Qg==/lib/arm64/libvideodec.so using ns clns-7 from class loader (caller=/data/app/~~na7dq0QJPM3TlOgWfFFaKg==/com.ss.android.ugc.aweme-sWxsoc19sPwX3CppMH73Qg==/base.apk!classes16.dex): ok
09-02 00:28:19.991 11564 11804 D nativeloader: Load /data/app/~~na7dq0QJPM3TlOgWfFFaKg==/com.ss.android.ugc.aweme-sWxsoc19sPwX3CppMH73Qg==/lib/arm64/libttmverify.so using ns clns-7 from class loader (caller=/data/app/~~na7dq0QJPM3TlOgWfFFaKg==/com.ss.android.ugc.aweme-sWxsoc19sPwX3CppMH73Qg==/base.apk!classes16.dex): ok
09-02 00:28:19.995 11564 11781 D nativeloader: Load /data/app/~~na7dq0QJPM3TlOgWfFFaKg==/com.ss.android.ugc.aweme-sWxsoc19sPwX3CppMH73Qg==/lib/arm64/libttheif_dec.so using ns clns-7 from class loader (caller=/data/app/~~na7dq0QJPM3TlOgWfFFaKg==/com.ss.android.ugc.aweme-sWxsoc19sPwX3CppMH73Qg==/base.apk!classes16.dex): ok
09-02 00:28:19.995 11564 11781 D nativeloader: Load /data/app/~~na7dq0QJPM3TlOgWfFFaKg==/com.ss.android.ugc.aweme-sWxsoc19sPwX3CppMH73Qg==/lib/arm64/libbdheif.so using ns clns-7 from class loader (caller=/data/app/~~na7dq0QJPM3TlOgWfFFaKg==/com.ss.android.ugc.aweme-sWxsoc19sPwX3CppMH73Qg==/base.apk!classes16.dex): ok
09-02 00:28:20.013  4015  4015 I GoogleInputMethodService: GoogleInputMethodService.onStartInput():1911 onStartInput(EditorInfo{EditorInfo{packageName=com.ss.android.ugc.aweme, inputType=0, inputTypeString=NULL, enableLearning=false, autoCorrection=false, autoComplete=false, imeOptions=0, privateImeOptions=null, actionName=UNSPECIFIED, actionLabel=null, initialSelStart=-1, initialSelEnd=-1, initialCapsMode=0, label=null, fieldId=0, fieldName=null, extras=null, hintText=null, hintLocales=[]}}, false)
09-02 00:28:20.014  1735  3690 W PackageConfigPersister: App-specific configuration not found for packageName: com.ss.android.ugc.aweme and userId: 0
09-02 00:28:20.082 11564 11595 D nativeloader: Load /data/app/~~na7dq0QJPM3TlOgWfFFaKg==/com.ss.android.ugc.aweme-sWxsoc19sPwX3CppMH73Qg==/lib/arm64/libfileprotect.so using ns clns-7 from class loader (caller=/data/app/~~na7dq0QJPM3TlOgWfFFaKg==/com.ss.android.ugc.aweme-sWxsoc19sPwX3CppMH73Qg==/base.apk!classes16.dex): ok
09-02 00:28:20.083 11564 11595 D nativeloader: Load /data/app/~~na7dq0QJPM3TlOgWfFFaKg==/com.ss.android.ugc.aweme-sWxsoc19sPwX3CppMH73Qg==/lib/arm64/libbytenn.so using ns clns-7 from class loader (caller=/data/app/~~na7dq0QJPM3TlOgWfFFaKg==/com.ss.android.ugc.aweme-sWxsoc19sPwX3CppMH73Qg==/base.apk!classes16.dex): ok
09-02 00:28:20.085 11564 11595 D nativeloader: Load /data/app/~~na7dq0QJPM3TlOgWfFFaKg==/com.ss.android.ugc.aweme-sWxsoc19sPwX3CppMH73Qg==/lib/arm64/libbytennwrapper.so using ns clns-7 from class loader (caller=/data/app/~~na7dq0QJPM3TlOgWfFFaKg==/com.ss.android.ugc.aweme-sWxsoc19sPwX3CppMH73Qg==/base.apk!classes16.dex): ok
09-02 00:28:20.281  1735  4381 D CoreBackPreview: Window{be60b52 u0 Splash Screen com.ss.android.ugc.aweme EXITING}: Setting back callback null
09-02 00:28:21.183 11564 11799 D nativeloader: Configuring clns-11 for other apk . target_sdk_version=34, uses_libraries=ALL, library_path=/data/user/0/com.ss.android.ugc.aweme/files/plugins/com.bytedance.aweme.smart_client_plugin/version-35109020/lib, permitted_path=/data:/mnt/expand
09-02 00:28:21.196 11564 11564 W #tp-default-721: type=1400 audit(0.0:44340): avc:  granted  { execute } for  path="/data/data/com.ss.android.ugc.aweme/files/plugins/com.bytedance.aweme.smart_client_plugin/version-35109020/lib/libCepEngine.so" dev="dm-56" ino=60459 scontext=u:r:untrusted_app:s0:c25,c257,c512,c768 tcontext=u:object_r:app_data_file:s0:c25,c257,c512,c768 tclass=file app=com.ss.android.ugc.aweme
09-02 00:28:21.201 11564 11826 D nativeloader: Load /data/user/0/com.ss.android.ugc.aweme/files/plugins/com.bytedance.aweme.smart_client_plugin/version-35109020/lib/libCepEngine.so using ns clns-11 from class loader (caller=<unknown>): ok
09-02 00:28:21.204 11564 11564 W #tp-default-721: type=1400 audit(0.0:44341): avc:  granted  { execute } for  path="/data/data/com.ss.android.ugc.aweme/files/plugins/com.bytedance.aweme.smart_client_plugin/version-35109020/lib/libCepAST.so" dev="dm-56" ino=60444 scontext=u:r:untrusted_app:s0:c25,c257,c512,c768 tcontext=u:object_r:app_data_file:s0:c25,c257,c512,c768 tclass=file app=com.ss.android.ugc.aweme
09-02 00:28:21.208 11564 11826 D nativeloader: Load /data/user/0/com.ss.android.ugc.aweme/files/plugins/com.bytedance.aweme.smart_client_plugin/version-35109020/lib/libCepAST.so using ns clns-11 from class loader (caller=<unknown>): ok
09-02 00:28:21.208 11564 11564 W #tp-default-721: type=1400 audit(0.0:44342): avc:  granted  { execute } for  path="/data/data/com.ss.android.ugc.aweme/files/plugins/com.bytedance.aweme.smart_client_plugin/version-35109020/lib/libCepFast.so" dev="dm-56" ino=60372 scontext=u:r:untrusted_app:s0:c25,c257,c512,c768 tcontext=u:object_r:app_data_file:s0:c25,c257,c512,c768 tclass=file app=com.ss.android.ugc.aweme
09-02 00:28:21.212 11564 11564 W #tp-default-721: type=1400 audit(0.0:44343): avc:  granted  { execute } for  path="/data/data/com.ss.android.ugc.aweme/files/plugins/com.bytedance.aweme.smart_client_plugin/version-35109020/lib/libfast_engine.so" dev="dm-56" ino=60388 scontext=u:r:untrusted_app:s0:c25,c257,c512,c768 tcontext=u:object_r:app_data_file:s0:c25,c257,c512,c768 tclass=file app=com.ss.android.ugc.aweme
09-02 00:28:21.217 11564 11826 D nativeloader: Load /data/user/0/com.ss.android.ugc.aweme/files/plugins/com.bytedance.aweme.smart_client_plugin/version-35109020/lib/libCepFast.so using ns clns-11 from class loader (caller=<unknown>): ok
09-02 00:28:21.240 11564 11564 W #tp-default-721: type=1400 audit(0.0:44344): avc:  granted  { execute } for  path="/data/data/com.ss.android.ugc.aweme/files/plugins/com.bytedance.aweme.smart_client_plugin/version-35109020/lib/libPitayaBdComponent.so" dev="dm-56" ino=60373 scontext=u:r:untrusted_app:s0:c25,c257,c512,c768 tcontext=u:object_r:app_data_file:s0:c25,c257,c512,c768 tclass=file app=com.ss.android.ugc.aweme
09-02 00:28:21.242 11564 11826 D nativeloader: Load /data/user/0/com.ss.android.ugc.aweme/files/plugins/com.bytedance.aweme.smart_client_plugin/version-35109020/lib/libPitayaBdComponent.so using ns clns-11 from class loader (caller=<unknown>): ok
09-02 00:28:21.257 11564 11826 D nativeloader: Load /data/user/0/com.ss.android.ugc.aweme/files/plugins/com.bytedance.aweme.smart_client_plugin/version-35109020/lib/libAndroidPitayaCore.so using ns clns-11 from class loader (caller=<unknown>): ok
09-02 00:28:21.274 11564 11637 D nativeloader: Load /data/user/0/com.ss.android.ugc.aweme/files/plugins/com.bytedance.aweme.smart_client_plugin/version-35109020/lib/libCepProxy.so using ns clns-11 from class loader (caller=<unknown>): ok
09-02 00:28:21.417 11564 11637 D nativeloader: Load /data/user/0/com.ss.android.ugc.aweme/files/plugins/com.bytedance.aweme.smart_client_plugin/version-35109020/lib/libARTNative.so using ns clns-11 from class loader (caller=<unknown>): ok
09-02 00:28:21.978 11564 11564 W Resources: Drawable com.ss.android.ugc.aweme:drawable/_ has unresolved theme attributes! Consider using Resources.getDrawable(int, Theme) or Context.getDrawable(int).
09-02 00:28:21.978 11564 11564 W Resources: 	at com.GlobalProxyLancet.com_ss_android_ugc_aweme_lancet_ViewInflateLancet_inflate(SourceFile:67502135)
09-02 00:28:21.978 11564 11564 W Resources: 	at com.ss.android.ugc.aweme.horizon.CommonHorizonView.setCurrentPosition(SourceFile:84148239)
09-02 00:28:21.978 11564 11564 W Resources: 	at com.ss.android.ugc.aweme.horizon.CommonHorizonView.setCurrentPosition(SourceFile:50462726)
09-02 00:28:22.015 11564 11564 W Resources: Drawable com.ss.android.ugc.aweme:drawable/_ has unresolved theme attributes! Consider using Resources.getDrawable(int, Theme) or Context.getDrawable(int).
09-02 00:28:22.015 11564 11564 W Resources: 	at com.GlobalProxyLancet.com_ss_android_ugc_aweme_lancet_ViewInflateLancet_inflate(SourceFile:67502135)
09-02 00:28:22.015 11564 11564 W Resources: 	at com.ss.android.ugc.aweme.common.widget.VerticalViewPager.onMeasure(SourceFile:33947892)
09-02 00:28:22.015 11564 11564 W Resources: 	at com.ss.android.ugc.aweme.views.DoubleBallSwipeRefreshLayout.onMeasure(SourceFile:33882165)
09-02 00:28:22.015 11564 11564 W Resources: 	at com.ss.android.ugc.aweme.feed.ui.LayoutCheckRefreshLayout.onMeasure(SourceFile:33619968)
09-02 00:28:22.015 11564 11564 W Resources: 	at com.ss.android.ugc.aweme.feed.ui.LayoutCheckFrameLayout.onMeasure(SourceFile:33619968)
09-02 00:28:22.015 11564 11564 W Resources: 	at com.ss.android.ugc.aweme.feed.ui.CustomViewPager.onMeasure(SourceFile:33947887)
09-02 00:28:22.015 11564 11564 W Resources: 	at com.ss.android.ugc.aweme.base.opensourcemodified.android.support.v4.widget.SwipeRefreshLayout.onMeasure(SourceFile:33882165)
09-02 00:28:22.015 11564 11564 W Resources: 	at com.ss.android.ugc.aweme.viewopt.SurfaceOptimizeFrameLayout.onMeasure(SourceFile:33816626)
09-02 00:28:22.017 11564 11564 W Resources: Drawable com.ss.android.ugc.aweme:drawable/_ has unresolved theme attributes! Consider using Resources.getDrawable(int, Theme) or Context.getDrawable(int).
09-02 00:28:22.017 11564 11564 W Resources: 	at com.GlobalProxyLancet.com_ss_android_ugc_aweme_lancet_ViewInflateLancet_inflate(SourceFile:67502135)
09-02 00:28:22.018 11564 11564 W Resources: 	at com.ss.android.ugc.aweme.common.widget.VerticalViewPager.onMeasure(SourceFile:33947892)
09-02 00:28:22.018 11564 11564 W Resources: 	at com.ss.android.ugc.aweme.views.DoubleBallSwipeRefreshLayout.onMeasure(SourceFile:33882165)
09-02 00:28:22.018 11564 11564 W Resources: 	at com.ss.android.ugc.aweme.feed.ui.LayoutCheckRefreshLayout.onMeasure(SourceFile:33619968)
09-02 00:28:22.018 11564 11564 W Resources: 	at com.ss.android.ugc.aweme.feed.ui.LayoutCheckFrameLayout.onMeasure(SourceFile:33619968)
09-02 00:28:22.018 11564 11564 W Resources: 	at com.ss.android.ugc.aweme.feed.ui.CustomViewPager.onMeasure(SourceFile:33947887)
09-02 00:28:22.018 11564 11564 W Resources: 	at com.ss.android.ugc.aweme.base.opensourcemodified.android.support.v4.widget.SwipeRefreshLayout.onMeasure(SourceFile:33882165)
09-02 00:28:22.018 11564 11564 W Resources: 	at com.ss.android.ugc.aweme.viewopt.SurfaceOptimizeFrameLayout.onMeasure(SourceFile:33816626)
09-02 00:28:22.173 11564 11590 D nativeloader: Configuring clns-12 for other apk . target_sdk_version=34, uses_libraries=ALL, library_path=/data/user/0/com.ss.android.ugc.aweme/files/plugins/com.ss.android.ugc.aweme.v8/version-351090200/lib, permitted_path=/data:/mnt/expand
09-02 00:28:22.187 11564 11601 D nativeloader: Configuring clns-13 for other apk . target_sdk_version=34, uses_libraries=ALL, library_path=/data/user/0/com.ss.android.ugc.aweme/files/plugins/com.ss.android.ugc.aweme.vmsdk_plugin/version-351090200/lib, permitted_path=/data:/mnt/expand
09-02 00:28:22.203 11564 11601 D nativeloader: Configuring clns-14 for other apk . target_sdk_version=34, uses_libraries=ALL, library_path=/data/user/0/com.ss.android.ugc.aweme/files/plugins/com.ss.android.ugc.aweme.miniapp/version-35109020/lib, permitted_path=/data:/mnt/expand
09-02 00:28:22.287 11564 11826 D nativeloader: Load /data/app/~~na7dq0QJPM3TlOgWfFFaKg==/com.ss.android.ugc.aweme-sWxsoc19sPwX3CppMH73Qg==/lib/arm64/libunicorn-main.so using ns clns-7 from class loader (caller=<unknown>): ok
09-02 00:28:22.289 11564 11826 I uni::fml::log: [INFO:unisus_path_service.cc(28)] Init path configs: /data/user/0/com.ss.android.ugc.aweme/files/unisus, /data/user/0/com.ss.android.ugc.aweme/cache/unisus/process/11564, /data/user/0/com.ss.android.ugc.aweme/files, /storage/emulated/0/Android/data/com.ss.android.ugc.aweme/cache
09-02 00:28:22.290 11564 11826 I uni::fml::log: [INFO:unisus_cloud_service.cc(100)] Cloud init dir path: /data/user/0/com.ss.android.ugc.aweme/files/unisus/cloud
09-02 00:28:22.291 11564 11826 I uni::fml::log: [INFO:unisus_settings_instance.cc(266)] Settings InitDirPath, path = /data/user/0/com.ss.android.ugc.aweme/files/unisus/settings/unisus
09-02 00:28:22.301 11564 11826 I uni::fml::log: [INFO:unisus_base_bundle_service_cloud_adapter_v2.cc(56)] Init configs V2, /data/user/0/com.ss.android.ugc.aweme/files/unisus/basebundleV2/base/normal, /data/user/0/com.ss.android.ugc.aweme/files/unisus/basebundleV2/base/debug, /data/user/0/com.ss.android.ugc.aweme/cache/unisus/process/11564/basebundle_tmp, use_V2_preset: 1built_in_version: 3.75.1.6built_in_biz_versions: 2
09-02 00:28:22.304 11564 11799 I uni::fml::log: [INFO:base_bundle_service_onload.cc(174)] create mark file: /data/user/0/com.ss.android.ugc.aweme/files/unisus/basebundleV2/base/markFile/3780011_11564
09-02 00:28:22.304 11564 11799 I uni::fml::log: [INFO:base_bundle_service_onload.cc(174)] create mark file: /data/user/0/com.ss.android.ugc.aweme/files/unisus/basebundleV2/bizGame/markFile/1000003_11564
09-02 00:28:22.304 11564 11799 I uni::fml::log: [INFO:base_bundle_service_onload.cc(174)] create mark file: /data/user/0/com.ss.android.ugc.aweme/files/unisus/basebundleV2/bizApp/markFile/1000018_11564
09-02 00:28:22.307 11564 11799 I uni::fml::log: [INFO:base_bundle_service_onload.cc(495)] Delete mark file: /data/user/0/com.ss.android.ugc.aweme/files/unisus/basebundleV2/bizApp/markFile/1000018_10945
09-02 00:28:22.308 11564 11799 I uni::fml::log: [INFO:base_bundle_service_onload.cc(495)] Delete mark file: /data/user/0/com.ss.android.ugc.aweme/files/unisus/basebundleV2/bizGame/markFile/1000003_10945
09-02 00:28:22.308 11564 11799 I uni::fml::log: [INFO:base_bundle_service_onload.cc(495)] Delete mark file: /data/user/0/com.ss.android.ugc.aweme/files/unisus/basebundleV2/base/markFile/3780011_10945
09-02 00:28:22.309 11564 11799 E uni::fml::log: [ERROR:/cache/228/bytebus/repositories/695f75851403dbb333d319cde130b7a1/cb2ea26d53730bb7ff6b860102fd675b/src/service/base_bundle_service/platform/android/base_bundle_service_onload.cc(312)] open mark directory fail, path = /data/user/0/com.ss.android.ugc.aweme/files/unisus/basebundle/markFile, errno = 2
09-02 00:28:22.688 11564 11564 W TuringVerifyThr: type=1400 audit(0.0:44350): avc:  granted  { execute } for  path="/data/data/com.ss.android.ugc.aweme/files/plugins/com.bytedance.aweme.smart_client_plugin/version-35109020/lib/libBDPythonVM.so" dev="dm-56" ino=60369 scontext=u:r:untrusted_app:s0:c25,c257,c512,c768 tcontext=u:object_r:app_data_file:s0:c25,c257,c512,c768 tclass=file app=com.ss.android.ugc.aweme
09-02 00:28:22.688 11564 11564 W TuringVerifyThr: type=1400 audit(0.0:44351): avc:  granted  { execute } for  path="/data/data/com.ss.android.ugc.aweme/files/plugins/com.bytedance.aweme.smart_client_plugin/version-35109020/lib/libpythonA.so" dev="dm-56" ino=60371 scontext=u:r:untrusted_app:s0:c25,c257,c512,c768 tcontext=u:object_r:app_data_file:s0:c25,c257,c512,c768 tclass=file app=com.ss.android.ugc.aweme
09-02 00:28:22.694 11564 11743 D nativeloader: Load /data/user/0/com.ss.android.ugc.aweme/files/plugins/com.bytedance.aweme.smart_client_plugin/version-35109020/lib/libBDPythonVM.so using ns clns-11 from class loader (caller=<unknown>): ok
09-02 00:28:22.692 11564 11564 W TuringVerifyThr: type=1400 audit(0.0:44352): avc:  granted  { execute } for  path="/data/data/com.ss.android.ugc.aweme/files/plugins/com.bytedance.aweme.smart_client_plugin/version-35109020/lib/libByteAINN.so" dev="dm-56" ino=60332 scontext=u:r:untrusted_app:s0:c25,c257,c512,c768 tcontext=u:object_r:app_data_file:s0:c25,c257,c512,c768 tclass=file app=com.ss.android.ugc.aweme
09-02 00:28:22.696 11564 11564 W TuringVerifyThr: type=1400 audit(0.0:44353): avc:  granted  { execute } for  path="/data/data/com.ss.android.ugc.aweme/files/plugins/com.bytedance.aweme.smart_client_plugin/version-35109020/lib/libbytedt.so" dev="dm-56" ino=60365 scontext=u:r:untrusted_app:s0:c25,c257,c512,c768 tcontext=u:object_r:app_data_file:s0:c25,c257,c512,c768 tclass=file app=com.ss.android.ugc.aweme
09-02 00:28:22.696 11564 11564 W TuringVerifyThr: type=1400 audit(0.0:44354): avc:  granted  { execute } for  path="/data/data/com.ss.android.ugc.aweme/files/plugins/com.bytedance.aweme.smart_client_plugin/version-35109020/lib/libByteAIDT.so" dev="dm-56" ino=60328 scontext=u:r:untrusted_app:s0:c25,c257,c512,c768 tcontext=u:object_r:app_data_file:s0:c25,c257,c512,c768 tclass=file app=com.ss.android.ugc.aweme
09-02 00:28:22.697 11564 11743 D nativeloader: Load /data/user/0/com.ss.android.ugc.aweme/files/plugins/com.bytedance.aweme.smart_client_plugin/version-35109020/lib/libByteAINN.so using ns clns-11 from class loader (caller=<unknown>): ok
09-02 00:28:22.699 11564 11743 D nativeloader: Load /data/user/0/com.ss.android.ugc.aweme/files/plugins/com.bytedance.aweme.smart_client_plugin/version-35109020/lib/libByteAIDT.so using ns clns-11 from class loader (caller=<unknown>): ok
09-02 00:28:22.706 11564 11743 D nativeloader: Load /data/user/0/com.ss.android.ugc.aweme/files/plugins/com.bytedance.aweme.smart_client_plugin/version-35109020/lib/libpy-cv-numpycv.so using ns clns-11 from class loader (caller=<unknown>): ok
09-02 00:28:22.709 11564 11743 D nativeloader: Load /data/user/0/com.ss.android.ugc.aweme/files/plugins/com.bytedance.aweme.smart_client_plugin/version-35109020/lib/libpy-numpy.so using ns clns-11 from class loader (caller=<unknown>): ok
09-02 00:28:24.772 11564 11564 W #tp-io-988: type=1400 audit(0.0:44358): avc:  granted  { execute } for  path="/data/data/com.ss.android.ugc.aweme/files/plugins/com.ss.android.ugc.aweme.videocache_v2/version-35109037/lib/libavmdlp2pv2.so" dev="dm-56" ino=60406 scontext=u:r:untrusted_app:s0:c25,c257,c512,c768 tcontext=u:object_r:app_data_file:s0:c25,c257,c512,c768 tclass=file app=com.ss.android.ugc.aweme
09-02 00:28:24.819 11564 11627 D nativeloader: Load /data/user/0/com.ss.android.ugc.aweme/files/plugins/com.ss.android.ugc.aweme.videocache_v2/version-35109037/lib/libavmdlp2pv2.so using ns clns-10 from class loader (caller=<unknown>): ok
09-02 00:28:25.214 11564 11601 D nativeloader: Load /data/app/~~na7dq0QJPM3TlOgWfFFaKg==/com.ss.android.ugc.aweme-sWxsoc19sPwX3CppMH73Qg==/lib/arm64/libnpth_repair.so using ns clns-7 from class loader (caller=/data/app/~~na7dq0QJPM3TlOgWfFFaKg==/com.ss.android.ugc.aweme-sWxsoc19sPwX3CppMH73Qg==/base.apk!classes16.dex): ok
09-02 00:28:26.298 11564 11807 D nativeloader: Configuring clns-15 for other apk . target_sdk_version=34, uses_libraries=ALL, library_path=/data/user/0/com.ss.android.ugc.aweme/files/plugins/com.ss.android.ugc.aweme.rewarded_ad_plugin/version-35109020/lib, permitted_path=/data:/mnt/expand
09-02 00:28:26.378 11564 11807 D nativeloader: Configuring clns-16 for other apk . target_sdk_version=34, uses_libraries=ALL, library_path=/data/user/0/com.ss.android.ugc.aweme/files/plugins/m.l.novel/version-35109020/lib, permitted_path=/data:/mnt/expand
09-02 00:28:26.389 11564 11807 D nativeloader: Configuring clns-17 for other apk . target_sdk_version=34, uses_libraries=ALL, library_path=/data/user/0/com.ss.android.ugc.aweme/files/plugins/com.ss.android.ugc.aweme.pcdn/version-35109020/lib, permitted_path=/data:/mnt/expand
09-02 00:28:26.757 11564 11633 D nativeloader: Configuring clns-18 for other apk . target_sdk_version=34, uses_libraries=ALL, library_path=/data/user/0/com.ss.android.ugc.aweme/files/plugins/com.ss.android.ugc.aweme.cjplugin/version-351099000/lib, permitted_path=/data:/mnt/expand
09-02 00:28:26.778 11564 11637 D nativeloader: Load /data/app/~~na7dq0QJPM3TlOgWfFFaKg==/com.ss.android.ugc.aweme-sWxsoc19sPwX3CppMH73Qg==/lib/arm64/libgecko_encrypt.so using ns clns-7 from class loader (caller=/data/app/~~na7dq0QJPM3TlOgWfFFaKg==/com.ss.android.ugc.aweme-sWxsoc19sPwX3CppMH73Qg==/base.apk!classes16.dex): ok
09-02 00:28:28.860 11564 11609 D nativeloader: Load /data/app/~~na7dq0QJPM3TlOgWfFFaKg==/com.ss.android.ugc.aweme-sWxsoc19sPwX3CppMH73Qg==/lib/arm64/libDavinciResourceJni.so using ns clns-7 from class loader (caller=/data/app/~~na7dq0QJPM3TlOgWfFFaKg==/com.ss.android.ugc.aweme-sWxsoc19sPwX3CppMH73Qg==/base.apk!classes16.dex): ok
09-02 00:28:28.865 11564 11609 D nativeloader: Load /data/app/~~na7dq0QJPM3TlOgWfFFaKg==/com.ss.android.ugc.aweme-sWxsoc19sPwX3CppMH73Qg==/lib/arm64/libCKResourceJni.so using ns clns-7 from class loader (caller=/data/app/~~na7dq0QJPM3TlOgWfFFaKg==/com.ss.android.ugc.aweme-sWxsoc19sPwX3CppMH73Qg==/base.apk!classes16.dex): ok
09-02 00:28:29.763 11564 11616 D nativeloader: Load /data/app/~~na7dq0QJPM3TlOgWfFFaKg==/com.ss.android.ugc.aweme-sWxsoc19sPwX3CppMH73Qg==/lib/arm64/liblynxservice.so using ns clns-7 from class loader (caller=/data/app/~~na7dq0QJPM3TlOgWfFFaKg==/com.ss.android.ugc.aweme-sWxsoc19sPwX3CppMH73Qg==/base.apk!classes16.dex): ok
